-device femu,devsz_mb=6144,namespaces=1,femu_mode=1,secsz=512,secs_per_pg=8,pgs_per_blk=256,blks_per_pl=128,pls_per_lun=1,luns_per_ch=8,nchs=8,pg_rd_lat=40000,pg_wr_lat=200000,blk_er_lat=2000000,ch_xfer_lat=0,gc_thres_pcent=75,gc_thres_pcent_high=95
[FEMU] FTL-Log: LPN metadata: entries=2097152 entry_size=24 total=48 MiB window_writes=4096 hot_writes=4 cold_writes=1 erase_event_threshold=1
[FEMU] FTL-Log: Hot/Cold pools: configured_hot_percent=20 initial_hot_lines=25 initial_cold_lines=103 total_lines=128
[FEMU] FTL-Log: Write pointers: hot_line=103 cold_line=0 free=126 hot_free=24 cold_free=102
c[?7l[2J[0mSeaBIOS (version rel-1.17.0-0-gb52ca86e094d-prebuilt.qemu.org)


iPXE (http://ipxe.org) 00:03.0 CA00 PCI2.10 PnP PMM+BEFD1D20+BEF31D20 CA00
Press Ctrl-B to configure iPXE (PCI 00:03.0)...                                                                               


Booting from Hard Disk...
[H[J[1;1H[?25l[m[H[J[1;1H[2;30HGNU GRUB  version 2.04

[m[4;2H+----------------------------------------------------------------------------+[5;2H|[5;79H|[6;2H|[6;79H|[7;2H|[7;79H|[8;2H|[8;79H|[9;2H|[9;79H|[10;2H|[10;79H|[11;2H|[11;79H|[12;2H|[12;79H|[13;2H|[13;79H|[14;2H|[14;79H|[15;2H|[15;79H|[16;2H|[16;79H|[17;2H+----------------------------------------------------------------------------+[m[18;2H[19;2H[m     Use the ^ and v keys to select which entry is highlighted.          
      Press enter to boot the selected OS, `e' to edit the commands       
      before booting or `c' for a command-line.                           [5;80H [7m[5;3H*Ubuntu, with Linux 5.4.0-64-generic                                        [m[5;78H[m[m[6;3H                                                                            [m[6;78H[m[m[7;3H                                                                            [m[7;78H[m[m[8;3H                                                                            [m[8;78H[m[m[9;3H                                                                            [m[9;78H[m[m[10;3H                                                                            [m[10;78H[m[m[11;3H                                                                            [m[11;78H[m[m[12;3H                                                                            [m[12;78H[m[m[13;3H                                                                            [m[13;78H[m[m[14;3H                                                                            [m[14;78H[m[m[15;3H                                                                            [m[15;78H[m[m[16;3H                                                                            [m[16;78H[m[16;80H [5;78H[22;1H   The highlighted entry will be executed automatically in 3s.                 [5;78H[22;1H   The highlighted entry will be executed automatically in 2s.                 [5;78H[22;1H   The highlighted entry will be executed automatically in 1s.                 [5;78H[22;1H   The highlighted entry will be executed automatically in 0s.                 [5;78H[?25h[H[J[1;1H[H[J[1;1HLoading Linux 5.4.0-64-generic ...
Loading initial ramdisk ...
[    0.000000] Linux version 5.4.0-64-generic (buildd@lcy01-amd64-021) (gcc version 9.3.0 (Ubuntu 9.3.0-17ubuntu1~20.04)) #72-Ubuntu SMP Fri Jan 15 10:27:54 UTC 2021 (Ubuntu 5.4.0-64.72-generic 5.4.78)
[    0.000000] Command line: BOOT_IMAGE=/boot/vmlinuz-5.4.0-64-generic root=UUID=66add23f-3d34-46f1-a540-ebfdd268827e ro ip=dhcp console=ttyS0,115200 console=tty console=ttyS0 text
[    0.000000] KERNEL supported cpus:
[    0.000000]   Intel GenuineIntel
[    0.000000]   AMD AuthenticAMD
[    0.000000]   Hygon HygonGenuine
[    0.000000]   Centaur CentaurHauls
[    0.000000]   zhaoxin   Shanghai  
[    0.000000] x86/fpu: Supporting XSAVE feature 0x001: 'x87 floating point registers'
[    0.000000] x86/fpu: Supporting XSAVE feature 0x002: 'SSE registers'
[    0.000000] x86/fpu: Supporting XSAVE feature 0x004: 'AVX registers'
[    0.000000] x86/fpu: xstate_offset[2]:  576, xstate_sizes[2]:  256
[    0.000000] x86/fpu: Enabled xstate features 0x7, context size is 832 bytes, using 'compacted' format.
[    0.000000] BIOS-provided physical RAM map:
[    0.000000] BIOS-e820: [mem 0x0000000000000000-0x000000000009fbff] usable
[    0.000000] BIOS-e820: [mem 0x000000000009fc00-0x000000000009ffff] reserved
[    0.000000] BIOS-e820: [mem 0x00000000000f0000-0x00000000000fffff] reserved
[    0.000000] BIOS-e820: [mem 0x0000000000100000-0x00000000bffdcfff] usable
[    0.000000] BIOS-e820: [mem 0x00000000bffdd000-0x00000000bfffffff] reserved
[    0.000000] BIOS-e820: [mem 0x00000000feffc000-0x00000000feffffff] reserved
[    0.000000] BIOS-e820: [mem 0x00000000fffc0000-0x00000000ffffffff] reserved
[    0.000000] BIOS-e820: [mem 0x0000000100000000-0x000000013fffffff] usable
[    0.000000] NX (Execute Disable) protection: active
[    0.000000] SMBIOS 2.8 present.
[    0.000000] DMI: QEMU Standard PC (i440FX + PIIX, 1996), BIOS rel-1.17.0-0-gb52ca86e094d-prebuilt.qemu.org 04/01/2014
[    0.000000] Hypervisor detected: KVM
[    0.000000] kvm-clock: Using msrs 4b564d01 and 4b564d00
[    0.000000] kvm-clock: cpu 0, msr 11e601001, primary cpu clock
[    0.000000] kvm-clock: using sched offset of 13862034255 cycles
[    0.000003] clocksource: kvm-clock: mask: 0xffffffffffffffff max_cycles: 0x1cd42e4dffb, max_idle_ns: 881590591483 ns
[    0.000007] tsc: Detected 2995.202 MHz processor
[    0.002323] last_pfn = 0x140000 max_arch_pfn = 0x400000000
[    0.002555] x86/PAT: Configuration [0-7]: WB  WC  UC- UC  WB  WP  UC- WT  
[    0.002590] last_pfn = 0xbffdd max_arch_pfn = 0x400000000
[    0.009392] found SMP MP-table at [mem 0x000f54b0-0x000f54bf]
[    0.009642] check: Scanning 1 areas for low memory corruption
[    0.009918] Using GB pages for direct mapping
[    0.010162] RAMDISK: [mem 0x2d173000-0x328b0fff]
[    0.010239] ACPI: Early table checksum verification disabled
[    0.010274] ACPI: RSDP 0x00000000000F52B0 000014 (v00 BOCHS )
[    0.010292] ACPI: RSDT 0x00000000BFFE2458 000034 (v01 BOCHS  BXPC     00000001 BXPC 00000001)
[    0.010300] ACPI: FACP 0x00000000BFFE22F4 000074 (v01 BOCHS  BXPC     00000001 BXPC 00000001)
[    0.010307] ACPI: DSDT 0x00000000BFFE0040 0022B4 (v01 BOCHS  BXPC     00000001 BXPC 00000001)
[    0.010310] ACPI: FACS 0x00000000BFFE0000 000040
[    0.010313] ACPI: APIC 0x00000000BFFE2368 000090 (v03 BOCHS  BXPC     00000001 BXPC 00000001)
[    0.010316] ACPI: HPET 0x00000000BFFE23F8 000038 (v01 BOCHS  BXPC     00000001 BXPC 00000001)
[    0.010318] ACPI: WAET 0x00000000BFFE2430 000028 (v01 BOCHS  BXPC     00000001 BXPC 00000001)
[    0.011325] No NUMA configuration found
[    0.011327] Faking a node at [mem 0x0000000000000000-0x000000013fffffff]
[    0.011336] NODE_DATA(0) allocated [mem 0x13ffd5000-0x13fffffff]
[    0.015228] Zone ranges:
[    0.015232]   DMA      [mem 0x0000000000001000-0x0000000000ffffff]
[    0.015234]   DMA32    [mem 0x0000000001000000-0x00000000ffffffff]
[    0.015235]   Normal   [mem 0x0000000100000000-0x000000013fffffff]
[    0.015236]   Device   empty
[    0.015237] Movable zone start for each node
[    0.015239] Early memory node ranges
[    0.015240]   node   0: [mem 0x0000000000001000-0x000000000009efff]
[    0.015241]   node   0: [mem 0x0000000000100000-0x00000000bffdcfff]
[    0.015242]   node   0: [mem 0x0000000100000000-0x000000013fffffff]
[    0.018071] Zeroed struct page in unavailable ranges: 133 pages
[    0.018075] Initmem setup node 0 [mem 0x0000000000001000-0x000000013fffffff]
[    0.076988] ACPI: PM-Timer IO Port: 0x608
[    0.077020] ACPI: LAPIC_NMI (acpi_id[0xff] dfl dfl lint[0x1])
[    0.077118] IOAPIC[0]: apic_id 0, version 17, address 0xfec00000, GSI 0-23
[    0.077122] ACPI: INT_SRC_OVR (bus 0 bus_irq 0 global_irq 2 dfl dfl)
[    0.077124] ACPI: INT_SRC_OVR (bus 0 bus_irq 5 global_irq 5 high level)
[    0.077124] ACPI: INT_SRC_OVR (bus 0 bus_irq 9 global_irq 9 high level)
[    0.077125] ACPI: INT_SRC_OVR (bus 0 bus_irq 10 global_irq 10 high level)
[    0.077126] ACPI: INT_SRC_OVR (bus 0 bus_irq 11 global_irq 11 high level)
[    0.077131] Using ACPI (MADT) for SMP configuration information
[    0.077133] ACPI: HPET id: 0x8086a201 base: 0xfed00000
[    0.077139] TSC deadline timer available
[    0.077150] smpboot: Allowing 4 CPUs, 0 hotplug CPUs
[    0.077211] KVM setup pv sched yield
[    0.077221] PM: Registered nosave memory: [mem 0x00000000-0x00000fff]
[    0.077222] PM: Registered nosave memory: [mem 0x0009f000-0x0009ffff]
[    0.077222] PM: Registered nosave memory: [mem 0x000a0000-0x000effff]
[    0.077223] PM: Registered nosave memory: [mem 0x000f0000-0x000fffff]
[    0.077224] PM: Registered nosave memory: [mem 0xbffdd000-0xbfffffff]
[    0.077225] PM: Registered nosave memory: [mem 0xc0000000-0xfeffbfff]
[    0.077225] PM: Registered nosave memory: [mem 0xfeffc000-0xfeffffff]
[    0.077226] PM: Registered nosave memory: [mem 0xff000000-0xfffbffff]
[    0.077226] PM: Registered nosave memory: [mem 0xfffc0000-0xffffffff]
[    0.077229] [mem 0xc0000000-0xfeffbfff] available for PCI devices
[    0.077230] Booting paravirtualized kernel on KVM
[    0.077233] clocksource: refined-jiffies: mask: 0xffffffff max_cycles: 0xffffffff, max_idle_ns: 7645519600211568 ns
[    0.077238] setup_percpu: NR_CPUS:8192 nr_cpumask_bits:4 nr_cpu_ids:4 nr_node_ids:1
[    0.079957] percpu: Embedded 55 pages/cpu s188416 r8192 d28672 u524288
[    0.080047] KVM setup async PF for cpu 0
[    0.080086] kvm-stealtime: cpu 0, msr 13ba2d040
[    0.080115] PV qspinlock hash table entries: 256 (order: 0, 4096 bytes, linear)
[    0.080135] Built 1 zonelists, mobility grouping on.  Total pages: 1032038
[    0.080136] Policy zone: Normal
[    0.080139] Kernel command line: BOOT_IMAGE=/boot/vmlinuz-5.4.0-64-generic root=UUID=66add23f-3d34-46f1-a540-ebfdd268827e ro ip=dhcp console=ttyS0,115200 console=tty console=ttyS0 text
[    0.083271] Dentry cache hash table entries: 524288 (order: 10, 4194304 bytes, linear)
[    0.084916] Inode-cache hash table entries: 262144 (order: 9, 2097152 bytes, linear)
[    0.085090] mem auto-init: stack:off, heap alloc:on, heap free:off
[    0.120408] Memory: 3932824K/4193772K available (14339K kernel code, 2399K rwdata, 4960K rodata, 2724K init, 4980K bss, 260948K reserved, 0K cma-reserved)
[    0.120420] random: get_random_u64 called from kmem_cache_open+0x2d/0x410 with crng_init=0
[    0.121717] SLUB: HWalign=64, Order=0-3, MinObjects=0, CPUs=4, Nodes=1
[    0.121732] ftrace: allocating 44555 entries in 175 pages
[    0.141716] rcu: Hierarchical RCU implementation.
[    0.141721] rcu: 	RCU restricting CPUs from NR_CPUS=8192 to nr_cpu_ids=4.
[    0.141723] 	Tasks RCU enabled.
[    0.141724] rcu: RCU calculated value of scheduler-enlistment delay is 25 jiffies.
[    0.141725] rcu: Adjusting geometry for rcu_fanout_leaf=16, nr_cpu_ids=4
[    0.144132] NR_IRQS: 524544, nr_irqs: 456, preallocated irqs: 16
[    0.144829] random: crng done (trusting CPU's manufacturer)
[    0.195891] Console: colour VGA+ 80x25
[    0.304159] printk: console [tty0] enabled
[    0.736905] printk: console [ttyS0] enabled
[    0.739301] ACPI: Core revision 20190816
[    0.742685] clocksource: hpet: mask: 0xffffffff max_cycles: 0xffffffff, max_idle_ns: 19112604467 ns
[    0.752899] APIC: Switch to symmetric I/O mode setup
[    0.757167] x2apic enabled
[    0.759503] Switched APIC routing to physical x2apic.
[    0.764743] KVM setup pv IPIs
[    0.772547] ..TIMER: vector=0x30 apic1=0 pin1=2 apic2=-1 pin2=-1
[    0.777254] clocksource: tsc-early: mask: 0xffffffffffffffff max_cycles: 0x2b2c909a7c7, max_idle_ns: 440795208498 ns
[    0.786353] Calibrating delay loop (skipped) preset value.. 5990.40 BogoMIPS (lpj=11980808)
[    0.790360] pid_max: default: 32768 minimum: 301
[    0.794414] LSM: Security Framework initializing
[    0.796808] Yama: becoming mindful.
[    0.798436] AppArmor: AppArmor initialized
[    0.802478] Mount-cache hash table entries: 8192 (order: 4, 65536 bytes, linear)
[    0.806380] Mountpoint-cache hash table entries: 8192 (order: 4, 65536 bytes, linear)
[    0.810411] *** VALIDATE tmpfs ***
[    0.814661] *** VALIDATE proc ***
[    0.818477] *** VALIDATE cgroup1 ***
[    0.822359] *** VALIDATE cgroup2 ***
[    0.827892] x86/cpu: User Mode Instruction Prevention (UMIP) activated
[    0.830718] Last level iTLB entries: 4KB 0, 2MB 0, 4MB 0
[    0.834353] Last level dTLB entries: 4KB 0, 2MB 0, 4MB 0, 1GB 0
[    0.838381] Spectre V1 : Mitigation: usercopy/swapgs barriers and __user pointer sanitization
[    0.842379] Spectre V2 : Mitigation: Enhanced IBRS
[    0.844910] Spectre V2 : Spectre v2 / SpectreRSB mitigation: Filling RSB on context switch
[    0.846367] Spectre V2 : mitigation: Enabling conditional Indirect Branch Prediction Barrier
[    0.850358] Speculative Store Bypass: Mitigation: Speculative Store Bypass disabled via prctl and seccomp
[    0.854736] Freeing SMP alternatives memory: 40K
[    0.866776] smpboot: CPU0: Intel(R) Core(TM) Ultra 5 125H (family: 0x6, model: 0xaa, stepping: 0x4)
[    0.870695] Performance Events: unsupported p6 CPU model 170 no PMU driver, software events only.
[    0.874504] rcu: Hierarchical SRCU implementation.
[    0.879209] NMI watchdog: Perf NMI watchdog permanently disabled
[    0.882520] smp: Bringing up secondary CPUs ...
[    0.885280] x86: Booting SMP configuration:
[    0.886372] .... node  #0, CPUs:      #1
[    0.625604] kvm-clock: cpu 1, msr 11e601041, secondary cpu clock
[    0.891156] KVM setup async PF for cpu 1
[    0.894342] kvm-stealtime: cpu 1, msr 13baad040
[    0.898655]  #2
[    0.625604] kvm-clock: cpu 2, msr 11e601081, secondary cpu clock
[    0.923213] KVM setup async PF for cpu 2
[    0.926342] kvm-stealtime: cpu 2, msr 13bb2d040
[    0.939014]  #3
[    0.625604] kvm-clock: cpu 3, msr 11e6010c1, secondary cpu clock
[    0.942839] KVM setup async PF for cpu 3
[    0.946342] kvm-stealtime: cpu 3, msr 13bbad040
[    0.954746] smp: Brought up 1 node, 4 CPUs
[    0.958357] smpboot: Max logical packages: 1
[    0.962370] smpboot: Total of 4 processors activated (23961.61 BogoMIPS)
[    0.969259] devtmpfs: initialized
[    0.970448] x86/mm: Memory block size: 128MB
[    0.975119] clocksource: jiffies: mask: 0xffffffff max_cycles: 0xffffffff, max_idle_ns: 7645041785100000 ns
[    0.978389] futex hash table entries: 1024 (order: 4, 65536 bytes, linear)
[    0.986848] pinctrl core: initialized pinctrl subsystem
[    0.990978] PM: RTC time: 09:26:46, date: 2026-09-01
[    0.995086] NET: Registered protocol family 16
[    0.998258] audit: initializing netlink subsys (disabled)
[    1.002659] audit: type=2000 audit(1788254805.592:1): state=initialized audit_enabled=0 res=1
[    1.002659] EISA bus registered
[    1.022535] cpuidle: using governor ladder
[    1.026418] cpuidle: using governor menu
[    1.030977] KVM setup pv remote TLB flush
[    1.034372] ACPI: bus type PCI registered
[    1.036576] acpiphp: ACPI Hot Plug PCI Controller Driver version: 0.5
[    1.040153] PCI: Using configuration type 1 for base access
[    1.050493] HugeTLB registered 1.00 GiB page size, pre-allocated 0 pages
[    1.054453] HugeTLB registered 2.00 MiB page size, pre-allocated 0 pages
[    1.067009] ACPI: Added _OSI(Module Device)
[    1.074367] ACPI: Added _OSI(Processor Device)
[    1.078366] ACPI: Added _OSI(3.0 _SCP Extensions)
[    1.082367] ACPI: Added _OSI(Processor Aggregator Device)
[    1.086376] ACPI: Added _OSI(Linux-Dell-Video)
[    1.089098] ACPI: Added _OSI(Linux-Lenovo-NV-HDMI-Audio)
[    1.094363] ACPI: Added _OSI(Linux-HPI-Hybrid-Graphics)
[    1.098973] ACPI: 1 ACPI AML tables successfully acquired and loaded
[    1.106098] ACPI: Interpreter enabled
[    1.110387] ACPI: (supports S0 S3 S4 S5)
[    1.113987] ACPI: Using IOAPIC for interrupt routing
[    1.114419] PCI: Using host bridge windows from ACPI; if necessary, use "pci=nocrs" and report a bug
[    1.122676] ACPI: Enabled 2 GPEs in block 00 to 0F
[    1.130780] ACPI: PCI Root Bridge [PCI0] (domain 0000 [bus 00-ff])
[    1.134386] acpi PNP0A03:00: _OSC: OS supports [ASPM ClockPM Segments MSI HPX-Type3]
[    1.142419] acpi PNP0A03:00: fail to add MMCONFIG information, can't access extended PCI configuration space under this bridge.
[    1.150889] acpiphp: Slot [3] registered
[    1.154420] acpiphp: Slot [4] registered
[    1.157787] acpiphp: Slot [5] registered
[    1.162485] acpiphp: Slot [6] registered
[    1.166452] acpiphp: Slot [7] registered
[    1.168852] acpiphp: Slot [8] registered
[    1.170443] acpiphp: Slot [9] registered
[    1.174440] acpiphp: Slot [10] registered
[    1.178111] acpiphp: Slot [11] registered
[    1.186578] acpiphp: Slot [12] registered
[    1.188811] acpiphp: Slot [13] registered
[    1.190425] acpiphp: Slot [14] registered
[    1.193056] acpiphp: Slot [15] registered
[    1.198518] acpiphp: Slot [16] registered
[    1.202604] acpiphp: Slot [17] registered
[    1.205830] acpiphp: Slot [18] registered
[    1.210393] acpiphp: Slot [19] registered
[    1.212875] acpiphp: Slot [20] registered
[    1.214431] acpiphp: Slot [21] registered
[    1.218400] acpiphp: Slot [22] registered
[    1.222466] acpiphp: Slot [23] registered
[    1.226424] acpiphp: Slot [24] registered
[    1.228607] acpiphp: Slot [25] registered
[    1.230420] acpiphp: Slot [26] registered
[    1.232848] acpiphp: Slot [27] registered
[    1.238444] acpiphp: Slot [28] registered
[    1.242503] acpiphp: Slot [29] registered
[    1.246558] acpiphp: Slot [30] registered
[    1.250113] acpiphp: Slot [31] registered
[    1.250405] PCI host bridge to bus 0000:00
[    1.253240] pci_bus 0000:00: root bus resource [io  0x0000-0x0cf7 window]
[    1.262366] pci_bus 0000:00: root bus resource [io  0x0d00-0xffff window]
[    1.266364] pci_bus 0000:00: root bus resource [mem 0x000a0000-0x000bffff window]
[    1.270142] pci_bus 0000:00: root bus resource [mem 0xc0000000-0xfebfffff window]
[    1.274380] pci_bus 0000:00: root bus resource [mem 0xe0000000000-0xe007fffffff window]
[    1.282368] pci_bus 0000:00: root bus resource [bus 00-ff]
[    1.290670] pci 0000:00:00.0: [8086:1237] type 00 class 0x060000
[    1.298267] pci 0000:00:01.0: [8086:7000] type 00 class 0x060100
[    1.309508] pci 0000:00:01.1: [8086:7010] type 00 class 0x010180
[    1.323328] pci 0000:00:01.1: reg 0x20: [io  0xc060-0xc06f]
[    1.333265] pci 0000:00:01.1: legacy IDE quirk: reg 0x10: [io  0x01f0-0x01f7]
[    1.338361] pci 0000:00:01.1: legacy IDE quirk: reg 0x14: [io  0x03f6]
[    1.341921] pci 0000:00:01.1: legacy IDE quirk: reg 0x18: [io  0x0170-0x0177]
[    1.346366] pci 0000:00:01.1: legacy IDE quirk: reg 0x1c: [io  0x0376]
[    1.351106] pci 0000:00:01.3: [8086:7113] type 00 class 0x068000
[    1.359895] pci 0000:00:01.3: quirk: [io  0x0600-0x063f] claimed by PIIX4 ACPI
[    1.362541] pci 0000:00:01.3: quirk: [io  0x0700-0x070f] claimed by PIIX4 SMB
[    1.370648] pci 0000:00:01.3: quirk_piix4_acpi+0x0/0x170 took 11718 usecs
[    1.380852] pci 0000:00:02.0: [1234:1111] type 00 class 0x030000
[    1.390480] pci 0000:00:02.0: reg 0x10: [mem 0xfd000000-0xfdffffff pref]
[    1.403774] pci 0000:00:02.0: reg 0x18: [mem 0xfebd0000-0xfebd0fff]
[    1.420527] pci 0000:00:02.0: reg 0x30: [mem 0xfebc0000-0xfebcffff pref]
[    1.430742] pci 0000:00:03.0: [1af4:1000] type 00 class 0x020000
[    1.435670] pci 0000:00:03.0: reg 0x10: [io  0xc040-0xc05f]
[    1.439896] pci 0000:00:03.0: reg 0x14: [mem 0xfebd1000-0xfebd1fff]
[    1.452317] pci 0000:00:03.0: reg 0x20: [mem 0xe0040000000-0xe0040003fff 64bit pref]
[    1.463332] pci 0000:00:03.0: reg 0x30: [mem 0xfeb80000-0xfebbffff pref]
[    1.474640] pci 0000:00:04.0: [1af4:1004] type 00 class 0x010000
[    1.511277] pci 0000:00:04.0: reg 0x10: [io  0xc000-0xc03f]
[    1.520328] pci 0000:00:04.0: reg 0x14: [mem 0xfebd2000-0xfebd2fff]
[    1.547730] pci 0000:00:04.0: reg 0x20: [mem 0xe0040004000-0xe0040007fff 64bit pref]
[    1.564014] pci 0000:00:05.0: [1d1d:1f1f] type 00 class 0x010802
[    1.568125] pci 0000:00:05.0: reg 0x10: [mem 0xe0000000000-0xe0000001fff 64bit]
[    1.587059] pci 0000:00:05.0: reg 0x20: [mem 0xfebd3000-0xfebd3fff]
[    1.594499] pci 0000:00:05.0: enabling Extended Tags
[    1.659627] ACPI: PCI Interrupt Link [LNKA] (IRQs 5 *10 11)
[    1.666801] ACPI: PCI Interrupt Link [LNKB] (IRQs 5 *10 11)
[    1.671051] ACPI: PCI Interrupt Link [LNKC] (IRQs 5 10 *11)
[    1.675060] ACPI: PCI Interrupt Link [LNKD] (IRQs 5 10 *11)
[    1.682531] ACPI: PCI Interrupt Link [LNKS] (IRQs *9)
[    1.686595] iommu: Default domain type: Translated 
[    1.690752] SCSI subsystem initialized
[    1.694481] pci 0000:00:02.0: vgaarb: setting as boot VGA device
[    1.697820] pci 0000:00:02.0: vgaarb: VGA device added: decodes=io+mem,owns=io+mem,locks=none
[    1.702368] pci 0000:00:02.0: vgaarb: bridge control possible
[    1.706111] vgaarb: loaded
[    1.710458] ACPI: bus type USB registered
[    1.714401] usbcore: registered new interface driver usbfs
[    1.717763] usbcore: registered new interface driver hub
[    1.726828] usbcore: registered new device driver usb
[    1.730501] pps_core: LinuxPPS API ver. 1 registered
[    1.733084] pps_core: Software ver. 5.3.6 - Copyright 2005-2007 Rodolfo Giometti <giometti@linux.it>
[    1.742394] PTP clock support registered
[    1.746668] EDAC MC: Ver: 3.0.0
[    1.750541] PCI: Using ACPI for IRQ routing
[    1.755052] NetLabel: Initializing
[    1.757409] NetLabel:  domain hash size = 128
[    1.758362] NetLabel:  protocols = UNLABELED CIPSOv4 CALIPSO
[    1.766428] NetLabel:  unlabeled traffic allowed by default
[    1.779066] hpet0: at MMIO 0xfed00000, IRQs 2, 8, 0
[    1.782359] hpet0: 3 comparators, 64-bit 100.000000 MHz counter
[    1.790030] clocksource: Switched to clocksource kvm-clock
[    1.811570] *** VALIDATE bpf ***
[    1.817706] VFS: Disk quotas dquot_6.6.0
[    1.825631] VFS: Dquot-cache hash table entries: 512 (order 0, 4096 bytes)
[    1.834518] *** VALIDATE ramfs ***
[    1.842774] *** VALIDATE hugetlbfs ***
[    1.848727] AppArmor: AppArmor Filesystem Enabled
[    1.853233] pnp: PnP ACPI init
[    1.857229] pnp: PnP ACPI: found 6 devices
[    1.866278] thermal_sys: Registered thermal governor 'fair_share'
[    1.866279] thermal_sys: Registered thermal governor 'bang_bang'
[    1.874387] thermal_sys: Registered thermal governor 'step_wise'
[    1.880426] thermal_sys: Registered thermal governor 'user_space'
[    1.885503] thermal_sys: Registered thermal governor 'power_allocator'
[    1.898473] clocksource: acpi_pm: mask: 0xffffff max_cycles: 0xffffff, max_idle_ns: 2085701024 ns
[    1.915918] pci_bus 0000:00: resource 4 [io  0x0000-0x0cf7 window]
[    1.920911] pci_bus 0000:00: resource 5 [io  0x0d00-0xffff window]
[    1.926234] pci_bus 0000:00: resource 6 [mem 0x000a0000-0x000bffff window]
[    1.936036] pci_bus 0000:00: resource 7 [mem 0xc0000000-0xfebfffff window]
[    1.941156] pci_bus 0000:00: resource 8 [mem 0xe0000000000-0xe007fffffff window]
[    1.949362] NET: Registered protocol family 2
[    1.956783] tcp_listen_portaddr_hash hash table entries: 2048 (order: 3, 32768 bytes, linear)
[    1.964793] TCP established hash table entries: 32768 (order: 6, 262144 bytes, linear)
[    1.973080] TCP bind hash table entries: 32768 (order: 7, 524288 bytes, linear)
[    1.983190] TCP: Hash tables configured (established 32768 bind 32768)
[    1.994302] UDP hash table entries: 2048 (order: 4, 65536 bytes, linear)
[    2.007283] UDP-Lite hash table entries: 2048 (order: 4, 65536 bytes, linear)
[    2.018735] NET: Registered protocol family 1
[    2.023987] NET: Registered protocol family 44
[    2.032303] pci 0000:00:01.0: PIIX3: Enabling Passive Release
[    2.039276] pci 0000:00:00.0: Limiting direct PCI/PCI transfers
[    2.044066] pci 0000:00:01.0: Activating ISA DMA hang workarounds
[    2.055058] pci 0000:00:01.0: quirk_isa_dma_hangs+0x0/0x20 took 10701 usecs
[    2.063748] pci 0000:00:02.0: Video device with shadowed ROM at [mem 0x000c0000-0x000dffff]
[    2.076173] pci 0000:00:02.0: pci_fixup_video+0x0/0xe0 took 12271 usecs
[    2.083670] PCI: CLS 0 bytes, default 64
[    2.088543] Trying to unpack rootfs image as initramfs...
[    2.615893] Freeing initrd memory: 89336K
[    2.618105] PCI-DMA: Using software bounce buffering for IO (SWIOTLB)
[    2.627282] software IO TLB: mapped [mem 0xbbfdd000-0xbffdd000] (64MB)
[    2.635908] clocksource: tsc: mask: 0xffffffffffffffff max_cycles: 0x2b2c909a7c7, max_idle_ns: 440795208498 ns
[    2.645935] check: Scanning for low memory corruption every 60 seconds
[    2.651554] Initialise system trusted keyrings
[    2.653949] Key type blacklist registered
[    2.659612] workingset: timestamp_bits=36 max_order=20 bucket_order=0
[    2.677286] zbud: loaded
[    2.682079] squashfs: version 4.0 (2009/01/31) Phillip Lougher
[    2.687170] fuse: init (API version 7.31)
[    2.689304] *** VALIDATE fuse ***
[    2.692826] *** VALIDATE fuse ***
[    2.697375] Platform Keyring initialized
[    2.703707] Key type asymmetric registered
[    2.707260] Asymmetric key parser 'x509' registered
[    2.709708] Block layer SCSI generic (bsg) driver version 0.4 loaded (major 244)
[    2.714780] io scheduler mq-deadline registered
[    2.720483] shpchp: Standard Hot Plug PCI Controller Driver version: 0.4
[    2.730509] input: Power Button as /devices/LNXSYSTM:00/LNXPWRBN:00/input/input0
[    2.738481] ACPI: Power Button [PWRF]
[    2.745733] PCI Interrupt Link [LNKC] enabled at IRQ 11
[    2.755610] PCI Interrupt Link [LNKD] enabled at IRQ 10
[    2.767702] Serial: 8250/16550 driver, 32 ports, IRQ sharing enabled
[    2.811944] 00:04: ttyS0 at I/O 0x3f8 (irq = 4, base_baud = 115200) is a 16550A
[    2.824079] Linux agpgart interface v0.103
[    2.836290] loop: module loaded
[    2.844777] scsi host0: ata_piix
[    2.847962] scsi host1: ata_piix
[    2.849788] ata1: PATA max MWDMA2 cmd 0x1f0 ctl 0x3f6 bmdma 0xc060 irq 14
[    2.856209] ata2: PATA max MWDMA2 cmd 0x170 ctl 0x376 bmdma 0xc068 irq 15
[    2.861414] libphy: Fixed MDIO Bus: probed
[    2.868304] tun: Universal TUN/TAP device driver, 1.6
[    2.871557] PPP generic driver version 2.4.2
[    2.877073] VFIO - User Level meta-driver version: 0.3
[    2.883304] ehci_hcd: USB 2.0 'Enhanced' Host Controller (EHCI) Driver
[    2.887861] ehci-pci: EHCI PCI platform driver
[    2.891051] ehci-platform: EHCI generic platform driver
[    2.893686] ohci_hcd: USB 1.1 'Open' Host Controller (OHCI) Driver
[    2.897045] ohci-pci: OHCI PCI platform driver
[    2.900683] ohci-platform: OHCI generic platform driver
[    2.903603] uhci_hcd: USB Universal Host Controller Interface driver
[    2.908124] i8042: PNP: PS/2 Controller [PNP0303:KBD,PNP0f13:MOU] at 0x60,0x64 irq 1,12
[    2.915146] serio: i8042 KBD port at 0x60,0x64 irq 1
[    2.921418] serio: i8042 AUX port at 0x60,0x64 irq 12
[    2.926414] mousedev: PS/2 mouse device common for all mice
[    2.931100] rtc_cmos 00:05: RTC can wake from S4
[    2.933343] input: AT Translated Set 2 keyboard as /devices/platform/i8042/serio0/input/input1
[    2.940002] rtc_cmos 00:05: registered as rtc0
[    2.949989] rtc_cmos 00:05: alarms up to one day, y3k, 242 bytes nvram, hpet irqs
[    2.954191] i2c /dev entries driver
[    2.957293] device-mapper: uevent: version 1.0.3
[    2.963851] device-mapper: ioctl: 4.41.0-ioctl (2019-09-16) initialised: dm-devel@redhat.com
[    2.969441] platform eisa.0: Probing EISA bus 0
[    2.972070] platform eisa.0: EISA: Cannot allocate resource for mainboard
[    2.980171] platform eisa.0: Cannot allocate resource for EISA slot 1
[    2.985192] platform eisa.0: Cannot allocate resource for EISA slot 2
[    2.988869] platform eisa.0: Cannot allocate resource for EISA slot 3
[    2.992727] platform eisa.0: Cannot allocate resource for EISA slot 4
[    3.001671] platform eisa.0: Cannot allocate resource for EISA slot 5
[    3.006194] platform eisa.0: Cannot allocate resource for EISA slot 6
[    3.012781] platform eisa.0: Cannot allocate resource for EISA slot 7
[    3.018284] platform eisa.0: Cannot allocate resource for EISA slot 8
[    3.021565] platform eisa.0: EISA: Detected 0 cards
[    3.025396] intel_pstate: CPU model not supported
[    3.032116] ledtrig-cpu: registered to indicate activity on CPUs
[    3.037731] drop_monitor: Initializing network drop monitor service
[    3.040975] NET: Registered protocol family 10
[    3.054709] Segment Routing with IPv6
[    3.058984] NET: Registered protocol family 17
[    3.061970] Key type dns_resolver registered
[    3.066691] RAS: Correctable Errors collector initialized.
[    3.074307] IPI shorthand broadcast: enabled
[    3.078693] sched_clock: Marking stable (2457033314, 621604194)->(3165734899, -87097391)
[    3.085080] registered taskstats version 1
[    3.090070] Loading compiled-in X.509 certificates
[    3.095753] Loaded X.509 cert 'Build time autogenerated kernel key: 7f1af841edfbf04e4b72462ffb6202c30b2da0bb'
[    3.103902] zswap: loaded using pool lzo/zbud
[    3.110633] Key type ._fscrypt registered
[    3.114845] Key type .fscrypt registered
[    3.127977] Key type big_key registered
[    3.139161] Key type encrypted registered
[    3.142778] AppArmor: AppArmor sha1 policy hashing enabled
[    3.146481] ima: No TPM chip found, activating TPM-bypass!
[    3.152101] ima: Allocated hash algorithm: sha1
[    3.156626] ima: No architecture policies found
[    3.159145] evm: Initialising EVM extended attributes:
[    3.161984] evm: security.selinux
[    3.163992] evm: security.SMACK64
[    3.168803] evm: security.SMACK64EXEC
[    3.173712] evm: security.SMACK64TRANSMUTE
[    3.177507] evm: security.SMACK64MMAP
[    3.179499] evm: security.apparmor
[    3.181266] evm: security.ima
[    3.183196] evm: security.capability
[    3.185878] evm: HMAC attrs: 0x1
[    3.189221] PM:   Magic number: 10:420:423
[    3.194568] rtc_cmos 00:05: setting system clock to 2026-09-01T09:26:48 UTC (1788254808)
[    3.206730] Freeing unused decrypted memory: 2040K
[    3.212738] Freeing unused kernel image memory: 2724K
[    3.234601] Write protecting the kernel read-only data: 22528k
[    3.240472] Freeing unused kernel image memory: 2008K
[    3.243649] Freeing unused kernel image memory: 1184K
[    3.258104] x86/mm: Checked W+X mappings: passed, no W+X pages found.
[    3.266179] Run /init as init process
Loading, please wait...
Starting version 245.4-4ubuntu3.2
[    3.946285] Floppy drive(s): fd0 is 2.88M AMI BIOS
[    3.950320] piix4_smbus 0000:00:01.3: SMBus Host Controller at 0x700, revision 0
[    3.970273] nvme nvme0: pci function 0000:00:05.0
[    3.976610] cryptd: max_cpu_qlen set to 1000
[    3.976878] FDC 0 is a S82078B
[    3.978336] PCI Interrupt Link [LNKA] enabled at IRQ 10
[    3.996518] AVX2 version of gcm_enc/dec engaged.
[    4.007621] nvme nvme0: 4/0/0 default/read/poll queues
[    4.009347] AES CTR mode by8 optimization enabled
[    4.031722] input: VirtualPS/2 VMware VMMouse as /devices/platform/i8042/serio1/input/input4
[    4.042025] input: VirtualPS/2 VMware VMMouse as /devices/platform/i8042/serio1/input/input3
[    4.045455] virtio_net virtio0 ens3: renamed from eth0
[    4.064890] bochs-drm 0000:00:02.0: remove_conflicting_pci_framebuffers: bar 0: 0xfd000000 -> 0xfdffffff
[    4.067769] scsi host2: Virtio SCSI HBA
[    4.077369] bochs-drm 0000:00:02.0: remove_conflicting_pci_framebuffers: bar 2: 0xfebd0000 -> 0xfebd0fff
[    4.087894] scsi 2:0:0:0: Direct-Access     QEMU     QEMU HARDDISK    2.5+ PQ: 0 ANSI: 5
[    4.094730] bochs-drm 0000:00:02.0: vgaarb: deactivate vga console
[    4.135091] Console: switching to colour dummy device 80x25
[    4.139456] [drm] Found bochs VGA, ID 0xb0c5.
[    4.144742] [drm] Framebuffer size 16384 kB @ 0xfd000000, mmio @ 0xfebd0000.
[    4.157561] [TTM] Zone  kernel: Available graphics memory: 2015078 KiB
[    4.161424] [TTM] Initializing pool allocator
[    4.165139] [TTM] Initializing DMA pool allocator
[    4.172041] scsi 2:0:0:0: Attached scsi generic sg0 type 0
[    4.172717] sd 2:0:0:0: Power-on or device reset occurred
[    4.187686] [drm] Found EDID data blob.
[    4.190173] sd 2:0:0:0: [sda] 167772160 512-byte logical blocks: (85.9 GB/80.0 GiB)
[    4.193851] [drm] Initialized bochs-drm 1.0.0 20130925 for 0000:00:02.0 on minor 0
[    4.202214] sd 2:0:0:0: [sda] Write Protect is off
[    4.227571] fbcon: bochs-drmdrmfb (fb0) is primary device
[    4.229605] sd 2:0:0:0: [sda] Write cache: enabled, read cache: enabled, supports DPO and FUA
[    4.253009] Console: switching to colour frame buffer device 160x50
[    4.260999]  sda: sda1 sda2
[    4.261388] bochs-drm 0000:00:02.0: fb0: bochs-drmdrmfb frame buffer device
[    4.273440] sd 2:0:0:0: [sda] Attached SCSI disk
Begin: Loading essential drivers ... [    4.522680] raid6: avx2x4   gen() 19419 MB/s
[    4.570453] raid6: avx2x4   xor()  8321 MB/s
[    4.618452] raid6: avx2x2   gen() 19829 MB/s
[    4.666456] raid6: avx2x2   xor() 11434 MB/s
[    4.714456] raid6: avx2x1   gen() 15369 MB/s
[    4.766535] raid6: avx2x1   xor()  8965 MB/s
[    4.818448] raid6: sse2x4   gen() 13945 MB/s
[    4.870480] raid6: sse2x4   xor()  6035 MB/s
[    4.922512] raid6: sse2x2   gen() 10817 MB/s
[    4.974449] raid6: sse2x2   xor()  6880 MB/s
[    5.022469] raid6: sse2x1   gen() 10369 MB/s
[    5.070589] raid6: sse2x1   xor()  5748 MB/s
[    5.074521] raid6: using algorithm avx2x2 gen() 19829 MB/s
[    5.079570] raid6: .... xor() 11434 MB/s, rmw enabled
[    5.083598] raid6: using avx2x2 recovery algorithm
[    5.088913] xor: automatically using best checksumming function   avx       
[    5.093425] async_tx: api initialized (async)
done.
Begin: Running /scripts/init-premount ... done.
Begin: Mounting root file system ... Begin: Running /scripts/local-top ... done.
Begin: Running /scripts/local-premount ... [    5.182679] Btrfs loaded, crc32c=crc32c-intel
Scanning for Btrfs filesystems
[    5.262761] blk_update_request: I/O error, dev fd0, sector 0 op 0x0:(READ) flags 0x0 phys_seg 1 prio class 0
[    5.267281] floppy: error 10 while reading block 0
done.
Warning: fsck not present, so skipping root file system
[    5.331932] EXT4-fs (sda2): mounted filesystem with ordered data mode. Opts: (null)
done.
Begin: Running /scripts/local-bottom ... done.
Begin: Running /scripts/init-bottom ... Internet Systems Consortium DHCP Client 4.4.1
Copyright 2004-2018 Internet Systems Consortium.
All rights reserved.
For info, please visit https://www.isc.org/software/dhcp/

Listening on LPF/ens3/52:54:00:12:34:56
Sending on   LPF/ens3/52:54:00:12:34:56
Sending on   Socket/fallback
DHCPDISCOVER on ens3 to 255.255.255.255 port 67 interval 3 (xid=0x71934150)
DHCPOFFER of 10.0.2.15 from 10.0.2.2
DHCPREQUEST for 10.0.2.15 on ens3 to 255.255.255.255 port 67 (xid=0x50419371)
DHCPACK of 10.0.2.15 from 10.0.2.2 (xid=0x71934150)
bound to 10.0.2.15 -- renewal in 42100 seconds.
done.
[    5.721416] systemd[1]: Inserted module 'autofs4'
[    5.753834] systemd[1]: systemd 245.4-4ubuntu3.20 running in system mode. (+PAM +AUDIT +SELINUX +IMA +APPARMOR +SMACK +SYSVINIT +UTMP +LIBCRYPTSETUP +GCRYPT +GNUTLS +ACL +XZ +LZ4 +SECCOMP +BLKID +ELFUTILS +KMOD +IDN2 -IDN +PCRE2 default-hierarchy=hybrid)
[    5.771745] systemd[1]: Detected virtualization kvm.
[    5.774388] systemd[1]: Detected architecture x86-64.

Welcome to [1mUbuntu 20.04.1 LTS[0m!

[    5.805811] systemd[1]: Set hostname to <fvm>.
[    6.150267] systemd[1]: Created slice system-modprobe.slice.
[[0;32m  OK  [0m] Created slice [0;1;39msystem-modprobe.slice[0m.
[    6.160279] systemd[1]: Created slice system-serial\x2dgetty.slice.
[[0;32m  OK  [0m] Created slice [0;1;39msystem-serial\x2dgetty.slice[0m.
[    6.171145] systemd[1]: Created slice User and Session Slice.
[[0;32m  OK  [0m] Created slice [0;1;39mUser and Session Slice[0m.
[    6.181471] systemd[1]: Started Forward Password Requests to Wall Directory Watch.
[[0;32m  OK  [0m] Started [0;1;39mForward Password R…uests to Wall Directory Watch[0m.
[    6.193218] systemd[1]: Set up automount Arbitrary Executable File Formats File System Automount Point.
[[0;32m  OK  [0m] Set up automount [0;1;39mArbitrary…s File System Automount Point[0m.
[    6.207928] systemd[1]: Reached target User and Group Name Lookups.
[[0;32m  OK  [0m] Reached target [0;1;39mUser and Group Name Lookups[0m.
[    6.215699] systemd[1]: Reached target Slices.
[[0;32m  OK  [0m] Reached target [0;1;39mSlices[0m.
[    6.223439] systemd[1]: Listening on Device-mapper event daemon FIFOs.
[[0;32m  OK  [0m] Listening on [0;1;39mDevice-mapper event daemon FIFOs[0m.
[    6.233062] systemd[1]: Listening on LVM2 poll daemon socket.
[[0;32m  OK  [0m] Listening on [0;1;39mLVM2 poll daemon socket[0m.
[    6.241148] systemd[1]: Listening on multipathd control socket.
[[0;32m  OK  [0m] Listening on [0;1;39mmultipathd control socket[0m.
[    6.253389] systemd[1]: Listening on Syslog Socket.
[[0;32m  OK  [0m] Listening on [0;1;39mSyslog Socket[0m.
[    6.259158] systemd[1]: Listening on initctl Compatibility Named Pipe.
[[0;32m  OK  [0m] Listening on [0;1;39minitctl Compatibility Named Pipe[0m.
[    6.269660] systemd[1]: Listening on Journal Audit Socket.
[[0;32m  OK  [0m] Listening on [0;1;39mJournal Audit Socket[0m.
[    6.281120] systemd[1]: Listening on Journal Socket (/dev/log).
[[0;32m  OK  [0m] Listening on [0;1;39mJournal Socket (/dev/log)[0m.
[    6.291766] systemd[1]: Listening on Journal Socket.
[[0;32m  OK  [0m] Listening on [0;1;39mJournal Socket[0m.
[    6.298464] systemd[1]: Listening on Network Service Netlink Socket.
[[0;32m  OK  [0m] Listening on [0;1;39mNetwork Service Netlink Socket[0m.
[    6.309685] systemd[1]: Listening on udev Control Socket.
[[0;32m  OK  [0m] Listening on [0;1;39mudev Control Socket[0m.
[    6.318959] systemd[1]: Listening on udev Kernel Socket.
[[0;32m  OK  [0m] Listening on [0;1;39mudev Kernel Socket[0m.
[    6.329809] systemd[1]: Mounting Huge Pages File System...
         Mounting [0;1;39mHuge Pages File System[0m...
[    6.338839] systemd[1]: Mounting POSIX Message Queue File System...
         Mounting [0;1;39mPOSIX Message Queue File System[0m...
[    6.354271] systemd[1]: Mounting Kernel Debug File System...
         Mounting [0;1;39mKernel Debug File System[0m...
[    6.365540] systemd[1]: Mounting Kernel Trace File System...
         Mounting [0;1;39mKernel Trace File System[0m...
[    6.381149] systemd[1]: Starting Journal Service...
         Starting [0;1;39mJournal Service[0m...
[    6.393354] systemd[1]: Starting Set the console keyboard layout...
         Starting [0;1;39mSet the console keyboard layout[0m...
[    6.408812] systemd[1]: Starting Create list of static device nodes for the current kernel...
         Starting [0;1;39mCreate list of st…odes for the current kernel[0m...
[    6.426966] systemd[1]: Starting Monitoring of LVM2 mirrors, snapshots etc. using dmeventd or progress polling...
         Starting [0;1;39mMonitoring of LVM…meventd or progress polling[0m...
[    6.453676] systemd[1]: Starting Load Kernel Module chromeos_pstore...
         Starting [0;1;39mLoad Kernel Module chromeos_pstore[0m...
[    6.465791] systemd[1]: Condition check resulted in Load Kernel Module drm being skipped.
[    6.476333] systemd[1]: Starting Load Kernel Module efi_pstore...
         Starting [0;1;39mLoad Kernel Module efi_pstore[0m...
[    6.490948] systemd[1]: Starting Load Kernel Module pstore_blk...
         Starting [0;1;39mLoad Kernel Module pstore_blk[0m...
[    6.505264] systemd[1]: Starting Load Kernel Module pstore_zone...
         Starting [0;1;39mLoad Kernel Module pstore_zone[0m...
[    6.518938] systemd[1]: Starting Load Kernel Module ramoops...
         Starting [0;1;39mLoad Kernel Module ramoops[0m...
[    6.531495] systemd[1]: Condition check resulted in Set Up Additional Binary Formats being skipped.
[    6.545923] systemd[1]: Starting Load Kernel Modules...
         Starting [0;1;39mLoad Kernel Modules[0m...
[    6.555871] systemd[1]: Starting Remount Root and Kernel File Systems...
         Starting [0;1;39mRemount Root and Kernel File Systems[0m...
[    6.568823] EXT4-fs (sda2): re-mounted. Opts: (null)
[    6.569677] systemd[1]: Starting udev Coldplug all Devices...
         Starting [0;1;39mudev Coldplug all Devices[0m...
[    6.608581] systemd[1]: Starting Uncomplicated firewall...
         Starting [0;1;39mUncomplicated firewall[0m...
[    6.620135] systemd[1]: Started Journal Service.
[[0;32m  OK  [0m] Started [0;1;39mJournal Service[0m.
[[0;32m  OK  [0m] Mounted [0;1;39mHuge Pages File System[0m.
[[0;32m  OK  [0m] Mounted [0;1;39mPOSIX Message Queue File System[0m.
[[0;32m  OK  [0m] Mounted [0;1;39mKernel Debug File System[0m.
[[0;32m  OK  [0m] Mounted [0;1;39mKernel Trace File System[0m.
[[0;32m  OK  [0m] Finished [0;1;39mSet the console keyboard layout[0m.
[[0;32m  OK  [0m] Finished [0;1;39mCreate list of st… nodes for the current kernel[0m.
[[0;32m  OK  [0m] Finished [0;1;39mMonitoring of LVM… dmeventd or progress polling[0m.
[[0;32m  OK  [0m] Finished [0;1;39mLoad Kernel Module chromeos_pstore[0m.
[[0;32m  OK  [0m] Finished [0;1;39mLoad Kernel Module efi_pstore[0m.
[[0;32m  OK  [0m] Finished [0;1;39mLoad Kernel Module pstore_blk[0m.
[[0;32m  OK  [0m] Finished [0;1;39mLoad Kernel Module pstore_zone[0m.
[[0;32m  OK  [0m] Finished [0;1;39mLoad Kernel Module ramoops[0m.
[[0;32m  OK  [0m] Finished [0;1;39mLoad Kernel Modules[0m.
[[0;32m  OK  [0m] Finished [0;1;39mRemount Root and Kernel File Systems[0m.
[[0;32m  OK  [0m] Finished [0;1;39mUncomplicated firewall[0m.
         Activating swap [0;1;39m/swap.img[0m...
         Mounting [0;1;39mFUSE Control File System[0m...
         Mounting [0;1;39mKernel Configuration File System[0m...
         Starting [0;1;39mFlush Journal to Persistent Storage[0m...
[    6.743721] systemd-journald[368]: Received client request to flush runtime journal.
         Starting [0;1;39mLoad/Save Random Seed[0m...
         Starting [0;1;39mApply Kernel Variables[0m...
         Starting [0;1;39mCreate System Users[0m...
[[0;32m  OK  [0m] Finished [0;1;39mudev Coldplug all Devices[0m.
[[0;32m  OK  [0m] Mounted [0;1;39mFUSE Control File System[0m.
[[0;32m  OK  [0m] Mounted [0;1;39mKernel Configuration File System[0m.
         Starting [0;1;39mudev Wait for Complete Device Initialization[0m...
[[0;32m  OK  [0m] Finished [0;1;39mLoad/Save Random Seed[0m.
[[0;32m  OK  [0m] Finished [0;1;39mApply Kernel Variables[0m.
[[0;32m  OK  [0m] Finished [0;1;39mCreate System Users[0m.
         Starting [0;1;39mCreate Static Device Nodes in /dev[0m...
[[0;32m  OK  [0m] Activated swap [0;1;39m/swap.img[0m.
[[0;32m  OK  [0m] Reached target [0;1;39mSwap[0m.
[[0;32m  OK  [0m] Finished [0;1;39mCreate Static Device Nodes in /dev[0m.
         Starting [0;1;39mudev Kernel Device Manager[0m...
[[0;32m  OK  [0m] Started [0;1;39mudev Kernel Device Manager[0m.
[[0;32m  OK  [0m] Started [0;1;39mDispatch Password …ts to Console Directory Watch[0m.
[[0;32m  OK  [0m] Reached target [0;1;39mLocal Encrypted Volumes[0m.
         Starting [0;1;39mNetwork Service[0m...
[[0;32m  OK  [0m] Finished [0;1;39mFlush Journal to Persistent Storage[0m.
[[0;32m  OK  [0m] Started [0;1;39mNetwork Service[0m.
         Starting [0;1;39mWait for Network to be Configured[0m...
[[0;32m  OK  [0m] Finished [0;1;39mWait for Network to be Configured[0m.
[[0;32m  OK  [0m] Found device [0;1;39m/dev/ttyS0[0m.
[[0;32m  OK  [0m] Listening on [0;1;39mLoad/Save RF …itch Status /dev/rfkill Watch[0m.
[[0;32m  OK  [0m] Finished [0;1;39mudev Wait for Complete Device Initialization[0m.
         Starting [0;1;39mDevice-Mapper Multipath Device Controller[0m...
[[0;32m  OK  [0m] Started [0;1;39mDevice-Mapper Multipath Device Controller[0m.
[[0;32m  OK  [0m] Reached target [0;1;39mLocal File Systems (Pre)[0m.
         Mounting [0;1;39mMount unit for core18, revision 1880[0m...
         Mounting [0;1;39mMount unit for lxd, revision 16099[0m...
         Mounting [0;1;39mMount unit for snapd, revision 8542[0m...
[[0;32m  OK  [0m] Mounted [0;1;39mMount unit for core18, revision 1880[0m.
[[0;32m  OK  [0m] Mounted [0;1;39mMount unit for lxd, revision 16099[0m.
[[0;32m  OK  [0m] Mounted [0;1;39mMount unit for snapd, revision 8542[0m.
[[0;32m  OK  [0m] Reached target [0;1;39mLocal File Systems[0m.
         Starting [0;1;39mLoad AppArmor profiles[0m...
         Starting [0;1;39mSet console font and keymap[0m...
         Starting [0;1;39mCreate final runt…dir for shutdown pivot root[0m...
         Starting [0;1;39mTell Plymouth To Write Out Runtime Data[0m...
         Starting [0;1;39mCreate Volatile Files and Directories[0m...
[[0;32m  OK  [0m] Finished [0;1;39mSet console font and keymap[0m.
[[0;32m  OK  [0m] Finished [0;1;39mCreate final runt…e dir for shutdown pivot root[0m.
[[0;32m  OK  [0m] Finished [0;1;39mTell Plymouth To Write Out Runtime Data[0m.
[[0;32m  OK  [0m] Finished [0;1;39mCreate Volatile Files and Directories[0m.
         Starting [0;1;39mNetwork Name Resolution[0m...
         Starting [0;1;39mNetwork Time Synchronization[0m...
         Starting [0;1;39mUpdate UTMP about System Boot/Shutdown[0m...
[[0;32m  OK  [0m] Finished [0;1;39mUpdate UTMP about System Boot/Shutdown[0m.
[[0;32m  OK  [0m] Finished [0;1;39mLoad AppArmor profiles[0m.
         Starting [0;1;39mLoad AppArmor pro…managed internally by snapd[0m...
[[0;32m  OK  [0m] Started [0;1;39mNetwork Time Synchronization[0m.
[[0;32m  OK  [0m] Reached target [0;1;39mSystem Time Set[0m.
[[0;32m  OK  [0m] Reached target [0;1;39mSystem Time Synchronized[0m.
[[0;32m  OK  [0m] Finished [0;1;39mLoad AppArmor pro…s managed internally by snapd[0m.
[[0;32m  OK  [0m] Reached target [0;1;39mSystem Initialization[0m.
[[0;32m  OK  [0m] Started [0;1;39mDaily apt download activities[0m.
[[0;32m  OK  [0m] Started [0;1;39mDaily apt upgrade and clean activities[0m.
[[0;32m  OK  [0m] Started [0;1;39mPeriodic ext4 Onli…ata Check for All Filesystems[0m.
[[0;32m  OK  [0m] Started [0;1;39mDiscard unused blocks once a week[0m.
[[0;32m  OK  [0m] Started [0;1;39mRefresh fwupd metadata regularly[0m.
[[0;32m  OK  [0m] Started [0;1;39mDaily rotation of log files[0m.
[[0;32m  OK  [0m] Started [0;1;39mDaily man-db regeneration[0m.
[[0;32m  OK  [0m] Started [0;1;39mMessage of the Day[0m.
[[0;32m  OK  [0m] Started [0;1;39mDaily Cleanup of Temporary Directories[0m.
[[0;32m  OK  [0m] Reached target [0;1;39mPaths[0m.
[[0;32m  OK  [0m] Reached target [0;1;39mTimers[0m.
[[0;32m  OK  [0m] Listening on [0;1;39mD-Bus System Message Bus Socket[0m.
[[0;32m  OK  [0m] Listening on [0;1;39mOpen-iSCSI iscsid Socket[0m.
[[0;32m  OK  [0m] Listening on [0;1;39mSocket unix for snap application lxd.daemon[0m.
         Starting [0;1;39mSocket activation for snappy daemon[0m.
[[0;32m  OK  [0m] Listening on [0;1;39mUUID daemon activation socket[0m.
[[0;32m  OK  [0m] Started [0;1;39mNetwork Name Resolution[0m.
[[0;32m  OK  [0m] Listening on [0;1;39mSocket activation for snappy daemon[0m.
[[0;32m  OK  [0m] Reached target [0;1;39mNetwork[0m.
[[0;32m  OK  [0m] Reached target [0;1;39mNetwork is Online[0m.
[[0;32m  OK  [0m] Reached target [0;1;39mHost and Network Name Lookups[0m.
[[0;32m  OK  [0m] Reached target [0;1;39mSockets[0m.
[[0;32m  OK  [0m] Reached target [0;1;39mBasic System[0m.
         Starting [0;1;39mAccounts Service[0m...
[[0;32m  OK  [0m] Started [0;1;39mD-Bus System Message Bus[0m.
[[0;32m  OK  [0m] Started [0;1;39mSave initial kernel messages after boot[0m.
         Starting [0;1;39mRemove Stale Onli…t4 Metadata Check Snapshots[0m...
         Starting [0;1;39mLSB: Record successful boot for GRUB[0m...
         Starting [0;1;39mGRUB failed boot detection[0m...
[[0;32m  OK  [0m] Started [0;1;39mirqbalance daemon[0m.
         Starting [0;1;39mDispatcher daemon for systemd-networkd[0m...
[[0;32m  OK  [0m] Reached target [0;1;39mRemote File Systems (Pre)[0m.
[[0;32m  OK  [0m] Reached target [0;1;39mRemote File Systems[0m.
         Starting [0;1;39mLSB: automatic crash report generation[0m...
         Starting [0;1;39mDeferred execution scheduler[0m...
         Starting [0;1;39mAvailability of block devices[0m...
[[0;32m  OK  [0m] Started [0;1;39mRegular background program processing daemon[0m.
         Starting [0;1;39mSystem Logging Service[0m...
         Starting [0;1;39mService for snap application lxd.activate[0m...
         Starting [0;1;39mSnap Daemon[0m...
         Starting [0;1;39mOpenBSD Secure Shell server[0m...
         Starting [0;1;39mLogin Service[0m...
         Starting [0;1;39mPermit User Sessions[0m...
         Starting [0;1;39mThermal Daemon Service[0m...
[[0;32m  OK  [0m] Finished [0;1;39mRemove Stale Onli…ext4 Metadata Check Snapshots[0m.
[[0;32m  OK  [0m] Started [0;1;39mDeferred execution scheduler[0m.
[[0;32m  OK  [0m] Finished [0;1;39mAvailability of block devices[0m.
[[0;32m  OK  [0m] Finished [0;1;39mPermit User Sessions[0m.
[[0;32m  OK  [0m] Finished [0;1;39mGRUB failed boot detection[0m.
[[0;32m  OK  [0m] Started [0;1;39mSystem Logging Service[0m.
[[0;32m  OK  [0m] Started [0;1;39mThermal Daemon Service[0m.
[[0;32m  OK  [0m] Started [0;1;39mLSB: Record successful boot for GRUB[0m.
[[0;32m  OK  [0m] Started [0;1;39mLogin Service[0m.
[[0;32m  OK  [0m] Started [0;1;39mOpenBSD Secure Shell server[0m.
         Starting [0;1;39mHold until boot process finishes up[0m...
         Starting [0;1;39mTerminate Plymouth Boot Screen[0m...
         Starting [0;1;39mAuthorization Manager[0m...
[[0;32m  OK  [0m] Started [0;1;39mUnattended Upgrades Shutdown[0m.
[[0;32m  OK  [0m] Started [0;1;39mLSB: automatic crash report generation[0m.
[[0;32m  OK  [0m] Finished [0;1;39mHold until boot process finishes up[0m.
[[0;32m  OK  [0m] Finished [0;1;39mTerminate Plymouth Boot Screen[0m.
[[0;32m  OK  [0m] Started [0;1;39mSerial Getty on ttyS0[0m.
         Starting [0;1;39mSet console scheme[0m...
[[0;32m  OK  [0m] Finished [0;1;39mSet console scheme[0m.
[[0;32m  OK  [0m] Created slice [0;1;39msystem-getty.slice[0m.
[[0;32m  OK  [0m] Started [0;1;39mGetty on tty1[0m.
[[0;32m  OK  [0m] Reached target [0;1;39mLogin Prompts[0m.
[[0;32m  OK  [0m] Started [0;1;39mAuthorization Manager[0m.
[[0;32m  OK  [0m] Started [0;1;39mAccounts Service[0m.
[[0;32m  OK  [0m] Started [0;1;39mDispatcher daemon for systemd-networkd[0m.
[[0;32m  OK  [0m] Started [0;1;39mSnap Daemon[0m.
         Starting [0;1;39mWait until snapd is fully seeded[0m...
[[0;32m  OK  [0m] Finished [0;1;39mWait until snapd is fully seeded[0m.
[[0;32m  OK  [0m] Finished [0;1;39mService for snap application lxd.activate[0m.
[[0;32m  OK  [0m] Reached target [0;1;39mMulti-User System[0m.
[[0;32m  OK  [0m] Reached target [0;1;39mGraphical Interface[0m.
         Starting [0;1;39mUpdate UTMP about System Runlevel Changes[0m...
[[0;32m  OK  [0m] Finished [0;1;39mUpdate UTMP about System Runlevel Changes[0m.

Ubuntu 20.04.1 LTS fvm ttyS0

fvm login: [FEMU] FTL-Log: BBSSD-STATS version=V4 hot_pool_percent=20 initial_hot_lines=25 initial_cold_lines=103 frequency_window_writes=4096 hot_writes_per_window=4 cold_writes_per_window=1 erase_event_threshold=1 host_write_seq=1572864 host_page_writes=1572864 nand_page_writes=1572864 gc_page_writes=0 block_erases=0 waf=1.000000 gc_count=0 average_gc_copy=N/A host_hot_writes=0 host_cold_writes=1572864 hot_write_ratio=0.000000 host_cold_low_frequency_writes=1572864 host_hot_high_frequency_writes=0 host_hot_erase_signal_writes=0 host_cold_erase_signal_writes=0 mid_frequency_erase_events_zero=0 mid_frequency_erase_events_one=0 mid_frequency_erase_events_two=0 mid_frequency_erase_events_three_plus=0 gc_hot_writes=0 gc_cold_writes=0 cold_to_hot_count=0 hot_to_cold_count=0 hot_pool_empty_count=0 cold_pool_empty_count=0 borrow_count=0 emergency_gc_count=0 counter_invariant=PASS
[FEMU] Log: vSSD0,Reset tt_late_ios/tt_ios,6118/6586
[FEMU] FTL-Log: BBSSD-STATS version=V4 hot_pool_percent=20 initial_hot_lines=25 initial_cold_lines=103 frequency_window_writes=4096 hot_writes_per_window=4 cold_writes_per_window=1 erase_event_threshold=1 host_write_seq=133084356 host_page_writes=133084356 nand_page_writes=951283874 gc_page_writes=818199518 block_erases=3715520 waf=7.147977 gc_count=58055 average_gc_copy=14093.523693 host_hot_writes=16722096 host_cold_writes=116362260 hot_write_ratio=0.125650 host_cold_low_frequency_writes=116319868 host_hot_high_frequency_writes=2968396 host_hot_erase_signal_writes=13753700 host_cold_erase_signal_writes=42392 mid_frequency_erase_events_zero=13753700 mid_frequency_erase_events_one=42392 mid_frequency_erase_events_two=0 mid_frequency_erase_events_three_plus=0 gc_hot_writes=4679900 gc_cold_writes=813519618 cold_to_hot_count=10033896 hot_to_cold_count=10030340 hot_pool_empty_count=0 cold_pool_empty_count=4 borrow_count=4 emergency_gc_count=0 counter_invariant=PASS
[FEMU] Log: vSSD0,Reset tt_late_ios/tt_ios,6594931/33271341
         Stopping [0;1;39mSession 6 of user femu[0m.
[[0;32m  OK  [0m] Removed slice [0;1;39msystem-modprobe.slice[0m.
[[0;32m  OK  [0m] Stopped target [0;1;39mGraphical Interface[0m.
[[0;32m  OK  [0m] Stopped target [0;1;39mMulti-User System[0m.
[[0;32m  OK  [0m] Stopped target [0;1;39mLogin Prompts[0m.
[[0;32m  OK  [0m] Stopped target [0;1;39mNetwork is Online[0m.
[[0;32m  OK  [0m] Stopped target [0;1;39mHost and Network Name Lookups[0m.
[[0;32m  OK  [0m] Stopped target [0;1;39mTimers[0m.
[[0;32m  OK  [0m] Stopped [0;1;39mDaily apt upgrade and clean activities[0m.
[[0;32m  OK  [0m] Stopped [0;1;39mDaily apt download activities[0m.
[[0;32m  OK  [0m] Stopped [0;1;39mPeriodic ext4 Onli…ata Check for All Filesystems[0m.
[[0;32m  OK  [0m] Stopped [0;1;39mDiscard unused blocks once a week[0m.
[[0;32m  OK  [0m] Stopped [0;1;39mRefresh fwupd metadata regularly[0m.
[[0;32m  OK  [0m] Stopped [0;1;39mDaily rotation of log files[0m.
[[0;32m  OK  [0m] Stopped [0;1;39mDaily man-db regeneration[0m.
[[0;32m  OK  [0m] Stopped [0;1;39mMessage of the Day[0m.
[[0;32m  OK  [0m] Stopped [0;1;39mDaily Cleanup of Temporary Directories[0m.
[[0;32m  OK  [0m] Stopped target [0;1;39mSystem Time Synchronized[0m.
[[0;32m  OK  [0m] Stopped target [0;1;39mSystem Time Set[0m.
[[0;32m  OK  [0m] Closed [0;1;39mLVM2 poll daemon socket[0m.
[[0;32m  OK  [0m] Closed [0;1;39mLoad/Save RF Kill Switch Status /dev/rfkill Watch[0m.
         Stopping [0;1;39mAccounts Service[0m...
         Stopping [0;1;39mLSB: automatic crash report generation[0m...
         Stopping          Stopping [0;1;39mSerial Getty on ttyS0[0m...
[[0;32m  OK  [0m] Stopped [0;1;39mWait until snapd is fully seeded[0m.
         Stopping [0;1;39mSnap Daemon[0m...
         Stopping [0;1;39mOpenBSD Secure Shell server[0m...
[[0;32m  OK  [0m] Stopped [0;1;39mWait for Network to be Configured[0m.
         Stopping [0;1;39mLoad/Save Random Seed[0m...
         Stopping [0;1;39mUnattended Upgrades Shutdown[0m...
[[0;32m  OK  [0m] Stopped [0;1;39mAccounts Service[0m.
[[0;32m  OK  [0m] Stopped [0;1;39mirqbalance daemon[0m.
[[0;32m  OK  [0m] Stopped [0;1;39mDispatcher daemon for systemd-networkd[0m.
[[0;32m  OK  [0m] Stopped [0;1;39mRegular background program processing daemon[0m.
[[0;32m  OK  [0m] Stopped [0;1;39mSystem Logging Service[0m.
[[0;32m  OK  [0m] Stopped [0;1;39mSnap Daemon[0m.
[[0;32m  OK  [0m] Stopped [0;1;39mDeferred execution scheduler[0m.
[[0;32m  OK  [0m] Stopped [0;1;39mOpenBSD Secure Shell server[0m.
[[0;32m  OK  [0m] Stopped [0;1;39mAuthorization Manager[0m.
[[0;32m  OK  [0m] Stopped [0;1;39mUnattended Upgrades Shutdown[0m.
[[0;32m  OK  [0m] Stopped [0;1;39mSerial Getty on ttyS0[0m.
[[0;32m  OK  [0m] Stopped [0;1;39mGetty on tty1[0m.
[[0;32m  OK  [0m] Stopped [0;1;39mAvailability of block devices[0m.
[[0;32m  OK  [0m] Stopped [0;1;39mLoad/Save Random Seed[0m.
[[0;32m  OK  [0m] Stopped [0;1;39mSession 6 of user femu[0m.
[[0;32m  OK  [0m] Removed slice [0;1;39msystem-getty.slice[0m.
[[0;32m  OK  [0m] Removed slice [0;1;39msystem-serial\x2dgetty.slice[0m.
         Stopping [0;1;39mLogin Service[0m...
         Stopping [0;1;39mUser Manager for UID 1000[0m...
[[0;32m  OK  [0m] Stopped [0;1;39mLSB: automatic crash report generation[0m.
[[0;32m  OK  [0m] Stopped [0;1;39mLSB: Record successful boot for GRUB[0m.
[[0;32m  OK  [0m] Stopped [0;1;39mUser Manager for UID 1000[0m.
         Stopping [0;1;39mUser Runtime Directory /run/user/1000[0m...
[[0;32m  OK  [0m] Unmounted [0;1;39m/run/user/1000[0m.
[[0;32m  OK  [0m] Stopped [0;1;39mUser Runtime Directory /run/user/1000[0m.
[[0;32m  OK  [0m] Removed slice [0;1;39mUser Slice of UID 1000[0m.
         Stopping [0;1;39mD-Bus System Message Bus[0m...
         Stopping [0;1;39mPermit User Sessions[0m...
[[0;32m  OK  [0m] Stopped [0;1;39mD-Bus System Message Bus[0m.
[[0;32m  OK  [0m] Stopped [0;1;39mPermit User Sessions[0m.
[[0;32m  OK  [0m] Stopped target [0;1;39mNetwork[0m.
[[0;32m  OK  [0m] Stopped target [0;1;39mRemote File Systems[0m.
[[0;32m  OK  [0m] Stopped target [0;1;39mRemote File Systems (Pre)[0m.
         Stopping [0;1;39mNetwork Name Resolution[0m...
[[0;32m  OK  [0m] Stopped [0;1;39mNetwork Name Resolution[0m.
         Stopping [0;1;39mNetwork Service[0m...
[[0;32m  OK  [0m] Stopped [0;1;39mNetwork Service[0m.
[[0;32m  OK  [0m] Stopped [0;1;39mLogin Service[0m.
[[0;32m  OK  [0m] Stopped target [0;1;39mBasic System[0m.
[[0;32m  OK  [0m] Stopped target [0;1;39mUser and Group Name Lookups[0m.
[[0;32m  OK  [0m] Stopped target [0;1;39mPaths[0m.
[[0;32m  OK  [0m] Stopped target [0;1;39mSlices[0m.
[[0;32m  OK  [0m] Removed slice [0;1;39mUser and Session Slice[0m.
[[0;32m  OK  [0m] Stopped target [0;1;39mSockets[0m.
[[0;32m  OK  [0m] Closed [0;1;39mD-Bus System Message Bus Socket[0m.
[[0;32m  OK  [0m] Closed [0;1;39mOpen-iSCSI iscsid Socket[0m.
[[0;32m  OK  [0m] Closed [0;1;39mSocket unix for snap application lxd.daemon[0m.
[[0;32m  OK  [0m] Closed [0;1;39mSocket activation for snappy daemon[0m.
[[0;32m  OK  [0m] Closed [0;1;39mSyslog Socket[0m.
[[0;32m  OK  [0m] Closed [0;1;39mUUID daemon activation socket[0m.
[[0;32m  OK  [0m] Stopped target [0;1;39mSystem Initialization[0m.
[[0;32m  OK  [0m] Stopped target [0;1;39mLocal Encrypted Volumes[0m.
[[0;32m  OK  [0m] Stopped [0;1;39mDispatch Password …ts to Console Directory Watch[0m.
[[0;32m  OK  [0m] Stopped [0;1;39mForward Password R…uests to Wall Directory Watch[0m.
[[0;32m  OK  [0m] Stopped [0;1;39mApply Kernel Variables[0m.
[[0;32m  OK  [0m] Stopped [0;1;39mLoad Kernel Modules[0m.
         Stopping [0;1;39mNetwork Time Synchronization[0m...
         Stopping [0;1;39mUpdate UTMP about System Boot/Shutdown[0m...
[[0;32m  OK  [0m] Stopped [0;1;39mUpdate UTMP about System Boot/Shutdown[0m.
[[0;32m  OK  [0m] Stopped [0;1;39mNetwork Time Synchronization[0m.
[[0;32m  OK  [0m] Stopped [0;1;39mCreate Volatile Files and Directories[0m.
[[0;32m  OK  [0m] Stopped [0;1;39mCreate final runtime dir for shutdown pivot root[0m.
[[0;32m  OK  [0m] Stopped target [0;1;39mLocal File Systems[0m.
         Unmounting [0;1;39m/run/snapd/ns/lxd.mnt[0m...
         Unmounting [0;1;39mMount unit for core18, revision 1880[0m...
         Unmounting [0;1;39mMount unit for lxd, revision 16099[0m...
         Unmounting [0;1;39mMount unit for snapd, revision 8542[0m...
[[0;32m  OK  [0m] Unmounted [0;1;39m/run/snapd/ns/lxd.mnt[0m.
         Unmounting [0;1;39m/run/snapd/ns[0m...
[[0;32m  OK  [0m] Unmounted [0;1;39m/run/snapd/ns[0m.
[[0;32m  OK  [0m] Unmounted [0;1;39mMount unit for lxd, revision 16099[0m.
[[0;32m  OK  [0m] Stopped target [0;1;39mSwap[0m.
         Deactivating swap [0;1;39m/swap.img[0m...
[[0;32m  OK  [0m] Deactivated swap [0;1;39m/swap.img[0m.
[[0;32m  OK  [0m] Unmounted [0;1;39mMount unit for core18, revision 1880[0m.
[[0;32m  OK  [0m] Unmounted [0;1;39mMount unit for snapd, revision 8542[0m.
[[0;32m  OK  [0m] Stopped target [0;1;39mLocal File Systems (Pre)[0m.
[[0;32m  OK  [0m] Reached target [0;1;39mUnmount All Filesystems[0m.
         Stopping [0;1;39mMonitoring of LVM…meventd or progress polling[0m...
         Stopping [0;1;39mDevice-Mapper Multipath Device Controller[0m...
[[0;32m  OK  [0m] Stopped [0;1;39mCreate Static Device Nodes in /dev[0m.
[[0;32m  OK  [0m] Stopped [0;1;39mCreate System Users[0m.
[[0;32m  OK  [0m] Stopped [0;1;39mRemount Root and Kernel File Systems[0m.
[[0;32m  OK  [0m] Stopped [0;1;39mDevice-Mapper Multipath Device Controller[0m.
[[0;32m  OK  [0m] Stopped [0;1;39mMonitoring of LVM2… dmeventd or progress polling[0m.
[[0;32m  OK  [0m] Reached target [0;1;39mShutdown[0m.
[[0;32m  OK  [0m] Reached target [0;1;39mFinal Step[0m.
[[0;32m  OK  [0m] Finished [0;1;39mPower-Off[0m.
[[0;32m  OK  [0m] Reached target [0;1;39mPower-Off[0m.
[ 3645.225667] reboot: Power down
