[FEMU] FTL-Log: LPN metadata: entries=2097152 entry_size=40 total=80 MiB T=1024 A=3 C=2 D=65536 decay=on E=4096
[FEMU] FTL-Log: Write pointers: hot_line=64 cold_line=0 free=126 hot_free=63 cold_free=63
c[?7l[2J[0mSeaBIOS (version rel-1.17.0-0-gb52ca86e094d-prebuilt.qemu.org)


iPXE (http://ipxe.org) 00:03.0 CA00 PCI2.10 PnP PMM+BEFD1D20+BEF31D20 CA00
Press Ctrl-B to configure iPXE (PCI 00:03.0)...                                                                               


Booting from Hard Disk...
[H[J[1;1H[?25l[m[H[J[1;1H[2;30HGNU GRUB  version 2.04

[m[4;2H+----------------------------------------------------------------------------+[5;2H|[5;79H|[6;2H|[6;79H|[7;2H|[7;79H|[8;2H|[8;79H|[9;2H|[9;79H|[10;2H|[10;79H|[11;2H|[11;79H|[12;2H|[12;79H|[13;2H|[13;79H|[14;2H|[14;79H|[15;2H|[15;79H|[16;2H|[16;79H|[17;2H+----------------------------------------------------------------------------+[m[18;2H[19;2H[m     Use the ^ and v keys to select which entry is highlighted.          
      Press enter to boot the selected OS, `e' to edit the commands       
      before booting or `c' for a command-line.                           [5;80H [7m[5;3H*Ubuntu, with Linux 5.4.0-64-generic                                        [m[5;78H[m[m[6;3H                                                                            [m[6;78H[m[m[7;3H                                                                            [m[7;78H[m[m[8;3H                                                                            [m[8;78H[m[m[9;3H                                                                            [m[9;78H[m[m[10;3H                                                                            [m[10;78H[m[m[11;3H                                                                            [m[11;78H[m[m[12;3H                                                                            [m[12;78H[m[m[13;3H                                                                            [m[13;78H[m[m[14;3H                                                                            [m[14;78H[m[m[15;3H                                                                            [m[15;78H[m[m[16;3H                                                                            [m[16;78H[m[16;80H [5;78H[22;1H   The highlighted entry will be executed automatically in 3s.                 [5;78H[22;1H   The highlighted entry will be executed automatically in 2s.                 [5;78H[22;1H   The highlighted entry will be executed automatically in 1s.                 [5;78H[22;1H   The highlighted entry will be executed automatically in 0s.                 [5;78H[?25h[H[J[1;1H[H[J[1;1HLoading Linux 5.4.0-64-generic ...
Loading initial ramdisk ...
[    0.000000] Linux version 5.4.0-64-generic (buildd@lcy01-amd64-021) (gcc version 9.3.0 (Ubuntu 9.3.0-17ubuntu1~20.04)) #72-Ubuntu SMP Fri Jan 15 10:27:54 UTC 2021 (Ubuntu 5.4.0-64.72-generic 5.4.78)
[    0.000000] Command line: BOOT_IMAGE=/boot/vmlinuz-5.4.0-64-generic root=UUID=66add23f-3d34-46f1-a540-ebfdd268827e ro ip=dhcp console=ttyS0,115200 console=tty console=ttyS0 text
[    0.000000] KERNEL supported cpus:
[    0.000000]   Intel GenuineIntel
[    0.000000]   AMD AuthenticAMD
[    0.000000]   Hygon HygonGenuine
[    0.000000]   Centaur CentaurHauls
[    0.000000]   zhaoxin   Shanghai  
[    0.000000] x86/fpu: Supporting XSAVE feature 0x001: 'x87 floating point registers'
[    0.000000] x86/fpu: Supporting XSAVE feature 0x002: 'SSE registers'
[    0.000000] x86/fpu: Supporting XSAVE feature 0x004: 'AVX registers'
[    0.000000] x86/fpu: xstate_offset[2]:  576, xstate_sizes[2]:  256
[    0.000000] x86/fpu: Enabled xstate features 0x7, context size is 832 bytes, using 'compacted' format.
[    0.000000] BIOS-provided physical RAM map:
[    0.000000] BIOS-e820: [mem 0x0000000000000000-0x000000000009fbff] usable
[    0.000000] BIOS-e820: [mem 0x000000000009fc00-0x000000000009ffff] reserved
[    0.000000] BIOS-e820: [mem 0x00000000000f0000-0x00000000000fffff] reserved
[    0.000000] BIOS-e820: [mem 0x0000000000100000-0x00000000bffdcfff] usable
[    0.000000] BIOS-e820: [mem 0x00000000bffdd000-0x00000000bfffffff] reserved
[    0.000000] BIOS-e820: [mem 0x00000000feffc000-0x00000000feffffff] reserved
[    0.000000] BIOS-e820: [mem 0x00000000fffc0000-0x00000000ffffffff] reserved
[    0.000000] BIOS-e820: [mem 0x0000000100000000-0x000000013fffffff] usable
[    0.000000] NX (Execute Disable) protection: active
[    0.000000] SMBIOS 2.8 present.
[    0.000000] DMI: QEMU Standard PC (i440FX + PIIX, 1996), BIOS rel-1.17.0-0-gb52ca86e094d-prebuilt.qemu.org 04/01/2014
[    0.000000] Hypervisor detected: KVM
[    0.000000] kvm-clock: Using msrs 4b564d01 and 4b564d00
[    0.000001] kvm-clock: cpu 0, msr 11601001, primary cpu clock
[    0.000001] kvm-clock: using sched offset of 9186836078 cycles
[    0.000007] clocksource: kvm-clock: mask: 0xffffffffffffffff max_cycles: 0x1cd42e4dffb, max_idle_ns: 881590591483 ns
[    0.000012] tsc: Detected 2995.202 MHz processor
[    0.002394] last_pfn = 0x140000 max_arch_pfn = 0x400000000
[    0.002748] x86/PAT: Configuration [0-7]: WB  WC  UC- UC  WB  WP  UC- WT  
[    0.002798] last_pfn = 0xbffdd max_arch_pfn = 0x400000000
[    0.009853] found SMP MP-table at [mem 0x000f54b0-0x000f54bf]
[    0.010142] check: Scanning 1 areas for low memory corruption
[    0.010314] Using GB pages for direct mapping
[    0.011433] RAMDISK: [mem 0x2d173000-0x328b0fff]
[    0.011580] ACPI: Early table checksum verification disabled
[    0.011606] ACPI: RSDP 0x00000000000F52B0 000014 (v00 BOCHS )
[    0.011614] ACPI: RSDT 0x00000000BFFE2458 000034 (v01 BOCHS  BXPC     00000001 BXPC 00000001)
[    0.011625] ACPI: FACP 0x00000000BFFE22F4 000074 (v01 BOCHS  BXPC     00000001 BXPC 00000001)
[    0.011633] ACPI: DSDT 0x00000000BFFE0040 0022B4 (v01 BOCHS  BXPC     00000001 BXPC 00000001)
[    0.011637] ACPI: FACS 0x00000000BFFE0000 000040
[    0.011640] ACPI: APIC 0x00000000BFFE2368 000090 (v03 BOCHS  BXPC     00000001 BXPC 00000001)
[    0.011642] ACPI: HPET 0x00000000BFFE23F8 000038 (v01 BOCHS  BXPC     00000001 BXPC 00000001)
[    0.011645] ACPI: WAET 0x00000000BFFE2430 000028 (v01 BOCHS  BXPC     00000001 BXPC 00000001)
[    0.012613] No NUMA configuration found
[    0.012616] Faking a node at [mem 0x0000000000000000-0x000000013fffffff]
[    0.012626] NODE_DATA(0) allocated [mem 0x13ffd3000-0x13fffdfff]
[    0.014066] Zone ranges:
[    0.014088]   DMA      [mem 0x0000000000001000-0x0000000000ffffff]
[    0.014090]   DMA32    [mem 0x0000000001000000-0x00000000ffffffff]
[    0.014091]   Normal   [mem 0x0000000100000000-0x000000013fffffff]
[    0.014095]   Device   empty
[    0.014096] Movable zone start for each node
[    0.014097] Early memory node ranges
[    0.014098]   node   0: [mem 0x0000000000001000-0x000000000009efff]
[    0.014101]   node   0: [mem 0x0000000000100000-0x00000000bffdcfff]
[    0.014101]   node   0: [mem 0x0000000100000000-0x000000013fffffff]
[    0.015816] Zeroed struct page in unavailable ranges: 133 pages
[    0.015839] Initmem setup node 0 [mem 0x0000000000001000-0x000000013fffffff]
[    0.062516] ACPI: PM-Timer IO Port: 0x608
[    0.062593] ACPI: LAPIC_NMI (acpi_id[0xff] dfl dfl lint[0x1])
[    0.062688] IOAPIC[0]: apic_id 0, version 17, address 0xfec00000, GSI 0-23
[    0.062691] ACPI: INT_SRC_OVR (bus 0 bus_irq 0 global_irq 2 dfl dfl)
[    0.062695] ACPI: INT_SRC_OVR (bus 0 bus_irq 5 global_irq 5 high level)
[    0.062696] ACPI: INT_SRC_OVR (bus 0 bus_irq 9 global_irq 9 high level)
[    0.062698] ACPI: INT_SRC_OVR (bus 0 bus_irq 10 global_irq 10 high level)
[    0.062699] ACPI: INT_SRC_OVR (bus 0 bus_irq 11 global_irq 11 high level)
[    0.062705] Using ACPI (MADT) for SMP configuration information
[    0.062708] ACPI: HPET id: 0x8086a201 base: 0xfed00000
[    0.062731] TSC deadline timer available
[    0.062743] smpboot: Allowing 4 CPUs, 0 hotplug CPUs
[    0.062810] KVM setup pv sched yield
[    0.062822] PM: Registered nosave memory: [mem 0x00000000-0x00000fff]
[    0.062823] PM: Registered nosave memory: [mem 0x0009f000-0x0009ffff]
[    0.062824] PM: Registered nosave memory: [mem 0x000a0000-0x000effff]
[    0.062825] PM: Registered nosave memory: [mem 0x000f0000-0x000fffff]
[    0.062827] PM: Registered nosave memory: [mem 0xbffdd000-0xbfffffff]
[    0.062829] PM: Registered nosave memory: [mem 0xc0000000-0xfeffbfff]
[    0.062829] PM: Registered nosave memory: [mem 0xfeffc000-0xfeffffff]
[    0.062830] PM: Registered nosave memory: [mem 0xff000000-0xfffbffff]
[    0.062831] PM: Registered nosave memory: [mem 0xfffc0000-0xffffffff]
[    0.062833] [mem 0xc0000000-0xfeffbfff] available for PCI devices
[    0.062836] Booting paravirtualized kernel on KVM
[    0.062839] clocksource: refined-jiffies: mask: 0xffffffff max_cycles: 0xffffffff, max_idle_ns: 7645519600211568 ns
[    0.062843] setup_percpu: NR_CPUS:8192 nr_cpumask_bits:4 nr_cpu_ids:4 nr_node_ids:1
[    0.063865] percpu: Embedded 55 pages/cpu s188416 r8192 d28672 u524288
[    0.063968] KVM setup async PF for cpu 0
[    0.063988] kvm-stealtime: cpu 0, msr 13ba2d040
[    0.064005] PV qspinlock hash table entries: 256 (order: 0, 4096 bytes, linear)
[    0.064039] Built 1 zonelists, mobility grouping on.  Total pages: 1032038
[    0.064043] Policy zone: Normal
[    0.064066] Kernel command line: BOOT_IMAGE=/boot/vmlinuz-5.4.0-64-generic root=UUID=66add23f-3d34-46f1-a540-ebfdd268827e ro ip=dhcp console=ttyS0,115200 console=tty console=ttyS0 text
[    0.066048] Dentry cache hash table entries: 524288 (order: 10, 4194304 bytes, linear)
[    0.066957] Inode-cache hash table entries: 262144 (order: 9, 2097152 bytes, linear)
[    0.067318] mem auto-init: stack:off, heap alloc:on, heap free:off
[    0.098328] Memory: 3932816K/4193772K available (14339K kernel code, 2399K rwdata, 4960K rodata, 2724K init, 4980K bss, 260956K reserved, 0K cma-reserved)
[    0.098409] random: get_random_u64 called from kmem_cache_open+0x2d/0x410 with crng_init=0
[    0.099803] SLUB: HWalign=64, Order=0-3, MinObjects=0, CPUs=4, Nodes=1
[    0.100047] ftrace: allocating 44555 entries in 175 pages
[    0.120593] rcu: Hierarchical RCU implementation.
[    0.120600] rcu: 	RCU restricting CPUs from NR_CPUS=8192 to nr_cpu_ids=4.
[    0.120603] 	Tasks RCU enabled.
[    0.120604] rcu: RCU calculated value of scheduler-enlistment delay is 25 jiffies.
[    0.120605] rcu: Adjusting geometry for rcu_fanout_leaf=16, nr_cpu_ids=4
[    0.123621] NR_IRQS: 524544, nr_irqs: 456, preallocated irqs: 16
[    0.124200] random: crng done (trusting CPU's manufacturer)
[    0.168501] Console: colour VGA+ 80x25
[    0.266360] printk: console [tty0] enabled
[    0.608921] printk: console [ttyS0] enabled
[    0.611827] ACPI: Core revision 20190816
[    0.614751] clocksource: hpet: mask: 0xffffffff max_cycles: 0xffffffff, max_idle_ns: 19112604467 ns
[    0.620770] APIC: Switch to symmetric I/O mode setup
[    0.625261] x2apic enabled
[    0.627958] Switched APIC routing to physical x2apic.
[    0.631518] KVM setup pv IPIs
[    0.639092] ..TIMER: vector=0x30 apic1=0 pin1=2 apic2=-1 pin2=-1
[    0.644174] clocksource: tsc-early: mask: 0xffffffffffffffff max_cycles: 0x2b2c909a7c7, max_idle_ns: 440795208498 ns
[    0.650187] Calibrating delay loop (skipped) preset value.. 5990.40 BogoMIPS (lpj=11980808)
[    0.654193] pid_max: default: 32768 minimum: 301
[    0.658658] LSM: Security Framework initializing
[    0.662287] Yama: becoming mindful.
[    0.664705] AppArmor: AppArmor initialized
[    0.666357] Mount-cache hash table entries: 8192 (order: 4, 65536 bytes, linear)
[    0.670235] Mountpoint-cache hash table entries: 8192 (order: 4, 65536 bytes, linear)
[    0.674693] *** VALIDATE tmpfs ***
[    0.678722] *** VALIDATE proc ***
[    0.682434] *** VALIDATE cgroup1 ***
[    0.684624] *** VALIDATE cgroup2 ***
[    0.686858] x86/cpu: User Mode Instruction Prevention (UMIP) activated
[    0.690498] Last level iTLB entries: 4KB 0, 2MB 0, 4MB 0
[    0.694172] Last level dTLB entries: 4KB 0, 2MB 0, 4MB 0, 1GB 0
[    0.698207] Spectre V1 : Mitigation: usercopy/swapgs barriers and __user pointer sanitization
[    0.702196] Spectre V2 : Mitigation: Enhanced IBRS
[    0.706181] Spectre V2 : Spectre v2 / SpectreRSB mitigation: Filling RSB on context switch
[    0.710204] Spectre V2 : mitigation: Enabling conditional Indirect Branch Prediction Barrier
[    0.714251] Speculative Store Bypass: Mitigation: Speculative Store Bypass disabled via prctl and seccomp
[    0.718611] Freeing SMP alternatives memory: 40K
[    0.726580] smpboot: CPU0: Intel(R) Core(TM) Ultra 5 125H (family: 0x6, model: 0xaa, stepping: 0x4)
[    0.730547] Performance Events: unsupported p6 CPU model 170 no PMU driver, software events only.
[    0.734587] rcu: Hierarchical SRCU implementation.
[    0.738940] NMI watchdog: Perf NMI watchdog permanently disabled
[    0.742760] smp: Bringing up secondary CPUs ...
[    0.746108] x86: Booting SMP configuration:
[    0.746223] .... node  #0, CPUs:      #1
[    0.510079] kvm-clock: cpu 1, msr 11601041, secondary cpu clock
[    0.749932] KVM setup async PF for cpu 1
[    0.750151] kvm-stealtime: cpu 1, msr 13baad040
[    0.759315]  #2
[    0.510079] kvm-clock: cpu 2, msr 11601081, secondary cpu clock
[    0.763762] KVM setup async PF for cpu 2
[    0.766151] kvm-stealtime: cpu 2, msr 13bb2d040
[    0.770455]  #3
[    0.510079] kvm-clock: cpu 3, msr 116010c1, secondary cpu clock
[    0.776586] KVM setup async PF for cpu 3
[    0.778151] kvm-stealtime: cpu 3, msr 13bbad040
[    0.782492] smp: Brought up 1 node, 4 CPUs
[    0.786186] smpboot: Max logical packages: 1
[    0.788895] smpboot: Total of 4 processors activated (23961.61 BogoMIPS)
[    0.793326] devtmpfs: initialized
[    0.794384] x86/mm: Memory block size: 128MB
[    0.798528] clocksource: jiffies: mask: 0xffffffff max_cycles: 0xffffffff, max_idle_ns: 7645041785100000 ns
[    0.802343] futex hash table entries: 1024 (order: 4, 65536 bytes, linear)
[    0.806533] pinctrl core: initialized pinctrl subsystem
[    0.810989] PM: RTC time: 15:23:54, date: 2026-08-24
[    0.815370] NET: Registered protocol family 16
[    0.818871] audit: initializing netlink subsys (disabled)
[    0.822572] audit: type=2000 audit(1787585034.506:1): state=initialized audit_enabled=0 res=1
[    0.822686] EISA bus registered
[    0.828281] cpuidle: using governor ladder
[    0.830237] cpuidle: using governor menu
[    0.833877] KVM setup pv remote TLB flush
[    0.834341] ACPI: bus type PCI registered
[    0.837156] acpiphp: ACPI Hot Plug PCI Controller Driver version: 0.5
[    0.839782] PCI: Using configuration type 1 for base access
[    0.843726] HugeTLB registered 1.00 GiB page size, pre-allocated 0 pages
[    0.846242] HugeTLB registered 2.00 MiB page size, pre-allocated 0 pages
[    0.854645] ACPI: Added _OSI(Module Device)
[    0.858208] ACPI: Added _OSI(Processor Device)
[    0.860709] ACPI: Added _OSI(3.0 _SCP Extensions)
[    0.866199] ACPI: Added _OSI(Processor Aggregator Device)
[    0.869582] ACPI: Added _OSI(Linux-Dell-Video)
[    0.870204] ACPI: Added _OSI(Linux-Lenovo-NV-HDMI-Audio)
[    0.873167] ACPI: Added _OSI(Linux-HPI-Hybrid-Graphics)
[    0.879640] ACPI: 1 ACPI AML tables successfully acquired and loaded
[    0.887669] ACPI: Interpreter enabled
[    0.890151] ACPI: (supports S0 S3 S4 S5)
[    0.894188] ACPI: Using IOAPIC for interrupt routing
[    0.897944] PCI: Using host bridge windows from ACPI; if necessary, use "pci=nocrs" and report a bug
[    0.902501] ACPI: Enabled 2 GPEs in block 00 to 0F
[    0.912308] ACPI: PCI Root Bridge [PCI0] (domain 0000 [bus 00-ff])
[    0.918283] acpi PNP0A03:00: _OSC: OS supports [ASPM ClockPM Segments MSI HPX-Type3]
[    0.922305] acpi PNP0A03:00: fail to add MMCONFIG information, can't access extended PCI configuration space under this bridge.
[    0.931380] acpiphp: Slot [3] registered
[    0.934670] acpiphp: Slot [4] registered
[    0.937555] acpiphp: Slot [5] registered
[    0.942755] acpiphp: Slot [6] registered
[    0.946421] acpiphp: Slot [7] registered
[    0.949697] acpiphp: Slot [8] registered
[    0.950612] acpiphp: Slot [9] registered
[    0.953438] acpiphp: Slot [10] registered
[    0.958453] acpiphp: Slot [11] registered
[    0.961197] acpiphp: Slot [12] registered
[    0.962462] acpiphp: Slot [13] registered
[    0.966252] acpiphp: Slot [14] registered
[    0.969717] acpiphp: Slot [15] registered
[    0.974426] acpiphp: Slot [16] registered
[    0.977166] acpiphp: Slot [17] registered
[    0.978674] acpiphp: Slot [18] registered
[    0.981189] acpiphp: Slot [19] registered
[    0.986444] acpiphp: Slot [20] registered
[    0.989451] acpiphp: Slot [21] registered
[    0.990625] acpiphp: Slot [22] registered
[    0.993654] acpiphp: Slot [23] registered
[    0.998204] acpiphp: Slot [24] registered
[    1.001428] acpiphp: Slot [25] registered
[    1.002411] acpiphp: Slot [26] registered
[    1.005267] acpiphp: Slot [27] registered
[    1.010554] acpiphp: Slot [28] registered
[    1.012979] acpiphp: Slot [29] registered
[    1.014781] acpiphp: Slot [30] registered
[    1.017956] acpiphp: Slot [31] registered
[    1.022518] PCI host bridge to bus 0000:00
[    1.025347] pci_bus 0000:00: root bus resource [io  0x0000-0x0cf7 window]
[    1.030205] pci_bus 0000:00: root bus resource [io  0x0d00-0xffff window]
[    1.034103] pci_bus 0000:00: root bus resource [mem 0x000a0000-0x000bffff window]
[    1.038263] pci_bus 0000:00: root bus resource [mem 0xc0000000-0xfebfffff window]
[    1.042284] pci_bus 0000:00: root bus resource [mem 0xe0000000000-0xe007fffffff window]
[    1.050211] pci_bus 0000:00: root bus resource [bus 00-ff]
[    1.054151] pci 0000:00:00.0: [8086:1237] type 00 class 0x060000
[    1.061118] pci 0000:00:01.0: [8086:7000] type 00 class 0x060100
[    1.064827] pci 0000:00:01.1: [8086:7010] type 00 class 0x010180
[    1.080946] pci 0000:00:01.1: reg 0x20: [io  0xc060-0xc06f]
[    1.087991] pci 0000:00:01.1: legacy IDE quirk: reg 0x10: [io  0x01f0-0x01f7]
[    1.090186] pci 0000:00:01.1: legacy IDE quirk: reg 0x14: [io  0x03f6]
[    1.094097] pci 0000:00:01.1: legacy IDE quirk: reg 0x18: [io  0x0170-0x0177]
[    1.098188] pci 0000:00:01.1: legacy IDE quirk: reg 0x1c: [io  0x0376]
[    1.101773] pci 0000:00:01.3: [8086:7113] type 00 class 0x068000
[    1.107820] pci 0000:00:01.3: quirk: [io  0x0600-0x063f] claimed by PIIX4 ACPI
[    1.110277] pci 0000:00:01.3: quirk: [io  0x0700-0x070f] claimed by PIIX4 SMB
[    1.116448] pci 0000:00:02.0: [1234:1111] type 00 class 0x030000
[    1.124944] pci 0000:00:02.0: reg 0x10: [mem 0xfd000000-0xfdffffff pref]
[    1.133075] pci 0000:00:02.0: reg 0x18: [mem 0xfebd0000-0xfebd0fff]
[    1.149686] pci 0000:00:02.0: reg 0x30: [mem 0xfebc0000-0xfebcffff pref]
[    1.157362] pci 0000:00:03.0: [1af4:1000] type 00 class 0x020000
[    1.163932] pci 0000:00:03.0: reg 0x10: [io  0xc040-0xc05f]
[    1.167338] pci 0000:00:03.0: reg 0x14: [mem 0xfebd1000-0xfebd1fff]
[    1.178220] pci 0000:00:03.0: reg 0x20: [mem 0xe0040000000-0xe0040003fff 64bit pref]
[    1.183345] pci 0000:00:03.0: reg 0x30: [mem 0xfeb80000-0xfebbffff pref]
[    1.190768] pci 0000:00:04.0: [1af4:1004] type 00 class 0x010000
[    1.214864] pci 0000:00:04.0: reg 0x10: [io  0xc000-0xc03f]
[    1.226864] pci 0000:00:04.0: reg 0x14: [mem 0xfebd2000-0xfebd2fff]
[    1.259440] pci 0000:00:04.0: reg 0x20: [mem 0xe0040004000-0xe0040007fff 64bit pref]
[    1.271588] pci 0000:00:05.0: [1d1d:1f1f] type 00 class 0x010802
[    1.279271] pci 0000:00:05.0: reg 0x10: [mem 0xe0000000000-0xe0000001fff 64bit]
[    1.284737] pci 0000:00:05.0: reg 0x20: [mem 0xfebd3000-0xfebd3fff]
[    1.291763] pci 0000:00:05.0: enabling Extended Tags
[    1.339137] ACPI: PCI Interrupt Link [LNKA] (IRQs 5 *10 11)
[    1.346840] ACPI: PCI Interrupt Link [LNKB] (IRQs 5 *10 11)
[    1.351755] ACPI: PCI Interrupt Link [LNKC] (IRQs 5 10 *11)
[    1.358483] ACPI: PCI Interrupt Link [LNKD] (IRQs 5 10 *11)
[    1.358483] ACPI: PCI Interrupt Link [LNKS] (IRQs *9)
[    1.366194] iommu: Default domain type: Translated 
[    1.366645] SCSI subsystem initialized
[    1.374308] pci 0000:00:02.0: vgaarb: setting as boot VGA device
[    1.378151] pci 0000:00:02.0: vgaarb: VGA device added: decodes=io+mem,owns=io+mem,locks=none
[    1.382198] pci 0000:00:02.0: vgaarb: bridge control possible
[    1.386216] vgaarb: loaded
[    1.388226] ACPI: bus type USB registered
[    1.390548] usbcore: registered new interface driver usbfs
[    1.394367] usbcore: registered new interface driver hub
[    1.398228] usbcore: registered new device driver usb
[    1.401360] pps_core: LinuxPPS API ver. 1 registered
[    1.406182] pps_core: Software ver. 5.3.6 - Copyright 2005-2007 Rodolfo Giometti <giometti@linux.it>
[    1.410622] PTP clock support registered
[    1.414357] EDAC MC: Ver: 3.0.0
[    1.418816] PCI: Using ACPI for IRQ routing
[    1.423560] NetLabel: Initializing
[    1.425707] NetLabel:  domain hash size = 128
[    1.430185] NetLabel:  protocols = UNLABELED CIPSOv4 CALIPSO
[    1.434335] NetLabel:  unlabeled traffic allowed by default
[    1.441155] hpet0: at MMIO 0xfed00000, IRQs 2, 8, 0
[    1.446242] hpet0: 3 comparators, 64-bit 100.000000 MHz counter
[    1.454329] clocksource: Switched to clocksource kvm-clock
[    1.483344] *** VALIDATE bpf ***
[    1.486126] VFS: Disk quotas dquot_6.6.0
[    1.489414] VFS: Dquot-cache hash table entries: 512 (order 0, 4096 bytes)
[    1.494116] *** VALIDATE ramfs ***
[    1.496619] *** VALIDATE hugetlbfs ***
[    1.499460] AppArmor: AppArmor Filesystem Enabled
[    1.503612] pnp: PnP ACPI init
[    1.506975] pnp: PnP ACPI: found 6 devices
[    1.528893] thermal_sys: Registered thermal governor 'fair_share'
[    1.528894] thermal_sys: Registered thermal governor 'bang_bang'
[    1.534079] thermal_sys: Registered thermal governor 'step_wise'
[    1.538578] thermal_sys: Registered thermal governor 'user_space'
[    1.542980] thermal_sys: Registered thermal governor 'power_allocator'
[    1.556253] clocksource: acpi_pm: mask: 0xffffff max_cycles: 0xffffff, max_idle_ns: 2085701024 ns
[    1.567538] pci_bus 0000:00: resource 4 [io  0x0000-0x0cf7 window]
[    1.571660] pci_bus 0000:00: resource 5 [io  0x0d00-0xffff window]
[    1.575138] pci_bus 0000:00: resource 6 [mem 0x000a0000-0x000bffff window]
[    1.580253] pci_bus 0000:00: resource 7 [mem 0xc0000000-0xfebfffff window]
[    1.584913] pci_bus 0000:00: resource 8 [mem 0xe0000000000-0xe007fffffff window]
[    1.589919] NET: Registered protocol family 2
[    1.594608] tcp_listen_portaddr_hash hash table entries: 2048 (order: 3, 32768 bytes, linear)
[    1.599997] TCP established hash table entries: 32768 (order: 6, 262144 bytes, linear)
[    1.606127] TCP bind hash table entries: 32768 (order: 7, 524288 bytes, linear)
[    1.611264] TCP: Hash tables configured (established 32768 bind 32768)
[    1.615985] UDP hash table entries: 2048 (order: 4, 65536 bytes, linear)
[    1.620277] UDP-Lite hash table entries: 2048 (order: 4, 65536 bytes, linear)
[    1.625775] NET: Registered protocol family 1
[    1.628987] NET: Registered protocol family 44
[    1.632339] pci 0000:00:01.0: PIIX3: Enabling Passive Release
[    1.635343] pci 0000:00:00.0: Limiting direct PCI/PCI transfers
[    1.638686] pci 0000:00:01.0: Activating ISA DMA hang workarounds
[    1.645205] pci 0000:00:02.0: Video device with shadowed ROM at [mem 0x000c0000-0x000dffff]
[    1.652676] PCI: CLS 0 bytes, default 64
[    1.657420] Trying to unpack rootfs image as initramfs...
[    2.033444] Freeing initrd memory: 89336K
[    2.035692] PCI-DMA: Using software bounce buffering for IO (SWIOTLB)
[    2.038710] software IO TLB: mapped [mem 0xbbfdd000-0xbffdd000] (64MB)
[    2.042390] clocksource: tsc: mask: 0xffffffffffffffff max_cycles: 0x2b2c909a7c7, max_idle_ns: 440795208498 ns
[    2.051446] check: Scanning for low memory corruption every 60 seconds
[    2.059105] Initialise system trusted keyrings
[    2.061158] Key type blacklist registered
[    2.063224] workingset: timestamp_bits=36 max_order=20 bucket_order=0
[    2.068260] zbud: loaded
[    2.069611] squashfs: version 4.0 (2009/01/31) Phillip Lougher
[    2.073946] fuse: init (API version 7.31)
[    2.082089] *** VALIDATE fuse ***
[    2.083568] *** VALIDATE fuse ***
[    2.085889] Platform Keyring initialized
[    2.090787] Key type asymmetric registered
[    2.092811] Asymmetric key parser 'x509' registered
[    2.094804] Block layer SCSI generic (bsg) driver version 0.4 loaded (major 244)
[    2.098374] io scheduler mq-deadline registered
[    2.100868] shpchp: Standard Hot Plug PCI Controller Driver version: 0.4
[    2.104385] input: Power Button as /devices/LNXSYSTM:00/LNXPWRBN:00/input/input0
[    2.109149] ACPI: Power Button [PWRF]
[    2.112875] PCI Interrupt Link [LNKC] enabled at IRQ 11
[    2.119978] PCI Interrupt Link [LNKD] enabled at IRQ 10
[    2.125333] Serial: 8250/16550 driver, 32 ports, IRQ sharing enabled
[    2.160962] 00:04: ttyS0 at I/O 0x3f8 (irq = 4, base_baud = 115200) is a 16550A
[    2.170846] Linux agpgart interface v0.103
[    2.174947] loop: module loaded
[    2.178250] scsi host0: ata_piix
[    2.181019] scsi host1: ata_piix
[    2.183286] ata1: PATA max MWDMA2 cmd 0x1f0 ctl 0x3f6 bmdma 0xc060 irq 14
[    2.186315] ata2: PATA max MWDMA2 cmd 0x170 ctl 0x376 bmdma 0xc068 irq 15
[    2.189267] libphy: Fixed MDIO Bus: probed
[    2.191545] tun: Universal TUN/TAP device driver, 1.6
[    2.193940] PPP generic driver version 2.4.2
[    2.196417] VFIO - User Level meta-driver version: 0.3
[    2.199161] ehci_hcd: USB 2.0 'Enhanced' Host Controller (EHCI) Driver
[    2.201988] ehci-pci: EHCI PCI platform driver
[    2.204158] ehci-platform: EHCI generic platform driver
[    2.206561] ohci_hcd: USB 1.1 'Open' Host Controller (OHCI) Driver
[    2.209273] ohci-pci: OHCI PCI platform driver
[    2.211378] ohci-platform: OHCI generic platform driver
[    2.213902] uhci_hcd: USB Universal Host Controller Interface driver
[    2.217055] i8042: PNP: PS/2 Controller [PNP0303:KBD,PNP0f13:MOU] at 0x60,0x64 irq 1,12
[    2.222754] serio: i8042 KBD port at 0x60,0x64 irq 1
[    2.226513] serio: i8042 AUX port at 0x60,0x64 irq 12
[    2.229106] mousedev: PS/2 mouse device common for all mice
[    2.232306] rtc_cmos 00:05: RTC can wake from S4
[    2.232754] input: AT Translated Set 2 keyboard as /devices/platform/i8042/serio0/input/input1
[    2.236548] rtc_cmos 00:05: registered as rtc0
[    2.245285] rtc_cmos 00:05: alarms up to one day, y3k, 242 bytes nvram, hpet irqs
[    2.248542] i2c /dev entries driver
[    2.250084] device-mapper: uevent: version 1.0.3
[    2.254514] device-mapper: ioctl: 4.41.0-ioctl (2019-09-16) initialised: dm-devel@redhat.com
[    2.257985] platform eisa.0: Probing EISA bus 0
[    2.260069] platform eisa.0: EISA: Cannot allocate resource for mainboard
[    2.264724] platform eisa.0: Cannot allocate resource for EISA slot 1
[    2.269552] platform eisa.0: Cannot allocate resource for EISA slot 2
[    2.272025] platform eisa.0: Cannot allocate resource for EISA slot 3
[    2.274481] platform eisa.0: Cannot allocate resource for EISA slot 4
[    2.277227] platform eisa.0: Cannot allocate resource for EISA slot 5
[    2.281016] platform eisa.0: Cannot allocate resource for EISA slot 6
[    2.283413] platform eisa.0: Cannot allocate resource for EISA slot 7
[    2.286514] platform eisa.0: Cannot allocate resource for EISA slot 8
[    2.291025] platform eisa.0: EISA: Detected 0 cards
[    2.293207] intel_pstate: CPU model not supported
[    2.295425] ledtrig-cpu: registered to indicate activity on CPUs
[    2.298813] drop_monitor: Initializing network drop monitor service
[    2.302740] NET: Registered protocol family 10
[    2.312154] Segment Routing with IPv6
[    2.314867] NET: Registered protocol family 17
[    2.317110] Key type dns_resolver registered
[    2.320375] RAS: Correctable Errors collector initialized.
[    2.323093] IPI shorthand broadcast: enabled
[    2.325030] sched_clock: Marking stable (1816995100, 506079241)->(2416526264, -93451923)
[    2.330097] registered taskstats version 1
[    2.332333] Loading compiled-in X.509 certificates
[    2.335549] Loaded X.509 cert 'Build time autogenerated kernel key: 7f1af841edfbf04e4b72462ffb6202c30b2da0bb'
[    2.340673] zswap: loaded using pool lzo/zbud
[    2.343316] Key type ._fscrypt registered
[    2.345234] Key type .fscrypt registered
[    2.356689] Key type big_key registered
[    2.364380] Key type encrypted registered
[    2.367806] AppArmor: AppArmor sha1 policy hashing enabled
[    2.372494] ima: No TPM chip found, activating TPM-bypass!
[    2.374889] ima: Allocated hash algorithm: sha1
[    2.376960] ima: No architecture policies found
[    2.379008] evm: Initialising EVM extended attributes:
[    2.381195] evm: security.selinux
[    2.382994] evm: security.SMACK64
[    2.385634] evm: security.SMACK64EXEC
[    2.387395] evm: security.SMACK64TRANSMUTE
[    2.389053] evm: security.SMACK64MMAP
[    2.391446] evm: security.apparmor
[    2.393331] evm: security.ima
[    2.394589] evm: security.capability
[    2.396194] evm: HMAC attrs: 0x1
[    2.398328] PM:   Magic number: 6:231:387
[    2.400019] thermal cooling_device2: hash matches
[    2.402087] rtc_cmos 00:05: setting system clock to 2026-08-24T15:23:55 UTC (1787585035)
[    2.410377] Freeing unused decrypted memory: 2040K
[    2.414102] Freeing unused kernel image memory: 2724K
[    2.430329] Write protecting the kernel read-only data: 22528k
[    2.433578] Freeing unused kernel image memory: 2008K
[    2.435961] Freeing unused kernel image memory: 1184K
[    2.444060] x86/mm: Checked W+X mappings: passed, no W+X pages found.
[    2.447486] Run /init as init process
Loading, please wait...
Starting version 245.4-4ubuntu3.2
[    2.492731] Floppy drive(s): fd0 is 2.88M AMI BIOS
[    2.497735] piix4_smbus 0000:00:01.3: SMBus Host Controller at 0x700, revision 0
[    2.505368] input: VirtualPS/2 VMware VMMouse as /devices/platform/i8042/serio1/input/input4
[    2.512071] input: VirtualPS/2 VMware VMMouse as /devices/platform/i8042/serio1/input/input3
[    2.517478] FDC 0 is a S82078B
[    2.524322] cryptd: max_cpu_qlen set to 1000
[    2.532240] AVX2 version of gcm_enc/dec engaged.
[    2.532335] nvme nvme0: pci function 0000:00:05.0
[    2.535505] AES CTR mode by8 optimization enabled
[    2.545214] PCI Interrupt Link [LNKA] enabled at IRQ 10
[    2.547802] scsi host2: Virtio SCSI HBA
[    2.553678] virtio_net virtio0 ens3: renamed from eth0
[    2.578207] scsi 2:0:0:0: Direct-Access     QEMU     QEMU HARDDISK    2.5+ PQ: 0 ANSI: 5
[    2.600640] nvme nvme0: 4/0/0 default/read/poll queues
[    2.621953] bochs-drm 0000:00:02.0: remove_conflicting_pci_framebuffers: bar 0: 0xfd000000 -> 0xfdffffff
[    2.630084] bochs-drm 0000:00:02.0: remove_conflicting_pci_framebuffers: bar 2: 0xfebd0000 -> 0xfebd0fff
[    2.637234] bochs-drm 0000:00:02.0: vgaarb: deactivate vga console
[    2.645272] scsi 2:0:0:0: Attached scsi generic sg0 type 0
[    2.645426] sd 2:0:0:0: Power-on or device reset occurred
[    2.646071] sd 2:0:0:0: [sda] 167772160 512-byte logical blocks: (85.9 GB/80.0 GiB)
[    2.646136] sd 2:0:0:0: [sda] Write Protect is off
[    2.646394] sd 2:0:0:0: [sda] Write cache: enabled, read cache: enabled, supports DPO and FUA
[    2.647185] Console: switching to colour dummy device 80x25
[    2.663065]  sda: sda1 sda2
[    2.663481] [drm] Found bochs VGA, ID 0xb0c5.
[    2.665437] sd 2:0:0:0: [sda] Attached SCSI disk
[    2.666273] [drm] Framebuffer size 16384 kB @ 0xfd000000, mmio @ 0xfebd0000.
[    2.670333] [TTM] Zone  kernel: Available graphics memory: 2015074 KiB
[    2.672290] [TTM] Initializing pool allocator
[    2.674789] [TTM] Initializing DMA pool allocator
[    2.681227] [drm] Found EDID data blob.
[    2.684004] [drm] Initialized bochs-drm 1.0.0 20130925 for 0000:00:02.0 on minor 0
[    2.687366] fbcon: bochs-drmdrmfb (fb0) is primary device
[    2.704079] Console: switching to colour frame buffer device 160x50
[    2.729365] bochs-drm 0000:00:02.0: fb0: bochs-drmdrmfb frame buffer device
Begin: Loading essential drivers ... [    2.870252] raid6: avx2x4   gen() 30210 MB/s
[    2.918266] raid6: avx2x4   xor() 12216 MB/s
[    2.966172] raid6: avx2x2   gen() 34703 MB/s
[    3.014172] raid6: avx2x2   xor() 20872 MB/s
[    3.062220] raid6: avx2x1   gen() 17439 MB/s
[    3.114258] raid6: avx2x1   xor() 18430 MB/s
[    3.162176] raid6: sse2x4   gen() 21951 MB/s
[    3.210186] raid6: sse2x4   xor()  9905 MB/s
[    3.258432] raid6: sse2x2   gen() 21625 MB/s
[    3.310196] raid6: sse2x2   xor() 12044 MB/s
[    3.358195] raid6: sse2x1   gen() 16661 MB/s
[    3.406232] raid6: sse2x1   xor()  9737 MB/s
[    3.408620] raid6: using algorithm avx2x2 gen() 34703 MB/s
[    3.410305] raid6: .... xor() 20872 MB/s, rmw enabled
[    3.412711] raid6: using avx2x2 recovery algorithm
[    3.416796] xor: automatically using best checksumming function   avx       
[    3.424087] async_tx: api initialized (async)
done.
Begin: Running /scripts/init-premount ... done.
Begin: Mounting root file system ... Begin: Running /scripts/local-top ... done.
Begin: Running /scripts/local-premount ... [    3.489012] Btrfs loaded, crc32c=crc32c-intel
Scanning for Btrfs filesystems
[    3.570352] blk_update_request: I/O error, dev fd0, sector 0 op 0x0:(READ) flags 0x0 phys_seg 1 prio class 0
[    3.575376] floppy: error 10 while reading block 0
done.
Warning: fsck not present, so skipping root file system
[    3.632968] EXT4-fs (sda2): mounted filesystem with ordered data mode. Opts: (null)
done.
Begin: Running /scripts/local-bottom ... done.
Begin: Running /scripts/init-bottom ... Internet Systems Consortium DHCP Client 4.4.1
Copyright 2004-2018 Internet Systems Consortium.
All rights reserved.
For info, please visit https://www.isc.org/software/dhcp/

Listening on LPF/ens3/52:54:00:12:34:56
Sending on   LPF/ens3/52:54:00:12:34:56
Sending on   Socket/fallback
DHCPDISCOVER on ens3 to 255.255.255.255 port 67 interval 3 (xid=0x2907eb40)
DHCPOFFER of 10.0.2.15 from 10.0.2.2
DHCPREQUEST for 10.0.2.15 on ens3 to 255.255.255.255 port 67 (xid=0x40eb0729)
DHCPACK of 10.0.2.15 from 10.0.2.2 (xid=0x2907eb40)
bound to 10.0.2.15 -- renewal in 33764 seconds.
done.
[    3.940839] systemd[1]: Inserted module 'autofs4'
[    3.957661] systemd[1]: systemd 245.4-4ubuntu3.20 running in system mode. (+PAM +AUDIT +SELINUX +IMA +APPARMOR +SMACK +SYSVINIT +UTMP +LIBCRYPTSETUP +GCRYPT +GNUTLS +ACL +XZ +LZ4 +SECCOMP +BLKID +ELFUTILS +KMOD +IDN2 -IDN +PCRE2 default-hierarchy=hybrid)
[    3.970042] systemd[1]: Detected virtualization kvm.
[    3.972477] systemd[1]: Detected architecture x86-64.

Welcome to [1mUbuntu 20.04.1 LTS[0m!

[    4.016124] systemd[1]: Set hostname to <fvm>.
[    4.279616] systemd[1]: Created slice system-modprobe.slice.
[[0;32m  OK  [0m] Created slice [0;1;39msystem-modprobe.slice[0m.
[    4.289591] systemd[1]: Created slice system-serial\x2dgetty.slice.
[[0;32m  OK  [0m] Created slice [0;1;39msystem-serial\x2dgetty.slice[0m.
[    4.298210] systemd[1]: Created slice User and Session Slice.
[[0;32m  OK  [0m] Created slice [0;1;39mUser and Session Slice[0m.
[    4.308818] systemd[1]: Started Forward Password Requests to Wall Directory Watch.
[[0;32m  OK  [0m] Started [0;1;39mForward Password R…uests to Wall Directory Watch[0m.
[    4.319206] systemd[1]: Set up automount Arbitrary Executable File Formats File System Automount Point.
[[0;32m  OK  [0m] Set up automount [0;1;39mArbitrary…s File System Automount Point[0m.
[    4.331485] systemd[1]: Reached target User and Group Name Lookups.
[[0;32m  OK  [0m] Reached target [0;1;39mUser and Group Name Lookups[0m.
[    4.340529] systemd[1]: Reached target Slices.
[[0;32m  OK  [0m] Reached target [0;1;39mSlices[0m.
[    4.348814] systemd[1]: Listening on Device-mapper event daemon FIFOs.
[[0;32m  OK  [0m] Listening on [0;1;39mDevice-mapper event daemon FIFOs[0m.
[    4.359137] systemd[1]: Listening on LVM2 poll daemon socket.
[[0;32m  OK  [0m] Listening on [0;1;39mLVM2 poll daemon socket[0m.
[    4.369373] systemd[1]: Listening on multipathd control socket.
[[0;32m  OK  [0m] Listening on [0;1;39mmultipathd control socket[0m.
[    4.379212] systemd[1]: Listening on Syslog Socket.
[[0;32m  OK  [0m] Listening on [0;1;39mSyslog Socket[0m.
[    4.387473] systemd[1]: Listening on initctl Compatibility Named Pipe.
[[0;32m  OK  [0m] Listening on [0;1;39minitctl Compatibility Named Pipe[0m.
[    4.396995] systemd[1]: Listening on Journal Audit Socket.
[[0;32m  OK  [0m] Listening on [0;1;39mJournal Audit Socket[0m.
[    4.405944] systemd[1]: Listening on Journal Socket (/dev/log).
[[0;32m  OK  [0m] Listening on [0;1;39mJournal Socket (/dev/log)[0m.
[    4.414745] systemd[1]: Listening on Journal Socket.
[[0;32m  OK  [0m] Listening on [0;1;39mJournal Socket[0m.
[    4.421016] systemd[1]: Listening on Network Service Netlink Socket.
[[0;32m  OK  [0m] Listening on [0;1;39mNetwork Service Netlink Socket[0m.
[    4.430124] systemd[1]: Listening on udev Control Socket.
[[0;32m  OK  [0m] Listening on [0;1;39mudev Control Socket[0m.
[    4.437343] systemd[1]: Listening on udev Kernel Socket.
[[0;32m  OK  [0m] Listening on [0;1;39mudev Kernel Socket[0m.
[    4.446489] systemd[1]: Mounting Huge Pages File System...
         Mounting [0;1;39mHuge Pages File System[0m...
[    4.457698] systemd[1]: Mounting POSIX Message Queue File System...
         Mounting [0;1;39mPOSIX Message Queue File System[0m...
[    4.466631] systemd[1]: Mounting Kernel Debug File System...
         Mounting [0;1;39mKernel Debug File System[0m...
[    4.474275] systemd[1]: Mounting Kernel Trace File System...
         Mounting [0;1;39mKernel Trace File System[0m...
[    4.483220] systemd[1]: Starting Journal Service...
         Starting [0;1;39mJournal Service[0m...
[    4.492719] systemd[1]: Starting Set the console keyboard layout...
         Starting [0;1;39mSet the console keyboard layout[0m...
[    4.509165] systemd[1]: Starting Create list of static device nodes for the current kernel...
         Starting [0;1;39mCreate list of st…odes for the current kernel[0m...
[    4.525249] systemd[1]: Starting Monitoring of LVM2 mirrors, snapshots etc. using dmeventd or progress polling...
         Starting [0;1;39mMonitoring of LVM…meventd or progress polling[0m...
[    4.536187] systemd[1]: Starting Load Kernel Module chromeos_pstore...
         Starting [0;1;39mLoad Kernel Module chromeos_pstore[0m...
[    4.548460] systemd[1]: Condition check resulted in Load Kernel Module drm being skipped.
[    4.556196] systemd[1]: Starting Load Kernel Module efi_pstore...
         Starting [0;1;39mLoad Kernel Module efi_pstore[0m...
[    4.568800] systemd[1]: Starting Load Kernel Module pstore_blk...
         Starting [0;1;39mLoad Kernel Module pstore_blk[0m...
[    4.581052] systemd[1]: Starting Load Kernel Module pstore_zone...
         Starting [0;1;39mLoad Kernel Module pstore_zone[0m...
[    4.591564] systemd[1]: Starting Load Kernel Module ramoops...
         Starting [0;1;39mLoad Kernel Module ramoops[0m...
[    4.601036] systemd[1]: Condition check resulted in Set Up Additional Binary Formats being skipped.
[    4.612373] systemd[1]: Starting Load Kernel Modules...
         Starting [0;1;39mLoad Kernel Modules[0m...
[    4.620711] systemd[1]: Starting Remount Root and Kernel File Systems...
         Starting [0;1;39mRemount Root and Kernel File Systems[0m...
[    4.630981] EXT4-fs (sda2): re-mounted. Opts: (null)
[    4.631912] systemd[1]: Starting udev Coldplug all Devices...
         Starting [0;1;39mudev Coldplug all Devices[0m...
[    4.647913] systemd[1]: Starting Uncomplicated firewall...
         Starting [0;1;39mUncomplicated firewall[0m...
[    4.659826] systemd[1]: Started Journal Service.
[[0;32m  OK  [0m] Started [0;1;39mJournal Service[0m.
[[0;32m  OK  [0m] Mounted [0;1;39mHuge Pages File System[0m.
[[0;32m  OK  [0m] Mounted [0;1;39mPOSIX Message Queue File System[0m.
[[0;32m  OK  [0m] Mounted [0;1;39mKernel Debug File System[0m.
[[0;32m  OK  [0m] Mounted [0;1;39mKernel Trace File System[0m.
[[0;32m  OK  [0m] Finished [0;1;39mSet the console keyboard layout[0m.
[[0;32m  OK  [0m] Finished [0;1;39mCreate list of st… nodes for the current kernel[0m.
[[0;32m  OK  [0m] Finished [0;1;39mMonitoring of LVM… dmeventd or progress polling[0m.
[[0;32m  OK  [0m] Finished [0;1;39mLoad Kernel Module chromeos_pstore[0m.
[[0;32m  OK  [0m] Finished [0;1;39mLoad Kernel Module efi_pstore[0m.
[[0;32m  OK  [0m] Finished [0;1;39mLoad Kernel Module pstore_blk[0m.
[[0;32m  OK  [0m] Finished [0;1;39mLoad Kernel Module pstore_zone[0m.
[[0;32m  OK  [0m] Finished [0;1;39mLoad Kernel Module ramoops[0m.
[[0;32m  OK  [0m] Finished [0;1;39mLoad Kernel Modules[0m.
[[0;32m  OK  [0m] Finished [0;1;39mRemount Root and Kernel File Systems[0m.
[[0;32m  OK  [0m] Finished [0;1;39mUncomplicated firewall[0m.
         Activating swap [0;1;39m/swap.img[0m...
         Mounting [0;1;39mFUSE Control File System[0m...
         Mounting [0;1;39mKernel Configuration File System[0m...
         Starting [0;1;39mFlush Journal to Persistent Storage[0m...
         Starting [0;1;39mLoad/Save Random Seed[0m...
[    4.747618] systemd-journald[374]: Received client request to flush runtime journal.
         Starting [0;1;39mApply Kernel Variables[0m...
         Starting [0;1;39mCreate System Users[0m...
[[0;32m  OK  [0m] Finished [0;1;39mudev Coldplug all Devices[0m.
[[0;32m  OK  [0m] Mounted [0;1;39mFUSE Control File System[0m.
[[0;32m  OK  [0m] Mounted [0;1;39mKernel Configuration File System[0m.
[[0;32m  OK  [0m] Finished [0;1;39mLoad/Save Random Seed[0m.
[[0;32m  OK  [0m] Finished [0;1;39mApply Kernel Variables[0m.
         Starting [0;1;39mudev Wait for Complete Device Initialization[0m...
[[0;32m  OK  [0m] Finished [0;1;39mCreate System Users[0m.
         Starting [0;1;39mCreate Static Device Nodes in /dev[0m...
[[0;32m  OK  [0m] Finished [0;1;39mCreate Static Device Nodes in /dev[0m.
[[0;32m  OK  [0m] Activated swap [0;1;39m/swap.img[0m.
[[0;32m  OK  [0m] Reached target [0;1;39mSwap[0m.
         Starting [0;1;39mudev Kernel Device Manager[0m...
[[0;32m  OK  [0m] Finished [0;1;39mFlush Journal to Persistent Storage[0m.
[[0;32m  OK  [0m] Started [0;1;39mudev Kernel Device Manager[0m.
[[0;32m  OK  [0m] Started [0;1;39mDispatch Password …ts to Console Directory Watch[0m.
[[0;32m  OK  [0m] Reached target [0;1;39mLocal Encrypted Volumes[0m.
         Starting [0;1;39mNetwork Service[0m...
[[0;32m  OK  [0m] Started [0;1;39mNetwork Service[0m.
         Starting [0;1;39mWait for Network to be Configured[0m...
[[0;32m  OK  [0m] Finished [0;1;39mWait for Network to be Configured[0m.
[[0;32m  OK  [0m] Found device [0;1;39m/dev/ttyS0[0m.
[[0;32m  OK  [0m] Listening on [0;1;39mLoad/Save RF …itch Status /dev/rfkill Watch[0m.
[[0;32m  OK  [0m] Finished [0;1;39mudev Wait for Complete Device Initialization[0m.
         Starting [0;1;39mDevice-Mapper Multipath Device Controller[0m...
[[0;32m  OK  [0m] Started [0;1;39mDevice-Mapper Multipath Device Controller[0m.
[[0;32m  OK  [0m] Reached target [0;1;39mLocal File Systems (Pre)[0m.
         Mounting [0;1;39mMount unit for core18, revision 1880[0m...
         Mounting [0;1;39mMount unit for lxd, revision 16099[0m...
         Mounting [0;1;39mMount unit for snapd, revision 8542[0m...
[[0;32m  OK  [0m] Mounted [0;1;39mMount unit for core18, revision 1880[0m.
[[0;32m  OK  [0m] Mounted [0;1;39mMount unit for lxd, revision 16099[0m.
[[0;32m  OK  [0m] Mounted [0;1;39mMount unit for snapd, revision 8542[0m.
[[0;32m  OK  [0m] Reached target [0;1;39mLocal File Systems[0m.
         Starting [0;1;39mLoad AppArmor profiles[0m...
         Starting [0;1;39mSet console font and keymap[0m...
         Starting [0;1;39mCreate final runt…dir for shutdown pivot root[0m...
         Starting [0;1;39mTell Plymouth To Write Out Runtime Data[0m...
         Starting [0;1;39mCreate Volatile Files and Directories[0m...
[[0;32m  OK  [0m] Finished [0;1;39mSet console font and keymap[0m.
[[0;32m  OK  [0m] Finished [0;1;39mCreate final runt…e dir for shutdown pivot root[0m.
[[0;32m  OK  [0m] Finished [0;1;39mTell Plymouth To Write Out Runtime Data[0m.
[[0;32m  OK  [0m] Finished [0;1;39mCreate Volatile Files and Directories[0m.
         Starting [0;1;39mNetwork Name Resolution[0m...
         Starting [0;1;39mNetwork Time Synchronization[0m...
         Starting [0;1;39mUpdate UTMP about System Boot/Shutdown[0m...
[[0;32m  OK  [0m] Finished [0;1;39mUpdate UTMP about System Boot/Shutdown[0m.
[[0;32m  OK  [0m] Finished [0;1;39mLoad AppArmor profiles[0m.
         Starting [0;1;39mLoad AppArmor pro…managed internally by snapd[0m...
[[0;32m  OK  [0m] Finished [0;1;39mLoad AppArmor pro…s managed internally by snapd[0m.
[[0;32m  OK  [0m] Started [0;1;39mNetwork Time Synchronization[0m.
[[0;32m  OK  [0m] Reached target [0;1;39mSystem Initialization[0m.
[[0;32m  OK  [0m] Started [0;1;39mDaily Cleanup of Temporary Directories[0m.
[[0;32m  OK  [0m] Reached target [0;1;39mPaths[0m.
[[0;32m  OK  [0m] Reached target [0;1;39mSystem Time Set[0m.
[[0;32m  OK  [0m] Reached target [0;1;39mSystem Time Synchronized[0m.
[[0;32m  OK  [0m] Started [0;1;39mDaily apt download activities[0m.
[[0;32m  OK  [0m] Started [0;1;39mDaily apt upgrade and clean activities[0m.
[[0;32m  OK  [0m] Started [0;1;39mPeriodic ext4 Onli…ata Check for All Filesystems[0m.
[[0;32m  OK  [0m] Started [0;1;39mDiscard unused blocks once a week[0m.
[[0;32m  OK  [0m] Started [0;1;39mRefresh fwupd metadata regularly[0m.
[[0;32m  OK  [0m] Started [0;1;39mDaily rotation of log files[0m.
[[0;32m  OK  [0m] Started [0;1;39mDaily man-db regeneration[0m.
[[0;32m  OK  [0m] Started [0;1;39mMessage of the Day[0m.
[[0;32m  OK  [0m] Reached target [0;1;39mTimers[0m.
[[0;32m  OK  [0m] Listening on [0;1;39mD-Bus System Message Bus Socket[0m.
[[0;32m  OK  [0m] Listening on [0;1;39mOpen-iSCSI iscsid Socket[0m.
[[0;32m  OK  [0m] Listening on [0;1;39mSocket unix for snap application lxd.daemon[0m.
         Starting [0;1;39mSocket activation for snappy daemon[0m.
[[0;32m  OK  [0m] Listening on [0;1;39mUUID daemon activation socket[0m.
[[0;32m  OK  [0m] Started [0;1;39mNetwork Name Resolution[0m.
[[0;32m  OK  [0m] Listening on [0;1;39mSocket activation for snappy daemon[0m.
[[0;32m  OK  [0m] Reached target [0;1;39mNetwork[0m.
[[0;32m  OK  [0m] Reached target [0;1;39mNetwork is Online[0m.
[[0;32m  OK  [0m] Reached target [0;1;39mHost and Network Name Lookups[0m.
[[0;32m  OK  [0m] Reached target [0;1;39mSockets[0m.
[[0;32m  OK  [0m] Reached target [0;1;39mBasic System[0m.
         Starting [0;1;39mAccounts Service[0m...
[[0;32m  OK  [0m] Started [0;1;39mD-Bus System Message Bus[0m.
[[0;32m  OK  [0m] Started [0;1;39mSave initial kernel messages after boot[0m.
         Starting [0;1;39mRemove Stale Onli…t4 Metadata Check Snapshots[0m...
         Starting [0;1;39mLSB: Record successful boot for GRUB[0m...
         Starting [0;1;39mGRUB failed boot detection[0m...
[[0;32m  OK  [0m] Started [0;1;39mirqbalance daemon[0m.
         Starting [0;1;39mDispatcher daemon for systemd-networkd[0m...
[[0;32m  OK  [0m] Reached target [0;1;39mRemote File Systems (Pre)[0m.
[[0;32m  OK  [0m] Reached target [0;1;39mRemote File Systems[0m.
         Starting [0;1;39mLSB: automatic crash report generation[0m...
         Starting [0;1;39mDeferred execution scheduler[0m...
         Starting [0;1;39mAvailability of block devices[0m...
[[0;32m  OK  [0m] Started [0;1;39mRegular background program processing daemon[0m.
         Starting [0;1;39mSystem Logging Service[0m...
         Starting [0;1;39mService for snap application lxd.activate[0m...
         Starting [0;1;39mSnap Daemon[0m...
         Starting [0;1;39mOpenBSD Secure Shell server[0m...
         Starting [0;1;39mLogin Service[0m...
         Starting [0;1;39mPermit User Sessions[0m...
         Starting [0;1;39mThermal Daemon Service[0m...
[[0;32m  OK  [0m] Finished [0;1;39mRemove Stale Onli…ext4 Metadata Check Snapshots[0m.
[[0;32m  OK  [0m] Started [0;1;39mDeferred execution scheduler[0m.
[[0;32m  OK  [0m] Finished [0;1;39mAvailability of block devices[0m.
[[0;32m  OK  [0m] Finished [0;1;39mPermit User Sessions[0m.
[[0;32m  OK  [0m] Finished [0;1;39mGRUB failed boot detection[0m.
[[0;32m  OK  [0m] Started [0;1;39mThermal Daemon Service[0m.
[[0;32m  OK  [0m] Started [0;1;39mSystem Logging Service[0m.
         Starting [0;1;39mHold until boot process finishes up[0m...
         Starting [0;1;39mTerminate Plymouth Boot Screen[0m...
[[0;32m  OK  [0m] Started [0;1;39mOpenBSD Secure Shell server[0m.
[[0;32m  OK  [0m] Started [0;1;39mLSB: Record successful boot for GRUB[0m.
[[0;32m  OK  [0m] Started [0;1;39mLSB: automatic crash report generation[0m.
[[0;32m  OK  [0m] Finished [0;1;39mHold until boot process finishes up[0m.
[[0;32m  OK  [0m] Finished [0;1;39mTerminate Plymouth Boot Screen[0m.
[[0;32m  OK  [0m] Started [0;1;39mLogin Service[0m.
         Starting [0;1;39mAuthorization Manager[0m...
[[0;32m  OK  [0m] Started [0;1;39mSerial Getty on ttyS0[0m.
         Starting [0;1;39mSet console scheme[0m...
[[0;32m  OK  [0m] Started [0;1;39mUnattended Upgrades Shutdown[0m.
[[0;32m  OK  [0m] Finished [0;1;39mSet console scheme[0m.
[[0;32m  OK  [0m] Started [0;1;39mAuthorization Manager[0m.
[[0;32m  OK  [0m] Started [0;1;39mAccounts Service[0m.
[[0;32m  OK  [0m] Created slice [0;1;39msystem-getty.slice[0m.
[[0;32m  OK  [0m] Started [0;1;39mGetty on tty1[0m.
[[0;32m  OK  [0m] Reached target [0;1;39mLogin Prompts[0m.
[[0;32m  OK  [0m] Started [0;1;39mDispatcher daemon for systemd-networkd[0m.
[[0;32m  OK  [0m] Created slice [0;1;39mUser Slice of UID 1000[0m.
         Starting [0;1;39mUser Runtime Directory /run/user/1000[0m...
[[0;32m  OK  [0m] Finished [0;1;39mUser Runtime Directory /run/user/1000[0m.
         Starting [0;1;39mUser Manager for UID 1000[0m...
[[0;32m  OK  [0m] Started [0;1;39mUser Manager for UID 1000[0m.
[[0;32m  OK  [0m] Started [0;1;39mSession 1 of user femu[0m.
[[0;32m  OK  [0m] Started [0;1;39mSnap Daemon[0m.
         Starting [0;1;39mWait until snapd is fully seeded[0m...
[[0;32m  OK  [0m] Finished [0;1;39mWait until snapd is fully seeded[0m.
[[0;32m  OK  [0m] Finished [0;1;39mService for snap application lxd.activate[0m.
[[0;32m  OK  [0m] Reached target [0;1;39mMulti-User System[0m.
[[0;32m  OK  [0m] Reached target [0;1;39mGraphical Interface[0m.
         Starting [0;1;39mUpdate UTMP about System Runlevel Changes[0m...
[[0;32m  OK  [0m] Finished [0;1;39mUpdate UTMP about System Runlevel Changes[0m.

Ubuntu 20.04.1 LTS fvm ttyS0

fvm login: [FEMU] FTL-Log: BBSSD-STATS version=V2.5 hot_rewrite_window=1024 hot_access_threshold=3 hot_confirmation_threshold=2 hot_decay_window=65536 hot_decay_enabled=on hot_idle_expiration_window=4096 host_page_writes=1572864 nand_page_writes=1572864 gc_page_writes=0 block_erases=0 waf=1.000000 gc_count=0 average_gc_copy=N/A host_hot_writes=0 host_cold_writes=1572864 hot_write_ratio=0.000000 gc_hot_writes=0 gc_cold_writes=0 stale_hot_gc_candidates_gt_t=0 stale_hot_gc_candidates_gt_2t=0 stale_hot_gc_candidates_gt_4t=0 stale_hot_gc_candidates_gt_8t=0 stale_hot_gc_demotions=0 cold_to_hot_count=0 hot_to_cold_count=0 hot_pool_empty_count=0 cold_pool_empty_count=33 borrow_count=33 emergency_gc_count=0 decay_application_count=0 counter_invariant=PASS
[FEMU] Log: vSSD0,Reset tt_late_ios/tt_ios,5966/6394
[FEMU] FTL-Log: BBSSD-STATS version=V2.5 hot_rewrite_window=1024 hot_access_threshold=3 hot_confirmation_threshold=2 hot_decay_window=65536 hot_decay_enabled=on hot_idle_expiration_window=4096 host_page_writes=125238276 nand_page_writes=949917758 gc_page_writes=824679482 block_erases=3710144 waf=7.584884 gc_count=57971 average_gc_copy=14225.724621 host_hot_writes=7328672 host_cold_writes=117909604 hot_write_ratio=0.058518 gc_hot_writes=54676 gc_cold_writes=824624806 stale_hot_gc_candidates_gt_t=76948 stale_hot_gc_candidates_gt_2t=62810 stale_hot_gc_candidates_gt_4t=44006 stale_hot_gc_candidates_gt_8t=25450 stale_hot_gc_demotions=44006 cold_to_hot_count=4556428 hot_to_cold_count=4556208 hot_pool_empty_count=0 cold_pool_empty_count=10 borrow_count=10 emergency_gc_count=0 decay_application_count=88120108 counter_invariant=PASS
[FEMU] Log: vSSD0,Reset tt_late_ios/tt_ios,4426917/31309821
         Stopping [0;1;39mSession 10 of user femu[0m.
[[0;32m  OK  [0m] Removed slice [0;1;39msystem-modprobe.slice[0m.
[[0;32m  OK  [0m] Stopped target [0;1;39mGraphical Interface[0m.
[[0;32m  OK  [0m] Stopped target [0;1;39mMulti-User System[0m.
[[0;32m  OK  [0m] Stopped target [0;1;39mLogin Prompts[0m.
[[0;32m  OK  [0m] Stopped target [0;1;39mNetwork is Online[0m.
[[0;32m  OK  [0m] Stopped target [0;1;39mHost and Network Name Lookups[0m.
[[0;32m  OK  [0m] Stopped target [0;1;39mTimers[0m.
[[0;32m  OK  [0m] Stopped [0;1;39mDaily apt upgrade and clean activities[0m.
[[0;32m  OK  [0m] Stopped [0;1;39mDaily apt download activities[0m.
[[0;32m  OK  [0m] Stopped [0;1;39mPeriodic ext4 Onli…ata Check for All Filesystems[0m.
[[0;32m  OK  [0m] Stopped [0;1;39mDiscard unused blocks once a week[0m.
[[0;32m  OK  [0m] Stopped [0;1;39mRefresh fwupd metadata regularly[0m.
[[0;32m  OK  [0m] Stopped [0;1;39mDaily rotation of log files[0m.
[[0;32m  OK  [0m] Stopped [0;1;39mDaily man-db regeneration[0m.
[[0;32m  OK  [0m] Stopped [0;1;39mMessage of the Day[0m.
[[0;32m  OK  [0m] Stopped [0;1;39mDaily Cleanup of Temporary Directories[0m.
[[0;32m  OK  [0m] Stopped target [0;1;39mSystem Time Synchronized[0m.
[[0;32m  OK  [0m] Stopped target [0;1;39mSystem Time Set[0m.
[[0;32m  OK  [0m] Closed [0;1;39mLVM2 poll daemon socket[0m.
[[0;32m  OK  [0m] Closed [0;1;39mLoad/Save RF Kill Switch Status /dev/rfkill Watch[0m.
         Stopping [0;1;39mAccounts Service[0m...
         Stopping [0;1;39mLSB: automatic crash report generation[0m...
         Stopping [0;1;39mDeferred execution scheduler[0m...
         Stopping [0;1;39mAvailability of block devices[0m...
         Stopping [0;1;39mRegular background program processing daemon[0m...
         Stopping [0;1;39mCreate final runt…dir for shutdown pivot root[0m...
         Stopping [0;1;39mGetty on tty1[0m...
         Stopping [0;1;39mLSB: Record successful boot for GRUB[0m...
         Stopping [0;1;39mirqbalance daemon[0m...
         Stopping [0;1;39mDispatcher daemon [[0;32m  OK  [0m] Stopped [0;1;39mWait until snapd is fully seeded[0m.
         Stopping [0;1;39mSnap Daemon[0m...
         Stopping [0;1;39mOpenBSD Secure Shell server[0m...
[[0;32m  OK  [0m] Stopped [0;1;39mWait for Network to be Configured[0m.
         Stopping [0;1;39mLoad/Save Random Seed[0m...
         Stopping [0;1;39mUnattended Upgrades Shutdown[0m...
[[0;32m  OK  [0m] Stopped [0;1;39mAccounts Service[0m.
[[0;32m  OK  [0m] Stopped [0;1;39mirqbalance daemon[0m.
[[0;32m  OK  [0m] Stopped [0;1;39mDispatcher daemon for systemd-networkd[0m.
[[0;32m  OK  [0m] Stopped [0;1;39mRegular background program processing daemon[0m.
[[0;32m  OK  [0m] Stopped [0;1;39mSystem Logging Service[0m.
[[0;32m  OK  [0m] Stopped [0;1;39mSnap Daemon[0m.
[[0;32m  OK  [0m] Stopped [0;1;39mDeferred execution scheduler[0m.
[[0;32m  OK  [0m] Stopped [0;1;39mOpenBSD Secure Shell server[0m.
[[0;32m  OK  [0m] Stopped [0;1;39mAuthorization Manager[0m.
[[0;32m  OK  [0m] Stopped [0;1;39mSerial Getty on ttyS0[0m.
[[0;32m  OK  [0m] Stopped [0;1;39mUnattended Upgrades Shutdown[0m.
[[0;32m  OK  [0m] Stopped [0;1;39mGetty on tty1[0m.
[[0;32m  OK  [0m] Stopped [0;1;39mAvailability of block devices[0m.
[[0;32m  OK  [0m] Stopped [0;1;39mLoad/Save Random Seed[0m.
[[0;32m  OK  [0m] Stopped [0;1;39mSession 10 of user femu[0m.
[[0;32m  OK  [0m] Removed slice [0;1;39msystem-getty.slice[0m.
[[0;32m  OK  [0m] Removed slice [0;1;39msystem-serial\x2dgetty.slice[0m.
         Stopping [0;1;39mLogin Service[0m...
         Stopping [0;1;39mUser Manager for UID 1000[0m...
[[0;32m  OK  [0m] Stopped [0;1;39mLSB: automatic crash report generation[0m.
[[0;32m  OK  [0m] Stopped [0;1;39mLSB: Record successful boot for GRUB[0m.
[[0;32m  OK  [0m] Stopped [0;1;39mUser Manager for UID 1000[0m.
         Stopping [0;1;39mUser Runtime Directory /run/user/1000[0m...
[[0;32m  OK  [0m] Unmounted [0;1;39m/run/user/1000[0m.
[[0;32m  OK  [0m] Stopped [0;1;39mUser Runtime Directory /run/user/1000[0m.
[[0;32m  OK  [0m] Removed slice [0;1;39mUser Slice of UID 1000[0m.
         Stopping [0;1;39mD-Bus System Message Bus[0m...
         Stopping [0;1;39mPermit User Sessions[0m...
[[0;32m  OK  [0m] Stopped [0;1;39mD-Bus System Message Bus[0m.
[[0;32m  OK  [0m] Stopped [0;1;39mPermit User Sessions[0m.
[[0;32m  OK  [0m] Stopped target [0;1;39mNetwork[0m.
[[0;32m  OK  [0m] Stopped target [0;1;39mRemote File Systems[0m.
[[0;32m  OK  [0m] Stopped target [0;1;39mRemote File Systems (Pre)[0m.
         Stopping [0;1;39mNetwork Name Resolution[0m...
[[0;32m  OK  [0m] Stopped [0;1;39mLogin Service[0m.
[[0;32m  OK  [0m] Stopped [0;1;39mNetwork Name Resolution[0m.
[[0;32m  OK  [0m] Stopped target [0;1;39mBasic System[0m.
[[0;32m  OK  [0m] Stopped target [0;1;39mUser and Group Name Lookups[0m.
[[0;32m  OK  [0m] Stopped target [0;1;39mPaths[0m.
[[0;32m  OK  [0m] Stopped target [0;1;39mSlices[0m.
[[0;32m  OK  [0m] Removed slice [0;1;39mUser and Session Slice[0m.
[[0;32m  OK  [0m] Stopped target [0;1;39mSockets[0m.
[[0;32m  OK  [0m] Closed [0;1;39mD-Bus System Message Bus Socket[0m.
[[0;32m  OK  [0m] Closed [0;1;39mOpen-iSCSI iscsid Socket[0m.
[[0;32m  OK  [0m] Closed [0;1;39mSocket unix for snap application lxd.daemon[0m.
[[0;32m  OK  [0m] Closed [0;1;39mSocket activation for snappy daemon[0m.
[[0;32m  OK  [0m] Closed [0;1;39mSyslog Socket[0m.
[[0;32m  OK  [0m] Closed [0;1;39mUUID daemon activation socket[0m.
[[0;32m  OK  [0m] Stopped target [0;1;39mSystem Initialization[0m.
[[0;32m  OK  [0m] Stopped target [0;1;39mLocal Encrypted Volumes[0m.
[[0;32m  OK  [0m] Stopped [0;1;39mDispatch Password …ts to Console Directory Watch[0m.
[[0;32m  OK  [0m] Stopped [0;1;39mForward Password R…uests to Wall Directory Watch[0m.
         Stopping [0;1;39mNetwork Service[0m...
         Stopping [0;1;39mNetwork Time Synchronization[0m...
         Stopping [0;1;39mUpdate UTMP about System Boot/Shutdown[0m...
[[0;32m  OK  [0m] Stopped [0;1;39mNetwork Service[0m.
[[0;32m  OK  [0m] Stopped [0;1;39mNetwork Time Synchronization[0m.
[[0;32m  OK  [0m] Stopped [0;1;39mApply Kernel Variables[0m.
[[0;32m  OK  [0m] Stopped [0;1;39mLoad Kernel Modules[0m.
[[0;32m  OK  [0m] Stopped [0;1;39mUpdate UTMP about System Boot/Shutdown[0m.
[[0;32m  OK  [0m] Stopped [0;1;39mCreate Volatile Files and Directories[0m.
[[0;32m  OK  [0m] Stopped [0;1;39mCreate final runtime dir for shutdown pivot root[0m.
[[0;32m  OK  [0m] Stopped target [0;1;39mLocal File Systems[0m.
         Unmounting [0;1;39m/run/snapd/ns/lxd.mnt[0m...
         Unmounting [0;1;39mMount unit for core18, revision 1880[0m...
         Unmounting [0;1;39mMount unit for lxd, revision 16099[0m...
         Unmounting [0;1;39mMount unit for snapd, revision 8542[0m...
[[0;32m  OK  [0m] Unmounted [0;1;39m/run/snapd/ns/lxd.mnt[0m.
         Unmounting [0;1;39m/run/snapd/ns[0m...
[[0;32m  OK  [0m] Unmounted [0;1;39mMount unit for lxd, revision 16099[0m.
[[0;32m  OK  [0m] Unmounted [0;1;39m/run/snapd/ns[0m.
[[0;32m  OK  [0m] Stopped target [0;1;39mSwap[0m.
         Deactivating swap [0;1;39m/swap.img[0m...
[[0;32m  OK  [0m] Deactivated swap [0;1;39m/swap.img[0m.
[[0;32m  OK  [0m] Unmounted [0;1;39mMount unit for core18, revision 1880[0m.
[[0;32m  OK  [0m] Unmounted [0;1;39mMount unit for snapd, revision 8542[0m.
[[0;32m  OK  [0m] Stopped target [0;1;39mLocal File Systems (Pre)[0m.
[[0;32m  OK  [0m] Reached target [0;1;39mUnmount All Filesystems[0m.
         Stopping [0;1;39mMonitoring of LVM…meventd or progress polling[0m...
         Stopping [0;1;39mDevice-Mapper Multipath Device Controller[0m...
[[0;32m  OK  [0m] Stopped [0;1;39mCreate Static Device Nodes in /dev[0m.
[[0;32m  OK  [0m] Stopped [0;1;39mCreate System Users[0m.
[[0;32m  OK  [0m] Stopped [0;1;39mRemount Root and Kernel File Systems[0m.
[[0;32m  OK  [0m] Stopped [0;1;39mDevice-Mapper Multipath Device Controller[0m.
[[0;32m  OK  [0m] Stopped [0;1;39mMonitoring of LVM2… dmeventd or progress polling[0m.
[[0;32m  OK  [0m] Reached target [0;1;39mShutdown[0m.
[[0;32m  OK  [0m] Reached target [0;1;39mFinal Step[0m.
[[0;32m  OK  [0m] Finished [0;1;39mPower-Off[0m.
[[0;32m  OK  [0m] Reached target [0;1;39mPower-Off[0m.
[ 3628.047400] reboot: Power down
