[FEMU] FTL-Log: LPN metadata: entries=2097152 entry_size=24 total=48 MiB window_writes=4096 hot_writes=4 cold_writes=1 erase_event_threshold=1
[FEMU] FTL-Log: Hot/Cold pools: configured_hot_percent=20 initial_hot_lines=25 initial_cold_lines=103 total_lines=128
[FEMU] FTL-Log: Write pointers: hot_line=103 cold_line=0 free=126 hot_free=24 cold_free=102
c[?7l[2J[0mSeaBIOS (version rel-1.17.0-0-gb52ca86e094d-prebuilt.qemu.org)


iPXE (http://ipxe.org) 00:03.0 CA00 PCI2.10 PnP PMM+BEFD1D20+BEF31D20 CA00
Press Ctrl-B to configure iPXE (PCI 00:03.0)...                                                                               


Booting from Hard Disk...
[H[J[1;1H[?25l[m[H[J[1;1H[2;30HGNU GRUB  version 2.04

[m[4;2H+----------------------------------------------------------------------------+[5;2H|[5;79H|[6;2H|[6;79H|[7;2H|[7;79H|[8;2H|[8;79H|[9;2H|[9;79H|[10;2H|[10;79H|[11;2H|[11;79H|[12;2H|[12;79H|[13;2H|[13;79H|[14;2H|[14;79H|[15;2H|[15;79H|[16;2H|[16;79H|[17;2H+----------------------------------------------------------------------------+[m[18;2H[19;2H[m     Use the ^ and v keys to select which entry is highlighted.          
      Press enter to boot the selected OS, `e' to edit the commands       
      before booting or `c' for a command-line.                           [5;80H [7m[5;3H*Ubuntu, with Linux 5.4.0-64-generic                                        [m[5;78H[m[m[6;3H                                                                            [m[6;78H[m[m[7;3H                                                                            [m[7;78H[m[m[8;3H                                                                            [m[8;78H[m[m[9;3H                                                                            [m[9;78H[m[m[10;3H                                                                            [m[10;78H[m[m[11;3H                                                                            [m[11;78H[m[m[12;3H                                                                            [m[12;78H[m[m[13;3H                                                                            [m[13;78H[m[m[14;3H                                                                            [m[14;78H[m[m[15;3H                                                                            [m[15;78H[m[m[16;3H                                                                            [m[16;78H[m[16;80H [5;78H[22;1H   The highlighted entry will be executed automatically in 3s.                 [5;78H[22;1H   The highlighted entry will be executed automatically in 2s.                 [5;78H[22;1H   The highlighted entry will be executed automatically in 1s.                 [5;78H[22;1H   The highlighted entry will be executed automatically in 0s.                 [5;78H[?25h[H[J[1;1H[H[J[1;1HLoading Linux 5.4.0-64-generic ...
Loading initial ramdisk ...
[    0.000000] Linux version 5.4.0-64-generic (buildd@lcy01-amd64-021) (gcc version 9.3.0 (Ubuntu 9.3.0-17ubuntu1~20.04)) #72-Ubuntu SMP Fri Jan 15 10:27:54 UTC 2021 (Ubuntu 5.4.0-64.72-generic 5.4.78)
[    0.000000] Command line: BOOT_IMAGE=/boot/vmlinuz-5.4.0-64-generic root=UUID=66add23f-3d34-46f1-a540-ebfdd268827e ro ip=dhcp console=ttyS0,115200 console=tty console=ttyS0 text
[    0.000000] KERNEL supported cpus:
[    0.000000]   Intel GenuineIntel
[    0.000000]   AMD AuthenticAMD
[    0.000000]   Hygon HygonGenuine
[    0.000000]   Centaur CentaurHauls
[    0.000000]   zhaoxin   Shanghai  
[    0.000000] x86/fpu: Supporting XSAVE feature 0x001: 'x87 floating point registers'
[    0.000000] x86/fpu: Supporting XSAVE feature 0x002: 'SSE registers'
[    0.000000] x86/fpu: Supporting XSAVE feature 0x004: 'AVX registers'
[    0.000000] x86/fpu: xstate_offset[2]:  576, xstate_sizes[2]:  256
[    0.000000] x86/fpu: Enabled xstate features 0x7, context size is 832 bytes, using 'compacted' format.
[    0.000000] BIOS-provided physical RAM map:
[    0.000000] BIOS-e820: [mem 0x0000000000000000-0x000000000009fbff] usable
[    0.000000] BIOS-e820: [mem 0x000000000009fc00-0x000000000009ffff] reserved
[    0.000000] BIOS-e820: [mem 0x00000000000f0000-0x00000000000fffff] reserved
[    0.000000] BIOS-e820: [mem 0x0000000000100000-0x00000000bffdcfff] usable
[    0.000000] BIOS-e820: [mem 0x00000000bffdd000-0x00000000bfffffff] reserved
[    0.000000] BIOS-e820: [mem 0x00000000feffc000-0x00000000feffffff] reserved
[    0.000000] BIOS-e820: [mem 0x00000000fffc0000-0x00000000ffffffff] reserved
[    0.000000] BIOS-e820: [mem 0x0000000100000000-0x000000013fffffff] usable
[    0.000000] NX (Execute Disable) protection: active
[    0.000000] SMBIOS 2.8 present.
[    0.000000] DMI: QEMU Standard PC (i440FX + PIIX, 1996), BIOS rel-1.17.0-0-gb52ca86e094d-prebuilt.qemu.org 04/01/2014
[    0.000000] Hypervisor detected: KVM
[    0.000000] kvm-clock: Using msrs 4b564d01 and 4b564d00
[    0.000000] kvm-clock: cpu 0, msr a9c01001, primary cpu clock
[    0.000000] kvm-clock: using sched offset of 11087635948 cycles
[    0.000003] clocksource: kvm-clock: mask: 0xffffffffffffffff max_cycles: 0x1cd42e4dffb, max_idle_ns: 881590591483 ns
[    0.000028] tsc: Detected 2995.202 MHz processor
[    0.002283] last_pfn = 0x140000 max_arch_pfn = 0x400000000
[    0.002494] x86/PAT: Configuration [0-7]: WB  WC  UC- UC  WB  WP  UC- WT  
[    0.002524] last_pfn = 0xbffdd max_arch_pfn = 0x400000000
[    0.008499] found SMP MP-table at [mem 0x000f54b0-0x000f54bf]
[    0.008685] check: Scanning 1 areas for low memory corruption
[    0.008873] Using GB pages for direct mapping
[    0.010271] RAMDISK: [mem 0x2d173000-0x328b0fff]
[    0.010371] ACPI: Early table checksum verification disabled
[    0.010402] ACPI: RSDP 0x00000000000F52B0 000014 (v00 BOCHS )
[    0.010418] ACPI: RSDT 0x00000000BFFE2458 000034 (v01 BOCHS  BXPC     00000001 BXPC 00000001)
[    0.010424] ACPI: FACP 0x00000000BFFE22F4 000074 (v01 BOCHS  BXPC     00000001 BXPC 00000001)
[    0.010430] ACPI: DSDT 0x00000000BFFE0040 0022B4 (v01 BOCHS  BXPC     00000001 BXPC 00000001)
[    0.010433] ACPI: FACS 0x00000000BFFE0000 000040
[    0.010435] ACPI: APIC 0x00000000BFFE2368 000090 (v03 BOCHS  BXPC     00000001 BXPC 00000001)
[    0.010438] ACPI: HPET 0x00000000BFFE23F8 000038 (v01 BOCHS  BXPC     00000001 BXPC 00000001)
[    0.010440] ACPI: WAET 0x00000000BFFE2430 000028 (v01 BOCHS  BXPC     00000001 BXPC 00000001)
[    0.011427] No NUMA configuration found
[    0.011429] Faking a node at [mem 0x0000000000000000-0x000000013fffffff]
[    0.011437] NODE_DATA(0) allocated [mem 0x13ffd3000-0x13fffdfff]
[    0.012920] Zone ranges:
[    0.012922]   DMA      [mem 0x0000000000001000-0x0000000000ffffff]
[    0.012924]   DMA32    [mem 0x0000000001000000-0x00000000ffffffff]
[    0.012925]   Normal   [mem 0x0000000100000000-0x000000013fffffff]
[    0.012925]   Device   empty
[    0.012926] Movable zone start for each node
[    0.012928] Early memory node ranges
[    0.012928]   node   0: [mem 0x0000000000001000-0x000000000009efff]
[    0.012929]   node   0: [mem 0x0000000000100000-0x00000000bffdcfff]
[    0.012930]   node   0: [mem 0x0000000100000000-0x000000013fffffff]
[    0.020081] Zeroed struct page in unavailable ranges: 133 pages
[    0.020085] Initmem setup node 0 [mem 0x0000000000001000-0x000000013fffffff]
[    0.206975] ACPI: PM-Timer IO Port: 0x608
[    0.207109] ACPI: LAPIC_NMI (acpi_id[0xff] dfl dfl lint[0x1])
[    0.207359] IOAPIC[0]: apic_id 0, version 17, address 0xfec00000, GSI 0-23
[    0.207362] ACPI: INT_SRC_OVR (bus 0 bus_irq 0 global_irq 2 dfl dfl)
[    0.207375] ACPI: INT_SRC_OVR (bus 0 bus_irq 5 global_irq 5 high level)
[    0.207376] ACPI: INT_SRC_OVR (bus 0 bus_irq 9 global_irq 9 high level)
[    0.207382] ACPI: INT_SRC_OVR (bus 0 bus_irq 10 global_irq 10 high level)
[    0.207383] ACPI: INT_SRC_OVR (bus 0 bus_irq 11 global_irq 11 high level)
[    0.207388] Using ACPI (MADT) for SMP configuration information
[    0.207437] ACPI: HPET id: 0x8086a201 base: 0xfed00000
[    0.207466] TSC deadline timer available
[    0.207501] smpboot: Allowing 4 CPUs, 0 hotplug CPUs
[    0.207651] KVM setup pv sched yield
[    0.207676] PM: Registered nosave memory: [mem 0x00000000-0x00000fff]
[    0.207678] PM: Registered nosave memory: [mem 0x0009f000-0x0009ffff]
[    0.207678] PM: Registered nosave memory: [mem 0x000a0000-0x000effff]
[    0.207679] PM: Registered nosave memory: [mem 0x000f0000-0x000fffff]
[    0.207680] PM: Registered nosave memory: [mem 0xbffdd000-0xbfffffff]
[    0.207680] PM: Registered nosave memory: [mem 0xc0000000-0xfeffbfff]
[    0.207681] PM: Registered nosave memory: [mem 0xfeffc000-0xfeffffff]
[    0.207681] PM: Registered nosave memory: [mem 0xff000000-0xfffbffff]
[    0.207682] PM: Registered nosave memory: [mem 0xfffc0000-0xffffffff]
[    0.207684] [mem 0xc0000000-0xfeffbfff] available for PCI devices
[    0.207703] Booting paravirtualized kernel on KVM
[    0.207706] clocksource: refined-jiffies: mask: 0xffffffff max_cycles: 0xffffffff, max_idle_ns: 7645519600211568 ns
[    0.207710] setup_percpu: NR_CPUS:8192 nr_cpumask_bits:4 nr_cpu_ids:4 nr_node_ids:1
[    0.212959] percpu: Embedded 55 pages/cpu s188416 r8192 d28672 u524288
[    0.213186] KVM setup async PF for cpu 0
[    0.213283] kvm-stealtime: cpu 0, msr 13ba2d040
[    0.213405] PV qspinlock hash table entries: 256 (order: 0, 4096 bytes, linear)
[    0.213468] Built 1 zonelists, mobility grouping on.  Total pages: 1032038
[    0.213470] Policy zone: Normal
[    0.213474] Kernel command line: BOOT_IMAGE=/boot/vmlinuz-5.4.0-64-generic root=UUID=66add23f-3d34-46f1-a540-ebfdd268827e ro ip=dhcp console=ttyS0,115200 console=tty console=ttyS0 text
[    0.214865] Dentry cache hash table entries: 524288 (order: 10, 4194304 bytes, linear)
[    0.215446] Inode-cache hash table entries: 262144 (order: 9, 2097152 bytes, linear)
[    0.215654] mem auto-init: stack:off, heap alloc:on, heap free:off
[    0.381453] Memory: 3932816K/4193772K available (14339K kernel code, 2399K rwdata, 4960K rodata, 2724K init, 4980K bss, 260956K reserved, 0K cma-reserved)
[    0.381467] random: get_random_u64 called from kmem_cache_open+0x2d/0x410 with crng_init=0
[    0.382824] SLUB: HWalign=64, Order=0-3, MinObjects=0, CPUs=4, Nodes=1
[    0.383212] ftrace: allocating 44555 entries in 175 pages
[    0.404920] rcu: Hierarchical RCU implementation.
[    0.404923] rcu: 	RCU restricting CPUs from NR_CPUS=8192 to nr_cpu_ids=4.
[    0.404924] 	Tasks RCU enabled.
[    0.404925] rcu: RCU calculated value of scheduler-enlistment delay is 25 jiffies.
[    0.404926] rcu: Adjusting geometry for rcu_fanout_leaf=16, nr_cpu_ids=4
[    0.407387] NR_IRQS: 524544, nr_irqs: 456, preallocated irqs: 16
[    0.407824] random: crng done (trusting CPU's manufacturer)
[    0.492719] Console: colour VGA+ 80x25
[    0.640451] printk: console [tty0] enabled
[    0.924694] printk: console [ttyS0] enabled
[    0.929582] ACPI: Core revision 20190816
[    0.934292] clocksource: hpet: mask: 0xffffffff max_cycles: 0xffffffff, max_idle_ns: 19112604467 ns
[    0.938589] APIC: Switch to symmetric I/O mode setup
[    0.941640] x2apic enabled
[    0.943803] Switched APIC routing to physical x2apic.
[    0.946046] KVM setup pv IPIs
[    0.954300] ..TIMER: vector=0x30 apic1=0 pin1=2 apic2=-1 pin2=-1
[    0.957837] clocksource: tsc-early: mask: 0xffffffffffffffff max_cycles: 0x2b2c909a7c7, max_idle_ns: 440795208498 ns
[    0.963199] Calibrating delay loop (skipped) preset value.. 5990.40 BogoMIPS (lpj=11980808)
[    0.967200] pid_max: default: 32768 minimum: 301
[    0.971331] LSM: Security Framework initializing
[    0.975253] Yama: becoming mindful.
[    0.978358] AppArmor: AppArmor initialized
[    0.979553] Mount-cache hash table entries: 8192 (order: 4, 65536 bytes, linear)
[    0.983703] Mountpoint-cache hash table entries: 8192 (order: 4, 65536 bytes, linear)
[    0.987295] *** VALIDATE tmpfs ***
[    0.991648] *** VALIDATE proc ***
[    0.995327] *** VALIDATE cgroup1 ***
[    0.997040] *** VALIDATE cgroup2 ***
[    1.000369] x86/cpu: User Mode Instruction Prevention (UMIP) activated
[    1.003577] Last level iTLB entries: 4KB 0, 2MB 0, 4MB 0
[    1.007202] Last level dTLB entries: 4KB 0, 2MB 0, 4MB 0, 1GB 0
[    1.011221] Spectre V1 : Mitigation: usercopy/swapgs barriers and __user pointer sanitization
[    1.015211] Spectre V2 : Mitigation: Enhanced IBRS
[    1.017881] Spectre V2 : Spectre v2 / SpectreRSB mitigation: Filling RSB on context switch
[    1.019193] Spectre V2 : mitigation: Enabling conditional Indirect Branch Prediction Barrier
[    1.019193] Speculative Store Bypass: Mitigation: Speculative Store Bypass disabled via prctl and seccomp
[    1.019193] Freeing SMP alternatives memory: 40K
[    1.025288] smpboot: CPU0: Intel(R) Core(TM) Ultra 5 125H (family: 0x6, model: 0xaa, stepping: 0x4)
[    1.027719] Performance Events: unsupported p6 CPU model 170 no PMU driver, software events only.
[    1.031362] rcu: Hierarchical SRCU implementation.
[    1.035016] NMI watchdog: Perf NMI watchdog permanently disabled
[    1.035750] smp: Bringing up secondary CPUs ...
[    1.039863] x86: Booting SMP configuration:
[    1.042168] .... node  #0, CPUs:      #1
[    0.543450] kvm-clock: cpu 1, msr a9c01041, secondary cpu clock
[    1.046142] KVM setup async PF for cpu 1
[    1.047193] kvm-stealtime: cpu 1, msr 13baad040
[    1.055861]  #2
[    0.543450] kvm-clock: cpu 2, msr a9c01081, secondary cpu clock
[    1.061880] KVM setup async PF for cpu 2
[    1.063193] kvm-stealtime: cpu 2, msr 13bb2d040
[    1.076160]  #3
[    0.543450] kvm-clock: cpu 3, msr a9c010c1, secondary cpu clock
[    1.079671] KVM setup async PF for cpu 3
[    1.083193] kvm-stealtime: cpu 3, msr 13bbad040
[    1.087954] smp: Brought up 1 node, 4 CPUs
[    1.091212] smpboot: Max logical packages: 1
[    1.093930] smpboot: Total of 4 processors activated (23961.61 BogoMIPS)
[    1.099208] devtmpfs: initialized
[    1.103367] x86/mm: Memory block size: 128MB
[    1.108868] clocksource: jiffies: mask: 0xffffffff max_cycles: 0xffffffff, max_idle_ns: 7645041785100000 ns
[    1.115524] futex hash table entries: 1024 (order: 4, 65536 bytes, linear)
[    1.119485] pinctrl core: initialized pinctrl subsystem
[    1.143220] PM: RTC time: 07:21:03, date: 2026-09-03
[    1.149923] NET: Registered protocol family 16
[    1.151664] audit: initializing netlink subsys (disabled)
[    1.155449] audit: type=2000 audit(1788420062.911:1): state=initialized audit_enabled=0 res=1
[    1.155552] EISA bus registered
[    1.161143] cpuidle: using governor ladder
[    1.163223] cpuidle: using governor menu
[    1.165649] KVM setup pv remote TLB flush
[    1.167215] ACPI: bus type PCI registered
[    1.170184] acpiphp: ACPI Hot Plug PCI Controller Driver version: 0.5
[    1.172555] PCI: Using configuration type 1 for base access
[    1.179307] HugeTLB registered 1.00 GiB page size, pre-allocated 0 pages
[    1.182784] HugeTLB registered 2.00 MiB page size, pre-allocated 0 pages
[    1.200457] ACPI: Added _OSI(Module Device)
[    1.202879] ACPI: Added _OSI(Processor Device)
[    1.203214] ACPI: Added _OSI(3.0 _SCP Extensions)
[    1.206472] ACPI: Added _OSI(Processor Aggregator Device)
[    1.211223] ACPI: Added _OSI(Linux-Dell-Video)
[    1.213894] ACPI: Added _OSI(Linux-Lenovo-NV-HDMI-Audio)
[    1.219219] ACPI: Added _OSI(Linux-HPI-Hybrid-Graphics)
[    1.224522] ACPI: 1 ACPI AML tables successfully acquired and loaded
[    1.229441] ACPI: Interpreter enabled
[    1.235260] ACPI: (supports S0 S3 S4 S5)
[    1.237597] ACPI: Using IOAPIC for interrupt routing
[    1.239244] PCI: Using host bridge windows from ACPI; if necessary, use "pci=nocrs" and report a bug
[    1.247397] ACPI: Enabled 2 GPEs in block 00 to 0F
[    1.259389] ACPI: PCI Root Bridge [PCI0] (domain 0000 [bus 00-ff])
[    1.263228] acpi PNP0A03:00: _OSC: OS supports [ASPM ClockPM Segments MSI HPX-Type3]
[    1.267245] acpi PNP0A03:00: fail to add MMCONFIG information, can't access extended PCI configuration space under this bridge.
[    1.275677] acpiphp: Slot [3] registered
[    1.277619] acpiphp: Slot [4] registered
[    1.279281] acpiphp: Slot [5] registered
[    1.281144] acpiphp: Slot [6] registered
[    1.283262] acpiphp: Slot [7] registered
[    1.286856] acpiphp: Slot [8] registered
[    1.291264] acpiphp: Slot [9] registered
[    1.294735] acpiphp: Slot [10] registered
[    1.295283] acpiphp: Slot [11] registered
[    1.297628] acpiphp: Slot [12] registered
[    1.299249] acpiphp: Slot [13] registered
[    1.301358] acpiphp: Slot [14] registered
[    1.303239] acpiphp: Slot [15] registered
[    1.306268] acpiphp: Slot [16] registered
[    1.311349] acpiphp: Slot [17] registered
[    1.314341] acpiphp: Slot [18] registered
[    1.315325] acpiphp: Slot [19] registered
[    1.318000] acpiphp: Slot [20] registered
[    1.323252] acpiphp: Slot [21] registered
[    1.325346] acpiphp: Slot [22] registered
[    1.327477] acpiphp: Slot [23] registered
[    1.330206] acpiphp: Slot [24] registered
[    1.331276] acpiphp: Slot [25] registered
[    1.334032] acpiphp: Slot [26] registered
[    1.335264] acpiphp: Slot [27] registered
[    1.337799] acpiphp: Slot [28] registered
[    1.339253] acpiphp: Slot [29] registered
[    1.341641] acpiphp: Slot [30] registered
[    1.347261] acpiphp: Slot [31] registered
[    1.349272] PCI host bridge to bus 0000:00
[    1.351211] pci_bus 0000:00: root bus resource [io  0x0000-0x0cf7 window]
[    1.354718] pci_bus 0000:00: root bus resource [io  0x0d00-0xffff window]
[    1.355212] pci_bus 0000:00: root bus resource [mem 0x000a0000-0x000bffff window]
[    1.363211] pci_bus 0000:00: root bus resource [mem 0xc0000000-0xfebfffff window]
[    1.367208] pci_bus 0000:00: root bus resource [mem 0xe0000000000-0xe007fffffff window]
[    1.371211] pci_bus 0000:00: root bus resource [bus 00-ff]
[    1.373856] pci 0000:00:00.0: [8086:1237] type 00 class 0x060000
[    1.377988] pci 0000:00:01.0: [8086:7000] type 00 class 0x060100
[    1.386507] pci 0000:00:01.1: [8086:7010] type 00 class 0x010180
[    1.390909] pci 0000:00:01.1: reg 0x20: [io  0xc060-0xc06f]
[    1.397426] pci 0000:00:01.1: legacy IDE quirk: reg 0x10: [io  0x01f0-0x01f7]
[    1.403273] pci 0000:00:01.1: legacy IDE quirk: reg 0x14: [io  0x03f6]
[    1.407213] pci 0000:00:01.1: legacy IDE quirk: reg 0x18: [io  0x0170-0x0177]
[    1.415210] pci 0000:00:01.1: legacy IDE quirk: reg 0x1c: [io  0x0376]
[    1.421815] pci 0000:00:01.3: [8086:7113] type 00 class 0x068000
[    1.433949] pci 0000:00:01.3: quirk: [io  0x0600-0x063f] claimed by PIIX4 ACPI
[    1.439242] pci 0000:00:01.3: quirk: [io  0x0700-0x070f] claimed by PIIX4 SMB
[    1.443438] pci 0000:00:01.3: quirk_piix4_acpi+0x0/0x170 took 11718 usecs
[    1.449495] pci 0000:00:02.0: [1234:1111] type 00 class 0x030000
[    1.459406] pci 0000:00:02.0: reg 0x10: [mem 0xfd000000-0xfdffffff pref]
[    1.472651] pci 0000:00:02.0: reg 0x18: [mem 0xfebd0000-0xfebd0fff]
[    1.489803] pci 0000:00:02.0: reg 0x30: [mem 0xfebc0000-0xfebcffff pref]
[    1.498276] pci 0000:00:03.0: [1af4:1000] type 00 class 0x020000
[    1.504994] pci 0000:00:03.0: reg 0x10: [io  0xc040-0xc05f]
[    1.512581] pci 0000:00:03.0: reg 0x14: [mem 0xfebd1000-0xfebd1fff]
[    1.521434] pci 0000:00:03.0: reg 0x20: [mem 0xe0040000000-0xe0040003fff 64bit pref]
[    1.524190] pci 0000:00:03.0: reg 0x30: [mem 0xfeb80000-0xfebbffff pref]
[    1.534915] pci 0000:00:04.0: [1af4:1004] type 00 class 0x010000
[    1.542905] pci 0000:00:04.0: reg 0x10: [io  0xc000-0xc03f]
[    1.555193] pci 0000:00:04.0: reg 0x14: [mem 0xfebd2000-0xfebd2fff]
[    1.584418] pci 0000:00:04.0: reg 0x20: [mem 0xe0040004000-0xe0040007fff 64bit pref]
[    1.597421] pci 0000:00:05.0: [1d1d:1f1f] type 00 class 0x010802
[    1.604173] pci 0000:00:05.0: reg 0x10: [mem 0xe0000000000-0xe0000001fff 64bit]
[    1.616568] pci 0000:00:05.0: reg 0x20: [mem 0xfebd3000-0xfebd3fff]
[    1.626234] pci 0000:00:05.0: enabling Extended Tags
[    1.682005] ACPI: PCI Interrupt Link [LNKA] (IRQs 5 *10 11)
[    1.683458] ACPI: PCI Interrupt Link [LNKB] (IRQs 5 *10 11)
[    1.688056] ACPI: PCI Interrupt Link [LNKC] (IRQs 5 10 *11)
[    1.695487] ACPI: PCI Interrupt Link [LNKD] (IRQs 5 10 *11)
[    1.698965] ACPI: PCI Interrupt Link [LNKS] (IRQs *9)
[    1.703616] iommu: Default domain type: Translated 
[    1.708042] SCSI subsystem initialized
[    1.711556] pci 0000:00:02.0: vgaarb: setting as boot VGA device
[    1.714724] pci 0000:00:02.0: vgaarb: VGA device added: decodes=io+mem,owns=io+mem,locks=none
[    1.723231] pci 0000:00:02.0: vgaarb: bridge control possible
[    1.725809] vgaarb: loaded
[    1.727418] ACPI: bus type USB registered
[    1.729600] usbcore: registered new interface driver usbfs
[    1.731248] usbcore: registered new interface driver hub
[    1.735205] usbcore: registered new device driver usb
[    1.739391] pps_core: LinuxPPS API ver. 1 registered
[    1.741977] pps_core: Software ver. 5.3.6 - Copyright 2005-2007 Rodolfo Giometti <giometti@linux.it>
[    1.747226] PTP clock support registered
[    1.751514] EDAC MC: Ver: 3.0.0
[    1.755661] PCI: Using ACPI for IRQ routing
[    1.760002] NetLabel: Initializing
[    1.762044] NetLabel:  domain hash size = 128
[    1.763219] NetLabel:  protocols = UNLABELED CIPSOv4 CALIPSO
[    1.766712] NetLabel:  unlabeled traffic allowed by default
[    1.776020] hpet0: at MMIO 0xfed00000, IRQs 2, 8, 0
[    1.778961] hpet0: 3 comparators, 64-bit 100.000000 MHz counter
[    1.783830] clocksource: Switched to clocksource kvm-clock
[    1.820386] *** VALIDATE bpf ***
[    1.824807] VFS: Disk quotas dquot_6.6.0
[    1.827354] VFS: Dquot-cache hash table entries: 512 (order 0, 4096 bytes)
[    1.830756] *** VALIDATE ramfs ***
[    1.833333] *** VALIDATE hugetlbfs ***
[    1.835985] AppArmor: AppArmor Filesystem Enabled
[    1.840275] pnp: PnP ACPI init
[    1.843017] pnp: PnP ACPI: found 6 devices
[    1.852599] thermal_sys: Registered thermal governor 'fair_share'
[    1.852600] thermal_sys: Registered thermal governor 'bang_bang'
[    1.855957] thermal_sys: Registered thermal governor 'step_wise'
[    1.859791] thermal_sys: Registered thermal governor 'user_space'
[    1.863315] thermal_sys: Registered thermal governor 'power_allocator'
[    1.871803] clocksource: acpi_pm: mask: 0xffffff max_cycles: 0xffffff, max_idle_ns: 2085701024 ns
[    1.881510] pci_bus 0000:00: resource 4 [io  0x0000-0x0cf7 window]
[    1.884794] pci_bus 0000:00: resource 5 [io  0x0d00-0xffff window]
[    1.888218] pci_bus 0000:00: resource 6 [mem 0x000a0000-0x000bffff window]
[    1.891789] pci_bus 0000:00: resource 7 [mem 0xc0000000-0xfebfffff window]
[    1.896991] pci_bus 0000:00: resource 8 [mem 0xe0000000000-0xe007fffffff window]
[    1.900865] NET: Registered protocol family 2
[    1.903804] tcp_listen_portaddr_hash hash table entries: 2048 (order: 3, 32768 bytes, linear)
[    1.910195] TCP established hash table entries: 32768 (order: 6, 262144 bytes, linear)
[    1.915812] TCP bind hash table entries: 32768 (order: 7, 524288 bytes, linear)
[    1.920385] TCP: Hash tables configured (established 32768 bind 32768)
[    1.924687] UDP hash table entries: 2048 (order: 4, 65536 bytes, linear)
[    1.928588] UDP-Lite hash table entries: 2048 (order: 4, 65536 bytes, linear)
[    1.932524] NET: Registered protocol family 1
[    1.934937] NET: Registered protocol family 44
[    1.937383] pci 0000:00:01.0: PIIX3: Enabling Passive Release
[    1.940500] pci 0000:00:00.0: Limiting direct PCI/PCI transfers
[    1.944574] pci 0000:00:01.0: Activating ISA DMA hang workarounds
[    1.947886] pci 0000:00:02.0: Video device with shadowed ROM at [mem 0x000c0000-0x000dffff]
[    1.952605] PCI: CLS 0 bytes, default 64
[    1.954878] Trying to unpack rootfs image as initramfs...
[    3.959819] Freeing initrd memory: 89336K
[    3.962354] PCI-DMA: Using software bounce buffering for IO (SWIOTLB)
[    3.965853] software IO TLB: mapped [mem 0xbbfdd000-0xbffdd000] (64MB)
[    3.968730] clocksource: tsc: mask: 0xffffffffffffffff max_cycles: 0x2b2c909a7c7, max_idle_ns: 440795208498 ns
[    3.974707] check: Scanning for low memory corruption every 60 seconds
[    3.981346] Initialise system trusted keyrings
[    3.984250] Key type blacklist registered
[    3.987528] workingset: timestamp_bits=36 max_order=20 bucket_order=0
[    3.996549] zbud: loaded
[    4.000578] squashfs: version 4.0 (2009/01/31) Phillip Lougher
[    4.010687] fuse: init (API version 7.31)
[    4.013607] *** VALIDATE fuse ***
[    4.015444] *** VALIDATE fuse ***
[    4.018354] Platform Keyring initialized
[    4.024677] Key type asymmetric registered
[    4.026629] Asymmetric key parser 'x509' registered
[    4.029228] Block layer SCSI generic (bsg) driver version 0.4 loaded (major 244)
[    4.033078] io scheduler mq-deadline registered
[    4.039037] shpchp: Standard Hot Plug PCI Controller Driver version: 0.4
[    4.044767] input: Power Button as /devices/LNXSYSTM:00/LNXPWRBN:00/input/input0
[    4.048273] ACPI: Power Button [PWRF]
[    4.055104] PCI Interrupt Link [LNKC] enabled at IRQ 11
[    4.065320] PCI Interrupt Link [LNKD] enabled at IRQ 10
[    4.074326] Serial: 8250/16550 driver, 32 ports, IRQ sharing enabled
[    4.107296] 00:04: ttyS0 at I/O 0x3f8 (irq = 4, base_baud = 115200) is a 16550A
[    4.120913] Linux agpgart interface v0.103
[    4.134085] loop: module loaded
[    4.141785] scsi host0: ata_piix
[    4.145570] scsi host1: ata_piix
[    4.147788] ata1: PATA max MWDMA2 cmd 0x1f0 ctl 0x3f6 bmdma 0xc060 irq 14
[    4.151247] ata2: PATA max MWDMA2 cmd 0x170 ctl 0x376 bmdma 0xc068 irq 15
[    4.155110] libphy: Fixed MDIO Bus: probed
[    4.159624] tun: Universal TUN/TAP device driver, 1.6
[    4.163489] PPP generic driver version 2.4.2
[    4.165774] VFIO - User Level meta-driver version: 0.3
[    4.169902] ehci_hcd: USB 2.0 'Enhanced' Host Controller (EHCI) Driver
[    4.173041] ehci-pci: EHCI PCI platform driver
[    4.175522] ehci-platform: EHCI generic platform driver
[    4.178208] ohci_hcd: USB 1.1 'Open' Host Controller (OHCI) Driver
[    4.181675] ohci-pci: OHCI PCI platform driver
[    4.185852] ohci-platform: OHCI generic platform driver
[    4.189362] uhci_hcd: USB Universal Host Controller Interface driver
[    4.194156] i8042: PNP: PS/2 Controller [PNP0303:KBD,PNP0f13:MOU] at 0x60,0x64 irq 1,12
[    4.201252] serio: i8042 KBD port at 0x60,0x64 irq 1
[    4.204091] serio: i8042 AUX port at 0x60,0x64 irq 12
[    4.208010] mousedev: PS/2 mouse device common for all mice
[    4.211466] input: AT Translated Set 2 keyboard as /devices/platform/i8042/serio0/input/input1
[    4.215686] rtc_cmos 00:05: RTC can wake from S4
[    4.219035] rtc_cmos 00:05: registered as rtc0
[    4.221649] rtc_cmos 00:05: alarms up to one day, y3k, 242 bytes nvram, hpet irqs
[    4.226022] i2c /dev entries driver
[    4.228740] device-mapper: uevent: version 1.0.3
[    4.231763] device-mapper: ioctl: 4.41.0-ioctl (2019-09-16) initialised: dm-devel@redhat.com
[    4.241488] platform eisa.0: Probing EISA bus 0
[    4.246571] platform eisa.0: EISA: Cannot allocate resource for mainboard
[    4.251966] platform eisa.0: Cannot allocate resource for EISA slot 1
[    4.255564] platform eisa.0: Cannot allocate resource for EISA slot 2
[    4.258831] platform eisa.0: Cannot allocate resource for EISA slot 3
[    4.261993] platform eisa.0: Cannot allocate resource for EISA slot 4
[    4.265294] platform eisa.0: Cannot allocate resource for EISA slot 5
[    4.270987] platform eisa.0: Cannot allocate resource for EISA slot 6
[    4.274849] platform eisa.0: Cannot allocate resource for EISA slot 7
[    4.278860] platform eisa.0: Cannot allocate resource for EISA slot 8
[    4.285250] platform eisa.0: EISA: Detected 0 cards
[    4.288230] intel_pstate: CPU model not supported
[    4.291849] ledtrig-cpu: registered to indicate activity on CPUs
[    4.297292] drop_monitor: Initializing network drop monitor service
[    4.302535] NET: Registered protocol family 10
[    4.316701] Segment Routing with IPv6
[    4.318823] NET: Registered protocol family 17
[    4.322896] Key type dns_resolver registered
[    4.327138] RAS: Correctable Errors collector initialized.
[    4.330089] IPI shorthand broadcast: enabled
[    4.331922] sched_clock: Marking stable (3792432402, 539450410)->(4421017094, -89134282)
[    4.335696] registered taskstats version 1
[    4.339082] Loading compiled-in X.509 certificates
[    4.343528] Loaded X.509 cert 'Build time autogenerated kernel key: 7f1af841edfbf04e4b72462ffb6202c30b2da0bb'
[    4.350484] zswap: loaded using pool lzo/zbud
[    4.355036] Key type ._fscrypt registered
[    4.360885] Key type .fscrypt registered
[    4.371479] Key type big_key registered
[    4.378885] Key type encrypted registered
[    4.380981] AppArmor: AppArmor sha1 policy hashing enabled
[    4.385349] ima: No TPM chip found, activating TPM-bypass!
[    4.387915] ima: Allocated hash algorithm: sha1
[    4.390158] ima: No architecture policies found
[    4.392527] evm: Initialising EVM extended attributes:
[    4.396739] evm: security.selinux
[    4.399804] evm: security.SMACK64
[    4.402430] evm: security.SMACK64EXEC
[    4.405541] evm: security.SMACK64TRANSMUTE
[    4.407547] evm: security.SMACK64MMAP
[    4.409211] evm: security.apparmor
[    4.410995] evm: security.ima
[    4.412610] evm: security.capability
[    4.414517] evm: HMAC attrs: 0x1
[    4.428063] PM:   Magic number: 10:805:368
[    4.430903] rtc_cmos 00:05: setting system clock to 2026-09-03T07:21:06 UTC (1788420066)
[    4.439858] Freeing unused decrypted memory: 2040K
[    4.444629] Freeing unused kernel image memory: 2724K
[    4.459304] Write protecting the kernel read-only data: 22528k
[    4.463003] Freeing unused kernel image memory: 2008K
[    4.466023] Freeing unused kernel image memory: 1184K
[    4.476730] x86/mm: Checked W+X mappings: passed, no W+X pages found.
[    4.480028] Run /init as init process
Loading, please wait...
Starting version 245.4-4ubuntu3.2
[    4.583704] Floppy drive(s): fd0 is 2.88M AMI BIOS
[    4.590589] piix4_smbus 0000:00:01.3: SMBus Host Controller at 0x700, revision 0
[    4.607105] input: VirtualPS/2 VMware VMMouse as /devices/platform/i8042/serio1/input/input4
[    4.611582] input: VirtualPS/2 VMware VMMouse as /devices/platform/i8042/serio1/input/input3
[    4.616970] FDC 0 is a S82078B
[    4.621564] nvme nvme0: pci function 0000:00:05.0
[    4.621647] cryptd: max_cpu_qlen set to 1000
[    4.631015] PCI Interrupt Link [LNKA] enabled at IRQ 10
[    4.631970] scsi host2: Virtio SCSI HBA
[    4.662235] scsi 2:0:0:0: Direct-Access     QEMU     QEMU HARDDISK    2.5+ PQ: 0 ANSI: 5
[    4.664669] nvme nvme0: 4/0/0 default/read/poll queues
[    4.680156] virtio_net virtio0 ens3: renamed from eth0
[    4.778917] scsi 2:0:0:0: Attached scsi generic sg0 type 0
[    4.779980] sd 2:0:0:0: Power-on or device reset occurred
[    4.785686] sd 2:0:0:0: [sda] 167772160 512-byte logical blocks: (85.9 GB/80.0 GiB)
[    4.791930] sd 2:0:0:0: [sda] Write Protect is off
[    4.794796] sd 2:0:0:0: [sda] Write cache: enabled, read cache: enabled, supports DPO and FUA
[    4.800118] AVX2 version of gcm_enc/dec engaged.
[    4.803795] AES CTR mode by8 optimization enabled
[    4.813168] bochs-drm 0000:00:02.0: remove_conflicting_pci_framebuffers: bar 0: 0xfd000000 -> 0xfdffffff
[    4.821770] bochs-drm 0000:00:02.0: remove_conflicting_pci_framebuffers: bar 2: 0xfebd0000 -> 0xfebd0fff
[    4.826439] bochs-drm 0000:00:02.0: vgaarb: deactivate vga console
[    4.842901] Console: switching to colour dummy device 80x25
[    4.848293]  sda: sda1 sda2
[    4.849561] [drm] Found bochs VGA, ID 0xb0c5.
[    4.854329] [drm] Framebuffer size 16384 kB @ 0xfd000000, mmio @ 0xfebd0000.
[    4.855190] [TTM] Zone  kernel: Available graphics memory: 2015074 KiB
[    4.861239] [TTM] Initializing pool allocator
[    4.861248] [TTM] Initializing DMA pool allocator
[    4.862549] sd 2:0:0:0: [sda] Attached SCSI disk
[    4.868494] [drm] Found EDID data blob.
[    4.870330] [drm] Initialized bochs-drm 1.0.0 20130925 for 0000:00:02.0 on minor 0
[    4.896768] fbcon: bochs-drmdrmfb (fb0) is primary device
[    4.949071] Console: switching to colour frame buffer device 160x50
[    4.973363] bochs-drm 0000:00:02.0: fb0: bochs-drmdrmfb frame buffer device
Begin: Loading essential drivers ... [    5.147355] raid6: avx2x4   gen() 28211 MB/s
[    5.195361] raid6: avx2x4   xor() 11970 MB/s
[    5.243329] raid6: avx2x2   gen() 21779 MB/s
[    5.295326] raid6: avx2x2   xor() 12450 MB/s
[    5.347378] raid6: avx2x1   gen() 14099 MB/s
[    5.395426] raid6: avx2x1   xor() 11725 MB/s
[    5.447409] raid6: sse2x4   gen() 10936 MB/s
[    5.495495] raid6: sse2x4   xor()  5920 MB/s
[    5.547417] raid6: sse2x2   gen()  9809 MB/s
[    5.595583] raid6: sse2x2   xor()  6467 MB/s
[    5.643291] raid6: sse2x1   gen()  9720 MB/s
[    5.691335] raid6: sse2x1   xor()  5995 MB/s
[    5.696272] raid6: using algorithm avx2x4 gen() 28211 MB/s
[    5.700909] raid6: .... xor() 11970 MB/s, rmw enabled
[    5.704217] raid6: using avx2x2 recovery algorithm
[    5.713514] xor: automatically using best checksumming function   avx       
[    5.721733] async_tx: api initialized (async)
done.
Begin: Running /scripts/init-premount ... done.
Begin: Mounting root file system ... Begin: Running /scripts/local-top ... done.
Begin: Running /scripts/local-premount ... [    5.868768] Btrfs loaded, crc32c=crc32c-intel
Scanning for Btrfs filesystems
[    5.948347] blk_update_request: I/O error, dev fd0, sector 0 op 0x0:(READ) flags 0x0 phys_seg 1 prio class 0
[    5.961053] floppy: error 10 while reading block 0
done.
Warning: fsck not present, so skipping root file system
[    6.095902] EXT4-fs (sda2): mounted filesystem with ordered data mode. Opts: (null)
done.
Begin: Running /scripts/local-bottom ... done.
Begin: Running /scripts/init-bottom ... Internet Systems Consortium DHCP Client 4.4.1
Copyright 2004-2018 Internet Systems Consortium.
All rights reserved.
For info, please visit https://www.isc.org/software/dhcp/

Listening on LPF/ens3/52:54:00:12:34:56
Sending on   LPF/ens3/52:54:00:12:34:56
Sending on   Socket/fallback
DHCPDISCOVER on ens3 to 255.255.255.255 port 67 interval 3 (xid=0xa6c17e20)
DHCPOFFER of 10.0.2.15 from 10.0.2.2
DHCPREQUEST for 10.0.2.15 on ens3 to 255.255.255.255 port 67 (xid=0x207ec1a6)
DHCPACK of 10.0.2.15 from 10.0.2.2 (xid=0xa6c17e20)
bound to 10.0.2.15 -- renewal in 36212 seconds.
done.
[    6.600598] systemd[1]: Inserted module 'autofs4'
[    6.635970] systemd[1]: systemd 245.4-4ubuntu3.20 running in system mode. (+PAM +AUDIT +SELINUX +IMA +APPARMOR +SMACK +SYSVINIT +UTMP +LIBCRYPTSETUP +GCRYPT +GNUTLS +ACL +XZ +LZ4 +SECCOMP +BLKID +ELFUTILS +KMOD +IDN2 -IDN +PCRE2 default-hierarchy=hybrid)
[    6.666957] systemd[1]: Detected virtualization kvm.
[    6.672083] systemd[1]: Detected architecture x86-64.

Welcome to [1mUbuntu 20.04.1 LTS[0m!

[    6.713004] systemd[1]: Set hostname to <fvm>.
[    7.069858] systemd[1]: Created slice system-modprobe.slice.
[[0;32m  OK  [0m] Created slice [0;1;39msystem-modprobe.slice[0m.
[    7.081457] systemd[1]: Created slice system-serial\x2dgetty.slice.
[[0;32m  OK  [0m] Created slice [0;1;39msystem-serial\x2dgetty.slice[0m.
[    7.089239] systemd[1]: Created slice User and Session Slice.
[[0;32m  OK  [0m] Created slice [0;1;39mUser and Session Slice[0m.
[    7.096897] systemd[1]: Started Forward Password Requests to Wall Directory Watch.
[[0;32m  OK  [0m] Started [0;1;39mForward Password R…uests to Wall Directory Watch[0m.
[    7.104870] systemd[1]: Set up automount Arbitrary Executable File Formats File System Automount Point.
[[0;32m  OK  [0m] Set up automount [0;1;39mArbitrary…s File System Automount Point[0m.
[    7.115980] systemd[1]: Reached target User and Group Name Lookups.
[[0;32m  OK  [0m] Reached target [0;1;39mUser and Group Name Lookups[0m.
[    7.125699] systemd[1]: Reached target Slices.
[[0;32m  OK  [0m] Reached target [0;1;39mSlices[0m.
[    7.133545] systemd[1]: Listening on Device-mapper event daemon FIFOs.
[[0;32m  OK  [0m] Listening on [0;1;39mDevice-mapper event daemon FIFOs[0m.
[    7.140340] systemd[1]: Listening on LVM2 poll daemon socket.
[[0;32m  OK  [0m] Listening on [0;1;39mLVM2 poll daemon socket[0m.
[    7.151931] systemd[1]: Listening on multipathd control socket.
[[0;32m  OK  [0m] Listening on [0;1;39mmultipathd control socket[0m.
[    7.159083] systemd[1]: Listening on Syslog Socket.
[[0;32m  OK  [0m] Listening on [0;1;39mSyslog Socket[0m.
[    7.170185] systemd[1]: Listening on initctl Compatibility Named Pipe.
[[0;32m  OK  [0m] Listening on [0;1;39minitctl Compatibility Named Pipe[0m.
[    7.179339] systemd[1]: Listening on Journal Audit Socket.
[[0;32m  OK  [0m] Listening on [0;1;39mJournal Audit Socket[0m.
[    7.187148] systemd[1]: Listening on Journal Socket (/dev/log).
[[0;32m  OK  [0m] Listening on [0;1;39mJournal Socket (/dev/log)[0m.
[    7.194895] systemd[1]: Listening on Journal Socket.
[[0;32m  OK  [0m] Listening on [0;1;39mJournal Socket[0m.
[    7.200939] systemd[1]: Listening on Network Service Netlink Socket.
[[0;32m  OK  [0m] Listening on [0;1;39mNetwork Service Netlink Socket[0m.
[    7.211966] systemd[1]: Listening on udev Control Socket.
[[0;32m  OK  [0m] Listening on [0;1;39mudev Control Socket[0m.
[    7.220343] systemd[1]: Listening on udev Kernel Socket.
[[0;32m  OK  [0m] Listening on [0;1;39mudev Kernel Socket[0m.
[    7.229230] systemd[1]: Mounting Huge Pages File System...
         Mounting [0;1;39mHuge Pages File System[0m...
[    7.241296] systemd[1]: Mounting POSIX Message Queue File System...
         Mounting [0;1;39mPOSIX Message Queue File System[0m...
[    7.249908] systemd[1]: Mounting Kernel Debug File System...
         Mounting [0;1;39mKernel Debug File System[0m...
[    7.260807] systemd[1]: Mounting Kernel Trace File System...
         Mounting [0;1;39mKernel Trace File System[0m...
[    7.282915] systemd[1]: Starting Journal Service...
         Starting [0;1;39mJournal Service[0m...
[    7.293280] systemd[1]: Starting Set the console keyboard layout...
         Starting [0;1;39mSet the console keyboard layout[0m...
[    7.307786] systemd[1]: Starting Create list of static device nodes for the current kernel...
         Starting [0;1;39mCreate list of st…odes for the current kernel[0m...
[    7.321682] systemd[1]: Starting Monitoring of LVM2 mirrors, snapshots etc. using dmeventd or progress polling...
         Starting [0;1;39mMonitoring of LVM…meventd or progress polling[0m...
[    7.337513] systemd[1]: Starting Load Kernel Module chromeos_pstore...
         Starting [0;1;39mLoad Kernel Module chromeos_pstore[0m...
[    7.353804] systemd[1]: Condition check resulted in Load Kernel Module drm being skipped.
[    7.361605] systemd[1]: Starting Load Kernel Module efi_pstore...
         Starting [0;1;39mLoad Kernel Module efi_pstore[0m...
[    7.376826] systemd[1]: Starting Load Kernel Module pstore_blk...
         Starting [0;1;39mLoad Kernel Module pstore_blk[0m...
[    7.386294] systemd[1]: Starting Load Kernel Module pstore_zone...
         Starting [0;1;39mLoad Kernel Module pstore_zone[0m...
[    7.401122] systemd[1]: Starting Load Kernel Module ramoops...
         Starting [0;1;39mLoad Kernel Module ramoops[0m...
[    7.415157] systemd[1]: Condition check resulted in Set Up Additional Binary Formats being skipped.
[    7.437383] systemd[1]: Starting Load Kernel Modules...
         Starting [0;1;39mLoad Kernel Modules[0m...
[    7.451449] systemd[1]: Starting Remount Root and Kernel File Systems...
         Starting [0;1;39mRemount Root and Kernel File Systems[0m...
[    7.466325] systemd[1]: Starting udev Coldplug all Devices...
[    7.467805] EXT4-fs (sda2): re-mounted. Opts: (null)
         Starting [0;1;39mudev Coldplug all Devices[0m...
[    7.485463] systemd[1]: Starting Uncomplicated firewall...
         Starting [0;1;39mUncomplicated firewall[0m...
[    7.498918] systemd[1]: Started Journal Service.
[[0;32m  OK  [0m] Started [0;1;39mJournal Service[0m.
[[0;32m  OK  [0m] Mounted [0;1;39mHuge Pages File System[0m.
[[0;32m  OK  [0m] Mounted [0;1;39mPOSIX Message Queue File System[0m.
[[0;32m  OK  [0m] Mounted [0;1;39mKernel Debug File System[0m.
[[0;32m  OK  [0m] Mounted [0;1;39mKernel Trace File System[0m.
[[0;32m  OK  [0m] Finished [0;1;39mSet the console keyboard layout[0m.
[[0;32m  OK  [0m] Finished [0;1;39mCreate list of st… nodes for the current kernel[0m.
[[0;32m  OK  [0m] Finished [0;1;39mMonitoring of LVM… dmeventd or progress polling[0m.
[[0;32m  OK  [0m] Finished [0;1;39mLoad Kernel Module chromeos_pstore[0m.
[[0;32m  OK  [0m] Finished [0;1;39mLoad Kernel Module efi_pstore[0m.
[[0;32m  OK  [0m] Finished [0;1;39mLoad Kernel Module pstore_blk[0m.
[[0;32m  OK  [0m] Finished [0;1;39mLoad Kernel Module pstore_zone[0m.
[[0;32m  OK  [0m] Finished [0;1;39mLoad Kernel Module ramoops[0m.
[[0;32m  OK  [0m] Finished [0;1;39mLoad Kernel Modules[0m.
[[0;32m  OK  [0m] Finished [0;1;39mRemount Root and Kernel File Systems[0m.
[[0;32m  OK  [0m] Finished [0;1;39mUncomplicated firewall[0m.
         Activating swap [0;1;39m/swap.img[0m...
         Mounting [0;1;39mFUSE Control File System[0m...
         Mounting [0;1;39mKernel Configuration File System[0m...
         Starting [0;1;39mFlush Journal to Persistent Storage[0m...
[    7.616826] systemd-journald[375]: Received client request to flush runtime journal.
         Starting [0;1;39mLoad/Save Random Seed[0m...
         Starting [0;1;39mApply Kernel Variables[0m...
         Starting [0;1;39mCreate System Users[0m...
[[0;32m  OK  [0m] Finished [0;1;39mudev Coldplug all Devices[0m.
[[0;32m  OK  [0m] Mounted [0;1;39mFUSE Control File System[0m.
[[0;32m  OK  [0m] Mounted [0;1;39mKernel Configuration File System[0m.
         Starting [0;1;39mudev Wait for Complete Device Initialization[0m...
[[0;32m  OK  [0m] Finished [0;1;39mLoad/Save Random Seed[0m.
[[0;32m  OK  [0m] Finished [0;1;39mApply Kernel Variables[0m.
[[0;32m  OK  [0m] Finished [0;1;39mCreate System Users[0m.
         Starting [0;1;39mCreate Static Device Nodes in /dev[0m...
[[0;32m  OK  [0m] Activated swap [0;1;39m/swap.img[0m.
[[0;32m  OK  [0m] Reached target [0;1;39mSwap[0m.
[[0;32m  OK  [0m] Finished [0;1;39mCreate Static Device Nodes in /dev[0m.
         Starting [0;1;39mudev Kernel Device Manager[0m...
[[0;32m  OK  [0m] Started [0;1;39mudev Kernel Device Manager[0m.
[[0;32m  OK  [0m] Started [0;1;39mDispatch Password …ts to Console Directory Watch[0m.
[[0;32m  OK  [0m] Reached target [0;1;39mLocal Encrypted Volumes[0m.
         Starting [0;1;39mNetwork Service[0m...
[[0;32m  OK  [0m] Started [0;1;39mNetwork Service[0m.
         Starting [0;1;39mWait for Network to be Configured[0m...
[[0;32m  OK  [0m] Finished [0;1;39mWait for Network to be Configured[0m.
[[0;32m  OK  [0m] Finished [0;1;39mFlush Journal to Persistent Storage[0m.
[[0;32m  OK  [0m] Found device [0;1;39m/dev/ttyS0[0m.
[[0;32m  OK  [0m] Listening on [0;1;39mLoad/Save RF …itch Status /dev/rfkill Watch[0m.
[[0;32m  OK  [0m] Finished [0;1;39mudev Wait for Complete Device Initialization[0m.
         Starting [0;1;39mDevice-Mapper Multipath Device Controller[0m...
[[0;32m  OK  [0m] Started [0;1;39mDevice-Mapper Multipath Device Controller[0m.
[[0;32m  OK  [0m] Reached target [0;1;39mLocal File Systems (Pre)[0m.
         Mounting [0;1;39mMount unit for core18, revision 1880[0m...
         Mounting [0;1;39mMount unit for lxd, revision 16099[0m...
         Mounting [0;1;39mMount unit for snapd, revision 8542[0m...
[[0;32m  OK  [0m] Mounted [0;1;39mMount unit for core18, revision 1880[0m.
[[0;32m  OK  [0m] Mounted [0;1;39mMount unit for lxd, revision 16099[0m.
[[0;32m  OK  [0m] Mounted [0;1;39mMount unit for snapd, revision 8542[0m.
[[0;32m  OK  [0m] Reached target [0;1;39mLocal File Systems[0m.
         Starting [0;1;39mLoad AppArmor profiles[0m...
         Starting [0;1;39mSet console font and keymap[0m...
         Starting [0;1;39mCreate final runt…dir for shutdown pivot root[0m...
         Starting [0;1;39mTell Plymouth To Write Out Runtime Data[0m...
         Starting [0;1;39mCreate Volatile Files and Directories[0m...
[[0;32m  OK  [0m] Finished [0;1;39mSet console font and keymap[0m.
[[0;32m  OK  [0m] Finished [0;1;39mCreate final runt…e dir for shutdown pivot root[0m.
[[0;32m  OK  [0m] Finished [0;1;39mTell Plymouth To Write Out Runtime Data[0m.
[[0;32m  OK  [0m] Finished [0;1;39mCreate Volatile Files and Directories[0m.
         Starting [0;1;39mNetwork Name Resolution[0m...
         Starting [0;1;39mNetwork Time Synchronization[0m...
         Starting [0;1;39mUpdate UTMP about System Boot/Shutdown[0m...
[[0;32m  OK  [0m] Finished [0;1;39mLoad AppArmor profiles[0m.
         Starting [0;1;39mLoad AppArmor pro…managed internally by snapd[0m...
[[0;32m  OK  [0m] Finished [0;1;39mUpdate UTMP about System Boot/Shutdown[0m.
[[0;32m  OK  [0m] Finished [0;1;39mLoad AppArmor pro…s managed internally by snapd[0m.
[[0;32m  OK  [0m] Started [0;1;39mNetwork Time Synchronization[0m.
[[0;32m  OK  [0m] Reached target [0;1;39mSystem Initialization[0m.
[[0;32m  OK  [0m] Started [0;1;39mDaily Cleanup of Temporary Directories[0m.
[[0;32m  OK  [0m] Reached target [0;1;39mPaths[0m.
[[0;32m  OK  [0m] Reached target [0;1;39mSystem Time Set[0m.
[[0;32m  OK  [0m] Reached target [0;1;39mSystem Time Synchronized[0m.
[[0;32m  OK  [0m] Started [0;1;39mDaily apt download activities[0m.
[[0;32m  OK  [0m] Started [0;1;39mDaily apt upgrade and clean activities[0m.
[[0;32m  OK  [0m] Started [0;1;39mPeriodic ext4 Onli…ata Check for All Filesystems[0m.
[[0;32m  OK  [0m] Started [0;1;39mDiscard unused blocks once a week[0m.
[[0;32m  OK  [0m] Started [0;1;39mRefresh fwupd metadata regularly[0m.
[[0;32m  OK  [0m] Started [0;1;39mDaily rotation of log files[0m.
[[0;32m  OK  [0m] Started [0;1;39mDaily man-db regeneration[0m.
[[0;32m  OK  [0m] Started [0;1;39mMessage of the Day[0m.
[[0;32m  OK  [0m] Reached target [0;1;39mTimers[0m.
[[0;32m  OK  [0m] Listening on [0;1;39mD-Bus System Message Bus Socket[0m.
[[0;32m  OK  [0m] Listening on [0;1;39mOpen-iSCSI iscsid Socket[0m.
[[0;32m  OK  [0m] Listening on [0;1;39mSocket unix for snap application lxd.daemon[0m.
         Starting [0;1;39mSocket activation for snappy daemon[0m.
[[0;32m  OK  [0m] Listening on [0;1;39mUUID daemon activation socket[0m.
[[0;32m  OK  [0m] Listening on [0;1;39mSocket activation for snappy daemon[0m.
[[0;32m  OK  [0m] Reached target [0;1;39mSockets[0m.
[[0;32m  OK  [0m] Reached target [0;1;39mBasic System[0m.
         Starting [0;1;39mAccounts Service[0m...
[[0;32m  OK  [0m] Started [0;1;39mD-Bus System Message Bus[0m.
[[0;32m  OK  [0m] Started [0;1;39mSave initial kernel messages after boot[0m.
         Starting [0;1;39mRemove Stale Onli…t4 Metadata Check Snapshots[0m...
         Starting [0;1;39mLSB: Record successful boot for GRUB[0m...
         Starting [0;1;39mGRUB failed boot detection[0m...
[[0;32m  OK  [0m] Started [0;1;39mirqbalance daemon[0m.
         Starting [0;1;39mDispatcher daemon for systemd-networkd[0m...
         Starting [0;1;39mSystem Logging Service[0m...
         Starting [0;1;39mSnap Daemon[0m...
         Starting [0;1;39mLogin Service[0m...
         Starting [0;1;39mThermal Daemon Service[0m...
[[0;32m  OK  [0m] Started [0;1;39mNetwork Name Resolution[0m.
[[0;32m  OK  [0m] Finished [0;1;39mGRUB failed boot detection[0m.
[[0;32m  OK  [0m] Reached target [0;1;39mNetwork[0m.
[[0;32m  OK  [0m] Reached target [0;1;39mNetwork is Online[0m.
[[0;32m  OK  [0m] Reached target [0;1;39mHost and Network Name Lookups[0m.
[[0;32m  OK  [0m] Reached target [0;1;39mRemote File Systems (Pre)[0m.
[[0;32m  OK  [0m] Reached target [0;1;39mRemote File Systems[0m.
         Starting [0;1;39mLSB: automatic crash report generation[0m...
         Starting [0;1;39mDeferred execution scheduler[0m...
         Starting [0;1;39mAvailability of block devices[0m...
[[0;32m  OK  [0m] Started [0;1;39mRegular background program processing daemon[0m.
         Starting [0;1;39mService for snap application lxd.activate[0m...
         Starting [0;1;39mOpenBSD Secure Shell server[0m...
         Starting [0;1;39mPermit User Sessions[0m...
[[0;32m  OK  [0m] Finished [0;1;39mRemove Stale Onli…ext4 Metadata Check Snapshots[0m.
[[0;32m  OK  [0m] Started [0;1;39mLSB: Record successful boot for GRUB[0m.
[[0;32m  OK  [0m] Started [0;1;39mThermal Daemon Service[0m.
[[0;32m  OK  [0m] Started [0;1;39mDeferred execution scheduler[0m.
[[0;32m  OK  [0m] Finished [0;1;39mAvailability of block devices[0m.
[[0;32m  OK  [0m] Finished [0;1;39mPermit User Sessions[0m.
[[0;32m  OK  [0m] Started [0;1;39mSystem Logging Service[0m.
[[0;32m  OK  [0m] Started [0;1;39mLogin Service[0m.
         Starting [0;1;39mHold until boot process finishes up[0m...
         Starting [0;1;39mTerminate Plymouth Boot Screen[0m...
[[0;32m  OK  [0m] Started [0;1;39mUnattended Upgrades Shutdown[0m.
[[0;32m  OK  [0m] Started [0;1;39mLSB: automatic crash report generation[0m.
[[0;32m  OK  [0m] Finished [0;1;39mHold until boot process finishes up[0m.
[[0;32m  OK  [0m] Finished [0;1;39mTerminate Plymouth Boot Screen[0m.
         Starting [0;1;39mAuthorization Manager[0m...
[[0;32m  OK  [0m] Started [0;1;39mSerial Getty on ttyS0[0m.
         Starting [0;1;39mSet console scheme[0m...
[[0;32m  OK  [0m] Started [0;1;39mOpenBSD Secure Shell server[0m.
[[0;32m  OK  [0m] Finished [0;1;39mSet console scheme[0m.
[[0;32m  OK  [0m] Created slice [0;1;39msystem-getty.slice[0m.
[[0;32m  OK  [0m] Started [0;1;39mGetty on tty1[0m.
[[0;32m  OK  [0m] Reached target [0;1;39mLogin Prompts[0m.
[[0;32m  OK  [0m] Started [0;1;39mAuthorization Manager[0m.
[[0;32m  OK  [0m] Started [0;1;39mAccounts Service[0m.
[[0;32m  OK  [0m] Started [0;1;39mDispatcher daemon for systemd-networkd[0m.
[[0;32m  OK  [0m] Created slice [0;1;39mUser Slice of UID 1000[0m.
         Starting [0;1;39mUser Runtime Directory /run/user/1000[0m...
[[0;32m  OK  [0m] Finished [0;1;39mUser Runtime Directory /run/user/1000[0m.
         Starting [0;1;39mUser Manager for UID 1000[0m...
[[0;32m  OK  [0m] Started [0;1;39mUser Manager for UID 1000[0m.
[[0;32m  OK  [0m] Started [0;1;39mSession 1 of user femu[0m.
[[0;32m  OK  [0m] Started [0;1;39mSnap Daemon[0m.
         Starting [0;1;39mWait until snapd is fully seeded[0m...
[[0;32m  OK  [0m] Finished [0;1;39mWait until snapd is fully seeded[0m.
[[0;32m  OK  [0m] Finished [0;1;39mService for snap application lxd.activate[0m.
[[0;32m  OK  [0m] Reached target [0;1;39mMulti-User System[0m.
[[0;32m  OK  [0m] Reached target [0;1;39mGraphical Interface[0m.
         Starting [0;1;39mUpdate UTMP about System Runlevel Changes[0m...
[[0;32m  OK  [0m] Finished [0;1;39mUpdate UTMP about System Runlevel Changes[0m.

Ubuntu 20.04.1 LTS fvm ttyS0

fvm login: [FEMU] FTL-Log: BBSSD-STATS version=V4-ClassGC hot_pool_percent=20 initial_hot_lines=25 initial_cold_lines=103 current_hot_lines=25 current_cold_lines=103 pool_ownership_invariant=PASS frequency_window_writes=4096 hot_writes_per_window=4 cold_writes_per_window=1 erase_event_threshold=1 host_write_seq=1572864 host_page_writes=1572864 nand_page_writes=1572864 gc_page_writes=0 block_erases=0 waf=1.000000 gc_count=0 average_gc_copy=N/A host_hot_writes=0 host_cold_writes=1572864 hot_write_ratio=0.000000 host_cold_low_frequency_writes=1572864 host_hot_high_frequency_writes=0 host_hot_erase_signal_writes=0 host_cold_erase_signal_writes=0 mid_frequency_erase_events_zero=0 mid_frequency_erase_events_one=0 mid_frequency_erase_events_two=0 mid_frequency_erase_events_three_plus=0 gc_hot_writes=0 gc_cold_writes=0 cold_to_hot_count=0 hot_to_cold_count=0 hot_pool_empty_count=0 cold_pool_empty_count=0 borrow_count=0 emergency_gc_count=0 hot_victim_gc_count=0 cold_victim_gc_count=0 hot_victim_gc_page_copies=0 cold_victim_gc_page_copies=0 avg_hot_gc_copy=N/A avg_cold_gc_copy=N/A avg_hot_victim_invalid_ratio=N/A avg_cold_victim_invalid_ratio=N/A opposite_normal_gc_count=0 opposite_forced_gc_count=0 global_emergency_fallback_count=0 counter_invariant=PASS
[FEMU] Log: vSSD0,Reset tt_late_ios/tt_ios,6366/6585
[FEMU] FTL-Log: BBSSD-STATS version=V4-ClassGC hot_pool_percent=20 initial_hot_lines=25 initial_cold_lines=103 current_hot_lines=21 current_cold_lines=107 pool_ownership_invariant=PASS frequency_window_writes=4096 hot_writes_per_window=4 cold_writes_per_window=1 erase_event_threshold=1 host_write_seq=88810168 host_page_writes=88810168 nand_page_writes=474696199 gc_page_writes=385886031 block_erases=1853824 waf=5.345066 gc_count=28966 average_gc_copy=13322.033798 host_hot_writes=34495357 host_cold_writes=54314811 hot_write_ratio=0.388417 host_cold_low_frequency_writes=54148072 host_hot_high_frequency_writes=17578704 host_hot_erase_signal_writes=16916653 host_cold_erase_signal_writes=166739 mid_frequency_erase_events_zero=16916653 mid_frequency_erase_events_one=166739 mid_frequency_erase_events_two=0 mid_frequency_erase_events_three_plus=0 gc_hot_writes=7622271 gc_cold_writes=378263760 cold_to_hot_count=11009019 hot_to_cold_count=11005911 hot_pool_empty_count=0 cold_pool_empty_count=4 borrow_count=4 emergency_gc_count=0 hot_victim_gc_count=2570 cold_victim_gc_count=26396 hot_victim_gc_page_copies=7622271 cold_victim_gc_page_copies=378263760 avg_hot_gc_copy=2965.864202 avg_cold_gc_copy=14330.343992 avg_hot_victim_invalid_ratio=0.818978 avg_cold_victim_invalid_ratio=0.125345 opposite_normal_gc_count=2570 opposite_forced_gc_count=0 global_emergency_fallback_count=0 counter_invariant=PASS
[FEMU] Log: vSSD0,Reset tt_late_ios/tt_ios,12196426/22202692
         Stopping [0;1;39mSession 50 of user femu[0m.
[[0;32m  OK  [0m] Removed slice [0;1;39msystem-modprobe.slice[0m.
[[0;32m  OK  [0m] Stopped target [0;1;39mGraphical Interface[0m.
[[0;32m  OK  [0m] Stopped target [0;1;39mMulti-User System[0m.
[[0;32m  OK  [0m] Stopped target [0;1;39mLogin Prompts[0m.
[[0;32m  OK  [0m] Stopped target [0;1;39mNetwork is Online[0m.
[[0;32m  OK  [0m] Stopped target [0;1;39mHost and Network Name Lookups[0m.
[[0;32m  OK  [0m] Stopped target [0;1;39mTimers[0m.
[[0;32m  OK  [0m] Stopped [0;1;39mDaily apt upgrade and clean activities[0m.
[[0;32m  OK  [0m] Stopped [0;1;39mDaily apt download activities[0m.
[[0;32m  OK  [0m] Stopped [0;1;39mPeriodic ext4 Onli…ata Check for All Filesystems[0m.
[[0;32m  OK  [0m] Stopped [0;1;39mDiscard unused blocks once a week[0m.
[[0;32m  OK  [0m] Stopped [0;1;39mRefresh fwupd metadata regularly[0m.
[[0;32m  OK  [0m] Stopped [0;1;39mDaily rotation of log files[0m.
[[0;32m  OK  [0m] Stopped [0;1;39mDaily man-db regeneration[0m.
[[0;32m  OK  [0m] Stopped [0;1;39mMessage of the Day[0m.
[[0;32m  OK  [0m] Stopped [0;1;39mDaily Cleanup of Temporary Directories[0m.
[[0;32m  OK  [0m] Stopped target [0;1;39mSystem Time Synchronized[0m.
[[0;32m  OK  [0m] Stopped target [0;1;39mSystem Time Set[0m.
[[0;32m  OK  [0m] Closed [0;1;39mLVM2 poll daemon socket[0m.
[[0;32m  OK  [0m] Closed [0;1;39mLoad/Save RF Kill Switch Status /dev/rfkill Watch[0m.
         Stopping [0;1;39mAccounts Service[0m...
         Stopping [0;1;39mLSB: automatic crash report generation[0m...
         Stopping [0;1;39mDeferred execution scheduler[0m...
         Stopping [0;1;39mAvailability of block devices[0m...
         Stopping [0;1;39mRegular background program processing daemon[0m...
         Stopping [0;1;39mCreate final runt…dir for shutdown pivot root[0m...
         Stopping [0;1;39mGetty on tty1[0m...
         Stopping [0;1;39mLSB: Record successful boot for GRUB[0m...
         Stopping [0;1;39mirqbalance daemon[0m...
         Stopping [0;1;39mDispatcher daemon for systemd-networkd[0m...
         Stopping [0;1;39mAuthorization Manager[0m...
         Stopping [0;1;39mSystem Logging ServicStopping [0;1;39mSerial Getty on ttyS0[0m...
[[0;32m  OK  [0m] Stopped [0;1;39mWait until snapd is fully seeded[0m.
         Stopping [0;1;39mSnap Daemon[0m...
         Stopping [0;1;39mOpenBSD Secure Shell server[0m...
[[0;32m  OK  [0m] Stopped [0;1;39mWait for Network to be Configured[0m.
         Stopping [0;1;39mLoad/Save Random Seed[0m...
         Stopping [0;1;39mUnattended Upgrades Shutdown[0m...
[[0;32m  OK  [0m] Stopped [0;1;39mAccounts Service[0m.
[[0;32m  OK  [0m] Stopped [0;1;39mirqbalance daemon[0m.
[[0;32m  OK  [0m] Stopped [0;1;39mDispatcher daemon for systemd-networkd[0m.
[[0;32m  OK  [0m] Stopped [0;1;39mSystem Logging Service[0m.
[[0;32m  OK  [0m] Stopped [0;1;39mSnap Daemon[0m.
[[0;32m  OK  [0m] Stopped [0;1;39mRegular background program processing daemon[0m.
[[0;32m  OK  [0m] Stopped [0;1;39mDeferred execution scheduler[0m.
[[0;32m  OK  [0m] Stopped [0;1;39mOpenBSD Secure Shell server[0m.
[[0;32m  OK  [0m] Stopped [0;1;39mAuthorization Manager[0m.
[[0;32m  OK  [0m] Stopped [0;1;39mSerial Getty on ttyS0[0m.
[[0;32m  OK  [0m] Stopped [0;1;39mGetty on tty1[0m.
[[0;32m  OK  [0m] Stopped [0;1;39mUnattended Upgrades Shutdown[0m.
[[0;32m  OK  [0m] Stopped [0;1;39mAvailability of block devices[0m.
[[0;32m  OK  [0m] Stopped [0;1;39mLoad/Save Random Seed[0m.
[[0;32m  OK  [0m] Stopped [0;1;39mSession 50 of user femu[0m.
[[0;32m  OK  [0m] Removed slice [0;1;39msystem-getty.slice[0m.
[[0;32m  OK  [0m] Removed slice [0;1;39msystem-serial\x2dgetty.slice[0m.
         Stopping [0;1;39mLogin Service[0m...
         Stopping [0;1;39mUser Manager for UID 1000[0m...
[[0;32m  OK  [0m] Stopped [0;1;39mLSB: automatic crash report generation[0m.
[[0;32m  OK  [0m] Stopped [0;1;39mUser Manager for UID 1000[0m.
[[0;32m  OK  [0m] Stopped [0;1;39mLSB: Record successful boot for GRUB[0m.
         Stopping [0;1;39mUser Runtime Directory /run/user/1000[0m...
[[0;32m  OK  [0m] Unmounted [0;1;39m/run/user/1000[0m.
[[0;32m  OK  [0m] Stopped [0;1;39mUser Runtime Directory /run/user/1000[0m.
[[0;32m  OK  [0m] Removed slice [0;1;39mUser Slice of UID 1000[0m.
         Stopping [0;1;39mD-Bus System Message Bus[0m...
         Stopping [0;1;39mPermit User Sessions[0m...
[[0;32m  OK  [0m] Stopped [0;1;39mD-Bus System Message Bus[0m.
[[0;32m  OK  [0m] Stopped [0;1;39mPermit User Sessions[0m.
[[0;32m  OK  [0m] Stopped target [0;1;39mNetwork[0m.
[[0;32m  OK  [0m] Stopped target [0;1;39mRemote File Systems[0m.
[[0;32m  OK  [0m] Stopped target [0;1;39mRemote File Systems (Pre)[0m.
         Stopping [0;1;39mNetwork Name Resolution[0m...
[[0;32m  OK  [0m] Stopped [0;1;39mLogin Service[0m.
[[0;32m  OK  [0m] Stopped target [0;1;39mBasic System[0m.
[[0;32m  OK  [0m] Stopped target [0;1;39mUser and Group Name Lookups[0m.
[[0;32m  OK  [0m] Stopped target [0;1;39mPaths[0m.
[[0;32m  OK  [0m] Stopped target [0;1;39mSlices[0m.
[[0;32m  OK  [0m] Removed slice [0;1;39mUser and Session Slice[0m.
[[0;32m  OK  [0m] Stopped target [0;1;39mSockets[0m.
[[0;32m  OK  [0m] Closed [0;1;39mD-Bus System Message Bus Socket[0m.
[[0;32m  OK  [0m] Closed [0;1;39mOpen-iSCSI iscsid Socket[0m.
[[0;32m  OK  [0m] Closed [0;1;39mSocket unix for snap application lxd.daemon[0m.
[[0;32m  OK  [0m] Closed [0;1;39mSocket activation for snappy daemon[0m.
[[0;32m  OK  [0m] Closed [0;1;39mSyslog Socket[0m.
[[0;32m  OK  [0m] Closed [0;1;39mUUID daemon activation socket[0m.
[[0;32m  OK  [0m] Stopped target [0;1;39mSystem Initialization[0m.
[[0;32m  OK  [0m] Stopped target [0;1;39mLocal Encrypted Volumes[0m.
[[0;32m  OK  [0m] Stopped [0;1;39mDispatch Password …ts to Console Directory Watch[0m.
[[0;32m  OK  [0m] Stopped [0;1;39mForward Password R…uests to Wall Directory Watch[0m.
         Stopping [0;1;39mNetwork Time Synchronization[0m...
         Stopping [0;1;39mUpdate UTMP about System Boot/Shutdown[0m...
[[0;32m  OK  [0m] Stopped [0;1;39mNetwork Name Resolution[0m.
         Stopping [0;1;39mNetwork Service[0m...
[[0;32m  OK  [0m] Stopped [0;1;39mUpdate UTMP about System Boot/Shutdown[0m.
[[0;32m  OK  [0m] Stopped [0;1;39mNetwork Service[0m.
[[0;32m  OK  [0m] Stopped [0;1;39mNetwork Time Synchronization[0m.
[[0;32m  OK  [0m] Stopped [0;1;39mApply Kernel Variables[0m.
[[0;32m  OK  [0m] Stopped [0;1;39mLoad Kernel Modules[0m.
[[0;32m  OK  [0m] Stopped [0;1;39mCreate Volatile Files and Directories[0m.
[[0;32m  OK  [0m] Stopped [0;1;39mCreate final runtime dir for shutdown pivot root[0m.
[[0;32m  OK  [0m] Stopped target [0;1;39mLocal File Systems[0m.
         Unmounting [0;1;39m/run/snapd/ns/lxd.mnt[0m...
         Unmounting [0;1;39mMount unit for core18, revision 1880[0m...
         Unmounting [0;1;39mMount unit for lxd, revision 16099[0m...
         Unmounting [0;1;39mMount unit for snapd, revision 8542[0m...
[[0;32m  OK  [0m] Unmounted [0;1;39m/run/snapd/ns/lxd.mnt[0m.
         Unmounting [0;1;39m/run/snapd/ns[0m...
[[0;32m  OK  [0m] Unmounted [0;1;39mMount unit for lxd, revision 16099[0m.
[[0;32m  OK  [0m] Unmounted [0;1;39m/run/snapd/ns[0m.
[[0;32m  OK  [0m] Stopped target [0;1;39mSwap[0m.
         Deactivating swap [0;1;39m/swap.img[0m...
[[0;32m  OK  [0m] Unmounted [0;1;39mMount unit for core18, revision 1880[0m.
[[0;32m  OK  [0m] Unmounted [0;1;39mMount unit for snapd, revision 8542[0m.
[[0;32m  OK  [0m] Stopped target [0;1;39mLocal File Systems (Pre)[0m.
         Stopping [0;1;39mMonitoring of LVM…meventd or progress polling[0m...
         Stopping [0;1;39mDevice-Mapper Multipath Device Controller[0m...
[[0;32m  OK  [0m] Stopped [0;1;39mCreate Static Device Nodes in /dev[0m.
[[0;32m  OK  [0m] Stopped [0;1;39mCreate System Users[0m.
[[0;32m  OK  [0m] Stopped [0;1;39mDevice-Mapper Multipath Device Controller[0m.
[[0;32m  OK  [0m] Deactivated swap [0;1;39m/swap.img[0m.
[[0;32m  OK  [0m] Reached target [0;1;39mUnmount All Filesystems[0m.
[[0;32m  OK  [0m] Stopped [0;1;39mRemount Root and Kernel File Systems[0m.
[[0;32m  OK  [0m] Stopped [0;1;39mMonitoring of LVM2… dmeventd or progress polling[0m.
[[0;32m  OK  [0m] Reached target [0;1;39mShutdown[0m.
[[0;32m  OK  [0m] Reached target [0;1;39mFinal Step[0m.
[[0;32m  OK  [0m] Finished [0;1;39mPower-Off[0m.
[[0;32m  OK  [0m] Reached target [0;1;39mPower-Off[0m.
[ 1902.336469] reboot: Power down
