[FEMU] FTL-Log: LPN metadata: entries=2097152 entry_size=24 total=48 MiB hot_window=1024
[FEMU] FTL-Log: Write pointers: hot_line=64 cold_line=0 free=126 hot_free=63 cold_free=63
c[?7l[2J[0mSeaBIOS (version rel-1.17.0-0-gb52ca86e094d-prebuilt.qemu.org)


iPXE (http://ipxe.org) 00:03.0 CA00 PCI2.10 PnP PMM+BEFD1D20+BEF31D20 CA00
Press Ctrl-B to configure iPXE (PCI 00:03.0)...                                                                               


Booting from Hard Disk...
[H[J[1;1H[?25l[m[H[J[1;1H[2;30HGNU GRUB  version 2.04

[m[4;2H+----------------------------------------------------------------------------+[5;2H|[5;79H|[6;2H|[6;79H|[7;2H|[7;79H|[8;2H|[8;79H|[9;2H|[9;79H|[10;2H|[10;79H|[11;2H|[11;79H|[12;2H|[12;79H|[13;2H|[13;79H|[14;2H|[14;79H|[15;2H|[15;79H|[16;2H|[16;79H|[17;2H+----------------------------------------------------------------------------+[m[18;2H[19;2H[m     Use the ^ and v keys to select which entry is highlighted.          
      Press enter to boot the selected OS, `e' to edit the commands       
      before booting or `c' for a command-line.                           [5;80H [7m[5;3H*Ubuntu, with Linux 5.4.0-64-generic                                        [m[5;78H[m[m[6;3H                                                                            [m[6;78H[m[m[7;3H                                                                            [m[7;78H[m[m[8;3H                                                                            [m[8;78H[m[m[9;3H                                                                            [m[9;78H[m[m[10;3H                                                                            [m[10;78H[m[m[11;3H                                                                            [m[11;78H[m[m[12;3H                                                                            [m[12;78H[m[m[13;3H                                                                            [m[13;78H[m[m[14;3H                                                                            [m[14;78H[m[m[15;3H                                                                            [m[15;78H[m[m[16;3H                                                                            [m[16;78H[m[16;80H [5;78H[22;1H   The highlighted entry will be executed automatically in 3s.                 [5;78H[22;1H   The highlighted entry will be executed automatically in 2s.                 [5;78H[22;1H   The highlighted entry will be executed automatically in 1s.                 [5;78H[22;1H   The highlighted entry will be executed automatically in 0s.                 [5;78H[?25h[H[J[1;1H[H[J[1;1HLoading Linux 5.4.0-64-generic ...
Loading initial ramdisk ...
[    0.000000] Linux version 5.4.0-64-generic (buildd@lcy01-amd64-021) (gcc version 9.3.0 (Ubuntu 9.3.0-17ubuntu1~20.04)) #72-Ubuntu SMP Fri Jan 15 10:27:54 UTC 2021 (Ubuntu 5.4.0-64.72-generic 5.4.78)
[    0.000000] Command line: BOOT_IMAGE=/boot/vmlinuz-5.4.0-64-generic root=UUID=66add23f-3d34-46f1-a540-ebfdd268827e ro ip=dhcp console=ttyS0,115200 console=tty console=ttyS0 text
[    0.000000] KERNEL supported cpus:
[    0.000000]   Intel GenuineIntel
[    0.000000]   AMD AuthenticAMD
[    0.000000]   Hygon HygonGenuine
[    0.000000]   Centaur CentaurHauls
[    0.000000]   zhaoxin   Shanghai  
[    0.000000] x86/fpu: Supporting XSAVE feature 0x001: 'x87 floating point registers'
[    0.000000] x86/fpu: Supporting XSAVE feature 0x002: 'SSE registers'
[    0.000000] x86/fpu: Supporting XSAVE feature 0x004: 'AVX registers'
[    0.000000] x86/fpu: xstate_offset[2]:  576, xstate_sizes[2]:  256
[    0.000000] x86/fpu: Enabled xstate features 0x7, context size is 832 bytes, using 'compacted' format.
[    0.000000] BIOS-provided physical RAM map:
[    0.000000] BIOS-e820: [mem 0x0000000000000000-0x000000000009fbff] usable
[    0.000000] BIOS-e820: [mem 0x000000000009fc00-0x000000000009ffff] reserved
[    0.000000] BIOS-e820: [mem 0x00000000000f0000-0x00000000000fffff] reserved
[    0.000000] BIOS-e820: [mem 0x0000000000100000-0x00000000bffdcfff] usable
[    0.000000] BIOS-e820: [mem 0x00000000bffdd000-0x00000000bfffffff] reserved
[    0.000000] BIOS-e820: [mem 0x00000000feffc000-0x00000000feffffff] reserved
[    0.000000] BIOS-e820: [mem 0x00000000fffc0000-0x00000000ffffffff] reserved
[    0.000000] BIOS-e820: [mem 0x0000000100000000-0x000000013fffffff] usable
[    0.000000] NX (Execute Disable) protection: active
[    0.000000] SMBIOS 2.8 present.
[    0.000000] DMI: QEMU Standard PC (i440FX + PIIX, 1996), BIOS rel-1.17.0-0-gb52ca86e094d-prebuilt.qemu.org 04/01/2014
[    0.000000] Hypervisor detected: KVM
[    0.000000] kvm-clock: Using msrs 4b564d01 and 4b564d00
[    0.000000] kvm-clock: cpu 0, msr 72601001, primary cpu clock
[    0.000000] kvm-clock: using sched offset of 9516507948 cycles
[    0.000002] clocksource: kvm-clock: mask: 0xffffffffffffffff max_cycles: 0x1cd42e4dffb, max_idle_ns: 881590591483 ns
[    0.000005] tsc: Detected 2995.202 MHz processor
[    0.002405] last_pfn = 0x140000 max_arch_pfn = 0x400000000
[    0.002586] x86/PAT: Configuration [0-7]: WB  WC  UC- UC  WB  WP  UC- WT  
[    0.002612] last_pfn = 0xbffdd max_arch_pfn = 0x400000000
[    0.008019] found SMP MP-table at [mem 0x000f54b0-0x000f54bf]
[    0.008224] check: Scanning 1 areas for low memory corruption
[    0.008465] Using GB pages for direct mapping
[    0.010139] RAMDISK: [mem 0x2d173000-0x328b0fff]
[    0.010255] ACPI: Early table checksum verification disabled
[    0.010304] ACPI: RSDP 0x00000000000F52B0 000014 (v00 BOCHS )
[    0.010322] ACPI: RSDT 0x00000000BFFE2458 000034 (v01 BOCHS  BXPC     00000001 BXPC 00000001)
[    0.010329] ACPI: FACP 0x00000000BFFE22F4 000074 (v01 BOCHS  BXPC     00000001 BXPC 00000001)
[    0.010335] ACPI: DSDT 0x00000000BFFE0040 0022B4 (v01 BOCHS  BXPC     00000001 BXPC 00000001)
[    0.010337] ACPI: FACS 0x00000000BFFE0000 000040
[    0.010340] ACPI: APIC 0x00000000BFFE2368 000090 (v03 BOCHS  BXPC     00000001 BXPC 00000001)
[    0.010342] ACPI: HPET 0x00000000BFFE23F8 000038 (v01 BOCHS  BXPC     00000001 BXPC 00000001)
[    0.010345] ACPI: WAET 0x00000000BFFE2430 000028 (v01 BOCHS  BXPC     00000001 BXPC 00000001)
[    0.011147] No NUMA configuration found
[    0.011149] Faking a node at [mem 0x0000000000000000-0x000000013fffffff]
[    0.011157] NODE_DATA(0) allocated [mem 0x13ffd3000-0x13fffdfff]
[    0.012770] Zone ranges:
[    0.012776]   DMA      [mem 0x0000000000001000-0x0000000000ffffff]
[    0.012777]   DMA32    [mem 0x0000000001000000-0x00000000ffffffff]
[    0.012778]   Normal   [mem 0x0000000100000000-0x000000013fffffff]
[    0.012779]   Device   empty
[    0.012780] Movable zone start for each node
[    0.012781] Early memory node ranges
[    0.012782]   node   0: [mem 0x0000000000001000-0x000000000009efff]
[    0.012783]   node   0: [mem 0x0000000000100000-0x00000000bffdcfff]
[    0.012784]   node   0: [mem 0x0000000100000000-0x000000013fffffff]
[    0.016333] Zeroed struct page in unavailable ranges: 133 pages
[    0.016336] Initmem setup node 0 [mem 0x0000000000001000-0x000000013fffffff]
[    0.068788] ACPI: PM-Timer IO Port: 0x608
[    0.068814] ACPI: LAPIC_NMI (acpi_id[0xff] dfl dfl lint[0x1])
[    0.068897] IOAPIC[0]: apic_id 0, version 17, address 0xfec00000, GSI 0-23
[    0.068900] ACPI: INT_SRC_OVR (bus 0 bus_irq 0 global_irq 2 dfl dfl)
[    0.068901] ACPI: INT_SRC_OVR (bus 0 bus_irq 5 global_irq 5 high level)
[    0.068902] ACPI: INT_SRC_OVR (bus 0 bus_irq 9 global_irq 9 high level)
[    0.068903] ACPI: INT_SRC_OVR (bus 0 bus_irq 10 global_irq 10 high level)
[    0.068903] ACPI: INT_SRC_OVR (bus 0 bus_irq 11 global_irq 11 high level)
[    0.068908] Using ACPI (MADT) for SMP configuration information
[    0.068909] ACPI: HPET id: 0x8086a201 base: 0xfed00000
[    0.068914] TSC deadline timer available
[    0.068922] smpboot: Allowing 4 CPUs, 0 hotplug CPUs
[    0.068973] KVM setup pv sched yield
[    0.068982] PM: Registered nosave memory: [mem 0x00000000-0x00000fff]
[    0.068983] PM: Registered nosave memory: [mem 0x0009f000-0x0009ffff]
[    0.068984] PM: Registered nosave memory: [mem 0x000a0000-0x000effff]
[    0.068984] PM: Registered nosave memory: [mem 0x000f0000-0x000fffff]
[    0.068985] PM: Registered nosave memory: [mem 0xbffdd000-0xbfffffff]
[    0.068986] PM: Registered nosave memory: [mem 0xc0000000-0xfeffbfff]
[    0.068986] PM: Registered nosave memory: [mem 0xfeffc000-0xfeffffff]
[    0.068987] PM: Registered nosave memory: [mem 0xff000000-0xfffbffff]
[    0.068987] PM: Registered nosave memory: [mem 0xfffc0000-0xffffffff]
[    0.068989] [mem 0xc0000000-0xfeffbfff] available for PCI devices
[    0.068990] Booting paravirtualized kernel on KVM
[    0.068993] clocksource: refined-jiffies: mask: 0xffffffff max_cycles: 0xffffffff, max_idle_ns: 7645519600211568 ns
[    0.068997] setup_percpu: NR_CPUS:8192 nr_cpumask_bits:4 nr_cpu_ids:4 nr_node_ids:1
[    0.071081] percpu: Embedded 55 pages/cpu s188416 r8192 d28672 u524288
[    0.071162] KVM setup async PF for cpu 0
[    0.071203] kvm-stealtime: cpu 0, msr 13ba2d040
[    0.071231] PV qspinlock hash table entries: 256 (order: 0, 4096 bytes, linear)
[    0.071247] Built 1 zonelists, mobility grouping on.  Total pages: 1032038
[    0.071248] Policy zone: Normal
[    0.071251] Kernel command line: BOOT_IMAGE=/boot/vmlinuz-5.4.0-64-generic root=UUID=66add23f-3d34-46f1-a540-ebfdd268827e ro ip=dhcp console=ttyS0,115200 console=tty console=ttyS0 text
[    0.074896] Dentry cache hash table entries: 524288 (order: 10, 4194304 bytes, linear)
[    0.077705] Inode-cache hash table entries: 262144 (order: 9, 2097152 bytes, linear)
[    0.077817] mem auto-init: stack:off, heap alloc:on, heap free:off
[    0.108630] Memory: 3932816K/4193772K available (14339K kernel code, 2399K rwdata, 4960K rodata, 2724K init, 4980K bss, 260956K reserved, 0K cma-reserved)
[    0.108641] random: get_random_u64 called from kmem_cache_open+0x2d/0x410 with crng_init=0
[    0.110691] SLUB: HWalign=64, Order=0-3, MinObjects=0, CPUs=4, Nodes=1
[    0.110708] ftrace: allocating 44555 entries in 175 pages
[    0.127199] rcu: Hierarchical RCU implementation.
[    0.127201] rcu: 	RCU restricting CPUs from NR_CPUS=8192 to nr_cpu_ids=4.
[    0.127203] 	Tasks RCU enabled.
[    0.127204] rcu: RCU calculated value of scheduler-enlistment delay is 25 jiffies.
[    0.127204] rcu: Adjusting geometry for rcu_fanout_leaf=16, nr_cpu_ids=4
[    0.128904] NR_IRQS: 524544, nr_irqs: 456, preallocated irqs: 16
[    0.129226] random: crng done (trusting CPU's manufacturer)
[    0.165702] Console: colour VGA+ 80x25
[    0.248785] printk: console [tty0] enabled
[    0.504596] printk: console [ttyS0] enabled
[    0.506830] ACPI: Core revision 20190816
[    0.509333] clocksource: hpet: mask: 0xffffffff max_cycles: 0xffffffff, max_idle_ns: 19112604467 ns
[    0.513431] APIC: Switch to symmetric I/O mode setup
[    0.516256] x2apic enabled
[    0.518188] Switched APIC routing to physical x2apic.
[    0.520884] KVM setup pv IPIs
[    0.525897] ..TIMER: vector=0x30 apic1=0 pin1=2 apic2=-1 pin2=-1
[    0.528523] clocksource: tsc-early: mask: 0xffffffffffffffff max_cycles: 0x2b2c909a7c7, max_idle_ns: 440795208498 ns
[    0.532906] Calibrating delay loop (skipped) preset value.. 5990.40 BogoMIPS (lpj=11980808)
[    0.536906] pid_max: default: 32768 minimum: 301
[    0.540943] LSM: Security Framework initializing
[    0.544919] Yama: becoming mindful.
[    0.547355] AppArmor: AppArmor initialized
[    0.548942] Mount-cache hash table entries: 8192 (order: 4, 65536 bytes, linear)
[    0.552914] Mountpoint-cache hash table entries: 8192 (order: 4, 65536 bytes, linear)
[    0.556913] *** VALIDATE tmpfs ***
[    0.558605] *** VALIDATE proc ***
[    0.560961] *** VALIDATE cgroup1 ***
[    0.562625] *** VALIDATE cgroup2 ***
[    0.564947] x86/cpu: User Mode Instruction Prevention (UMIP) activated
[    0.569293] Last level iTLB entries: 4KB 0, 2MB 0, 4MB 0
[    0.572066] Last level dTLB entries: 4KB 0, 2MB 0, 4MB 0, 1GB 0
[    0.572923] Spectre V1 : Mitigation: usercopy/swapgs barriers and __user pointer sanitization
[    0.576913] Spectre V2 : Mitigation: Enhanced IBRS
[    0.580904] Spectre V2 : Spectre v2 / SpectreRSB mitigation: Filling RSB on context switch
[    0.584907] Spectre V2 : mitigation: Enabling conditional Indirect Branch Prediction Barrier
[    0.588906] Speculative Store Bypass: Mitigation: Speculative Store Bypass disabled via prctl and seccomp
[    0.593274] Freeing SMP alternatives memory: 40K
[    0.600242] smpboot: CPU0: Intel(R) Core(TM) Ultra 5 125H (family: 0x6, model: 0xaa, stepping: 0x4)
[    0.601019] Performance Events: unsupported p6 CPU model 170 no PMU driver, software events only.
[    0.604980] rcu: Hierarchical SRCU implementation.
[    0.607212] NMI watchdog: Perf NMI watchdog permanently disabled
[    0.608963] smp: Bringing up secondary CPUs ...
[    0.611420] x86: Booting SMP configuration:
[    0.612916] .... node  #0, CPUs:      #1
[    0.391758] kvm-clock: cpu 1, msr 72601041, secondary cpu clock
[    0.616070] KVM setup async PF for cpu 1
[    0.616901] kvm-stealtime: cpu 1, msr 13baad040
[    0.621159]  #2
[    0.391758] kvm-clock: cpu 2, msr 72601081, secondary cpu clock
[    0.625836] KVM setup async PF for cpu 2
[    0.628901] kvm-stealtime: cpu 2, msr 13bb2d040
[    0.629169]  #3
[    0.391758] kvm-clock: cpu 3, msr 726010c1, secondary cpu clock
[    0.635002] KVM setup async PF for cpu 3
[    0.636901] kvm-stealtime: cpu 3, msr 13bbad040
[    0.641189] smp: Brought up 1 node, 4 CPUs
[    0.643173] smpboot: Max logical packages: 1
[    0.644912] smpboot: Total of 4 processors activated (23961.61 BogoMIPS)
[    0.649963] devtmpfs: initialized
[    0.650612] x86/mm: Memory block size: 128MB
[    0.653175] clocksource: jiffies: mask: 0xffffffff max_cycles: 0xffffffff, max_idle_ns: 7645041785100000 ns
[    0.656901] futex hash table entries: 1024 (order: 4, 65536 bytes, linear)
[    0.661060] pinctrl core: initialized pinctrl subsystem
[    0.664054] PM: RTC time: 13:21:05, date: 2026-08-24
[    0.666659] NET: Registered protocol family 16
[    0.668846] audit: initializing netlink subsys (disabled)
[    0.672970] audit: type=2000 audit(1787577664.818:1): state=initialized audit_enabled=0 res=1
[    0.673017] EISA bus registered
[    0.682426] cpuidle: using governor ladder
[    0.684939] cpuidle: using governor menu
[    0.685172] KVM setup pv remote TLB flush
[    0.687124] ACPI: bus type PCI registered
[    0.688890] acpiphp: ACPI Hot Plug PCI Controller Driver version: 0.5
[    0.693107] PCI: Using configuration type 1 for base access
[    0.700997] HugeTLB registered 1.00 GiB page size, pre-allocated 0 pages
[    0.704932] HugeTLB registered 2.00 MiB page size, pre-allocated 0 pages
[    0.709065] ACPI: Added _OSI(Module Device)
[    0.711083] ACPI: Added _OSI(Processor Device)
[    0.712911] ACPI: Added _OSI(3.0 _SCP Extensions)
[    0.715099] ACPI: Added _OSI(Processor Aggregator Device)
[    0.716912] ACPI: Added _OSI(Linux-Dell-Video)
[    0.719530] ACPI: Added _OSI(Linux-Lenovo-NV-HDMI-Audio)
[    0.724911] ACPI: Added _OSI(Linux-HPI-Hybrid-Graphics)
[    0.727882] ACPI: 1 ACPI AML tables successfully acquired and loaded
[    0.731117] ACPI: Interpreter enabled
[    0.732929] ACPI: (supports S0 S3 S4 S5)
[    0.734763] ACPI: Using IOAPIC for interrupt routing
[    0.736929] PCI: Using host bridge windows from ACPI; if necessary, use "pci=nocrs" and report a bug
[    0.741062] ACPI: Enabled 2 GPEs in block 00 to 0F
[    0.745964] ACPI: PCI Root Bridge [PCI0] (domain 0000 [bus 00-ff])
[    0.748667] acpi PNP0A03:00: _OSC: OS supports [ASPM ClockPM Segments MSI HPX-Type3]
[    0.752926] acpi PNP0A03:00: fail to add MMCONFIG information, can't access extended PCI configuration space under this bridge.
[    0.757192] acpiphp: Slot [3] registered
[    0.759924] acpiphp: Slot [4] registered
[    0.764950] acpiphp: Slot [5] registered
[    0.766765] acpiphp: Slot [6] registered
[    0.768622] acpiphp: Slot [7] registered
[    0.768943] acpiphp: Slot [8] registered
[    0.770911] acpiphp: Slot [9] registered
[    0.772777] acpiphp: Slot [10] registered
[    0.776952] acpiphp: Slot [11] registered
[    0.778902] acpiphp: Slot [12] registered
[    0.780705] acpiphp: Slot [13] registered
[    0.780950] acpiphp: Slot [14] registered
[    0.782909] acpiphp: Slot [15] registered
[    0.784815] acpiphp: Slot [16] registered
[    0.784951] acpiphp: Slot [17] registered
[    0.786807] acpiphp: Slot [18] registered
[    0.788639] acpiphp: Slot [19] registered
[    0.792954] acpiphp: Slot [20] registered
[    0.795163] acpiphp: Slot [21] registered
[    0.796957] acpiphp: Slot [22] registered
[    0.798748] acpiphp: Slot [23] registered
[    0.800777] acpiphp: Slot [24] registered
[    0.800942] acpiphp: Slot [25] registered
[    0.802716] acpiphp: Slot [26] registered
[    0.804493] acpiphp: Slot [27] registered
[    0.808949] acpiphp: Slot [28] registered
[    0.811199] acpiphp: Slot [29] registered
[    0.812946] acpiphp: Slot [30] registered
[    0.814751] acpiphp: Slot [31] registered
[    0.816949] PCI host bridge to bus 0000:00
[    0.818812] pci_bus 0000:00: root bus resource [io  0x0000-0x0cf7 window]
[    0.820937] pci_bus 0000:00: root bus resource [io  0x0d00-0xffff window]
[    0.824239] pci_bus 0000:00: root bus resource [mem 0x000a0000-0x000bffff window]
[    0.828941] pci_bus 0000:00: root bus resource [mem 0xc0000000-0xfebfffff window]
[    0.832856] pci_bus 0000:00: root bus resource [mem 0xe0000000000-0xe007fffffff window]
[    0.836916] pci_bus 0000:00: root bus resource [bus 00-ff]
[    0.839510] pci 0000:00:00.0: [8086:1237] type 00 class 0x060000
[    0.843562] pci 0000:00:01.0: [8086:7000] type 00 class 0x060100
[    0.850180] pci 0000:00:01.1: [8086:7010] type 00 class 0x010180
[    0.857930] pci 0000:00:01.1: reg 0x20: [io  0xc060-0xc06f]
[    0.862975] pci 0000:00:01.1: legacy IDE quirk: reg 0x10: [io  0x01f0-0x01f7]
[    0.864912] pci 0000:00:01.1: legacy IDE quirk: reg 0x14: [io  0x03f6]
[    0.867626] pci 0000:00:01.1: legacy IDE quirk: reg 0x18: [io  0x0170-0x0177]
[    0.872910] pci 0000:00:01.1: legacy IDE quirk: reg 0x1c: [io  0x0376]
[    0.875949] pci 0000:00:01.3: [8086:7113] type 00 class 0x068000
[    0.878072] pci 0000:00:01.3: quirk: [io  0x0600-0x063f] claimed by PIIX4 ACPI
[    0.880937] pci 0000:00:01.3: quirk: [io  0x0700-0x070f] claimed by PIIX4 SMB
[    0.886329] pci 0000:00:02.0: [1234:1111] type 00 class 0x030000
[    0.891321] pci 0000:00:02.0: reg 0x10: [mem 0xfd000000-0xfdffffff pref]
[    0.902159] pci 0000:00:02.0: reg 0x18: [mem 0xfebd0000-0xfebd0fff]
[    0.912981] pci 0000:00:02.0: reg 0x30: [mem 0xfebc0000-0xfebcffff pref]
[    0.918014] pci 0000:00:03.0: [1af4:1000] type 00 class 0x020000
[    0.921964] pci 0000:00:03.0: reg 0x10: [io  0xc040-0xc05f]
[    0.925637] pci 0000:00:03.0: reg 0x14: [mem 0xfebd1000-0xfebd1fff]
[    0.933357] pci 0000:00:03.0: reg 0x20: [mem 0xe0040000000-0xe0040003fff 64bit pref]
[    0.937426] pci 0000:00:03.0: reg 0x30: [mem 0xfeb80000-0xfebbffff pref]
[    0.944227] pci 0000:00:04.0: [1af4:1004] type 00 class 0x010000
[    0.973414] pci 0000:00:04.0: reg 0x10: [io  0xc000-0xc03f]
[    0.981357] pci 0000:00:04.0: reg 0x14: [mem 0xfebd2000-0xfebd2fff]
[    1.005439] pci 0000:00:04.0: reg 0x20: [mem 0xe0040004000-0xe0040007fff 64bit pref]
[    1.015782] pci 0000:00:05.0: [1d1d:1f1f] type 00 class 0x010802
[    1.021732] pci 0000:00:05.0: reg 0x10: [mem 0xe0000000000-0xe0000001fff 64bit]
[    1.027861] pci 0000:00:05.0: reg 0x20: [mem 0xfebd3000-0xfebd3fff]
[    1.030852] pci 0000:00:05.0: enabling Extended Tags
[    1.067918] ACPI: PCI Interrupt Link [LNKA] (IRQs 5 *10 11)
[    1.073076] ACPI: PCI Interrupt Link [LNKB] (IRQs 5 *10 11)
[    1.077498] ACPI: PCI Interrupt Link [LNKC] (IRQs 5 10 *11)
[    1.080096] ACPI: PCI Interrupt Link [LNKD] (IRQs 5 10 *11)
[    1.080987] ACPI: PCI Interrupt Link [LNKS] (IRQs *9)
[    1.086045] iommu: Default domain type: Translated 
[    1.089163] SCSI subsystem initialized
[    1.092969] pci 0000:00:02.0: vgaarb: setting as boot VGA device
[    1.095539] pci 0000:00:02.0: vgaarb: VGA device added: decodes=io+mem,owns=io+mem,locks=none
[    1.100912] pci 0000:00:02.0: vgaarb: bridge control possible
[    1.103484] vgaarb: loaded
[    1.104811] ACPI: bus type USB registered
[    1.104930] usbcore: registered new interface driver usbfs
[    1.108521] usbcore: registered new interface driver hub
[    1.113011] usbcore: registered new device driver usb
[    1.115954] pps_core: LinuxPPS API ver. 1 registered
[    1.116909] pps_core: Software ver. 5.3.6 - Copyright 2005-2007 Rodolfo Giometti <giometti@linux.it>
[    1.120825] PTP clock support registered
[    1.125032] EDAC MC: Ver: 3.0.0
[    1.127434] PCI: Using ACPI for IRQ routing
[    1.129367] NetLabel: Initializing
[    1.130916] NetLabel:  domain hash size = 128
[    1.132908] NetLabel:  protocols = UNLABELED CIPSOv4 CALIPSO
[    1.135333] NetLabel:  unlabeled traffic allowed by default
[    1.138431] hpet0: at MMIO 0xfed00000, IRQs 2, 8, 0
[    1.140913] hpet0: 3 comparators, 64-bit 100.000000 MHz counter
[    1.153667] clocksource: Switched to clocksource kvm-clock
[    1.170263] *** VALIDATE bpf ***
[    1.173384] VFS: Disk quotas dquot_6.6.0
[    1.175416] VFS: Dquot-cache hash table entries: 512 (order 0, 4096 bytes)
[    1.178530] *** VALIDATE ramfs ***
[    1.179934] *** VALIDATE hugetlbfs ***
[    1.181733] AppArmor: AppArmor Filesystem Enabled
[    1.183894] pnp: PnP ACPI init
[    1.186096] pnp: PnP ACPI: found 6 devices
[    1.190838] thermal_sys: Registered thermal governor 'fair_share'
[    1.190839] thermal_sys: Registered thermal governor 'bang_bang'
[    1.194982] thermal_sys: Registered thermal governor 'step_wise'
[    1.197719] thermal_sys: Registered thermal governor 'user_space'
[    1.201422] thermal_sys: Registered thermal governor 'power_allocator'
[    1.210215] clocksource: acpi_pm: mask: 0xffffff max_cycles: 0xffffff, max_idle_ns: 2085701024 ns
[    1.217717] pci_bus 0000:00: resource 4 [io  0x0000-0x0cf7 window]
[    1.222192] pci_bus 0000:00: resource 5 [io  0x0d00-0xffff window]
[    1.225113] pci_bus 0000:00: resource 6 [mem 0x000a0000-0x000bffff window]
[    1.228090] pci_bus 0000:00: resource 7 [mem 0xc0000000-0xfebfffff window]
[    1.231068] pci_bus 0000:00: resource 8 [mem 0xe0000000000-0xe007fffffff window]
[    1.235499] NET: Registered protocol family 2
[    1.237742] tcp_listen_portaddr_hash hash table entries: 2048 (order: 3, 32768 bytes, linear)
[    1.242851] TCP established hash table entries: 32768 (order: 6, 262144 bytes, linear)
[    1.247358] TCP bind hash table entries: 32768 (order: 7, 524288 bytes, linear)
[    1.250377] TCP: Hash tables configured (established 32768 bind 32768)
[    1.254406] UDP hash table entries: 2048 (order: 4, 65536 bytes, linear)
[    1.257971] UDP-Lite hash table entries: 2048 (order: 4, 65536 bytes, linear)
[    1.262057] NET: Registered protocol family 1
[    1.264997] NET: Registered protocol family 44
[    1.267184] pci 0000:00:01.0: PIIX3: Enabling Passive Release
[    1.269748] pci 0000:00:00.0: Limiting direct PCI/PCI transfers
[    1.272480] pci 0000:00:01.0: Activating ISA DMA hang workarounds
[    1.277076] pci 0000:00:02.0: Video device with shadowed ROM at [mem 0x000c0000-0x000dffff]
[    1.282570] PCI: CLS 0 bytes, default 64
[    1.284764] Trying to unpack rootfs image as initramfs...
[    1.639540] Freeing initrd memory: 89336K
[    1.641706] PCI-DMA: Using software bounce buffering for IO (SWIOTLB)
[    1.646121] software IO TLB: mapped [mem 0xbbfdd000-0xbffdd000] (64MB)
[    1.650484] clocksource: tsc: mask: 0xffffffffffffffff max_cycles: 0x2b2c909a7c7, max_idle_ns: 440795208498 ns
[    1.656015] check: Scanning for low memory corruption every 60 seconds
[    1.659636] Initialise system trusted keyrings
[    1.661747] Key type blacklist registered
[    1.664390] workingset: timestamp_bits=36 max_order=20 bucket_order=0
[    1.668748] zbud: loaded
[    1.670484] squashfs: version 4.0 (2009/01/31) Phillip Lougher
[    1.673498] fuse: init (API version 7.31)
[    1.680300] *** VALIDATE fuse ***
[    1.682124] *** VALIDATE fuse ***
[    1.684443] Platform Keyring initialized
[    1.689608] Key type asymmetric registered
[    1.691598] Asymmetric key parser 'x509' registered
[    1.694991] Block layer SCSI generic (bsg) driver version 0.4 loaded (major 244)
[    1.699184] io scheduler mq-deadline registered
[    1.702587] shpchp: Standard Hot Plug PCI Controller Driver version: 0.4
[    1.705714] input: Power Button as /devices/LNXSYSTM:00/LNXPWRBN:00/input/input0
[    1.709367] ACPI: Power Button [PWRF]
[    1.712284] PCI Interrupt Link [LNKC] enabled at IRQ 11
[    1.718487] PCI Interrupt Link [LNKD] enabled at IRQ 10
[    1.725491] Serial: 8250/16550 driver, 32 ports, IRQ sharing enabled
[    1.757193] 00:04: ttyS0 at I/O 0x3f8 (irq = 4, base_baud = 115200) is a 16550A
[    1.765860] Linux agpgart interface v0.103
[    1.772102] loop: module loaded
[    1.775605] scsi host0: ata_piix
[    1.778818] scsi host1: ata_piix
[    1.780596] ata1: PATA max MWDMA2 cmd 0x1f0 ctl 0x3f6 bmdma 0xc060 irq 14
[    1.785790] ata2: PATA max MWDMA2 cmd 0x170 ctl 0x376 bmdma 0xc068 irq 15
[    1.789054] libphy: Fixed MDIO Bus: probed
[    1.791753] tun: Universal TUN/TAP device driver, 1.6
[    1.794493] PPP generic driver version 2.4.2
[    1.797120] VFIO - User Level meta-driver version: 0.3
[    1.800077] ehci_hcd: USB 2.0 'Enhanced' Host Controller (EHCI) Driver
[    1.803309] ehci-pci: EHCI PCI platform driver
[    1.805607] ehci-platform: EHCI generic platform driver
[    1.808519] ohci_hcd: USB 1.1 'Open' Host Controller (OHCI) Driver
[    1.811966] ohci-pci: OHCI PCI platform driver
[    1.814828] ohci-platform: OHCI generic platform driver
[    1.818806] uhci_hcd: USB Universal Host Controller Interface driver
[    1.822354] i8042: PNP: PS/2 Controller [PNP0303:KBD,PNP0f13:MOU] at 0x60,0x64 irq 1,12
[    1.827687] serio: i8042 KBD port at 0x60,0x64 irq 1
[    1.829721] serio: i8042 AUX port at 0x60,0x64 irq 12
[    1.832489] mousedev: PS/2 mouse device common for all mice
[    1.837479] input: AT Translated Set 2 keyboard as /devices/platform/i8042/serio0/input/input1
[    1.841496] rtc_cmos 00:05: RTC can wake from S4
[    1.846550] rtc_cmos 00:05: registered as rtc0
[    1.848757] rtc_cmos 00:05: alarms up to one day, y3k, 242 bytes nvram, hpet irqs
[    1.853273] i2c /dev entries driver
[    1.855711] device-mapper: uevent: version 1.0.3
[    1.858793] device-mapper: ioctl: 4.41.0-ioctl (2019-09-16) initialised: dm-devel@redhat.com
[    1.865172] platform eisa.0: Probing EISA bus 0
[    1.867349] platform eisa.0: EISA: Cannot allocate resource for mainboard
[    1.871350] platform eisa.0: Cannot allocate resource for EISA slot 1
[    1.875825] platform eisa.0: Cannot allocate resource for EISA slot 2
[    1.879572] platform eisa.0: Cannot allocate resource for EISA slot 3
[    1.882573] platform eisa.0: Cannot allocate resource for EISA slot 4
[    1.885801] platform eisa.0: Cannot allocate resource for EISA slot 5
[    1.889507] platform eisa.0: Cannot allocate resource for EISA slot 6
[    1.893447] platform eisa.0: Cannot allocate resource for EISA slot 7
[    1.897300] platform eisa.0: Cannot allocate resource for EISA slot 8
[    1.900503] platform eisa.0: EISA: Detected 0 cards
[    1.902629] intel_pstate: CPU model not supported
[    1.905032] ledtrig-cpu: registered to indicate activity on CPUs
[    1.909663] drop_monitor: Initializing network drop monitor service
[    1.913433] NET: Registered protocol family 10
[    1.926165] Segment Routing with IPv6
[    1.928533] NET: Registered protocol family 17
[    1.931425] Key type dns_resolver registered
[    1.934237] RAS: Correctable Errors collector initialized.
[    1.937543] IPI shorthand broadcast: enabled
[    1.939896] sched_clock: Marking stable (1549736101, 387758478)->(1960755459, -23260880)
[    1.944887] registered taskstats version 1
[    1.947082] Loading compiled-in X.509 certificates
[    1.950133] Loaded X.509 cert 'Build time autogenerated kernel key: 7f1af841edfbf04e4b72462ffb6202c30b2da0bb'
[    1.955014] zswap: loaded using pool lzo/zbud
[    1.957973] Key type ._fscrypt registered
[    1.960562] Key type .fscrypt registered
[    1.967981] Key type big_key registered
[    1.972643] Key type encrypted registered
[    1.974735] AppArmor: AppArmor sha1 policy hashing enabled
[    1.977625] ima: No TPM chip found, activating TPM-bypass!
[    1.980586] ima: Allocated hash algorithm: sha1
[    1.982906] ima: No architecture policies found
[    1.985483] evm: Initialising EVM extended attributes:
[    1.988034] evm: security.selinux
[    1.989738] evm: security.SMACK64
[    1.992013] evm: security.SMACK64EXEC
[    1.994003] evm: security.SMACK64TRANSMUTE
[    1.996494] evm: security.SMACK64MMAP
[    1.998915] evm: security.apparmor
[    2.001056] evm: security.ima
[    2.002908] evm: security.capability
[    2.004691] evm: HMAC attrs: 0x1
[    2.007161] PM:   Magic number: 6:19:383
[    2.009202] container PNP0A06:01: hash matches
[    2.011636] acpi PNP0A06:01: hash matches
[    2.014216] rtc_cmos 00:05: setting system clock to 2026-08-24T13:21:06 UTC (1787577666)
[    2.023250] Freeing unused decrypted memory: 2040K
[    2.026132] Freeing unused kernel image memory: 2724K
[    2.037142] Write protecting the kernel read-only data: 22528k
[    2.041535] Freeing unused kernel image memory: 2008K
[    2.045161] Freeing unused kernel image memory: 1184K
[    2.055859] x86/mm: Checked W+X mappings: passed, no W+X pages found.
[    2.059842] Run /init as init process
Loading, please wait...
Starting version 245.4-4ubuntu3.2
[    2.106470] Floppy drive(s): fd0 is 2.88M AMI BIOS
[    2.120388] input: VirtualPS/2 VMware VMMouse as /devices/platform/i8042/serio1/input/input4
[    2.128196] input: VirtualPS/2 VMware VMMouse as /devices/platform/i8042/serio1/input/input3
[    2.128238] scsi host2: Virtio SCSI HBA
[    2.128329] piix4_smbus 0000:00:01.3: SMBus Host Controller at 0x700, revision 0
[    2.177063] FDC 0 is a S82078B
[    2.177175] nvme nvme0: pci function 0000:00:05.0
[    2.179908] scsi 2:0:0:0: Direct-Access     QEMU     QEMU HARDDISK    2.5+ PQ: 0 ANSI: 5
[    2.184070] PCI Interrupt Link [LNKA] enabled at IRQ 10
[    2.205393] cryptd: max_cpu_qlen set to 1000
[    2.217418] nvme nvme0: 4/0/0 default/read/poll queues
[    2.222435] virtio_net virtio0 ens3: renamed from eth0
[    2.239668] AVX2 version of gcm_enc/dec engaged.
[    2.244543] AES CTR mode by8 optimization enabled
[    2.250612] bochs-drm 0000:00:02.0: remove_conflicting_pci_framebuffers: bar 0: 0xfd000000 -> 0xfdffffff
[    2.256668] bochs-drm 0000:00:02.0: remove_conflicting_pci_framebuffers: bar 2: 0xfebd0000 -> 0xfebd0fff
[    2.262225] bochs-drm 0000:00:02.0: vgaarb: deactivate vga console
[    2.273062] Console: switching to colour dummy device 80x25
[    2.279711] [drm] Found bochs VGA, ID 0xb0c5.
[    2.281133] [drm] Framebuffer size 16384 kB @ 0xfd000000, mmio @ 0xfebd0000.
[    2.283427] [TTM] Zone  kernel: Available graphics memory: 2015074 KiB
[    2.285441] [TTM] Initializing pool allocator
[    2.287399] [TTM] Initializing DMA pool allocator
[    2.294075] [drm] Found EDID data blob.
[    2.296516] [drm] Initialized bochs-drm 1.0.0 20130925 for 0000:00:02.0 on minor 0
[    2.302840] fbcon: bochs-drmdrmfb (fb0) is primary device
[    2.323885] Console: switching to colour frame buffer device 160x50
[    2.329632] sd 2:0:0:0: Attached scsi generic sg0 type 0
[    2.329731] sd 2:0:0:0: Power-on or device reset occurred
[    2.337787] sd 2:0:0:0: [sda] 167772160 512-byte logical blocks: (85.9 GB/80.0 GiB)
[    2.337892] sd 2:0:0:0: [sda] Write Protect is off
[    2.338150] sd 2:0:0:0: [sda] Write cache: enabled, read cache: enabled, supports DPO and FUA
[    2.345328]  sda: sda1 sda2
[    2.347800] bochs-drm 0000:00:02.0: fb0: bochs-drmdrmfb frame buffer device
[    2.357740] sd 2:0:0:0: [sda] Attached SCSI disk
Begin: Loading essential drivers ... [    2.537007] raid6: avx2x4   gen() 35166 MB/s
[    2.589006] raid6: avx2x4   xor() 12110 MB/s
[    2.636994] raid6: avx2x2   gen() 28166 MB/s
[    2.689008] raid6: avx2x2   xor() 18037 MB/s
[    2.736996] raid6: avx2x1   gen() 24297 MB/s
[    2.784988] raid6: avx2x1   xor() 13238 MB/s
[    2.833060] raid6: sse2x4   gen() 14847 MB/s
[    2.881044] raid6: sse2x4   xor()  7812 MB/s
[    2.929034] raid6: sse2x2   gen() 14031 MB/s
[    2.977119] raid6: sse2x2   xor()  8328 MB/s
[    3.024958] raid6: sse2x1   gen() 12160 MB/s
[    3.073058] raid6: sse2x1   xor()  7740 MB/s
[    3.076445] raid6: using algorithm avx2x4 gen() 35166 MB/s
[    3.080766] raid6: .... xor() 12110 MB/s, rmw enabled
[    3.083501] raid6: using avx2x2 recovery algorithm
[    3.088856] xor: automatically using best checksumming function   avx       
[    3.096190] async_tx: api initialized (async)
done.
Begin: Running /scripts/init-premount ... done.
Begin: Mounting root file system ... Begin: Running /scripts/local-top ... done.
Begin: Running /scripts/local-premount ... [    3.169492] Btrfs loaded, crc32c=crc32c-intel
Scanning for Btrfs filesystems
[    3.249135] blk_update_request: I/O error, dev fd0, sector 0 op 0x0:(READ) flags 0x0 phys_seg 1 prio class 0
[    3.258934] floppy: error 10 while reading block 0
done.
Warning: fsck not present, so skipping root file system
[    3.340091] EXT4-fs (sda2): mounted filesystem with ordered data mode. Opts: (null)
done.
Begin: Running /scripts/local-bottom ... done.
Begin: Running /scripts/init-bottom ... Internet Systems Consortium DHCP Client 4.4.1
Copyright 2004-2018 Internet Systems Consortium.
All rights reserved.
For info, please visit https://www.isc.org/software/dhcp/

Listening on LPF/ens3/52:54:00:12:34:56
Sending on   LPF/ens3/52:54:00:12:34:56
Sending on   Socket/fallback
DHCPDISCOVER on ens3 to 255.255.255.255 port 67 interval 3 (xid=0x3909c23b)
DHCPOFFER of 10.0.2.15 from 10.0.2.2
DHCPREQUEST for 10.0.2.15 on ens3 to 255.255.255.255 port 67 (xid=0x3bc20939)
DHCPACK of 10.0.2.15 from 10.0.2.2 (xid=0x3909c23b)
bound to 10.0.2.15 -- renewal in 37031 seconds.
done.
[    3.662529] systemd[1]: Inserted module 'autofs4'
[    3.686065] systemd[1]: systemd 245.4-4ubuntu3.20 running in system mode. (+PAM +AUDIT +SELINUX +IMA +APPARMOR +SMACK +SYSVINIT +UTMP +LIBCRYPTSETUP +GCRYPT +GNUTLS +ACL +XZ +LZ4 +SECCOMP +BLKID +ELFUTILS +KMOD +IDN2 -IDN +PCRE2 default-hierarchy=hybrid)
[    3.703698] systemd[1]: Detected virtualization kvm.
[    3.707694] systemd[1]: Detected architecture x86-64.

Welcome to [1mUbuntu 20.04.1 LTS[0m!

[    3.755426] systemd[1]: Set hostname to <fvm>.
[    4.011501] systemd[1]: Created slice system-modprobe.slice.
[[0;32m  OK  [0m] Created slice [0;1;39msystem-modprobe.slice[0m.
[    4.020245] systemd[1]: Created slice system-serial\x2dgetty.slice.
[[0;32m  OK  [0m] Created slice [0;1;39msystem-serial\x2dgetty.slice[0m.
[    4.027421] systemd[1]: Created slice User and Session Slice.
[[0;32m  OK  [0m] Created slice [0;1;39mUser and Session Slice[0m.
[    4.036665] systemd[1]: Started Forward Password Requests to Wall Directory Watch.
[[0;32m  OK  [0m] Started [0;1;39mForward Password R…uests to Wall Directory Watch[0m.
[    4.045273] systemd[1]: Set up automount Arbitrary Executable File Formats File System Automount Point.
[[0;32m  OK  [0m] Set up automount [0;1;39mArbitrary…s File System Automount Point[0m.
[    4.057425] systemd[1]: Reached target User and Group Name Lookups.
[[0;32m  OK  [0m] Reached target [0;1;39mUser and Group Name Lookups[0m.
[    4.064193] systemd[1]: Reached target Slices.
[[0;32m  OK  [0m] Reached target [0;1;39mSlices[0m.
[    4.073522] systemd[1]: Listening on Device-mapper event daemon FIFOs.
[[0;32m  OK  [0m] Listening on [0;1;39mDevice-mapper event daemon FIFOs[0m.
[    4.083296] systemd[1]: Listening on LVM2 poll daemon socket.
[[0;32m  OK  [0m] Listening on [0;1;39mLVM2 poll daemon socket[0m.
[    4.092818] systemd[1]: Listening on multipathd control socket.
[[0;32m  OK  [0m] Listening on [0;1;39mmultipathd control socket[0m.
[    4.101414] systemd[1]: Listening on Syslog Socket.
[[0;32m  OK  [0m] Listening on [0;1;39mSyslog Socket[0m.
[    4.109046] systemd[1]: Listening on initctl Compatibility Named Pipe.
[[0;32m  OK  [0m] Listening on [0;1;39minitctl Compatibility Named Pipe[0m.
[    4.119740] systemd[1]: Listening on Journal Audit Socket.
[[0;32m  OK  [0m] Listening on [0;1;39mJournal Audit Socket[0m.
[    4.131699] systemd[1]: Listening on Journal Socket (/dev/log).
[[0;32m  OK  [0m] Listening on [0;1;39mJournal Socket (/dev/log)[0m.
[    4.140438] systemd[1]: Listening on Journal Socket.
[[0;32m  OK  [0m] Listening on [0;1;39mJournal Socket[0m.
[    4.148316] systemd[1]: Listening on Network Service Netlink Socket.
[[0;32m  OK  [0m] Listening on [0;1;39mNetwork Service Netlink Socket[0m.
[    4.158806] systemd[1]: Listening on udev Control Socket.
[[0;32m  OK  [0m] Listening on [0;1;39mudev Control Socket[0m.
[    4.168588] systemd[1]: Listening on udev Kernel Socket.
[[0;32m  OK  [0m] Listening on [0;1;39mudev Kernel Socket[0m.
[    4.176672] systemd[1]: Mounting Huge Pages File System...
         Mounting [0;1;39mHuge Pages File System[0m...
[    4.192383] systemd[1]: Mounting POSIX Message Queue File System...
         Mounting [0;1;39mPOSIX Message Queue File System[0m...
[    4.202454] systemd[1]: Mounting Kernel Debug File System...
         Mounting [0;1;39mKernel Debug File System[0m...
[    4.214958] systemd[1]: Mounting Kernel Trace File System...
         Mounting [0;1;39mKernel Trace File System[0m...
[    4.227675] systemd[1]: Starting Journal Service...
         Starting [0;1;39mJournal Service[0m...
[    4.237266] systemd[1]: Starting Set the console keyboard layout...
         Starting [0;1;39mSet the console keyboard layout[0m...
[    4.253436] systemd[1]: Starting Create list of static device nodes for the current kernel...
         Starting [0;1;39mCreate list of st…odes for the current kernel[0m...
[    4.270684] systemd[1]: Starting Monitoring of LVM2 mirrors, snapshots etc. using dmeventd or progress polling...
         Starting [0;1;39mMonitoring of LVM…meventd or progress polling[0m...
[    4.283359] systemd[1]: Starting Load Kernel Module chromeos_pstore...
         Starting [0;1;39mLoad Kernel Module chromeos_pstore[0m...
[    4.292032] systemd[1]: Condition check resulted in Load Kernel Module drm being skipped.
[    4.305256] systemd[1]: Starting Load Kernel Module efi_pstore...
         Starting [0;1;39mLoad Kernel Module efi_pstore[0m...
[    4.316723] systemd[1]: Starting Load Kernel Module pstore_blk...
         Starting [0;1;39mLoad Kernel Module pstore_blk[0m...
[    4.328513] systemd[1]: Starting Load Kernel Module pstore_zone...
         Starting [0;1;39mLoad Kernel Module pstore_zone[0m...
[    4.339757] systemd[1]: Starting Load Kernel Module ramoops...
         Starting [0;1;39mLoad Kernel Module ramoops[0m...
[    4.350309] systemd[1]: Condition check resulted in Set Up Additional Binary Formats being skipped.
[    4.363649] systemd[1]: Starting Load Kernel Modules...
         Starting [0;1;39mLoad Kernel Modules[0m...
[    4.375342] systemd[1]: Starting Remount Root and Kernel File Systems...
         Starting [0;1;39mRemount Root and Kernel File Systems[0m...
[    4.385326] systemd[1]: Starting udev Coldplug all Devices...
[    4.405115] EXT4-fs (sda2): re-mounted. Opts: (null)
         Starting [0;1;39mudev Coldplug all Devices[0m...
[    4.418524] systemd[1]: Starting Uncomplicated firewall...
         Starting [0;1;39mUncomplicated firewall[0m...
[    4.431823] systemd[1]: Started Journal Service.
[[0;32m  OK  [0m] Started [0;1;39mJournal Service[0m.
[[0;32m  OK  [0m] Mounted [0;1;39mHuge Pages File System[0m.
[[0;32m  OK  [0m] Mounted [0;1;39mPOSIX Message Queue File System[0m.
[[0;32m  OK  [0m] Mounted [0;1;39mKernel Debug File System[0m.
[[0;32m  OK  [0m] Mounted [0;1;39mKernel Trace File System[0m.
[[0;32m  OK  [0m] Finished [0;1;39mSet the console keyboard layout[0m.
[[0;32m  OK  [0m] Finished [0;1;39mCreate list of st… nodes for the current kernel[0m.
[[0;32m  OK  [0m] Finished [0;1;39mMonitoring of LVM… dmeventd or progress polling[0m.
[[0;32m  OK  [0m] Finished [0;1;39mLoad Kernel Module chromeos_pstore[0m.
[[0;32m  OK  [0m] Finished [0;1;39mLoad Kernel Module efi_pstore[0m.
[[0;32m  OK  [0m] Finished [0;1;39mLoad Kernel Module pstore_blk[0m.
[[0;32m  OK  [0m] Finished [0;1;39mLoad Kernel Module pstore_zone[0m.
[[0;32m  OK  [0m] Finished [0;1;39mLoad Kernel Module ramoops[0m.
[[0;32m  OK  [0m] Finished [0;1;39mLoad Kernel Modules[0m.
[[0;32m  OK  [0m] Finished [0;1;39mRemount Root and Kernel File Systems[0m.
[[0;32m  OK  [0m] Finished [0;1;39mUncomplicated firewall[0m.
         Activating swap [0;1;39m/swap.img[0m...
         Mounting [0;1;39mFUSE Control File System[0m...
         Mounting [0;1;39mKernel Configuration File System[0m...
         Starting [0;1;39mFlush Journal to Persistent Storage[0m...
         Starting [0;1;39mLoad/Save Random Seed[    4.578510] systemd-journald[375]: Received client request to flush runtime journal.
[0m...
         Starting [0;1;39mApply Kernel Variables[0m...
         Starting [0;1;39mCreate System Users[0m...
[[0;32m  OK  [0m] Finished [0;1;39mudev Coldplug all Devices[0m.
[[0;32m  OK  [0m] Mounted [0;1;39mFUSE Control File System[0m.
[[0;32m  OK  [0m] Mounted [0;1;39mKernel Configuration File System[0m.
         Starting [0;1;39mudev Wait for Complete Device Initialization[0m...
[[0;32m  OK  [0m] Finished [0;1;39mApply Kernel Variables[0m.
[[0;32m  OK  [0m] Finished [0;1;39mLoad/Save Random Seed[0m.
[[0;32m  OK  [0m] Finished [0;1;39mCreate System Users[0m.
         Starting [0;1;39mCreate Static Device Nodes in /dev[0m...
[[0;32m  OK  [0m] Activated swap [0;1;39m/swap.img[0m.
[[0;32m  OK  [0m] Reached target [0;1;39mSwap[0m.
[[0;32m  OK  [0m] Finished [0;1;39mCreate Static Device Nodes in /dev[0m.
         Starting [0;1;39mudev Kernel Device Manager[0m...
[[0;32m  OK  [0m] Finished [0;1;39mFlush Journal to Persistent Storage[0m.
[[0;32m  OK  [0m] Started [0;1;39mudev Kernel Device Manager[0m.
[[0;32m  OK  [0m] Started [0;1;39mDispatch Password …ts to Console Directory Watch[0m.
[[0;32m  OK  [0m] Reached target [0;1;39mLocal Encrypted Volumes[0m.
         Starting [0;1;39mNetwork Service[0m...
[[0;32m  OK  [0m] Started [0;1;39mNetwork Service[0m.
         Starting [0;1;39mWait for Network to be Configured[0m...
[[0;32m  OK  [0m] Finished [0;1;39mWait for Network to be Configured[0m.
[[0;32m  OK  [0m] Found device [0;1;39m/dev/ttyS0[0m.
[[0;32m  OK  [0m] Listening on [0;1;39mLoad/Save RF …itch Status /dev/rfkill Watch[0m.
[[0;32m  OK  [0m] Finished [0;1;39mudev Wait for Complete Device Initialization[0m.
         Starting [0;1;39mDevice-Mapper Multipath Device Controller[0m...
[[0;32m  OK  [0m] Started [0;1;39mDevice-Mapper Multipath Device Controller[0m.
[[0;32m  OK  [0m] Reached target [0;1;39mLocal File Systems (Pre)[0m.
         Mounting [0;1;39mMount unit for core18, revision 1880[0m...
         Mounting [0;1;39mMount unit for lxd, revision 16099[0m...
         Mounting [0;1;39mMount unit for snapd, revision 8542[0m...
[[0;32m  OK  [0m] Mounted [0;1;39mMount unit for core18, revision 1880[0m.
[[0;32m  OK  [0m] Mounted [0;1;39mMount unit for lxd, revision 16099[0m.
[[0;32m  OK  [0m] Mounted [0;1;39mMount unit for snapd, revision 8542[0m.
[[0;32m  OK  [0m] Reached target [0;1;39mLocal File Systems[0m.
         Starting [0;1;39mLoad AppArmor profiles[0m...
         Starting [0;1;39mSet console font and keymap[0m...
         Starting [0;1;39mCreate final runt…dir for shutdown pivot root[0m...
         Starting [0;1;39mTell Plymouth To Write Out Runtime Data[0m...
         Starting [0;1;39mCreate Volatile Files and Directories[0m...
[[0;32m  OK  [0m] Finished [0;1;39mSet console font and keymap[0m.
[[0;32m  OK  [0m] Finished [0;1;39mCreate final runt…e dir for shutdown pivot root[0m.
[[0;32m  OK  [0m] Finished [0;1;39mTell Plymouth To Write Out Runtime Data[0m.
[[0;32m  OK  [0m] Finished [0;1;39mCreate Volatile Files and Directories[0m.
         Starting [0;1;39mNetwork Name Resolution[0m...
         Starting [0;1;39mNetwork Time Synchronization[0m...
         Starting [0;1;39mUpdate UTMP about System Boot/Shutdown[0m...
[[0;32m  OK  [0m] Finished [0;1;39mLoad AppArmor profiles[0m.
         Starting [0;1;39mLoad AppArmor pro…managed internally by snapd[0m...
[[0;32m  OK  [0m] Finished [0;1;39mUpdate UTMP about System Boot/Shutdown[0m.
[[0;32m  OK  [0m] Finished [0;1;39mLoad AppArmor pro…s managed internally by snapd[0m.
[[0;32m  OK  [0m] Started [0;1;39mNetwork Time Synchronization[0m.
[[0;32m  OK  [0m] Reached target [0;1;39mSystem Initialization[0m.
[[0;32m  OK  [0m] Started [0;1;39mDaily Cleanup of Temporary Directories[0m.
[[0;32m  OK  [0m] Reached target [0;1;39mPaths[0m.
[[0;32m  OK  [0m] Reached target [0;1;39mSystem Time Set[0m.
[[0;32m  OK  [0m] Reached target [0;1;39mSystem Time Synchronized[0m.
[[0;32m  OK  [0m] Started [0;1;39mDaily apt download activities[0m.
[[0;32m  OK  [0m] Started [0;1;39mDaily apt upgrade and clean activities[0m.
[[0;32m  OK  [0m] Started [0;1;39mPeriodic ext4 Onli…ata Check for All Filesystems[0m.
[[0;32m  OK  [0m] Started [0;1;39mDiscard unused blocks once a week[0m.
[[0;32m  OK  [0m] Started [0;1;39mRefresh fwupd metadata regularly[0m.
[[0;32m  OK  [0m] Started [0;1;39mDaily rotation of log files[0m.
[[0;32m  OK  [0m] Started [0;1;39mDaily man-db regeneration[0m.
[[0;32m  OK  [0m] Started [0;1;39mMessage of the Day[0m.
[[0;32m  OK  [0m] Reached target [0;1;39mTimers[0m.
[[0;32m  OK  [0m] Listening on [0;1;39mD-Bus System Message Bus Socket[0m.
[[0;32m  OK  [0m] Listening on [0;1;39mOpen-iSCSI iscsid Socket[0m.
[[0;32m  OK  [0m] Listening on [0;1;39mSocket unix for snap application lxd.daemon[0m.
         Starting [0;1;39mSocket activation for snappy daemon[0m.
[[0;32m  OK  [0m] Listening on [0;1;39mUUID daemon activation socket[0m.
[[0;32m  OK  [0m] Listening on [0;1;39mSocket activation for snappy daemon[0m.
[[0;32m  OK  [0m] Reached target [0;1;39mSockets[0m.
[[0;32m  OK  [0m] Reached target [0;1;39mBasic System[0m.
         Starting [0;1;39mAccounts Service[0m...
[[0;32m  OK  [0m] Started [0;1;39mD-Bus System Message Bus[0m.
[[0;32m  OK  [0m] Started [0;1;39mSave initial kernel messages after boot[0m.
         Starting [0;1;39mRemove Stale Onli…t4 Metadata Check Snapshots[0m...
         Starting [0;1;39mLSB: Record successful boot for GRUB[0m...
         Starting [0;1;39mGRUB failed boot detection[0m...
[[0;32m  OK  [0m] Started [0;1;39mirqbalance daemon[0m.
         Starting [0;1;39mDispatcher daemon for systemd-networkd[0m...
         Starting [0;1;39mSystem Logging Service[0m...
         Starting [0;1;39mSnap Daemon[0m...
         Starting [0;1;39mLogin Service[0m...
         Starting [0;1;39mThermal Daemon Service[0m...
[[0;32m  OK  [0m] Started [0;1;39mNetwork Name Resolution[0m.
[[0;32m  OK  [0m] Finished [0;1;39mRemove Stale Onli…ext4 Metadata Check Snapshots[0m.
[[0;32m  OK  [0m] Started [0;1;39mSystem Logging Service[0m.
[[0;32m  OK  [0m] Started [0;1;39mThermal Daemon Service[0m.
[[0;32m  OK  [0m] Finished [0;1;39mGRUB failed boot detection[0m.
[[0;32m  OK  [0m] Reached target [0;1;39mNetwork[0m.
[[0;32m  OK  [0m] Reached target [0;1;39mNetwork is Online[0m.
[[0;32m  OK  [0m] Reached target [0;1;39mHost and Network Name Lookups[0m.
[[0;32m  OK  [0m] Reached target [0;1;39mRemote File Systems (Pre)[0m.
[[0;32m  OK  [0m] Reached target [0;1;39mRemote File Systems[0m.
         Starting [0;1;39mLSB: automatic crash report generation[0m...
         Starting [0;1;39mDeferred execution scheduler[0m...
         Starting [0;1;39mAvailability of block devices[0m...
[[0;32m  OK  [0m] Started [0;1;39mRegular background program processing daemon[0m.
         Starting [0;1;39mService for snap application lxd.activate[0m...
         Starting [0;1;39mOpenBSD Secure Shell server[0m...
         Starting [0;1;39mPermit User Sessions[0m...
[[0;32m  OK  [0m] Started [0;1;39mLSB: Record successful boot for GRUB[0m.
[[0;32m  OK  [0m] Started [0;1;39mDeferred execution scheduler[0m.
[[0;32m  OK  [0m] Finished [0;1;39mAvailability of block devices[0m.
[[0;32m  OK  [0m] Finished [0;1;39mPermit User Sessions[0m.
[[0;32m  OK  [0m] Started [0;1;39mLogin Service[0m.
[[0;32m  OK  [0m] Started [0;1;39mLSB: automatic crash report generation[0m.
         Starting [0;1;39mHold until boot process finishes up[0m...
         Starting [0;1;39mTerminate Plymouth Boot Screen[0m...
         Starting [0;1;39mAuthorization Manager[0m...
[[0;32m  OK  [0m] Started [0;1;39mUnattended Upgrades Shutdown[0m.
[[0;32m  OK  [0m] Finished [0;1;39mHold until boot process finishes up[0m.
[[0;32m  OK  [0m] Finished [0;1;39mTerminate Plymouth Boot Screen[0m.
[[0;32m  OK  [0m] Started [0;1;39mOpenBSD Secure Shell server[0m.
[[0;32m  OK  [0m] Started [0;1;39mSerial Getty on ttyS0[0m.
         Starting [0;1;39mSet console scheme[0m...
[[0;32m  OK  [0m] Finished [0;1;39mSet console scheme[0m.
[[0;32m  OK  [0m] Started [0;1;39mDispatcher daemon for systemd-networkd[0m.
[[0;32m  OK  [0m] Started [0;1;39mAuthorization Manager[0m.
[[0;32m  OK  [0m] Started [0;1;39mAccounts Service[0m.
[[0;32m  OK  [0m] Created slice [0;1;39msystem-getty.slice[0m.
[[0;32m  OK  [0m] Started [0;1;39mGetty on tty1[0m.
[[0;32m  OK  [0m] Reached target [0;1;39mLogin Prompts[0m.
[[0;32m  OK  [0m] Created slice [0;1;39mUser Slice of UID 1000[0m.
         Starting [0;1;39mUser Runtime Directory /run/user/1000[0m...
[[0;32m  OK  [0m] Finished [0;1;39mUser Runtime Directory /run/user/1000[0m.
         Starting [0;1;39mUser Manager for UID 1000[0m...
[[0;32m  OK  [0m] Started [0;1;39mUser Manager for UID 1000[0m.
[[0;32m  OK  [0m] Started [0;1;39mSession 1 of user femu[0m.
[[0;32m  OK  [0m] Started [0;1;39mSnap Daemon[0m.
         Starting [0;1;39mWait until snapd is fully seeded[0m...
[[0;32m  OK  [0m] Finished [0;1;39mWait until snapd is fully seeded[0m.
[[0;32m  OK  [0m] Finished [0;1;39mService for snap application lxd.activate[0m.
[[0;32m  OK  [0m] Reached target [0;1;39mMulti-User System[0m.
[[0;32m  OK  [0m] Reached target [0;1;39mGraphical Interface[0m.
         Starting [0;1;39mUpdate UTMP about System Runlevel Changes[0m...
[[0;32m  OK  [0m] Finished [0;1;39mUpdate UTMP about System Runlevel Changes[0m.

Ubuntu 20.04.1 LTS fvm ttyS0

fvm login: [FEMU] FTL-Log: BBSSD-STATS version=V1 hot_rewrite_window=1024 host_page_writes=1572864 nand_page_writes=1572864 gc_page_writes=0 block_erases=0 waf=1.000000 gc_count=0 average_gc_copy=N/A host_hot_writes=0 host_cold_writes=1572864 hot_write_ratio=0.000000 gc_hot_writes=0 gc_cold_writes=0 cold_to_hot_count=0 hot_to_cold_count=0 hot_pool_empty_count=0 cold_pool_empty_count=33 borrow_count=33 emergency_gc_count=0 counter_invariant=PASS
[FEMU] Log: vSSD0,Reset tt_late_ios/tt_ios,4026/6394
[FEMU] FTL-Log: BBSSD-STATS version=V1 hot_rewrite_window=1024 host_page_writes=125887244 nand_page_writes=950098362 gc_page_writes=824211118 block_erases=3710848 waf=7.547217 gc_count=57982 average_gc_copy=14214.948053 host_hot_writes=8072956 host_cold_writes=117814288 hot_write_ratio=0.064128 gc_hot_writes=574728 gc_cold_writes=823636390 cold_to_hot_count=5477976 hot_to_cold_count=5476908 hot_pool_empty_count=0 cold_pool_empty_count=10 borrow_count=10 emergency_gc_count=0 counter_invariant=PASS
[FEMU] Log: vSSD0,Reset tt_late_ios/tt_ios,3734845/31471961
         Stopping [0;1;39mSession 10 of user femu[0m.
[[0;32m  OK  [0m] Removed slice [0;1;39msystem-modprobe.slice[0m.
[[0;32m  OK  [0m] Stopped target [0;1;39mGraphical Interface[0m.
[[0;32m  OK  [0m] Stopped target [0;1;39mMulti-User System[0m.
[[0;32m  OK  [0m] Stopped target [0;1;39mLogin Prompts[0m.
[[0;32m  OK  [0m] Stopped target [0;1;39mNetwork is Online[0m.
[[0;32m  OK  [0m] Stopped target [0;1;39mHost and Network Name Lookups[0m.
[[0;32m  OK  [0m] Stopped target [0;1;39mTimers[0m.
[[0;32m  OK  [0m] Stopped [0;1;39mDaily apt upgrade and clean activities[0m.
[[0;32m  OK  [0m] Stopped [0;1;39mDaily apt download activities[0m.
[[0;32m  OK  [0m] Stopped [0;1;39mPeriodic ext4 Onli…ata Check for All Filesystems[0m.
[[0;32m  OK  [0m] Stopped [0;1;39mDiscard unused blocks once a week[0m.
[[0;32m  OK  [0m] Stopped [0;1;39mRefresh fwupd metadata regularly[0m.
[[0;32m  OK  [0m] Stopped [0;1;39mDaily rotation of log files[0m.
[[0;32m  OK  [0m] Stopped [0;1;39mDaily man-db regeneration[0m.
[[0;32m  OK  [0m] Stopped [0;1;39mMessage of the Day[0m.
[[0;32m  OK  [0m] Stopped [0;1;39mDaily Cleanup of Temporary Directories[0m.
[[0;32m  OK  [0m] Stopped target [0;1;39mSystem Time Synchronized[0m.
[[0;32m  OK  [0m] Stopped target [0;1;39mSystem Time Set[0m.
[[0;32m  OK  [0m] Closed [0;1;39mLVM2 poll daemon socket[0m.
[[0;32m  OK  [0m] Closed [0;1;39mLoad/Save RF Kill Switch Status /dev/rfkill Watch[0m.
         Stoppin         Stopping [0;1;39mSnap Daemon[0m...
         Stopping [0;1;39mOpenBSD Secure Shell server[0m...
[[0;32m  OK  [0m] Stopped [0;1;39mWait for Network to be Configured[0m.
         Stopping [0;1;39mLoad/Save Random Seed[0m...
         Stopping [0;1;39mUnattended Upgrades Shutdown[0m...
[[0;32m  OK  [0m] Stopped [0;1;39mAccounts Service[0m.
[[0;32m  OK  [0m] Stopped [0;1;39mirqbalance daemon[0m.
[[0;32m  OK  [0m] Stopped [0;1;39mDispatcher daemon for systemd-networkd[0m.
[[0;32m  OK  [0m] Stopped [0;1;39mSystem Logging Service[0m.
[[0;32m  OK  [0m] Stopped [0;1;39mSnap Daemon[0m.
[[0;32m  OK  [0m] Stopped [0;1;39mRegular background program processing daemon[0m.
[[0;32m  OK  [0m] Stopped [0;1;39mDeferred execution scheduler[0m.
[[0;32m  OK  [0m] Stopped [0;1;39mAuthorization Manager[0m.
[[0;32m  OK  [0m] Stopped [0;1;39mUnattended Upgrades Shutdown[0m.
[[0;32m  OK  [0m] Stopped [0;1;39mOpenBSD Secure Shell server[0m.
[[0;32m  OK  [0m] Stopped [0;1;39mSerial Getty on ttyS0[0m.
[[0;32m  OK  [0m] Stopped [0;1;39mGetty on tty1[0m.
[[0;32m  OK  [0m] Stopped [0;1;39mAvailability of block devices[0m.
[[0;32m  OK  [0m] Stopped [0;1;39mLoad/Save Random Seed[0m.
[[0;32m  OK  [0m] Stopped [0;1;39mSession 10 of user femu[0m.
[[0;32m  OK  [0m] Removed slice [0;1;39msystem-getty.slice[0m.
[[0;32m  OK  [0m] Removed slice [0;1;39msystem-serial\x2dgetty.slice[0m.
         Stopping [0;1;39mLogin Service[0m...
         Stopping [0;1;39mUser Manager for UID 1000[0m...
[[0;32m  OK  [0m] Stopped [0;1;39mLSB: Record successful boot for GRUB[0m.
[[0;32m  OK  [0m] Stopped [0;1;39mLSB: automatic crash report generation[0m.
[[0;32m  OK  [0m] Stopped [0;1;39mUser Manager for UID 1000[0m.
         Stopping [0;1;39mUser Runtime Directory /run/user/1000[0m...
[[0;32m  OK  [0m] Unmounted [0;1;39m/run/user/1000[0m.
[[0;32m  OK  [0m] Stopped [0;1;39mUser Runtime Directory /run/user/1000[0m.
[[0;32m  OK  [0m] Removed slice [0;1;39mUser Slice of UID 1000[0m.
         Stopping [0;1;39mD-Bus System Message Bus[0m...
         Stopping [0;1;39mPermit User Sessions[0m...
[[0;32m  OK  [0m] Stopped [0;1;39mD-Bus System Message Bus[0m.
[[0;32m  OK  [0m] Stopped [0;1;39mPermit User Sessions[0m.
[[0;32m  OK  [0m] Stopped target [0;1;39mNetwork[0m.
[[0;32m  OK  [0m] Stopped target [0;1;39mRemote File Systems[0m.
[[0;32m  OK  [0m] Stopped target [0;1;39mRemote File Systems (Pre)[0m.
         Stopping [0;1;39mNetwork Name Resolution[0m...
[[0;32m  OK  [0m] Stopped [0;1;39mNetwork Name Resolution[0m.
         Stopping [0;1;39mNetwork Service[0m...
[[0;32m  OK  [0m] Stopped [0;1;39mNetwork Service[0m.
[[0;32m  OK  [0m] Stopped [0;1;39mLogin Service[0m.
[[0;32m  OK  [0m] Stopped target [0;1;39mBasic System[0m.
[[0;32m  OK  [0m] Stopped target [0;1;39mUser and Group Name Lookups[0m.
[[0;32m  OK  [0m] Stopped target [0;1;39mPaths[0m.
[[0;32m  OK  [0m] Stopped target [0;1;39mSlices[0m.
[[0;32m  OK  [0m] Removed slice [0;1;39mUser and Session Slice[0m.
[[0;32m  OK  [0m] Stopped target [0;1;39mSockets[0m.
[[0;32m  OK  [0m] Closed [0;1;39mD-Bus System Message Bus Socket[0m.
[[0;32m  OK  [0m] Closed [0;1;39mOpen-iSCSI iscsid Socket[0m.
[[0;32m  OK  [0m] Closed [0;1;39mSocket unix for snap application lxd.daemon[0m.
[[0;32m  OK  [0m] Closed [0;1;39mSocket activation for snappy daemon[0m.
[[0;32m  OK  [0m] Closed [0;1;39mSyslog Socket[0m.
[[0;32m  OK  [0m] Closed [0;1;39mUUID daemon activation socket[0m.
[[0;32m  OK  [0m] Stopped target [0;1;39mSystem Initialization[0m.
[[0;32m  OK  [0m] Stopped target [0;1;39mLocal Encrypted Volumes[0m.
[[0;32m  OK  [0m] Stopped [0;1;39mDispatch Password …ts to Console Directory Watch[0m.
[[0;32m  OK  [0m] Stopped [0;1;39mForward Password R…uests to Wall Directory Watch[0m.
[[0;32m  OK  [0m] Stopped [0;1;39mApply Kernel Variables[0m.
[[0;32m  OK  [0m] Stopped [0;1;39mLoad Kernel Modules[0m.
         Stopping [0;1;39mNetwork Time Synchronization[0m...
         Stopping [0;1;39mUpdate UTMP about System Boot/Shutdown[0m...
[[0;32m  OK  [0m] Stopped [0;1;39mUpdate UTMP about System Boot/Shutdown[0m.
[[0;32m  OK  [0m] Stopped [0;1;39mNetwork Time Synchronization[0m.
[[0;32m  OK  [0m] Stopped [0;1;39mCreate Volatile Files and Directories[0m.
[[0;32m  OK  [0m] Stopped [0;1;39mCreate final runtime dir for shutdown pivot root[0m.
[[0;32m  OK  [0m] Stopped target [0;1;39mLocal File Systems[0m.
         Unmounting [0;1;39m/run/snapd/ns/lxd.mnt[0m...
         Unmounting [0;1;39mMount unit for core18, revision 1880[0m...
         Unmounting [0;1;39mMount unit for lxd, revision 16099[0m...
         Unmounting [0;1;39mMount unit for snapd, revision 8542[0m...
[[0;32m  OK  [0m] Unmounted [0;1;39m/run/snapd/ns/lxd.mnt[0m.
         Unmounting [0;1;39m/run/snapd/ns[0m...
[[0;32m  OK  [0m] Unmounted [0;1;39mMount unit for lxd, revision 16099[0m.
[[0;32m  OK  [0m] Unmounted [0;1;39m/run/snapd/ns[0m.
[[0;32m  OK  [0m] Stopped target [0;1;39mSwap[0m.
         Deactivating swap [0;1;39m/swap.img[0m...
[[0;32m  OK  [0m] Unmounted [0;1;39mMount unit for core18, revision 1880[0m.
[[0;32m  OK  [0m] Unmounted [0;1;39mMount unit for snapd, revision 8542[0m.
[[0;32m  OK  [0m] Deactivated swap [0;1;39m/swap.img[0m.
[[0;32m  OK  [0m] Stopped target [0;1;39mLocal File Systems (Pre)[0m.
[[0;32m  OK  [0m] Reached target [0;1;39mUnmount All Filesystems[0m.
         Stopping [0;1;39mMonitoring of LVM…meventd or progress polling[0m...
         Stopping [0;1;39mDevice-Mapper Multipath Device Controller[0m...
[[0;32m  OK  [0m] Stopped [0;1;39mCreate Static Device Nodes in /dev[0m.
[[0;32m  OK  [0m] Stopped [0;1;39mCreate System Users[0m.
[[0;32m  OK  [0m] Stopped [0;1;39mRemount Root and Kernel File Systems[0m.
[[0;32m  OK  [0m] Stopped [0;1;39mDevice-Mapper Multipath Device Controller[0m.
[[0;32m  OK  [0m] Stopped [0;1;39mMonitoring of LVM2… dmeventd or progress polling[0m.
[[0;32m  OK  [0m] Reached target [0;1;39mShutdown[0m.
[[0;32m  OK  [0m] Reached target [0;1;39mFinal Step[0m.
[[0;32m  OK  [0m] Finished [0;1;39mPower-Off[0m.
[[0;32m  OK  [0m] Reached target [0;1;39mPower-Off[0m.
[ 3629.056033] reboot: Power down
