c[?7l[2J[0mSeaBIOS (version rel-1.17.0-0-gb52ca86e094d-prebuilt.qemu.org)


iPXE (http://ipxe.org) 00:03.0 CA00 PCI2.10 PnP PMM+BEFD1D20+BEF31D20 CA00
Press Ctrl-B to configure iPXE (PCI 00:03.0)...                                                                               


Booting from Hard Disk...
[H[J[1;1H[?25l[m[H[J[1;1H[2;30HGNU GRUB  version 2.04

[m[4;2H+----------------------------------------------------------------------------+[5;2H|[5;79H|[6;2H|[6;79H|[7;2H|[7;79H|[8;2H|[8;79H|[9;2H|[9;79H|[10;2H|[10;79H|[11;2H|[11;79H|[12;2H|[12;79H|[13;2H|[13;79H|[14;2H|[14;79H|[15;2H|[15;79H|[16;2H|[16;79H|[17;2H+----------------------------------------------------------------------------+[m[18;2H[19;2H[m     Use the ^ and v keys to select which entry is highlighted.          
      Press enter to boot the selected OS, `e' to edit the commands       
      before booting or `c' for a command-line.                           [5;80H [7m[5;3H*Ubuntu, with Linux 5.4.0-64-generic                                        [m[5;78H[m[m[6;3H                                                                            [m[6;78H[m[m[7;3H                                                                            [m[7;78H[m[m[8;3H                                                                            [m[8;78H[m[m[9;3H                                                                            [m[9;78H[m[m[10;3H                                                                            [m[10;78H[m[m[11;3H                                                                            [m[11;78H[m[m[12;3H                                                                            [m[12;78H[m[m[13;3H                                                                            [m[13;78H[m[m[14;3H                                                                            [m[14;78H[m[m[15;3H                                                                            [m[15;78H[m[m[16;3H                                                                            [m[16;78H[m[16;80H [5;78H[22;1H   The highlighted entry will be executed automatically in 3s.                 [5;78H[22;1H   The highlighted entry will be executed automatically in 2s.                 [5;78H[22;1H   The highlighted entry will be executed automatically in 1s.                 [5;78H[22;1H   The highlighted entry will be executed automatically in 0s.                 [5;78H[?25h[H[J[1;1H[H[J[1;1HLoading Linux 5.4.0-64-generic ...
Loading initial ramdisk ...
[    0.000000] Linux version 5.4.0-64-generic (buildd@lcy01-amd64-021) (gcc version 9.3.0 (Ubuntu 9.3.0-17ubuntu1~20.04)) #72-Ubuntu SMP Fri Jan 15 10:27:54 UTC 2021 (Ubuntu 5.4.0-64.72-generic 5.4.78)
[    0.000000] Command line: BOOT_IMAGE=/boot/vmlinuz-5.4.0-64-generic root=UUID=66add23f-3d34-46f1-a540-ebfdd268827e ro ip=dhcp console=ttyS0,115200 console=tty console=ttyS0 text
[    0.000000] KERNEL supported cpus:
[    0.000000]   Intel GenuineIntel
[    0.000000]   AMD AuthenticAMD
[    0.000000]   Hygon HygonGenuine
[    0.000000]   Centaur CentaurHauls
[    0.000000]   zhaoxin   Shanghai  
[    0.000000] x86/fpu: Supporting XSAVE feature 0x001: 'x87 floating point registers'
[    0.000000] x86/fpu: Supporting XSAVE feature 0x002: 'SSE registers'
[    0.000000] x86/fpu: Supporting XSAVE feature 0x004: 'AVX registers'
[    0.000000] x86/fpu: xstate_offset[2]:  576, xstate_sizes[2]:  256
[    0.000000] x86/fpu: Enabled xstate features 0x7, context size is 832 bytes, using 'compacted' format.
[    0.000000] BIOS-provided physical RAM map:
[    0.000000] BIOS-e820: [mem 0x0000000000000000-0x000000000009fbff] usable
[    0.000000] BIOS-e820: [mem 0x000000000009fc00-0x000000000009ffff] reserved
[    0.000000] BIOS-e820: [mem 0x00000000000f0000-0x00000000000fffff] reserved
[    0.000000] BIOS-e820: [mem 0x0000000000100000-0x00000000bffdcfff] usable
[    0.000000] BIOS-e820: [mem 0x00000000bffdd000-0x00000000bfffffff] reserved
[    0.000000] BIOS-e820: [mem 0x00000000feffc000-0x00000000feffffff] reserved
[    0.000000] BIOS-e820: [mem 0x00000000fffc0000-0x00000000ffffffff] reserved
[    0.000000] BIOS-e820: [mem 0x0000000100000000-0x000000013fffffff] usable
[    0.000000] NX (Execute Disable) protection: active
[    0.000000] SMBIOS 2.8 present.
[    0.000000] DMI: QEMU Standard PC (i440FX + PIIX, 1996), BIOS rel-1.17.0-0-gb52ca86e094d-prebuilt.qemu.org 04/01/2014
[    0.000000] Hypervisor detected: KVM
[    0.000000] kvm-clock: Using msrs 4b564d01 and 4b564d00
[    0.000000] kvm-clock: cpu 0, msr 67c01001, primary cpu clock
[    0.000000] kvm-clock: using sched offset of 8538104256 cycles
[    0.000003] clocksource: kvm-clock: mask: 0xffffffffffffffff max_cycles: 0x1cd42e4dffb, max_idle_ns: 881590591483 ns
[    0.000005] tsc: Detected 2995.202 MHz processor
[    0.001955] last_pfn = 0x140000 max_arch_pfn = 0x400000000
[    0.002201] x86/PAT: Configuration [0-7]: WB  WC  UC- UC  WB  WP  UC- WT  
[    0.002224] last_pfn = 0xbffdd max_arch_pfn = 0x400000000
[    0.007007] found SMP MP-table at [mem 0x000f54b0-0x000f54bf]
[    0.007174] check: Scanning 1 areas for low memory corruption
[    0.007380] Using GB pages for direct mapping
[    0.008748] RAMDISK: [mem 0x2d173000-0x328b0fff]
[    0.008845] ACPI: Early table checksum verification disabled
[    0.008870] ACPI: RSDP 0x00000000000F52B0 000014 (v00 BOCHS )
[    0.008883] ACPI: RSDT 0x00000000BFFE2458 000034 (v01 BOCHS  BXPC     00000001 BXPC 00000001)
[    0.008888] ACPI: FACP 0x00000000BFFE22F4 000074 (v01 BOCHS  BXPC     00000001 BXPC 00000001)
[    0.008892] ACPI: DSDT 0x00000000BFFE0040 0022B4 (v01 BOCHS  BXPC     00000001 BXPC 00000001)
[    0.008894] ACPI: FACS 0x00000000BFFE0000 000040
[    0.008896] ACPI: APIC 0x00000000BFFE2368 000090 (v03 BOCHS  BXPC     00000001 BXPC 00000001)
[    0.008898] ACPI: HPET 0x00000000BFFE23F8 000038 (v01 BOCHS  BXPC     00000001 BXPC 00000001)
[    0.008900] ACPI: WAET 0x00000000BFFE2430 000028 (v01 BOCHS  BXPC     00000001 BXPC 00000001)
[    0.009559] No NUMA configuration found
[    0.009560] Faking a node at [mem 0x0000000000000000-0x000000013fffffff]
[    0.009566] NODE_DATA(0) allocated [mem 0x13ffd3000-0x13fffdfff]
[    0.010270] Zone ranges:
[    0.010272]   DMA      [mem 0x0000000000001000-0x0000000000ffffff]
[    0.010273]   DMA32    [mem 0x0000000001000000-0x00000000ffffffff]
[    0.010274]   Normal   [mem 0x0000000100000000-0x000000013fffffff]
[    0.010275]   Device   empty
[    0.010275] Movable zone start for each node
[    0.010276] Early memory node ranges
[    0.010277]   node   0: [mem 0x0000000000001000-0x000000000009efff]
[    0.010278]   node   0: [mem 0x0000000000100000-0x00000000bffdcfff]
[    0.010279]   node   0: [mem 0x0000000100000000-0x000000013fffffff]
[    0.011924] Zeroed struct page in unavailable ranges: 133 pages
[    0.011926] Initmem setup node 0 [mem 0x0000000000001000-0x000000013fffffff]
[    0.048949] ACPI: PM-Timer IO Port: 0x608
[    0.048975] ACPI: LAPIC_NMI (acpi_id[0xff] dfl dfl lint[0x1])
[    0.049046] IOAPIC[0]: apic_id 0, version 17, address 0xfec00000, GSI 0-23
[    0.049048] ACPI: INT_SRC_OVR (bus 0 bus_irq 0 global_irq 2 dfl dfl)
[    0.049049] ACPI: INT_SRC_OVR (bus 0 bus_irq 5 global_irq 5 high level)
[    0.049050] ACPI: INT_SRC_OVR (bus 0 bus_irq 9 global_irq 9 high level)
[    0.049051] ACPI: INT_SRC_OVR (bus 0 bus_irq 10 global_irq 10 high level)
[    0.049051] ACPI: INT_SRC_OVR (bus 0 bus_irq 11 global_irq 11 high level)
[    0.049055] Using ACPI (MADT) for SMP configuration information
[    0.049056] ACPI: HPET id: 0x8086a201 base: 0xfed00000
[    0.049061] TSC deadline timer available
[    0.049069] smpboot: Allowing 4 CPUs, 0 hotplug CPUs
[    0.049113] KVM setup pv sched yield
[    0.049121] PM: Registered nosave memory: [mem 0x00000000-0x00000fff]
[    0.049122] PM: Registered nosave memory: [mem 0x0009f000-0x0009ffff]
[    0.049122] PM: Registered nosave memory: [mem 0x000a0000-0x000effff]
[    0.049123] PM: Registered nosave memory: [mem 0x000f0000-0x000fffff]
[    0.049123] PM: Registered nosave memory: [mem 0xbffdd000-0xbfffffff]
[    0.049124] PM: Registered nosave memory: [mem 0xc0000000-0xfeffbfff]
[    0.049124] PM: Registered nosave memory: [mem 0xfeffc000-0xfeffffff]
[    0.049125] PM: Registered nosave memory: [mem 0xff000000-0xfffbffff]
[    0.049125] PM: Registered nosave memory: [mem 0xfffc0000-0xffffffff]
[    0.049127] [mem 0xc0000000-0xfeffbfff] available for PCI devices
[    0.049127] Booting paravirtualized kernel on KVM
[    0.049130] clocksource: refined-jiffies: mask: 0xffffffff max_cycles: 0xffffffff, max_idle_ns: 7645519600211568 ns
[    0.049134] setup_percpu: NR_CPUS:8192 nr_cpumask_bits:4 nr_cpu_ids:4 nr_node_ids:1
[    0.051367] percpu: Embedded 55 pages/cpu s188416 r8192 d28672 u524288
[    0.051435] KVM setup async PF for cpu 0
[    0.051488] kvm-stealtime: cpu 0, msr 13ba2d040
[    0.051508] PV qspinlock hash table entries: 256 (order: 0, 4096 bytes, linear)
[    0.051521] Built 1 zonelists, mobility grouping on.  Total pages: 1032038
[    0.051522] Policy zone: Normal
[    0.051525] Kernel command line: BOOT_IMAGE=/boot/vmlinuz-5.4.0-64-generic root=UUID=66add23f-3d34-46f1-a540-ebfdd268827e ro ip=dhcp console=ttyS0,115200 console=tty console=ttyS0 text
[    0.055379] Dentry cache hash table entries: 524288 (order: 10, 4194304 bytes, linear)
[    0.056492] Inode-cache hash table entries: 262144 (order: 9, 2097152 bytes, linear)
[    0.056589] mem auto-init: stack:off, heap alloc:on, heap free:off
[    0.087529] Memory: 3932816K/4193772K available (14339K kernel code, 2399K rwdata, 4960K rodata, 2724K init, 4980K bss, 260956K reserved, 0K cma-reserved)
[    0.087540] random: get_random_u64 called from kmem_cache_open+0x2d/0x410 with crng_init=0
[    0.088569] SLUB: HWalign=64, Order=0-3, MinObjects=0, CPUs=4, Nodes=1
[    0.088580] ftrace: allocating 44555 entries in 175 pages
[    0.103418] rcu: Hierarchical RCU implementation.
[    0.103422] rcu: 	RCU restricting CPUs from NR_CPUS=8192 to nr_cpu_ids=4.
[    0.103423] 	Tasks RCU enabled.
[    0.103424] rcu: RCU calculated value of scheduler-enlistment delay is 25 jiffies.
[    0.103425] rcu: Adjusting geometry for rcu_fanout_leaf=16, nr_cpu_ids=4
[    0.105300] NR_IRQS: 524544, nr_irqs: 456, preallocated irqs: 16
[    0.105685] random: crng done (trusting CPU's manufacturer)
[    0.137804] Console: colour VGA+ 80x25
[    0.204462] printk: console [tty0] enabled
[    0.437448] printk: console [ttyS0] enabled
[    0.439479] ACPI: Core revision 20190816
[    0.441620] clocksource: hpet: mask: 0xffffffff max_cycles: 0xffffffff, max_idle_ns: 19112604467 ns
[    0.445676] APIC: Switch to symmetric I/O mode setup
[    0.448146] x2apic enabled
[    0.449981] Switched APIC routing to physical x2apic.
[    0.452138] KVM setup pv IPIs
[    0.455995] ..TIMER: vector=0x30 apic1=0 pin1=2 apic2=-1 pin2=-1
[    0.458584] clocksource: tsc-early: mask: 0xffffffffffffffff max_cycles: 0x2b2c909a7c7, max_idle_ns: 440795208498 ns
[    0.463054] Calibrating delay loop (skipped) preset value.. 5990.40 BogoMIPS (lpj=11980808)
[    0.467054] pid_max: default: 32768 minimum: 301
[    0.468868] LSM: Security Framework initializing
[    0.471065] Yama: becoming mindful.
[    0.472744] AppArmor: AppArmor initialized
[    0.475104] Mount-cache hash table entries: 8192 (order: 4, 65536 bytes, linear)
[    0.479066] Mountpoint-cache hash table entries: 8192 (order: 4, 65536 bytes, linear)
[    0.482621] *** VALIDATE tmpfs ***
[    0.483170] *** VALIDATE proc ***
[    0.484451] *** VALIDATE cgroup1 ***
[    0.487054] *** VALIDATE cgroup2 ***
[    0.489165] x86/cpu: User Mode Instruction Prevention (UMIP) activated
[    0.491318] Last level iTLB entries: 4KB 0, 2MB 0, 4MB 0
[    0.495056] Last level dTLB entries: 4KB 0, 2MB 0, 4MB 0, 1GB 0
[    0.499067] Spectre V1 : Mitigation: usercopy/swapgs barriers and __user pointer sanitization
[    0.503064] Spectre V2 : Mitigation: Enhanced IBRS
[    0.505285] Spectre V2 : Spectre v2 / SpectreRSB mitigation: Filling RSB on context switch
[    0.507058] Spectre V2 : mitigation: Enabling conditional Indirect Branch Prediction Barrier
[    0.511057] Speculative Store Bypass: Mitigation: Speculative Store Bypass disabled via prctl and seccomp
[    0.515304] Freeing SMP alternatives memory: 40K
[    0.521856] smpboot: CPU0: Intel(R) Core(TM) Ultra 5 125H (family: 0x6, model: 0xaa, stepping: 0x4)
[    0.523048] Performance Events: unsupported p6 CPU model 170 no PMU driver, software events only.
[    0.523116] rcu: Hierarchical SRCU implementation.
[    0.525592] NMI watchdog: Perf NMI watchdog permanently disabled
[    0.527125] smp: Bringing up secondary CPUs ...
[    0.529207] x86: Booting SMP configuration:
[    0.531066] .... node  #0, CPUs:      #1
[    0.349441] kvm-clock: cpu 1, msr 67c01041, secondary cpu clock
[    0.533749] KVM setup async PF for cpu 1
[    0.535048] kvm-stealtime: cpu 1, msr 13baad040
[    0.539225]  #2
[    0.349441] kvm-clock: cpu 2, msr 67c01081, secondary cpu clock
[    0.541207] KVM setup async PF for cpu 2
[    0.543048] kvm-stealtime: cpu 2, msr 13bb2d040
[    0.547229]  #3
[    0.349441] kvm-clock: cpu 3, msr 67c010c1, secondary cpu clock
[    0.552118] KVM setup async PF for cpu 3
[    0.555048] kvm-stealtime: cpu 3, msr 13bbad040
[    0.559375] smp: Brought up 1 node, 4 CPUs
[    0.561154] smpboot: Max logical packages: 1
[    0.563061] smpboot: Total of 4 processors activated (23961.61 BogoMIPS)
[    0.567884] devtmpfs: initialized
[    0.568598] x86/mm: Memory block size: 128MB
[    0.571352] clocksource: jiffies: mask: 0xffffffff max_cycles: 0xffffffff, max_idle_ns: 7645041785100000 ns
[    0.575074] futex hash table entries: 1024 (order: 4, 65536 bytes, linear)
[    0.577905] pinctrl core: initialized pinctrl subsystem
[    0.579284] PM: RTC time: 12:19:58, date: 2026-08-24
[    0.582224] NET: Registered protocol family 16
[    0.583119] audit: initializing netlink subsys (disabled)
[    0.585329] audit: type=2000 audit(1787573998.835:1): state=initialized audit_enabled=0 res=1
[    0.585329] EISA bus registered
[    0.588800] cpuidle: using governor ladder
[    0.590371] cpuidle: using governor menu
[    0.591390] KVM setup pv remote TLB flush
[    0.594501] ACPI: bus type PCI registered
[    0.595059] acpiphp: ACPI Hot Plug PCI Controller Driver version: 0.5
[    0.599289] PCI: Using configuration type 1 for base access
[    0.603155] HugeTLB registered 1.00 GiB page size, pre-allocated 0 pages
[    0.603155] HugeTLB registered 2.00 MiB page size, pre-allocated 0 pages
[    0.611193] ACPI: Added _OSI(Module Device)
[    0.612895] ACPI: Added _OSI(Processor Device)
[    0.615058] ACPI: Added _OSI(3.0 _SCP Extensions)
[    0.617076] ACPI: Added _OSI(Processor Aggregator Device)
[    0.619062] ACPI: Added _OSI(Linux-Dell-Video)
[    0.621574] ACPI: Added _OSI(Linux-Lenovo-NV-HDMI-Audio)
[    0.623062] ACPI: Added _OSI(Linux-HPI-Hybrid-Graphics)
[    0.626332] ACPI: 1 ACPI AML tables successfully acquired and loaded
[    0.632575] ACPI: Interpreter enabled
[    0.634352] ACPI: (supports S0 S3 S4 S5)
[    0.635057] ACPI: Using IOAPIC for interrupt routing
[    0.638449] PCI: Using host bridge windows from ACPI; if necessary, use "pci=nocrs" and report a bug
[    0.643202] ACPI: Enabled 2 GPEs in block 00 to 0F
[    0.647974] ACPI: PCI Root Bridge [PCI0] (domain 0000 [bus 00-ff])
[    0.650479] acpi PNP0A03:00: _OSC: OS supports [ASPM ClockPM Segments MSI HPX-Type3]
[    0.655084] acpi PNP0A03:00: fail to add MMCONFIG information, can't access extended PCI configuration space under this bridge.
[    0.659365] acpiphp: Slot [3] registered
[    0.661535] acpiphp: Slot [4] registered
[    0.663095] acpiphp: Slot [5] registered
[    0.665499] acpiphp: Slot [6] registered
[    0.667132] acpiphp: Slot [7] registered
[    0.670232] acpiphp: Slot [8] registered
[    0.675105] acpiphp: Slot [9] registered
[    0.676722] acpiphp: Slot [10] registered
[    0.679110] acpiphp: Slot [11] registered
[    0.680731] acpiphp: Slot [12] registered
[    0.682537] acpiphp: Slot [13] registered
[    0.683087] acpiphp: Slot [14] registered
[    0.684938] acpiphp: Slot [15] registered
[    0.686733] acpiphp: Slot [16] registered
[    0.687115] acpiphp: Slot [17] registered
[    0.689625] acpiphp: Slot [18] registered
[    0.695118] acpiphp: Slot [19] registered
[    0.697413] acpiphp: Slot [20] registered
[    0.699110] acpiphp: Slot [21] registered
[    0.701138] acpiphp: Slot [22] registered
[    0.702870] acpiphp: Slot [23] registered
[    0.703126] acpiphp: Slot [24] registered
[    0.705698] acpiphp: Slot [25] registered
[    0.707100] acpiphp: Slot [26] registered
[    0.709400] acpiphp: Slot [27] registered
[    0.715109] acpiphp: Slot [28] registered
[    0.716786] acpiphp: Slot [29] registered
[    0.718671] acpiphp: Slot [30] registered
[    0.719102] acpiphp: Slot [31] registered
[    0.720944] PCI host bridge to bus 0000:00
[    0.722762] pci_bus 0000:00: root bus resource [io  0x0000-0x0cf7 window]
[    0.727064] pci_bus 0000:00: root bus resource [io  0x0d00-0xffff window]
[    0.730247] pci_bus 0000:00: root bus resource [mem 0x000a0000-0x000bffff window]
[    0.731113] pci_bus 0000:00: root bus resource [mem 0xc0000000-0xfebfffff window]
[    0.734221] pci_bus 0000:00: root bus resource [mem 0xe0000000000-0xe007fffffff window]
[    0.739062] pci_bus 0000:00: root bus resource [bus 00-ff]
[    0.742136] pci 0000:00:00.0: [8086:1237] type 00 class 0x060000
[    0.749000] pci 0000:00:01.0: [8086:7000] type 00 class 0x060100
[    0.752428] pci 0000:00:01.1: [8086:7010] type 00 class 0x010180
[    0.759392] pci 0000:00:01.1: reg 0x20: [io  0xc060-0xc06f]
[    0.763637] pci 0000:00:01.1: legacy IDE quirk: reg 0x10: [io  0x01f0-0x01f7]
[    0.766804] pci 0000:00:01.1: legacy IDE quirk: reg 0x14: [io  0x03f6]
[    0.771058] pci 0000:00:01.1: legacy IDE quirk: reg 0x18: [io  0x0170-0x0177]
[    0.775061] pci 0000:00:01.1: legacy IDE quirk: reg 0x1c: [io  0x0376]
[    0.778950] pci 0000:00:01.3: [8086:7113] type 00 class 0x068000
[    0.784906] pci 0000:00:01.3: quirk: [io  0x0600-0x063f] claimed by PIIX4 ACPI
[    0.791082] pci 0000:00:01.3: quirk: [io  0x0700-0x070f] claimed by PIIX4 SMB
[    0.796403] pci 0000:00:02.0: [1234:1111] type 00 class 0x030000
[    0.800804] pci 0000:00:02.0: reg 0x10: [mem 0xfd000000-0xfdffffff pref]
[    0.805591] pci 0000:00:02.0: reg 0x18: [mem 0xfebd0000-0xfebd0fff]
[    0.811101] pci 0000:00:02.0: reg 0x30: [mem 0xfebc0000-0xfebcffff pref]
[    0.816222] pci 0000:00:03.0: [1af4:1000] type 00 class 0x020000
[    0.820109] pci 0000:00:03.0: reg 0x10: [io  0xc040-0xc05f]
[    0.823059] pci 0000:00:03.0: reg 0x14: [mem 0xfebd1000-0xfebd1fff]
[    0.829232] pci 0000:00:03.0: reg 0x20: [mem 0xe0040000000-0xe0040003fff 64bit pref]
[    0.835806] pci 0000:00:03.0: reg 0x30: [mem 0xfeb80000-0xfebbffff pref]
[    0.841513] pci 0000:00:04.0: [1af4:1004] type 00 class 0x010000
[    0.844332] pci 0000:00:04.0: reg 0x10: [io  0xc000-0xc03f]
[    0.849711] pci 0000:00:04.0: reg 0x14: [mem 0xfebd2000-0xfebd2fff]
[    0.875611] pci 0000:00:04.0: reg 0x20: [mem 0xe0040004000-0xe0040007fff 64bit pref]
[    0.886687] pci 0000:00:05.0: [1d1d:1f1f] type 00 class 0x010802
[    0.887820] pci 0000:00:05.0: reg 0x10: [mem 0xe0000000000-0xe0000001fff 64bit]
[    0.892993] pci 0000:00:05.0: reg 0x20: [mem 0xfebd3000-0xfebd3fff]
[    0.896431] pci 0000:00:05.0: enabling Extended Tags
[    0.931865] ACPI: PCI Interrupt Link [LNKA] (IRQs 5 *10 11)
[    0.935272] ACPI: PCI Interrupt Link [LNKB] (IRQs 5 *10 11)
[    0.937616] ACPI: PCI Interrupt Link [LNKC] (IRQs 5 10 *11)
[    0.939175] ACPI: PCI Interrupt Link [LNKD] (IRQs 5 10 *11)
[    0.942007] ACPI: PCI Interrupt Link [LNKS] (IRQs *9)
[    0.951216] iommu: Default domain type: Translated 
[    0.955551] SCSI subsystem initialized
[    0.959402] pci 0000:00:02.0: vgaarb: setting as boot VGA device
[    0.962936] pci 0000:00:02.0: vgaarb: VGA device added: decodes=io+mem,owns=io+mem,locks=none
[    0.967063] pci 0000:00:02.0: vgaarb: bridge control possible
[    0.970397] vgaarb: loaded
[    0.971139] ACPI: bus type USB registered
[    0.972728] usbcore: registered new interface driver usbfs
[    0.975083] usbcore: registered new interface driver hub
[    0.979069] usbcore: registered new device driver usb
[    0.979317] pps_core: LinuxPPS API ver. 1 registered
[    0.981578] pps_core: Software ver. 5.3.6 - Copyright 2005-2007 Rodolfo Giometti <giometti@linux.it>
[    0.987294] PTP clock support registered
[    0.989093] EDAC MC: Ver: 3.0.0
[    0.991512] PCI: Using ACPI for IRQ routing
[    0.995566] NetLabel: Initializing
[    0.997055] NetLabel:  domain hash size = 128
[    0.999047] NetLabel:  protocols = UNLABELED CIPSOv4 CALIPSO
[    0.999077] NetLabel:  unlabeled traffic allowed by default
[    1.004078] hpet0: at MMIO 0xfed00000, IRQs 2, 8, 0
[    1.006640] hpet0: 3 comparators, 64-bit 100.000000 MHz counter
[    1.010384] clocksource: Switched to clocksource kvm-clock
[    1.021137] *** VALIDATE bpf ***
[    1.022653] VFS: Disk quotas dquot_6.6.0
[    1.024488] VFS: Dquot-cache hash table entries: 512 (order 0, 4096 bytes)
[    1.027446] *** VALIDATE ramfs ***
[    1.028925] *** VALIDATE hugetlbfs ***
[    1.031258] AppArmor: AppArmor Filesystem Enabled
[    1.034284] pnp: PnP ACPI init
[    1.036234] pnp: PnP ACPI: found 6 devices
[    1.042395] thermal_sys: Registered thermal governor 'fair_share'
[    1.042396] thermal_sys: Registered thermal governor 'bang_bang'
[    1.045067] thermal_sys: Registered thermal governor 'step_wise'
[    1.048753] thermal_sys: Registered thermal governor 'user_space'
[    1.051164] thermal_sys: Registered thermal governor 'power_allocator'
[    1.059268] clocksource: acpi_pm: mask: 0xffffff max_cycles: 0xffffff, max_idle_ns: 2085701024 ns
[    1.066593] pci_bus 0000:00: resource 4 [io  0x0000-0x0cf7 window]
[    1.070660] pci_bus 0000:00: resource 5 [io  0x0d00-0xffff window]
[    1.073452] pci_bus 0000:00: resource 6 [mem 0x000a0000-0x000bffff window]
[    1.075990] pci_bus 0000:00: resource 7 [mem 0xc0000000-0xfebfffff window]
[    1.078679] pci_bus 0000:00: resource 8 [mem 0xe0000000000-0xe007fffffff window]
[    1.081999] NET: Registered protocol family 2
[    1.105818] tcp_listen_portaddr_hash hash table entries: 2048 (order: 3, 32768 bytes, linear)
[    1.110194] TCP established hash table entries: 32768 (order: 6, 262144 bytes, linear)
[    1.115458] TCP bind hash table entries: 32768 (order: 7, 524288 bytes, linear)
[    1.118858] TCP: Hash tables configured (established 32768 bind 32768)
[    1.122336] UDP hash table entries: 2048 (order: 4, 65536 bytes, linear)
[    1.125884] UDP-Lite hash table entries: 2048 (order: 4, 65536 bytes, linear)
[    1.129218] NET: Registered protocol family 1
[    1.131327] NET: Registered protocol family 44
[    1.133457] pci 0000:00:01.0: PIIX3: Enabling Passive Release
[    1.137895] pci 0000:00:00.0: Limiting direct PCI/PCI transfers
[    1.143096] pci 0000:00:01.0: Activating ISA DMA hang workarounds
[    1.147804] pci 0000:00:02.0: Video device with shadowed ROM at [mem 0x000c0000-0x000dffff]
[    1.154384] PCI: CLS 0 bytes, default 64
[    1.156533] Trying to unpack rootfs image as initramfs...
[    1.433773] Freeing initrd memory: 89336K
[    1.437765] PCI-DMA: Using software bounce buffering for IO (SWIOTLB)
[    1.440501] software IO TLB: mapped [mem 0xbbfdd000-0xbffdd000] (64MB)
[    1.443152] clocksource: tsc: mask: 0xffffffffffffffff max_cycles: 0x2b2c909a7c7, max_idle_ns: 440795208498 ns
[    1.447787] check: Scanning for low memory corruption every 60 seconds
[    1.452683] Initialise system trusted keyrings
[    1.455127] Key type blacklist registered
[    1.457924] workingset: timestamp_bits=36 max_order=20 bucket_order=0
[    1.461334] zbud: loaded
[    1.462955] squashfs: version 4.0 (2009/01/31) Phillip Lougher
[    1.465897] fuse: init (API version 7.31)
[    1.472832] *** VALIDATE fuse ***
[    1.474622] *** VALIDATE fuse ***
[    1.476780] Platform Keyring initialized
[    1.480468] Key type asymmetric registered
[    1.482689] Asymmetric key parser 'x509' registered
[    1.486595] Block layer SCSI generic (bsg) driver version 0.4 loaded (major 244)
[    1.490981] io scheduler mq-deadline registered
[    1.493899] shpchp: Standard Hot Plug PCI Controller Driver version: 0.4
[    1.496647] input: Power Button as /devices/LNXSYSTM:00/LNXPWRBN:00/input/input0
[    1.500331] ACPI: Power Button [PWRF]
[    1.503041] PCI Interrupt Link [LNKC] enabled at IRQ 11
[    1.509797] PCI Interrupt Link [LNKD] enabled at IRQ 10
[    1.516340] Serial: 8250/16550 driver, 32 ports, IRQ sharing enabled
[    1.547766] 00:04: ttyS0 at I/O 0x3f8 (irq = 4, base_baud = 115200) is a 16550A
[    1.552406] Linux agpgart interface v0.103
[    1.556113] loop: module loaded
[    1.558983] scsi host0: ata_piix
[    1.561988] scsi host1: ata_piix
[    1.564319] ata1: PATA max MWDMA2 cmd 0x1f0 ctl 0x3f6 bmdma 0xc060 irq 14
[    1.568176] ata2: PATA max MWDMA2 cmd 0x170 ctl 0x376 bmdma 0xc068 irq 15
[    1.571702] libphy: Fixed MDIO Bus: probed
[    1.574571] tun: Universal TUN/TAP device driver, 1.6
[    1.576888] PPP generic driver version 2.4.2
[    1.578858] VFIO - User Level meta-driver version: 0.3
[    1.581386] ehci_hcd: USB 2.0 'Enhanced' Host Controller (EHCI) Driver
[    1.583922] ehci-pci: EHCI PCI platform driver
[    1.585757] ehci-platform: EHCI generic platform driver
[    1.588216] ohci_hcd: USB 1.1 'Open' Host Controller (OHCI) Driver
[    1.591006] ohci-pci: OHCI PCI platform driver
[    1.592903] ohci-platform: OHCI generic platform driver
[    1.596003] uhci_hcd: USB Universal Host Controller Interface driver
[    1.598562] i8042: PNP: PS/2 Controller [PNP0303:KBD,PNP0f13:MOU] at 0x60,0x64 irq 1,12
[    1.603594] serio: i8042 KBD port at 0x60,0x64 irq 1
[    1.605644] serio: i8042 AUX port at 0x60,0x64 irq 12
[    1.609147] mousedev: PS/2 mouse device common for all mice
[    1.614010] rtc_cmos 00:05: RTC can wake from S4
[    1.618141] input: AT Translated Set 2 keyboard as /devices/platform/i8042/serio0/input/input1
[    1.619421] rtc_cmos 00:05: registered as rtc0
[    1.624694] rtc_cmos 00:05: alarms up to one day, y3k, 242 bytes nvram, hpet irqs
[    1.628479] i2c /dev entries driver
[    1.629842] device-mapper: uevent: version 1.0.3
[    1.632161] device-mapper: ioctl: 4.41.0-ioctl (2019-09-16) initialised: dm-devel@redhat.com
[    1.636113] platform eisa.0: Probing EISA bus 0
[    1.638338] platform eisa.0: EISA: Cannot allocate resource for mainboard
[    1.643975] platform eisa.0: Cannot allocate resource for EISA slot 1
[    1.647862] platform eisa.0: Cannot allocate resource for EISA slot 2
[    1.650426] platform eisa.0: Cannot allocate resource for EISA slot 3
[    1.653367] platform eisa.0: Cannot allocate resource for EISA slot 4
[    1.655992] platform eisa.0: Cannot allocate resource for EISA slot 5
[    1.660721] platform eisa.0: Cannot allocate resource for EISA slot 6
[    1.664657] platform eisa.0: Cannot allocate resource for EISA slot 7
[    1.668455] platform eisa.0: Cannot allocate resource for EISA slot 8
[    1.671695] platform eisa.0: EISA: Detected 0 cards
[    1.673828] intel_pstate: CPU model not supported
[    1.676540] ledtrig-cpu: registered to indicate activity on CPUs
[    1.680443] drop_monitor: Initializing network drop monitor service
[    1.683382] NET: Registered protocol family 10
[    1.691738] Segment Routing with IPv6
[    1.693661] NET: Registered protocol family 17
[    1.695961] Key type dns_resolver registered
[    1.698559] RAS: Correctable Errors collector initialized.
[    1.701595] IPI shorthand broadcast: enabled
[    1.703439] sched_clock: Marking stable (1357979665, 345441657)->(1742676573, -39255251)
[    1.706999] registered taskstats version 1
[    1.708826] Loading compiled-in X.509 certificates
[    1.711743] Loaded X.509 cert 'Build time autogenerated kernel key: 7f1af841edfbf04e4b72462ffb6202c30b2da0bb'
[    1.716386] zswap: loaded using pool lzo/zbud
[    1.718715] Key type ._fscrypt registered
[    1.721493] Key type .fscrypt registered
[    1.729274] Key type big_key registered
[    1.733711] Key type encrypted registered
[    1.735638] AppArmor: AppArmor sha1 policy hashing enabled
[    1.738148] ima: No TPM chip found, activating TPM-bypass!
[    1.742670] ima: Allocated hash algorithm: sha1
[    1.746042] ima: No architecture policies found
[    1.749052] evm: Initialising EVM extended attributes:
[    1.751453] evm: security.selinux
[    1.753096] evm: security.SMACK64
[    1.754719] evm: security.SMACK64EXEC
[    1.756166] evm: security.SMACK64TRANSMUTE
[    1.758249] evm: security.SMACK64MMAP
[    1.760706] evm: security.apparmor
[    1.764041] evm: security.ima
[    1.766061] evm: security.capability
[    1.769447] evm: HMAC attrs: 0x1
[    1.771836] PM:   Magic number: 6:360:330
[    1.773824] tty tty51: hash matches
[    1.776884] rtc_cmos 00:05: setting system clock to 2026-08-24T12:20:00 UTC (1787574000)
[    1.784990] Freeing unused decrypted memory: 2040K
[    1.787815] Freeing unused kernel image memory: 2724K
[    1.795590] Write protecting the kernel read-only data: 22528k
[    1.798910] Freeing unused kernel image memory: 2008K
[    1.801569] Freeing unused kernel image memory: 1184K
[    1.809396] x86/mm: Checked W+X mappings: passed, no W+X pages found.
[    1.812600] Run /init as init process
Loading, please wait...
Starting version 245.4-4ubuntu3.2
[    1.859162] Floppy drive(s): fd0 is 2.88M AMI BIOS
[    1.863615] piix4_smbus 0000:00:01.3: SMBus Host Controller at 0x700, revision 0
[    1.876637] scsi host2: Virtio SCSI HBA
[    1.882270] FDC 0 is a S82078B
[    1.884701] input: VirtualPS/2 VMware VMMouse as /devices/platform/i8042/serio1/input/input4
[    1.894253] scsi 2:0:0:0: Direct-Access     QEMU     QEMU HARDDISK    2.5+ PQ: 0 ANSI: 5
[    1.898289] input: VirtualPS/2 VMware VMMouse as /devices/platform/i8042/serio1/input/input3
[    1.908335] virtio_net virtio0 ens3: renamed from eth0
[    1.912807] cryptd: max_cpu_qlen set to 1000
[    1.912853] bochs-drm 0000:00:02.0: remove_conflicting_pci_framebuffers: bar 0: 0xfd000000 -> 0xfdffffff
[    1.914314] nvme nvme0: pci function 0000:00:05.0
[    1.915040] PCI Interrupt Link [LNKA] enabled at IRQ 10
[    1.928737] nvme nvme0: 4/0/0 default/read/poll queues
[    1.929828] bochs-drm 0000:00:02.0: remove_conflicting_pci_framebuffers: bar 2: 0xfebd0000 -> 0xfebd0fff
[    1.941294] scsi 2:0:0:0: Attached scsi generic sg0 type 0
[    1.941468] sd 2:0:0:0: Power-on or device reset occurred
[    1.945883] bochs-drm 0000:00:02.0: vgaarb: deactivate vga console
[    1.950198] sd 2:0:0:0: [sda] 167772160 512-byte logical blocks: (85.9 GB/80.0 GiB)
[    1.965131] sd 2:0:0:0: [sda] Write Protect is off
[    1.965211] sd 2:0:0:0: [sda] Write cache: enabled, read cache: enabled, supports DPO and FUA
[    1.967753] AVX2 version of gcm_enc/dec engaged.
[    1.967754] AES CTR mode by8 optimization enabled
[    1.972651] Console: switching to colour dummy device 80x25
[    1.980915]  sda: sda1 sda2
[    1.982610] [drm] Found bochs VGA, ID 0xb0c5.
[    1.989234] sd 2:0:0:0: [sda] Attached SCSI disk
[    1.989492] [drm] Framebuffer size 16384 kB @ 0xfd000000, mmio @ 0xfebd0000.
[    1.990317] [TTM] Zone  kernel: Available graphics memory: 2015074 KiB
[    1.997771] [TTM] Initializing pool allocator
[    1.999001] [TTM] Initializing DMA pool allocator
[    2.003983] [drm] Found EDID data blob.
[    2.005673] [drm] Initialized bochs-drm 1.0.0 20130925 for 0000:00:02.0 on minor 0
[    2.012568] fbcon: bochs-drmdrmfb (fb0) is primary device
[    2.027684] Console: switching to colour frame buffer device 160x50
[    2.033441] bochs-drm 0000:00:02.0: fb0: bochs-drmdrmfb frame buffer device
Begin: Loading essential drivers ... [    2.199261] raid6: avx2x4   gen() 28787 MB/s
[    2.247111] raid6: avx2x4   xor() 13994 MB/s
[    2.295696] raid6: avx2x2   gen() 28046 MB/s
[    2.343121] raid6: avx2x2   xor() 16476 MB/s
[    2.391164] raid6: avx2x1   gen() 27103 MB/s
[    2.439153] raid6: avx2x1   xor() 19218 MB/s
[    2.491098] raid6: sse2x4   gen() 20164 MB/s
[    2.539229] raid6: sse2x4   xor()  9474 MB/s
[    2.587261] raid6: sse2x2   gen() 16888 MB/s
[    2.635082] raid6: sse2x2   xor() 11616 MB/s
[    2.683149] raid6: sse2x1   gen() 15506 MB/s
[    2.731095] raid6: sse2x1   xor()  9973 MB/s
[    2.734701] raid6: using algorithm avx2x4 gen() 28787 MB/s
[    2.736628] raid6: .... xor() 13994 MB/s, rmw enabled
[    2.738474] raid6: using avx2x2 recovery algorithm
[    2.742581] xor: automatically using best checksumming function   avx       
[    2.746507] async_tx: api initialized (async)
done.
Begin: Running /scripts/init-premount ... done.
Begin: Mounting root file system ... Begin: Running /scripts/local-top ... done.
Begin: Running /scripts/local-premount ... [    2.802402] Btrfs loaded, crc32c=crc32c-intel
Scanning for Btrfs filesystems
[    2.879324] blk_update_request: I/O error, dev fd0, sector 0 op 0x0:(READ) flags 0x0 phys_seg 1 prio class 0
[    2.884339] floppy: error 10 while reading block 0
done.
Warning: fsck not present, so skipping root file system
[    2.922877] EXT4-fs (sda2): mounted filesystem with ordered data mode. Opts: (null)
done.
Begin: Running /scripts/local-bottom ... done.
Begin: Running /scripts/init-bottom ... Internet Systems Consortium DHCP Client 4.4.1
Copyright 2004-2018 Internet Systems Consortium.
All rights reserved.
For info, please visit https://www.isc.org/software/dhcp/

Listening on LPF/ens3/52:54:00:12:34:56
Sending on   LPF/ens3/52:54:00:12:34:56
Sending on   Socket/fallback
DHCPDISCOVER on ens3 to 255.255.255.255 port 67 interval 3 (xid=0x6d0f6e7f)
DHCPOFFER of 10.0.2.15 from 10.0.2.2
DHCPREQUEST for 10.0.2.15 on ens3 to 255.255.255.255 port 67 (xid=0x7f6e0f6d)
DHCPACK of 10.0.2.15 from 10.0.2.2 (xid=0x6d0f6e7f)
bound to 10.0.2.15 -- renewal in 33510 seconds.
done.
[    3.181919] systemd[1]: Inserted module 'autofs4'
[    3.199600] systemd[1]: systemd 245.4-4ubuntu3.20 running in system mode. (+PAM +AUDIT +SELINUX +IMA +APPARMOR +SMACK +SYSVINIT +UTMP +LIBCRYPTSETUP +GCRYPT +GNUTLS +ACL +XZ +LZ4 +SECCOMP +BLKID +ELFUTILS +KMOD +IDN2 -IDN +PCRE2 default-hierarchy=hybrid)
[    3.208490] systemd[1]: Detected virtualization kvm.
[    3.210359] systemd[1]: Detected architecture x86-64.

Welcome to [1mUbuntu 20.04.1 LTS[0m!

[    3.240776] systemd[1]: Set hostname to <fvm>.
[    3.444894] systemd[1]: Created slice system-modprobe.slice.
[[0;32m  OK  [0m] Created slice [0;1;39msystem-modprobe.slice[0m.
[    3.451711] systemd[1]: Created slice system-serial\x2dgetty.slice.
[[0;32m  OK  [0m] Created slice [0;1;39msystem-serial\x2dgetty.slice[0m.
[    3.458666] systemd[1]: Created slice User and Session Slice.
[[0;32m  OK  [0m] Created slice [0;1;39mUser and Session Slice[0m.
[    3.467456] systemd[1]: Started Forward Password Requests to Wall Directory Watch.
[[0;32m  OK  [0m] Started [0;1;39mForward Password R…uests to Wall Directory Watch[0m.
[    3.476016] systemd[1]: Set up automount Arbitrary Executable File Formats File System Automount Point.
[[0;32m  OK  [0m] Set up automount [0;1;39mArbitrary…s File System Automount Point[0m.
[    3.488218] systemd[1]: Reached target User and Group Name Lookups.
[[0;32m  OK  [0m] Reached target [0;1;39mUser and Group Name Lookups[0m.
[    3.499457] systemd[1]: Reached target Slices.
[[0;32m  OK  [0m] Reached target [0;1;39mSlices[0m.
[    3.507840] systemd[1]: Listening on Device-mapper event daemon FIFOs.
[[0;32m  OK  [0m] Listening on [0;1;39mDevice-mapper event daemon FIFOs[0m.
[    3.516473] systemd[1]: Listening on LVM2 poll daemon socket.
[[0;32m  OK  [0m] Listening on [0;1;39mLVM2 poll daemon socket[0m.
[    3.527642] systemd[1]: Listening on multipathd control socket.
[[0;32m  OK  [0m] Listening on [0;1;39mmultipathd control socket[0m.
[    3.536992] systemd[1]: Listening on Syslog Socket.
[[0;32m  OK  [0m] Listening on [0;1;39mSyslog Socket[0m.
[    3.543790] systemd[1]: Listening on initctl Compatibility Named Pipe.
[[0;32m  OK  [0m] Listening on [0;1;39minitctl Compatibility Named Pipe[0m.
[    3.552490] systemd[1]: Listening on Journal Audit Socket.
[[0;32m  OK  [0m] Listening on [0;1;39mJournal Audit Socket[0m.
[    3.559926] systemd[1]: Listening on Journal Socket (/dev/log).
[[0;32m  OK  [0m] Listening on [0;1;39mJournal Socket (/dev/log)[0m.
[    3.566803] systemd[1]: Listening on Journal Socket.
[[0;32m  OK  [0m] Listening on [0;1;39mJournal Socket[0m.
[    3.571767] systemd[1]: Listening on Network Service Netlink Socket.
[[0;32m  OK  [0m] Listening on [0;1;39mNetwork Service Netlink Socket[0m.
[    3.579042] systemd[1]: Listening on udev Control Socket.
[[0;32m  OK  [0m] Listening on [0;1;39mudev Control Socket[0m.
[    3.585288] systemd[1]: Listening on udev Kernel Socket.
[[0;32m  OK  [0m] Listening on [0;1;39mudev Kernel Socket[0m.
[    3.592587] systemd[1]: Mounting Huge Pages File System...
         Mounting [0;1;39mHuge Pages File System[0m...
[    3.600668] systemd[1]: Mounting POSIX Message Queue File System...
         Mounting [0;1;39mPOSIX Message Queue File System[0m...
[    3.608267] systemd[1]: Mounting Kernel Debug File System...
         Mounting [0;1;39mKernel Debug File System[0m...
[    3.614241] systemd[1]: Mounting Kernel Trace File System...
         Mounting [0;1;39mKernel Trace File System[0m...
[    3.621322] systemd[1]: Starting Journal Service...
         Starting [0;1;39mJournal Service[0m...
[    3.626521] systemd[1]: Starting Set the console keyboard layout...
         Starting [0;1;39mSet the console keyboard layout[0m...
[    3.633361] systemd[1]: Starting Create list of static device nodes for the current kernel...
         Starting [0;1;39mCreate list of st…odes for the current kernel[0m...
[    3.645839] systemd[1]: Starting Monitoring of LVM2 mirrors, snapshots etc. using dmeventd or progress polling...
         Starting [0;1;39mMonitoring of LVM…meventd or progress polling[0m...
[    3.654357] systemd[1]: Starting Load Kernel Module chromeos_pstore...
         Starting [0;1;39mLoad Kernel Module chromeos_pstore[0m...
[    3.660434] systemd[1]: Condition check resulted in Load Kernel Module drm being skipped.
[    3.669287] systemd[1]: Starting Load Kernel Module efi_pstore...
         Starting [0;1;39mLoad Kernel Module efi_pstore[0m...
[    3.680720] systemd[1]: Starting Load Kernel Module pstore_blk...
         Starting [0;1;39mLoad Kernel Module pstore_blk[0m...
[    3.690609] systemd[1]: Starting Load Kernel Module pstore_zone...
         Starting [0;1;39mLoad Kernel Module pstore_zone[0m...
[    3.701307] systemd[1]: Starting Load Kernel Module ramoops...
         Starting [0;1;39mLoad Kernel Module ramoops[0m...
[    3.711354] systemd[1]: Condition check resulted in Set Up Additional Binary Formats being skipped.
[    3.717359] systemd[1]: Starting Load Kernel Modules...
         Starting [0;1;39mLoad Kernel Modules[0m...
[    3.725002] systemd[1]: Starting Remount Root and Kernel File Systems...
         Starting [0;1;39mRemount Root and Kernel File Systems[0m...
[    3.732029] systemd[1]: Starting udev Coldplug all Devices...
[    3.732433] EXT4-fs (sda2): re-mounted. Opts: (null)
         Starting [0;1;39mudev Coldplug all Devices[0m...
[    3.744002] systemd[1]: Starting Uncomplicated firewall...
         Starting [0;1;39mUncomplicated firewall[0m...
[    3.752298] systemd[1]: Started Journal Service.
[[0;32m  OK  [0m] Started [0;1;39mJournal Service[0m.
[[0;32m  OK  [0m] Mounted [0;1;39mHuge Pages File System[0m.
[[0;32m  OK  [0m] Mounted [0;1;39mPOSIX Message Queue File System[0m.
[[0;32m  OK  [0m] Mounted [0;1;39mKernel Debug File System[0m.
[[0;32m  OK  [0m] Mounted [0;1;39mKernel Trace File System[0m.
[[0;32m  OK  [0m] Finished [0;1;39mSet the console keyboard layout[0m.
[[0;32m  OK  [0m] Finished [0;1;39mCreate list of st… nodes for the current kernel[0m.
[[0;32m  OK  [0m] Finished [0;1;39mMonitoring of LVM… dmeventd or progress polling[0m.
[[0;32m  OK  [0m] Finished [0;1;39mLoad Kernel Module chromeos_pstore[0m.
[[0;32m  OK  [0m] Finished [0;1;39mLoad Kernel Module efi_pstore[0m.
[[0;32m  OK  [0m] Finished [0;1;39mLoad Kernel Module pstore_blk[0m.
[[0;32m  OK  [0m] Finished [0;1;39mLoad Kernel Module pstore_zone[0m.
[[0;32m  OK  [0m] Finished [0;1;39mLoad Kernel Module ramoops[0m.
[[0;32m  OK  [0m] Finished [0;1;39mLoad Kernel Modules[0m.
[[0;32m  OK  [0m] Finished [0;1;39mRemount Root and Kernel File Systems[0m.
[[0;32m  OK  [0m] Finished [0;1;39mUncomplicated firewall[0m.
         Activating swap [0;1;39m/swap.img[0m...
         Mounting [0;1;39mFUSE Control File System[0m...
         Mounting [0;1;39mKernel Configuration File System[0m...
         Starting [0;1;39mFlush Journal to Persistent Storage[0m...
[    3.817518] systemd-journald[369]: Received client request to flush runtime journal.
         Starting [0;1;39mLoad/Save Random Seed[0m...
         Starting [0;1;39mApply Kernel Variables[0m...
         Starting [0;1;39mCreate System Users[0m...
[[0;32m  OK  [0m] Finished [0;1;39mudev Coldplug all Devices[0m.
[[0;32m  OK  [0m] Mounted [0;1;39mFUSE Control File System[0m.
[[0;32m  OK  [0m] Mounted [0;1;39mKernel Configuration File System[0m.
[[0;32m  OK  [0m] Finished [0;1;39mLoad/Save Random Seed[0m.
         Starting [0;1;39mudev Wait for Complete Device Initialization[0m...
[[0;32m  OK  [0m] Finished [0;1;39mApply Kernel Variables[0m.
[[0;32m  OK  [0m] Finished [0;1;39mCreate System Users[0m.
         Starting [0;1;39mCreate Static Device Nodes in /dev[0m...
[[0;32m  OK  [0m] Activated swap [0;1;39m/swap.img[0m.
[[0;32m  OK  [0m] Finished [0;1;39mCreate Static Device Nodes in /dev[0m.
[[0;32m  OK  [0m] Reached target [0;1;39mSwap[0m.
         Starting [0;1;39mudev Kernel Device Manager[0m...
[[0;32m  OK  [0m] Finished [0;1;39mFlush Journal to Persistent Storage[0m.
[[0;32m  OK  [0m] Started [0;1;39mudev Kernel Device Manager[0m.
[[0;32m  OK  [0m] Started [0;1;39mDispatch Password …ts to Console Directory Watch[0m.
[[0;32m  OK  [0m] Reached target [0;1;39mLocal Encrypted Volumes[0m.
         Starting [0;1;39mNetwork Service[0m...
[[0;32m  OK  [0m] Started [0;1;39mNetwork Service[0m.
         Starting [0;1;39mWait for Network to be Configured[0m...
[[0;32m  OK  [0m] Finished [0;1;39mWait for Network to be Configured[0m.
[[0;32m  OK  [0m] Found device [0;1;39m/dev/ttyS0[0m.
[[0;32m  OK  [0m] Listening on [0;1;39mLoad/Save RF …itch Status /dev/rfkill Watch[0m.
[[0;32m  OK  [0m] Finished [0;1;39mudev Wait for Complete Device Initialization[0m.
         Starting [0;1;39mDevice-Mapper Multipath Device Controller[0m...
[[0;32m  OK  [0m] Started [0;1;39mDevice-Mapper Multipath Device Controller[0m.
[[0;32m  OK  [0m] Reached target [0;1;39mLocal File Systems (Pre)[0m.
         Mounting [0;1;39mMount unit for core18, revision 1880[0m...
         Mounting [0;1;39mMount unit for lxd, revision 16099[0m...
         Mounting [0;1;39mMount unit for snapd, revision 8542[0m...
[[0;32m  OK  [0m] Mounted [0;1;39mMount unit for core18, revision 1880[0m.
[[0;32m  OK  [0m] Mounted [0;1;39mMount unit for lxd, revision 16099[0m.
[[0;32m  OK  [0m] Mounted [0;1;39mMount unit for snapd, revision 8542[0m.
[[0;32m  OK  [0m] Reached target [0;1;39mLocal File Systems[0m.
         Starting [0;1;39mLoad AppArmor profiles[0m...
         Starting [0;1;39mSet console font and keymap[0m...
         Starting [0;1;39mCreate final runt…dir for shutdown pivot root[0m...
         Starting [0;1;39mTell Plymouth To Write Out Runtime Data[0m...
         Starting [0;1;39mCreate Volatile Files and Directories[0m...
[[0;32m  OK  [0m] Finished [0;1;39mSet console font and keymap[0m.
[[0;32m  OK  [0m] Finished [0;1;39mCreate final runt…e dir for shutdown pivot root[0m.
[[0;32m  OK  [0m] Finished [0;1;39mTell Plymouth To Write Out Runtime Data[0m.
[[0;32m  OK  [0m] Finished [0;1;39mCreate Volatile Files and Directories[0m.
         Starting [0;1;39mNetwork Name Resolution[0m...
         Starting [0;1;39mNetwork Time Synchronization[0m...
         Starting [0;1;39mUpdate UTMP about System Boot/Shutdown[0m...
[[0;32m  OK  [0m] Finished [0;1;39mLoad AppArmor profiles[0m.
         Starting [0;1;39mLoad AppArmor pro…managed internally by snapd[0m...
[[0;32m  OK  [0m] Finished [0;1;39mUpdate UTMP about System Boot/Shutdown[0m.
[[0;32m  OK  [0m] Started [0;1;39mNetwork Time Synchronization[0m.
[[0;32m  OK  [0m] Reached target [0;1;39mSystem Time Set[0m.
[[0;32m  OK  [0m] Reached target [0;1;39mSystem Time Synchronized[0m.
[[0;32m  OK  [0m] Finished [0;1;39mLoad AppArmor pro…s managed internally by snapd[0m.
[[0;32m  OK  [0m] Reached target [0;1;39mSystem Initialization[0m.
[[0;32m  OK  [0m] Started [0;1;39mDaily apt download activities[0m.
[[0;32m  OK  [0m] Started [0;1;39mDaily apt upgrade and clean activities[0m.
[[0;32m  OK  [0m] Started [0;1;39mPeriodic ext4 Onli…ata Check for All Filesystems[0m.
[[0;32m  OK  [0m] Started [0;1;39mDiscard unused blocks once a week[0m.
[[0;32m  OK  [0m] Started [0;1;39mRefresh fwupd metadata regularly[0m.
[[0;32m  OK  [0m] Started [0;1;39mDaily rotation of log files[0m.
[[0;32m  OK  [0m] Started [0;1;39mDaily man-db regeneration[0m.
[[0;32m  OK  [0m] Started [0;1;39mMessage of the Day[0m.
[[0;32m  OK  [0m] Started [0;1;39mDaily Cleanup of Temporary Directories[0m.
[[0;32m  OK  [0m] Reached target [0;1;39mPaths[0m.
[[0;32m  OK  [0m] Reached target [0;1;39mTimers[0m.
[[0;32m  OK  [0m] Listening on [0;1;39mD-Bus System Message Bus Socket[0m.
[[0;32m  OK  [0m] Listening on [0;1;39mOpen-iSCSI iscsid Socket[0m.
[[0;32m  OK  [0m] Listening on [0;1;39mSocket unix for snap application lxd.daemon[0m.
         Starting [0;1;39mSocket activation for snappy daemon[0m.
[[0;32m  OK  [0m] Listening on [0;1;39mUUID daemon activation socket[0m.
[[0;32m  OK  [0m] Started [0;1;39mNetwork Name Resolution[0m.
[[0;32m  OK  [0m] Listening on [0;1;39mSocket activation for snappy daemon[0m.
[[0;32m  OK  [0m] Reached target [0;1;39mNetwork[0m.
[[0;32m  OK  [0m] Reached target [0;1;39mNetwork is Online[0m.
[[0;32m  OK  [0m] Reached target [0;1;39mHost and Network Name Lookups[0m.
[[0;32m  OK  [0m] Reached target [0;1;39mSockets[0m.
[[0;32m  OK  [0m] Reached target [0;1;39mBasic System[0m.
         Starting [0;1;39mAccounts Service[0m...
[[0;32m  OK  [0m] Started [0;1;39mD-Bus System Message Bus[0m.
[[0;32m  OK  [0m] Started [0;1;39mSave initial kernel messages after boot[0m.
         Starting [0;1;39mRemove Stale Onli…t4 Metadata Check Snapshots[0m...
         Starting [0;1;39mLSB: Record successful boot for GRUB[0m...
         Starting [0;1;39mGRUB failed boot detection[0m...
[[0;32m  OK  [0m] Started [0;1;39mirqbalance daemon[0m.
         Starting [0;1;39mDispatcher daemon for systemd-networkd[0m...
[[0;32m  OK  [0m] Reached target [0;1;39mRemote File Systems (Pre)[0m.
[[0;32m  OK  [0m] Reached target [0;1;39mRemote File Systems[0m.
         Starting [0;1;39mLSB: automatic crash report generation[0m...
         Starting [0;1;39mDeferred execution scheduler[0m...
         Starting [0;1;39mAvailability of block devices[0m...
[[0;32m  OK  [0m] Started [0;1;39mRegular background program processing daemon[0m.
         Starting [0;1;39mSystem Logging Service[0m...
         Starting [0;1;39mService for snap application lxd.activate[0m...
         Starting [0;1;39mSnap Daemon[0m...
         Starting [0;1;39mOpenBSD Secure Shell server[0m...
         Starting [0;1;39mLogin Service[0m...
         Starting [0;1;39mPermit User Sessions[0m...
         Starting [0;1;39mThermal Daemon Service[0m...
[[0;32m  OK  [0m] Started [0;1;39mDeferred execution scheduler[0m.
[[0;32m  OK  [0m] Finished [0;1;39mAvailability of block devices[0m.
[[0;32m  OK  [0m] Finished [0;1;39mPermit User Sessions[0m.
[[0;32m  OK  [0m] Started [0;1;39mThermal Daemon Service[0m.
[[0;32m  OK  [0m] Finished [0;1;39mGRUB failed boot detection[0m.
[[0;32m  OK  [0m] Started [0;1;39mOpenBSD Secure Shell server[0m.
[[0;32m  OK  [0m] Finished [0;1;39mRemove Stale Onli…ext4 Metadata Check Snapshots[0m.
[[0;32m  OK  [0m] Started [0;1;39mSystem Logging Service[0m.
[[0;32m  OK  [0m] Started [0;1;39mLogin Service[0m.
         Starting [0;1;39mHold until boot process finishes up[0m...
         Starting [0;1;39mTerminate Plymouth Boot Screen[0m...
[[0;32m  OK  [0m] Started [0;1;39mUnattended Upgrades Shutdown[0m.
[[0;32m  OK  [0m] Started [0;1;39mLSB: Record successful boot for GRUB[0m.
[[0;32m  OK  [0m] Started [0;1;39mLSB: automatic crash report generation[0m.
[[0;32m  OK  [0m] Finished [0;1;39mHold until boot process finishes up[0m.
[[0;32m  OK  [0m] Finished [0;1;39mTerminate Plymouth Boot Screen[0m.
         Starting [0;1;39mAuthorization Manager[0m...
[[0;32m  OK  [0m] Started [0;1;39mSerial Getty on ttyS0[0m.
         Starting [0;1;39mSet console scheme[0m...
[[0;32m  OK  [0m] Finished [0;1;39mSet console scheme[0m.
[[0;32m  OK  [0m] Created slice [0;1;39msystem-getty.slice[0m.
[[0;32m  OK  [0m] Started [0;1;39mGetty on tty1[0m.
[[0;32m  OK  [0m] Reached target [0;1;39mLogin Prompts[0m.
[[0;32m  OK  [0m] Started [0;1;39mAuthorization Manager[0m.
[[0;32m  OK  [0m] Started [0;1;39mAccounts Service[0m.
[[0;32m  OK  [0m] Started [0;1;39mDispatcher daemon for systemd-networkd[0m.
[[0;32m  OK  [0m] Started [0;1;39mSnap Daemon[0m.
         Starting [0;1;39mWait until snapd is fully seeded[0m...
[[0;32m  OK  [0m] Finished [0;1;39mWait until snapd is fully seeded[0m.
[[0;32m  OK  [0m] Finished [0;1;39mService for snap application lxd.activate[0m.
[[0;32m  OK  [0m] Reached target [0;1;39mMulti-User System[0m.
[[0;32m  OK  [0m] Reached target [0;1;39mGraphical Interface[0m.
         Starting [0;1;39mUpdate UTMP about System Runlevel Changes[0m...
[[0;32m  OK  [0m] Finished [0;1;39mUpdate UTMP about System Runlevel Changes[0m.

Ubuntu 20.04.1 LTS fvm ttyS0

fvm login: [FEMU] FTL-Log: BBSSD-STATS version=BASELINE host_page_writes=1572864 nand_page_writes=1572864 gc_page_writes=0 block_erases=0 waf=1.000000 gc_count=0 average_gc_copy=N/A counter_invariant=PASS
[FEMU] Log: vSSD0,Reset tt_late_ios/tt_ios,3313/6394
[FEMU] FTL-Log: BBSSD-STATS version=BASELINE host_page_writes=118774428 nand_page_writes=949046548 gc_page_writes=830272120 block_erases=3706816 waf=7.990327 gc_count=57919 average_gc_copy=14335.056199 counter_invariant=PASS
[FEMU] Log: vSSD0,Reset tt_late_ios/tt_ios,3142501/29693754
         Stopping [0;1;39mSession 10 of user femu[0m.
[[0;32m  OK  [0m] Removed slice [0;1;39msystem-modprobe.slice[0m.
[[0;32m  OK  [0m] Stopped target [0;1;39mGraphical Interface[0m.
[[0;32m  OK  [0m] Stopped target [0;1;39mMulti-User System[0m.
[[0;32m  OK  [0m] Stopped target [0;1;39mLogin Prompts[0m.
[[0;32m  OK  [0m] Stopped target [0;1;39mNetwork is Online[0m.
[[0;32m  OK  [0m] Stopped target [0;1;39mHost and Network Name Lookups[0m.
[[0;32m  OK  [0m] Stopped target [0;1;39mTimers[0m.
[[0;32m  OK  [0m] Stopped [0;1;39mDaily apt upgrade and clean activities[0m.
[[0;32m  OK  [0m] Stopped [0;1;39mDaily apt download activities[0m.
[[0;32m  OK  [0m] Stopped [0;1;39mPeriodic ext4 Onli…ata Check for All Filesystems[0m.
[[0;32m  OK  [0m] Stopped [0;1;39mDiscard unused blocks once a week[0m.
[[0;32m  OK  [0m] Stopped [0;1;39mRefresh fwupd metadata regularly[0m.
[[0;32m  OK  [0m] Stopped [0;1;39mDaily rotation of log files[0m.
[[0;32m  OK  [0m] Stopped [0;1;39mDaily man-db regeneration[0m.
[[0;32m  OK  [0m] Stopped [0;1;39mMessage of the Day[0m.
[[0;32m  OK  [0m] Stopped [0;1;39mDaily Cleanup of Temporary Directories[0m.
[[0;32m  OK  [0m] Stopped target [0;1;39mSystem Time Synchronized[0m.
[[0;32m  OK  [0m] Stopped target [0;1;39mSystem Time Set[0m.
[[0;32m  OK  [0m] Closed [0;1;39mLVM2 poll daemon socket[0m.
[[0;32m  OK  [0m] Closed [0;1;39mLoad/Save RF Kill Switch Status /dev/rfkill Watch[0m.
         Stopping [0;1;39mAccounts Service[0m...
         Stopping [0;1;39mLSB: automatic crash report generation[0m...
         Stopping [0;1;39mDeferred execution scheduler[0m...
         Stopping [0;1;39mAvailability of block devices[0m...
         Stopping [0;1;39mRegular background program processing daemon[0m...
         Stopping [0;1;39mCreate final runt…dir for shutdown pivot root[0m...
         Stopping [0;1;39mGetty on tty1[0m...
         Stopping [0;1;39mLSB: Record successful boot for GRUB[0m...
         Stopping [0;1;39mirqbalance daemon[0m...
         Stopping [0;1;39mDispatcher daemon for systemd-networkd[0m...
         Stopping [0;1;39mAuthorization Manager[0m...
         Stopping [0;1;39mSystem Logging Service[0m...
         Stopping [0;1;39mSerial Getty on ttyS0[0m...
[[0;32m  OK  [0m] Stopped [0;1;39mWait until snapd is fully seeded[0m.
         Stopping [0;1;39mSnap Daemon[0m...
         Stopping [0;1;39mOpenBSD Secure Shell server[0m...
[[0;32m  OK  [0m] Stopped [0;1;39mWait for Network to be Configured[0m.
         Stopping [0;1;39mLoad/Save Random Seed[0m...
         Stopping [0;1;39mUnattended Upgrades Shutdown[0m...
[[0;32m  OK  [0m] Stopped [0;1;39mAccounts Service[0m.
[[0;32m  OK  [0m] Stopped [0;1;39mirqbalance daemon[0m.
[[0;32m  OK  [0m] Stopped [0;1;39mDispatcher daemon for systemd-networkd[0m.
[[0;32m  OK  [0m] Stopped [0;1;39mRegular background program processing daemon[0m.
[[0;32m  OK  [0m] Stopped [0;1;39mSystem Logging Service[0m.
[[0;32m  OK  [0m] Stopped [0;1;39mSnap Daemon[0m.
[[0;32m  OK  [0m] Stopped [0;1;39mDeferred execution scheduler[0m.
[[0;32m  OK  [0m] Stopped [0;1;39mOpenBSD Secure Shell server[0m.
[[0;32m  OK  [0m] Stopped [0;1;39mAuthorization Manager[0m.
[[0;32m  OK  [0m] Stopped [0;1;39mUnattended Upgrades Shutdown[0m.
[[0;32m  OK  [0m] Stopped [0;1;39mSerial Getty on ttyS0[0m.
[[0;32m  OK  [0m] Stopped [0;1;39mGetty on tty1[0m.
[[0;32m  OK  [0m] Stopped [0;1;39mAvailability of block devices[0m.
[[0;32m  OK  [0m] Stopped [0;1;39mLoad/Save Random Seed[0m.
[[0;32m  OK  [0m] Stopped [0;1;39mSession 10 of user femu[0m.
[[0;32m  OK  [0m] Removed slice [0;1;39msystem-getty.slice[0m.
[[0;32m  OK  [0m] Removed slice [0;1;39msystem-serial\x2dgetty.slice[0m.
         Stopping [0;1;39mLogin Service[0m...
         Stopping [0;1;39mUser Manager for UID 1000[0m...
[[0;32m  OK  [0m] Stopped [0;1;39mLSB: automatic crash report generation[0m.
[[0;32m  OK  [0m] Stopped [0;1;39mLSB: Record successful boot for GRUB[0m.
[[0;32m  OK  [0m] Stopped [0;1;39mUser Manager for UID 1000[0m.
         Stopping [0;1;39mUser Runtime Directory /run/user/1000[0m...
[[0;32m  OK  [0m] Unmounted [0;1;39m/run/user/1000[0m.
[[0;32m  OK  [0m] Stopped [0;1;39mUser Runtime Directory /run/user/1000[0m.
[[0;32m  OK  [0m] Removed slice [0;1;39mUser Slice of UID 1000[0m.
         Stopping [0;1;39mD-Bus System Message Bus[0m...
         Stopping [0;1;39mPermit User Sessions[0m...
[[0;32m  OK  [0m] Stopped [0;1;39mD-Bus System Message Bus[0m.
[[0;32m  OK  [0m] Stopped [0;1;39mPermit User Sessions[0m.
[[0;32m  OK  [0m] Stopped target [0;1;39mNetwork[0m.
[[0;32m  OK  [0m] Stopped target [0;1;39mRemote File Systems[0m.
[[0;32m  OK  [0m] Stopped target [0;1;39mRemote File Systems (Pre)[0m.
         Stopping [0;1;39mNetwork Name Resolution[0m...
[[0;32m  OK  [0m] Stopped [0;1;39mLogin Service[0m.
[[0;32m  OK  [0m] Stopped [0;1;39mNetwork Name Resolution[0m.
[[0;32m  OK  [0m] Stopped target [0;1;39mBasic System[0m.
[[0;32m  OK  [0m] Stopped target [0;1;39mUser and Group Name Lookups[0m.
[[0;32m  OK  [0m] Stopped target [0;1;39mPaths[0m.
[[0;32m  OK  [0m] Stopped target [0;1;39mSlices[0m.
[[0;32m  OK  [0m] Removed slice [0;1;39mUser and Session Slice[0m.
[[0;32m  OK  [0m] Stopped target [0;1;39mSockets[0m.
[[0;32m  OK  [0m] Closed [0;1;39mD-Bus System Message Bus Socket[0m.
[[0;32m  OK  [0m] Closed [0;1;39mOpen-iSCSI iscsid Socket[0m.
[[0;32m  OK  [0m] Closed [0;1;39mSocket unix for snap application lxd.daemon[0m.
[[0;32m  OK  [0m] Closed [0;1;39mSocket activation for snappy daemon[0m.
[[0;32m  OK  [0m] Closed [0;1;39mSyslog Socket[0m.
[[0;32m  OK  [0m] Closed [0;1;39mUUID daemon activation socket[0m.
[[0;32m  OK  [0m] Stopped target [0;1;39mSystem Initialization[0m.
[[0;32m  OK  [0m] Stopped target [0;1;39mLocal Encrypted Volumes[0m.
[[0;32m  OK  [0m] Stopped [0;1;39mDispatch Password …ts to Console Directory Watch[0m.
[[0;32m  OK  [0m] Stopped [0;1;39mForward Password R…uests to Wall Directory Watch[0m.
         Stopping [0;1;39mNetwork Service[0m...
         Stopping [0;1;39mNetwork Time Synchronization[0m...
         Stopping [0;1;39mUpdate UTMP about System Boot/Shutdown[0m...
[[0;32m  OK  [0m] Stopped [0;1;39mNetwork Service[0m.
[[0;32m  OK  [0m] Stopped [0;1;39mNetwork Time Synchronization[0m.
[[0;32m  OK  [0m] Stopped [0;1;39mApply Kernel Variables[0m.
[[0;32m  OK  [0m] Stopped [0;1;39mLoad Kernel Modules[0m.
[[0;32m  OK  [0m] Stopped [0;1;39mUpdate UTMP about System Boot/Shutdown[0m.
[[0;32m  OK  [0m] Stopped [0;1;39mCreate Volatile Files and Directories[0m.
[[0;32m  OK  [0m] Stopped [0;1;39mCreate final runtime dir for shutdown pivot root[0m.
[[0;32m  OK  [0m] Stopped target [0;1;39mLocal File Systems[0m.
         Unmounting [0;1;39m/run/snapd/ns/lxd.mnt[0m...
         Unmounting [0;1;39mMount unit for core18, revision 1880[0m...
         Unmounting [0;1;39mMount unit for lxd, revision 16099[0m...
         Unmounting [0;1;39mMount unit for snapd, revision 8542[0m...
[[0;32m  OK  [0m] Unmounted [0;1;39m/run/snapd/ns/lxd.mnt[0m.
         Unmounting [0;1;39m/run/snapd/ns[0m...
[[0;32m  OK  [0m] Unmounted [0;1;39mMount unit for core18, revision 1880[0m.
[[0;32m  OK  [0m] Unmounted [0;1;39m/run/snapd/ns[0m.
[[0;32m  OK  [0m] Stopped target [0;1;39mSwap[0m.
         Deactivating swap [0;1;39m/swap.img[0m...
[[0;32m  OK  [0m] Unmounted [0;1;39mMount unit for lxd, revision 16099[0m.
[[0;32m  OK  [0m] Unmounted [0;1;39mMount unit for snapd, revision 8542[0m.
[[0;32m  OK  [0m] Deactivated swap [0;1;39m/swap.img[0m.
[[0;32m  OK  [0m] Stopped target [0;1;39mLocal File Systems (Pre)[0m.
[[0;32m  OK  [0m] Reached target [0;1;39mUnmount All Filesystems[0m.
         Stopping [0;1;39mMonitoring of LVM…meventd or progress polling[0m...
         Stopping [0;1;39mDevice-Mapper Multipath Device Controller[0m...
[[0;32m  OK  [0m] Stopped [0;1;39mCreate Static Device Nodes in /dev[0m.
[[0;32m  OK  [0m] Stopped [0;1;39mCreate System Users[0m.
[[0;32m  OK  [0m] Stopped [0;1;39mRemount Root and Kernel File Systems[0m.
[[0;32m  OK  [0m] Stopped [0;1;39mDevice-Mapper Multipath Device Controller[0m.
[[0;32m  OK  [0m] Stopped [0;1;39mMonitoring of LVM2… dmeventd or progress polling[0m.
[[0;32m  OK  [0m] Reached target [0;1;39mShutdown[0m.
[[0;32m  OK  [0m] Reached target [0;1;39mFinal Step[0m.
[[0;32m  OK  [0m] Finished [0;1;39mPower-Off[0m.
[[0;32m  OK  [0m] Reached target [0;1;39mPower-Off[0m.
[ 3624.202174] reboot: Power down
