[FEMU] FTL-Log: LPN metadata: entries=2097152 entry_size=24 total=48 MiB hot_window=1024
[FEMU] FTL-Log: Write pointers: hot_line=64 cold_line=0 free=126 hot_free=63 cold_free=63
c[?7l[2J[0mSeaBIOS (version rel-1.17.0-0-gb52ca86e094d-prebuilt.qemu.org)


iPXE (http://ipxe.org) 00:03.0 CA00 PCI2.10 PnP PMM+BEFD1D20+BEF31D20 CA00
Press Ctrl-B to configure iPXE (PCI 00:03.0)...                                                                               


Booting from Hard Disk...
[H[J[1;1H[?25l[m[H[J[1;1H[2;30HGNU GRUB  version 2.04

[m[4;2H+----------------------------------------------------------------------------+[5;2H|[5;79H|[6;2H|[6;79H|[7;2H|[7;79H|[8;2H|[8;79H|[9;2H|[9;79H|[10;2H|[10;79H|[11;2H|[11;79H|[12;2H|[12;79H|[13;2H|[13;79H|[14;2H|[14;79H|[15;2H|[15;79H|[16;2H|[16;79H|[17;2H+----------------------------------------------------------------------------+[m[18;2H[19;2H[m     Use the ^ and v keys to select which entry is highlighted.          
      Press enter to boot the selected OS, `e' to edit the commands       
      before booting or `c' for a command-line.                           [5;80H [7m[5;3H*Ubuntu, with Linux 5.4.0-64-generic                                        [m[5;78H[m[m[6;3H                                                                            [m[6;78H[m[m[7;3H                                                                            [m[7;78H[m[m[8;3H                                                                            [m[8;78H[m[m[9;3H                                                                            [m[9;78H[m[m[10;3H                                                                            [m[10;78H[m[m[11;3H                                                                            [m[11;78H[m[m[12;3H                                                                            [m[12;78H[m[m[13;3H                                                                            [m[13;78H[m[m[14;3H                                                                            [m[14;78H[m[m[15;3H                                                                            [m[15;78H[m[m[16;3H                                                                            [m[16;78H[m[16;80H [5;78H[22;1H   The highlighted entry will be executed automatically in 3s.                 [5;78H[22;1H   The highlighted entry will be executed automatically in 2s.                 [5;78H[22;1H   The highlighted entry will be executed automatically in 1s.                 [5;78H[22;1H   The highlighted entry will be executed automatically in 0s.                 [5;78H[?25h[H[J[1;1H[H[J[1;1HLoading Linux 5.4.0-64-generic ...
Loading initial ramdisk ...
[    0.000000] Linux version 5.4.0-64-generic (buildd@lcy01-amd64-021) (gcc version 9.3.0 (Ubuntu 9.3.0-17ubuntu1~20.04)) #72-Ubuntu SMP Fri Jan 15 10:27:54 UTC 2021 (Ubuntu 5.4.0-64.72-generic 5.4.78)
[    0.000000] Command line: BOOT_IMAGE=/boot/vmlinuz-5.4.0-64-generic root=UUID=66add23f-3d34-46f1-a540-ebfdd268827e ro ip=dhcp console=ttyS0,115200 console=tty console=ttyS0 text
[    0.000000] KERNEL supported cpus:
[    0.000000]   Intel GenuineIntel
[    0.000000]   AMD AuthenticAMD
[    0.000000]   Hygon HygonGenuine
[    0.000000]   Centaur CentaurHauls
[    0.000000]   zhaoxin   Shanghai  
[    0.000000] x86/fpu: Supporting XSAVE feature 0x001: 'x87 floating point registers'
[    0.000000] x86/fpu: Supporting XSAVE feature 0x002: 'SSE registers'
[    0.000000] x86/fpu: Supporting XSAVE feature 0x004: 'AVX registers'
[    0.000000] x86/fpu: xstate_offset[2]:  576, xstate_sizes[2]:  256
[    0.000000] x86/fpu: Enabled xstate features 0x7, context size is 832 bytes, using 'compacted' format.
[    0.000000] BIOS-provided physical RAM map:
[    0.000000] BIOS-e820: [mem 0x0000000000000000-0x000000000009fbff] usable
[    0.000000] BIOS-e820: [mem 0x000000000009fc00-0x000000000009ffff] reserved
[    0.000000] BIOS-e820: [mem 0x00000000000f0000-0x00000000000fffff] reserved
[    0.000000] BIOS-e820: [mem 0x0000000000100000-0x00000000bffdcfff] usable
[    0.000000] BIOS-e820: [mem 0x00000000bffdd000-0x00000000bfffffff] reserved
[    0.000000] BIOS-e820: [mem 0x00000000feffc000-0x00000000feffffff] reserved
[    0.000000] BIOS-e820: [mem 0x00000000fffc0000-0x00000000ffffffff] reserved
[    0.000000] BIOS-e820: [mem 0x0000000100000000-0x000000013fffffff] usable
[    0.000000] NX (Execute Disable) protection: active
[    0.000000] SMBIOS 2.8 present.
[    0.000000] DMI: QEMU Standard PC (i440FX + PIIX, 1996), BIOS rel-1.17.0-0-gb52ca86e094d-prebuilt.qemu.org 04/01/2014
[    0.000000] Hypervisor detected: KVM
[    0.000000] kvm-clock: Using msrs 4b564d01 and 4b564d00
[    0.000000] kvm-clock: cpu 0, msr a4e01001, primary cpu clock
[    0.000000] kvm-clock: using sched offset of 19238057692 cycles
[    0.000002] clocksource: kvm-clock: mask: 0xffffffffffffffff max_cycles: 0x1cd42e4dffb, max_idle_ns: 881590591483 ns
[    0.000004] tsc: Detected 2995.202 MHz processor
[    0.001802] last_pfn = 0x140000 max_arch_pfn = 0x400000000
[    0.001968] x86/PAT: Configuration [0-7]: WB  WC  UC- UC  WB  WP  UC- WT  
[    0.001993] last_pfn = 0xbffdd max_arch_pfn = 0x400000000
[    0.007077] found SMP MP-table at [mem 0x000f54b0-0x000f54bf]
[    0.007252] check: Scanning 1 areas for low memory corruption
[    0.007534] Using GB pages for direct mapping
[    0.007979] RAMDISK: [mem 0x2d173000-0x328b0fff]
[    0.008053] ACPI: Early table checksum verification disabled
[    0.008092] ACPI: RSDP 0x00000000000F52B0 000014 (v00 BOCHS )
[    0.008116] ACPI: RSDT 0x00000000BFFE2458 000034 (v01 BOCHS  BXPC     00000001 BXPC 00000001)
[    0.008121] ACPI: FACP 0x00000000BFFE22F4 000074 (v01 BOCHS  BXPC     00000001 BXPC 00000001)
[    0.008137] ACPI: DSDT 0x00000000BFFE0040 0022B4 (v01 BOCHS  BXPC     00000001 BXPC 00000001)
[    0.008140] ACPI: FACS 0x00000000BFFE0000 000040
[    0.008142] ACPI: APIC 0x00000000BFFE2368 000090 (v03 BOCHS  BXPC     00000001 BXPC 00000001)
[    0.008145] ACPI: HPET 0x00000000BFFE23F8 000038 (v01 BOCHS  BXPC     00000001 BXPC 00000001)
[    0.008147] ACPI: WAET 0x00000000BFFE2430 000028 (v01 BOCHS  BXPC     00000001 BXPC 00000001)
[    0.008879] No NUMA configuration found
[    0.008881] Faking a node at [mem 0x0000000000000000-0x000000013fffffff]
[    0.008886] NODE_DATA(0) allocated [mem 0x13ffd3000-0x13fffdfff]
[    0.009775] Zone ranges:
[    0.009777]   DMA      [mem 0x0000000000001000-0x0000000000ffffff]
[    0.009778]   DMA32    [mem 0x0000000001000000-0x00000000ffffffff]
[    0.009779]   Normal   [mem 0x0000000100000000-0x000000013fffffff]
[    0.009780]   Device   empty
[    0.009781] Movable zone start for each node
[    0.009782] Early memory node ranges
[    0.009783]   node   0: [mem 0x0000000000001000-0x000000000009efff]
[    0.009784]   node   0: [mem 0x0000000000100000-0x00000000bffdcfff]
[    0.009784]   node   0: [mem 0x0000000100000000-0x000000013fffffff]
[    0.010520] Zeroed struct page in unavailable ranges: 133 pages
[    0.010522] Initmem setup node 0 [mem 0x0000000000001000-0x000000013fffffff]
[    0.232515] ACPI: PM-Timer IO Port: 0x608
[    0.232567] ACPI: LAPIC_NMI (acpi_id[0xff] dfl dfl lint[0x1])
[    0.232665] IOAPIC[0]: apic_id 0, version 17, address 0xfec00000, GSI 0-23
[    0.232668] ACPI: INT_SRC_OVR (bus 0 bus_irq 0 global_irq 2 dfl dfl)
[    0.232669] ACPI: INT_SRC_OVR (bus 0 bus_irq 5 global_irq 5 high level)
[    0.232670] ACPI: INT_SRC_OVR (bus 0 bus_irq 9 global_irq 9 high level)
[    0.232671] ACPI: INT_SRC_OVR (bus 0 bus_irq 10 global_irq 10 high level)
[    0.232671] ACPI: INT_SRC_OVR (bus 0 bus_irq 11 global_irq 11 high level)
[    0.232675] Using ACPI (MADT) for SMP configuration information
[    0.232677] ACPI: HPET id: 0x8086a201 base: 0xfed00000
[    0.232682] TSC deadline timer available
[    0.232691] smpboot: Allowing 4 CPUs, 0 hotplug CPUs
[    0.232739] KVM setup pv sched yield
[    0.232747] PM: Registered nosave memory: [mem 0x00000000-0x00000fff]
[    0.232748] PM: Registered nosave memory: [mem 0x0009f000-0x0009ffff]
[    0.232749] PM: Registered nosave memory: [mem 0x000a0000-0x000effff]
[    0.232749] PM: Registered nosave memory: [mem 0x000f0000-0x000fffff]
[    0.232750] PM: Registered nosave memory: [mem 0xbffdd000-0xbfffffff]
[    0.232750] PM: Registered nosave memory: [mem 0xc0000000-0xfeffbfff]
[    0.232751] PM: Registered nosave memory: [mem 0xfeffc000-0xfeffffff]
[    0.232751] PM: Registered nosave memory: [mem 0xff000000-0xfffbffff]
[    0.232752] PM: Registered nosave memory: [mem 0xfffc0000-0xffffffff]
[    0.232754] [mem 0xc0000000-0xfeffbfff] available for PCI devices
[    0.232754] Booting paravirtualized kernel on KVM
[    0.232757] clocksource: refined-jiffies: mask: 0xffffffff max_cycles: 0xffffffff, max_idle_ns: 7645519600211568 ns
[    0.232760] setup_percpu: NR_CPUS:8192 nr_cpumask_bits:4 nr_cpu_ids:4 nr_node_ids:1
[    0.238506] percpu: Embedded 55 pages/cpu s188416 r8192 d28672 u524288
[    0.238564] KVM setup async PF for cpu 0
[    0.238582] kvm-stealtime: cpu 0, msr 13ba2d040
[    0.238597] PV qspinlock hash table entries: 256 (order: 0, 4096 bytes, linear)
[    0.238623] Built 1 zonelists, mobility grouping on.  Total pages: 1032038
[    0.238624] Policy zone: Normal
[    0.238627] Kernel command line: BOOT_IMAGE=/boot/vmlinuz-5.4.0-64-generic root=UUID=66add23f-3d34-46f1-a540-ebfdd268827e ro ip=dhcp console=ttyS0,115200 console=tty console=ttyS0 text
[    0.249166] Dentry cache hash table entries: 524288 (order: 10, 4194304 bytes, linear)
[    0.253747] Inode-cache hash table entries: 262144 (order: 9, 2097152 bytes, linear)
[    0.253890] mem auto-init: stack:off, heap alloc:on, heap free:off
[    0.363003] Memory: 3932816K/4193772K available (14339K kernel code, 2399K rwdata, 4960K rodata, 2724K init, 4980K bss, 260956K reserved, 0K cma-reserved)
[    0.363014] random: get_random_u64 called from kmem_cache_open+0x2d/0x410 with crng_init=0
[    0.364015] SLUB: HWalign=64, Order=0-3, MinObjects=0, CPUs=4, Nodes=1
[    0.364055] ftrace: allocating 44555 entries in 175 pages
[    0.381255] rcu: Hierarchical RCU implementation.
[    0.381259] rcu: 	RCU restricting CPUs from NR_CPUS=8192 to nr_cpu_ids=4.
[    0.381260] 	Tasks RCU enabled.
[    0.381261] rcu: RCU calculated value of scheduler-enlistment delay is 25 jiffies.
[    0.381261] rcu: Adjusting geometry for rcu_fanout_leaf=16, nr_cpu_ids=4
[    0.383349] NR_IRQS: 524544, nr_irqs: 456, preallocated irqs: 16
[    0.383680] random: crng done (trusting CPU's manufacturer)
[    0.428184] Console: colour VGA+ 80x25
[    0.515617] printk: console [tty0] enabled
[    0.857935] printk: console [ttyS0] enabled
[    0.860207] ACPI: Core revision 20190816
[    0.862824] clocksource: hpet: mask: 0xffffffff max_cycles: 0xffffffff, max_idle_ns: 19112604467 ns
[    0.875470] APIC: Switch to symmetric I/O mode setup
[    0.878518] x2apic enabled
[    0.881068] Switched APIC routing to physical x2apic.
[    0.886532] KVM setup pv IPIs
[    0.901728] ..TIMER: vector=0x30 apic1=0 pin1=2 apic2=-1 pin2=-1
[    0.906410] clocksource: tsc-early: mask: 0xffffffffffffffff max_cycles: 0x2b2c909a7c7, max_idle_ns: 440795208498 ns
[    0.918203] Calibrating delay loop (skipped) preset value.. 5990.40 BogoMIPS (lpj=11980808)
[    0.922206] pid_max: default: 32768 minimum: 301
[    0.926295] LSM: Security Framework initializing
[    0.930263] Yama: becoming mindful.
[    0.932633] AppArmor: AppArmor initialized
[    0.934400] Mount-cache hash table entries: 8192 (order: 4, 65536 bytes, linear)
[    0.938369] Mountpoint-cache hash table entries: 8192 (order: 4, 65536 bytes, linear)
[    0.942294] *** VALIDATE tmpfs ***
[    0.944515] *** VALIDATE proc ***
[    0.946362] *** VALIDATE cgroup1 ***
[    0.948218] *** VALIDATE cgroup2 ***
[    0.955077] x86/cpu: User Mode Instruction Prevention (UMIP) activated
[    0.958649] Last level iTLB entries: 4KB 0, 2MB 0, 4MB 0
[    0.962207] Last level dTLB entries: 4KB 0, 2MB 0, 4MB 0, 1GB 0
[    0.966227] Spectre V1 : Mitigation: usercopy/swapgs barriers and __user pointer sanitization
[    0.970215] Spectre V2 : Mitigation: Enhanced IBRS
[    0.974206] Spectre V2 : Spectre v2 / SpectreRSB mitigation: Filling RSB on context switch
[    0.978211] Spectre V2 : mitigation: Enabling conditional Indirect Branch Prediction Barrier
[    0.982208] Speculative Store Bypass: Mitigation: Speculative Store Bypass disabled via prctl and seccomp
[    0.986597] Freeing SMP alternatives memory: 40K
[    0.998673] smpboot: CPU0: Intel(R) Core(TM) Ultra 5 125H (family: 0x6, model: 0xaa, stepping: 0x4)
[    1.002776] Performance Events: unsupported p6 CPU model 170 no PMU driver, software events only.
[    1.007341] rcu: Hierarchical SRCU implementation.
[    1.010801] NMI watchdog: Perf NMI watchdog permanently disabled
[    1.014712] smp: Bringing up secondary CPUs ...
[    1.019251] x86: Booting SMP configuration:
[    1.022225] .... node  #0, CPUs:      #1
[    0.518604] kvm-clock: cpu 1, msr a4e01041, secondary cpu clock
[    1.028610] KVM setup async PF for cpu 1
[    1.030197] kvm-stealtime: cpu 1, msr 13baad040
[    1.039739]  #2
[    0.518604] kvm-clock: cpu 2, msr a4e01081, secondary cpu clock
[    1.043290] KVM setup async PF for cpu 2
[    1.046197] kvm-stealtime: cpu 2, msr 13bb2d040
[    1.055248]  #3
[    0.518604] kvm-clock: cpu 3, msr a4e010c1, secondary cpu clock
[    1.059681] KVM setup async PF for cpu 3
[    1.062197] kvm-stealtime: cpu 3, msr 13bbad040
[    1.070466] smp: Brought up 1 node, 4 CPUs
[    1.074275] smpboot: Max logical packages: 1
[    1.077409] smpboot: Total of 4 processors activated (23961.61 BogoMIPS)
[    1.086657] devtmpfs: initialized
[    1.086881] x86/mm: Memory block size: 128MB
[    1.099436] clocksource: jiffies: mask: 0xffffffff max_cycles: 0xffffffff, max_idle_ns: 7645041785100000 ns
[    1.111259] futex hash table entries: 1024 (order: 4, 65536 bytes, linear)
[    1.118463] pinctrl core: initialized pinctrl subsystem
[    1.123386] PM: RTC time: 17:55:31, date: 2026-08-18
[    1.132174] NET: Registered protocol family 16
[    1.134877] audit: initializing netlink subsys (disabled)
[    1.138644] audit: type=2000 audit(1787075731.438:1): state=initialized audit_enabled=0 res=1
[    1.139869] EISA bus registered
[    1.146473] cpuidle: using governor ladder
[    1.150704] cpuidle: using governor menu
[    1.156217] KVM setup pv remote TLB flush
[    1.158504] ACPI: bus type PCI registered
[    1.161531] acpiphp: ACPI Hot Plug PCI Controller Driver version: 0.5
[    1.164490] PCI: Using configuration type 1 for base access
[    1.170387] HugeTLB registered 1.00 GiB page size, pre-allocated 0 pages
[    1.174299] HugeTLB registered 2.00 MiB page size, pre-allocated 0 pages
[    1.210794] ACPI: Added _OSI(Module Device)
[    1.214338] ACPI: Added _OSI(Processor Device)
[    1.218245] ACPI: Added _OSI(3.0 _SCP Extensions)
[    1.226328] ACPI: Added _OSI(Processor Aggregator Device)
[    1.230298] ACPI: Added _OSI(Linux-Dell-Video)
[    1.233455] ACPI: Added _OSI(Linux-Lenovo-NV-HDMI-Audio)
[    1.238462] ACPI: Added _OSI(Linux-HPI-Hybrid-Graphics)
[    1.248310] ACPI: 1 ACPI AML tables successfully acquired and loaded
[    1.262746] ACPI: Interpreter enabled
[    1.265650] ACPI: (supports S0 S3 S4 S5)
[    1.266401] ACPI: Using IOAPIC for interrupt routing
[    1.270872] PCI: Using host bridge windows from ACPI; if necessary, use "pci=nocrs" and report a bug
[    1.283151] ACPI: Enabled 2 GPEs in block 00 to 0F
[    1.294148] ACPI: PCI Root Bridge [PCI0] (domain 0000 [bus 00-ff])
[    1.298531] acpi PNP0A03:00: _OSC: OS supports [ASPM ClockPM Segments MSI HPX-Type3]
[    1.306286] acpi PNP0A03:00: fail to add MMCONFIG information, can't access extended PCI configuration space under this bridge.
[    1.319509] acpiphp: Slot [3] registered
[    1.326873] acpiphp: Slot [4] registered
[    1.334503] acpiphp: Slot [5] registered
[    1.338841] acpiphp: Slot [6] registered
[    1.343421] acpiphp: Slot [7] registered
[    1.354863] acpiphp: Slot [8] registered
[    1.358313] acpiphp: Slot [9] registered
[    1.361316] acpiphp: Slot [10] registered
[    1.366336] acpiphp: Slot [11] registered
[    1.375060] acpiphp: Slot [12] registered
[    1.383095] acpiphp: Slot [13] registered
[    1.394809] acpiphp: Slot [14] registered
[    1.399023] acpiphp: Slot [15] registered
[    1.407188] acpiphp: Slot [16] registered
[    1.414354] acpiphp: Slot [17] registered
[    1.418325] acpiphp: Slot [18] registered
[    1.423736] acpiphp: Slot [19] registered
[    1.430914] acpiphp: Slot [20] registered
[    1.438482] acpiphp: Slot [21] registered
[    1.446800] acpiphp: Slot [22] registered
[    1.450357] acpiphp: Slot [23] registered
[    1.458429] acpiphp: Slot [24] registered
[    1.467286] acpiphp: Slot [25] registered
[    1.482773] acpiphp: Slot [26] registered
[    1.486440] acpiphp: Slot [27] registered
[    1.503105] acpiphp: Slot [28] registered
[    1.506805] acpiphp: Slot [29] registered
[    1.510124] acpiphp: Slot [30] registered
[    1.518902] acpiphp: Slot [31] registered
[    1.522510] PCI host bridge to bus 0000:00
[    1.526251] pci_bus 0000:00: root bus resource [io  0x0000-0x0cf7 window]
[    1.538440] pci_bus 0000:00: root bus resource [io  0x0d00-0xffff window]
[    1.546446] pci_bus 0000:00: root bus resource [mem 0x000a0000-0x000bffff window]
[    1.562373] pci_bus 0000:00: root bus resource [mem 0xc0000000-0xfebfffff window]
[    1.578533] pci_bus 0000:00: root bus resource [mem 0xe0000000000-0xe007fffffff window]
[    1.594568] pci_bus 0000:00: root bus resource [bus 00-ff]
[    1.607662] pci 0000:00:00.0: [8086:1237] type 00 class 0x060000
[    1.623254] pci 0000:00:01.0: [8086:7000] type 00 class 0x060100
[    1.639359] pci 0000:00:01.1: [8086:7010] type 00 class 0x010180
[    1.658361] pci 0000:00:01.1: reg 0x20: [io  0xc060-0xc06f]
[    1.673829] pci 0000:00:01.1: legacy IDE quirk: reg 0x10: [io  0x01f0-0x01f7]
[    1.686444] pci 0000:00:01.1: legacy IDE quirk: reg 0x14: [io  0x03f6]
[    1.694411] pci 0000:00:01.1: legacy IDE quirk: reg 0x18: [io  0x0170-0x0177]
[    1.710450] pci 0000:00:01.1: legacy IDE quirk: reg 0x1c: [io  0x0376]
[    1.728243] pci 0000:00:01.3: [8086:7113] type 00 class 0x068000
[    1.746044] pci 0000:00:01.3: quirk: [io  0x0600-0x063f] claimed by PIIX4 ACPI
[    1.762562] pci 0000:00:01.3: quirk: [io  0x0700-0x070f] claimed by PIIX4 SMB
[    1.778906] pci 0000:00:01.3: quirk_piix4_acpi+0x0/0x170 took 31250 usecs
[    1.815890] pci 0000:00:02.0: [1234:1111] type 00 class 0x030000
[    1.843149] pci 0000:00:02.0: reg 0x10: [mem 0xfd000000-0xfdffffff pref]
[    1.871253] pci 0000:00:02.0: reg 0x18: [mem 0xfebd0000-0xfebd0fff]
[    1.909225] pci 0000:00:02.0: reg 0x30: [mem 0xfebc0000-0xfebcffff pref]
[    1.958103] pci 0000:00:03.0: [1af4:1000] type 00 class 0x020000
[    1.985189] pci 0000:00:03.0: reg 0x10: [io  0xc040-0xc05f]
[    2.002197] pci 0000:00:03.0: reg 0x14: [mem 0xfebd1000-0xfebd1fff]
[    2.030093] pci 0000:00:03.0: reg 0x20: [mem 0xe0040000000-0xe0040003fff 64bit pref]
[    2.043993] pci 0000:00:03.0: reg 0x30: [mem 0xfeb80000-0xfebbffff pref]
[    2.066548] pci 0000:00:04.0: [1af4:1004] type 00 class 0x010000
[    2.087427] pci 0000:00:04.0: reg 0x10: [io  0xc000-0xc03f]
[    2.104082] pci 0000:00:04.0: reg 0x14: [mem 0xfebd2000-0xfebd2fff]
[    2.135463] pci 0000:00:04.0: reg 0x20: [mem 0xe0040004000-0xe0040007fff 64bit pref]
[    2.170908] pci 0000:00:05.0: [1d1d:1f1f] type 00 class 0x010802
[    2.179921] pci 0000:00:05.0: reg 0x10: [mem 0xe0000000000-0xe0000001fff 64bit]
[    2.197979] pci 0000:00:05.0: reg 0x20: [mem 0xfebd3000-0xfebd3fff]
[    2.210055] pci 0000:00:05.0: enabling Extended Tags
[    2.292173] ACPI: PCI Interrupt Link [LNKA] (IRQs 5 *10 11)
[    2.298873] ACPI: PCI Interrupt Link [LNKB] (IRQs 5 *10 11)
[    2.307005] ACPI: PCI Interrupt Link [LNKC] (IRQs 5 10 *11)
[    2.318818] ACPI: PCI Interrupt Link [LNKD] (IRQs 5 10 *11)
[    2.326578] ACPI: PCI Interrupt Link [LNKS] (IRQs *9)
[    2.335755] iommu: Default domain type: Translated 
[    2.354226] SCSI subsystem initialized
[    2.362786] pci 0000:00:02.0: vgaarb: setting as boot VGA device
[    2.366197] pci 0000:00:02.0: vgaarb: VGA device added: decodes=io+mem,owns=io+mem,locks=none
[    2.382300] pci 0000:00:02.0: vgaarb: bridge control possible
[    2.386331] vgaarb: loaded
[    2.394686] ACPI: bus type USB registered
[    2.398563] usbcore: registered new interface driver usbfs
[    2.406482] usbcore: registered new interface driver hub
[    2.414805] usbcore: registered new device driver usb
[    2.423212] pps_core: LinuxPPS API ver. 1 registered
[    2.430251] pps_core: Software ver. 5.3.6 - Copyright 2005-2007 Rodolfo Giometti <giometti@linux.it>
[    2.438407] PTP clock support registered
[    2.447173] EDAC MC: Ver: 3.0.0
[    2.455106] PCI: Using ACPI for IRQ routing
[    2.462252] NetLabel: Initializing
[    2.466219] NetLabel:  domain hash size = 128
[    2.470218] NetLabel:  protocols = UNLABELED CIPSOv4 CALIPSO
[    2.474396] NetLabel:  unlabeled traffic allowed by default
[    2.515237] hpet0: at MMIO 0xfed00000, IRQs 2, 8, 0
[    2.518253] hpet0: 3 comparators, 64-bit 100.000000 MHz counter
[    2.527439] clocksource: Switched to clocksource kvm-clock
[    2.596393] *** VALIDATE bpf ***
[    2.601969] VFS: Disk quotas dquot_6.6.0
[    2.605575] VFS: Dquot-cache hash table entries: 512 (order 0, 4096 bytes)
[    2.612569] *** VALIDATE ramfs ***
[    2.617641] *** VALIDATE hugetlbfs ***
[    2.622006] AppArmor: AppArmor Filesystem Enabled
[    2.626281] pnp: PnP ACPI init
[    2.630813] pnp: PnP ACPI: found 6 devices
[    2.650253] thermal_sys: Registered thermal governor 'fair_share'
[    2.650255] thermal_sys: Registered thermal governor 'bang_bang'
[    2.659599] thermal_sys: Registered thermal governor 'step_wise'
[    2.664307] thermal_sys: Registered thermal governor 'user_space'
[    2.669382] thermal_sys: Registered thermal governor 'power_allocator'
[    2.686498] clocksource: acpi_pm: mask: 0xffffff max_cycles: 0xffffff, max_idle_ns: 2085701024 ns
[    2.705062] pci_bus 0000:00: resource 4 [io  0x0000-0x0cf7 window]
[    2.713032] pci_bus 0000:00: resource 5 [io  0x0d00-0xffff window]
[    2.718263] pci_bus 0000:00: resource 6 [mem 0x000a0000-0x000bffff window]
[    2.724859] pci_bus 0000:00: resource 7 [mem 0xc0000000-0xfebfffff window]
[    2.734513] pci_bus 0000:00: resource 8 [mem 0xe0000000000-0xe007fffffff window]
[    2.741900] NET: Registered protocol family 2
[    2.750224] tcp_listen_portaddr_hash hash table entries: 2048 (order: 3, 32768 bytes, linear)
[    2.765440] TCP established hash table entries: 32768 (order: 6, 262144 bytes, linear)
[    2.775492] TCP bind hash table entries: 32768 (order: 7, 524288 bytes, linear)
[    2.783734] TCP: Hash tables configured (established 32768 bind 32768)
[    2.795392] UDP hash table entries: 2048 (order: 4, 65536 bytes, linear)
[    2.804564] UDP-Lite hash table entries: 2048 (order: 4, 65536 bytes, linear)
[    2.812580] NET: Registered protocol family 1
[    2.818653] NET: Registered protocol family 44
[    2.824684] pci 0000:00:01.0: PIIX3: Enabling Passive Release
[    2.830029] pci 0000:00:00.0: Limiting direct PCI/PCI transfers
[    2.839466] pci 0000:00:01.0: Activating ISA DMA hang workarounds
[    2.846841] pci 0000:00:02.0: Video device with shadowed ROM at [mem 0x000c0000-0x000dffff]
[    2.857621] pci 0000:00:02.0: pci_fixup_video+0x0/0xe0 took 10425 usecs
[    2.863782] PCI: CLS 0 bytes, default 64
[    2.868321] Trying to unpack rootfs image as initramfs...
[    6.022772] Freeing initrd memory: 89336K
[    6.040772] PCI-DMA: Using software bounce buffering for IO (SWIOTLB)
[    6.047149] software IO TLB: mapped [mem 0xbbfdd000-0xbffdd000] (64MB)
[    6.054087] clocksource: tsc: mask: 0xffffffffffffffff max_cycles: 0x2b2c909a7c7, max_idle_ns: 440795208498 ns
[    6.081279] check: Scanning for low memory corruption every 60 seconds
[    6.098787] Initialise system trusted keyrings
[    6.104153] Key type blacklist registered
[    6.109809] workingset: timestamp_bits=36 max_order=20 bucket_order=0
[    6.137514] zbud: loaded
[    6.161912] squashfs: version 4.0 (2009/01/31) Phillip Lougher
[    6.174798] fuse: init (API version 7.31)
[    6.178274] *** VALIDATE fuse ***
[    6.184922] *** VALIDATE fuse ***
[    6.190010] Platform Keyring initialized
[    6.204602] Key type asymmetric registered
[    6.209031] Asymmetric key parser 'x509' registered
[    6.213581] Block layer SCSI generic (bsg) driver version 0.4 loaded (major 244)
[    6.227135] io scheduler mq-deadline registered
[    6.235484] shpchp: Standard Hot Plug PCI Controller Driver version: 0.4
[    6.246500] input: Power Button as /devices/LNXSYSTM:00/LNXPWRBN:00/input/input0
[    6.253831] ACPI: Power Button [PWRF]
[    6.268666] PCI Interrupt Link [LNKC] enabled at IRQ 11
[    6.327842] PCI Interrupt Link [LNKD] enabled at IRQ 10
[    6.361838] Serial: 8250/16550 driver, 32 ports, IRQ sharing enabled
[    6.426302] 00:04: ttyS0 at I/O 0x3f8 (irq = 4, base_baud = 115200) is a 16550A
[    6.610436] Linux agpgart interface v0.103
[    6.643143] loop: module loaded
[    6.657465] scsi host0: ata_piix
[    6.666712] scsi host1: ata_piix
[    6.677136] ata1: PATA max MWDMA2 cmd 0x1f0 ctl 0x3f6 bmdma 0xc060 irq 14
[    6.683501] ata2: PATA max MWDMA2 cmd 0x170 ctl 0x376 bmdma 0xc068 irq 15
[    6.696695] libphy: Fixed MDIO Bus: probed
[    6.707582] tun: Universal TUN/TAP device driver, 1.6
[    6.718169] PPP generic driver version 2.4.2
[    6.728559] VFIO - User Level meta-driver version: 0.3
[    6.736794] ehci_hcd: USB 2.0 'Enhanced' Host Controller (EHCI) Driver
[    6.747862] ehci-pci: EHCI PCI platform driver
[    6.753902] ehci-platform: EHCI generic platform driver
[    6.763673] ohci_hcd: USB 1.1 'Open' Host Controller (OHCI) Driver
[    6.772502] ohci-pci: OHCI PCI platform driver
[    6.778974] ohci-platform: OHCI generic platform driver
[    6.789461] uhci_hcd: USB Universal Host Controller Interface driver
[    6.796180] i8042: PNP: PS/2 Controller [PNP0303:KBD,PNP0f13:MOU] at 0x60,0x64 irq 1,12
[    6.816390] serio: i8042 KBD port at 0x60,0x64 irq 1
[    6.830339] serio: i8042 AUX port at 0x60,0x64 irq 12
[    6.845933] mousedev: PS/2 mouse device common for all mice
[    6.865298] rtc_cmos 00:05: RTC can wake from S4
[    6.872890] input: AT Translated Set 2 keyboard as /devices/platform/i8042/serio0/input/input1
[    6.880212] rtc_cmos 00:05: registered as rtc0
[    6.892688] rtc_cmos 00:05: alarms up to one day, y3k, 242 bytes nvram, hpet irqs
[    6.905444] i2c /dev entries driver
[    6.909195] device-mapper: uevent: version 1.0.3
[    6.918916] device-mapper: ioctl: 4.41.0-ioctl (2019-09-16) initialised: dm-devel@redhat.com
[    6.932375] platform eisa.0: Probing EISA bus 0
[    6.939763] platform eisa.0: EISA: Cannot allocate resource for mainboard
[    6.948397] platform eisa.0: Cannot allocate resource for EISA slot 1
[    6.955042] platform eisa.0: Cannot allocate resource for EISA slot 2
[    6.966190] platform eisa.0: Cannot allocate resource for EISA slot 3
[    6.974391] platform eisa.0: Cannot allocate resource for EISA slot 4
[    6.983657] platform eisa.0: Cannot allocate resource for EISA slot 5
[    6.999765] platform eisa.0: Cannot allocate resource for EISA slot 6
[    7.007139] platform eisa.0: Cannot allocate resource for EISA slot 7
[    7.013279] platform eisa.0: Cannot allocate resource for EISA slot 8
[    7.023781] platform eisa.0: EISA: Detected 0 cards
[    7.027528] intel_pstate: CPU model not supported
[    7.038662] ledtrig-cpu: registered to indicate activity on CPUs
[    7.047395] drop_monitor: Initializing network drop monitor service
[    7.060899] NET: Registered protocol family 10
[    7.093467] Segment Routing with IPv6
[    7.097244] NET: Registered protocol family 17
[    7.107653] Key type dns_resolver registered
[    7.118420] RAS: Correctable Errors collector initialized.
[    7.128731] IPI shorthand broadcast: enabled
[    7.134460] sched_clock: Marking stable (6619653363, 514604292)->(7410692190, -276434535)
[    7.145677] registered taskstats version 1
[    7.153845] Loading compiled-in X.509 certificates
[    7.165047] Loaded X.509 cert 'Build time autogenerated kernel key: 7f1af841edfbf04e4b72462ffb6202c30b2da0bb'
[    7.179613] zswap: loaded using pool lzo/zbud
[    7.192903] Key type ._fscrypt registered
[    7.196778] Key type .fscrypt registered
[    7.259118] Key type big_key registered
[    7.277816] Key type encrypted registered
[    7.282779] AppArmor: AppArmor sha1 policy hashing enabled
[    7.298051] ima: No TPM chip found, activating TPM-bypass!
[    7.303153] ima: Allocated hash algorithm: sha1
[    7.318283] ima: No architecture policies found
[    7.334681] evm: Initialising EVM extended attributes:
[    7.349010] evm: security.selinux
[    7.354451] evm: security.SMACK64
[    7.367147] evm: security.SMACK64EXEC
[    7.371580] evm: security.SMACK64TRANSMUTE
[    7.383333] evm: security.SMACK64MMAP
[    7.389531] evm: security.apparmor
[    7.393954] evm: security.ima
[    7.405028] evm: security.capability
[    7.409719] evm: HMAC attrs: 0x1
[    7.428165] PM:   Magic number: 6:61:947
[    7.435053] tty tty4: hash matches
[    7.442769] processor cpu2: hash matches
[    7.447912] memory memory0: hash matches
[    7.464041] rtc_cmos 00:05: setting system clock to 2026-08-18T17:55:37 UTC (1787075737)
[    7.504557] Freeing unused decrypted memory: 2040K
[    7.525100] Freeing unused kernel image memory: 2724K
[    7.554795] Write protecting the kernel read-only data: 22528k
[    7.573158] Freeing unused kernel image memory: 2008K
[    7.587045] Freeing unused kernel image memory: 1184K
[    7.617149] x86/mm: Checked W+X mappings: passed, no W+X pages found.
[    7.629037] Run /init as init process
Loading, please wait...
Starting version 245.4-4ubuntu3.2
[    7.833439] Floppy drive(s): fd0 is 2.88M AMI BIOS
[    7.859344] piix4_smbus 0000:00:01.3: SMBus Host Controller at 0x700, revision 0
[    7.880507] input: VirtualPS/2 VMware VMMouse as /devices/platform/i8042/serio1/input/input4
[    7.902936] FDC 0 is a S82078B
[    7.903035] input: VirtualPS/2 VMware VMMouse as /devices/platform/i8042/serio1/input/input3
[    7.946622] cryptd: max_cpu_qlen set to 1000
[    7.958599] scsi host2: Virtio SCSI HBA
[    7.970449] nvme nvme0: pci function 0000:00:05.0
[    7.981348] PCI Interrupt Link [LNKA] enabled at IRQ 10
[    8.034946] scsi 2:0:0:0: Direct-Access     QEMU     QEMU HARDDISK    2.5+ PQ: 0 ANSI: 5
[    8.047763] AVX2 version of gcm_enc/dec engaged.
[    8.061654] AES CTR mode by8 optimization enabled
[    8.080458] nvme nvme0: 4/0/0 default/read/poll queues
[    8.084955] virtio_net virtio0 ens3: renamed from eth0
[    8.112856] bochs-drm 0000:00:02.0: remove_conflicting_pci_framebuffers: bar 0: 0xfd000000 -> 0xfdffffff
[    8.134739] bochs-drm 0000:00:02.0: remove_conflicting_pci_framebuffers: bar 2: 0xfebd0000 -> 0xfebd0fff
[    8.145940] bochs-drm 0000:00:02.0: vgaarb: deactivate vga console
[    8.178856] Console: switching to colour dummy device 80x25
[    8.186163] [drm] Found bochs VGA, ID 0xb0c5.
[    8.198287] [drm] Framebuffer size 16384 kB @ 0xfd000000, mmio @ 0xfebd0000.
[    8.206107] [TTM] Zone  kernel: Available graphics memory: 2015074 KiB
[    8.232551] [TTM] Initializing pool allocator
[    8.250403] [TTM] Initializing DMA pool allocator
[    8.269147] sd 2:0:0:0: Attached scsi generic sg0 type 0
[    8.269409] sd 2:0:0:0: Power-on or device reset occurred
[    8.291027] sd 2:0:0:0: [sda] 167772160 512-byte logical blocks: (85.9 GB/80.0 GiB)
[    8.307336] sd 2:0:0:0: [sda] Write Protect is off
[    8.314117] sd 2:0:0:0: [sda] Write cache: enabled, read cache: enabled, supports DPO and FUA
[    8.322980] [drm] Found EDID data blob.
[    8.387026] [drm] Initialized bochs-drm 1.0.0 20130925 for 0000:00:02.0 on minor 0
[    8.397660]  sda: sda1 sda2
[    8.444876] sd 2:0:0:0: [sda] Attached SCSI disk
[    8.496060] fbcon: bochs-drmdrmfb (fb0) is primary device
[    8.695267] Console: switching to colour frame buffer device 160x50
[    8.733274] bochs-drm 0000:00:02.0: fb0: bochs-drmdrmfb frame buffer device
Begin: Loading essential drivers ... [    9.226181] raid6: avx2x4   gen()  6060 MB/s
[    9.283877] raid6: avx2x4   xor()  3337 MB/s
[    9.342612] raid6: avx2x2   gen() 12071 MB/s
[    9.390385] raid6: avx2x2   xor()  9417 MB/s
[    9.442566] raid6: avx2x1   gen() 11072 MB/s
[    9.498635] raid6: avx2x1   xor()  7733 MB/s
[    9.554394] raid6: sse2x4   gen()  8358 MB/s
[    9.610690] raid6: sse2x4   xor()  5034 MB/s
[    9.658824] raid6: sse2x2   gen()  5263 MB/s
[    9.710400] raid6: sse2x2   xor()  4445 MB/s
[    9.762459] raid6: sse2x1   gen()  5917 MB/s
[    9.810427] raid6: sse2x1   xor()  4595 MB/s
[    9.818444] raid6: using algorithm avx2x2 gen() 12071 MB/s
[    9.830773] raid6: .... xor() 9417 MB/s, rmw enabled
[    9.842338] raid6: using avx2x2 recovery algorithm
[    9.860920] xor: automatically using best checksumming function   avx       
[    9.900100] async_tx: api initialized (async)
done.
Begin: Running /scripts/init-premount ... done.
Begin: Mounting root file system ... Begin: Running /scripts/local-top ... done.
Begin: Running /scripts/local-premount ... [   10.827621] Btrfs loaded, crc32c=crc32c-intel
Scanning for Btrfs filesystems
[   10.950667] blk_update_request: I/O error, dev fd0, sector 0 op 0x0:(READ) flags 0x0 phys_seg 1 prio class 0
[   10.959103] floppy: error 10 while reading block 0
done.
Warning: fsck not present, so skipping root file system
[   11.092128] EXT4-fs (sda2): mounted filesystem with ordered data mode. Opts: (null)
done.
Begin: Running /scripts/local-bottom ... done.
Begin: Running /scripts/init-bottom ... Internet Systems Consortium DHCP Client 4.4.1
Copyright 2004-2018 Internet Systems Consortium.
All rights reserved.
For info, please visit https://www.isc.org/software/dhcp/

Listening on LPF/ens3/52:54:00:12:34:56
Sending on   LPF/ens3/52:54:00:12:34:56
Sending on   Socket/fallback
DHCPDISCOVER on ens3 to 255.255.255.255 port 67 interval 3 (xid=0x432cbd53)
DHCPOFFER of 10.0.2.15 from 10.0.2.2
DHCPREQUEST for 10.0.2.15 on ens3 to 255.255.255.255 port 67 (xid=0x53bd2c43)
DHCPACK of 10.0.2.15 from 10.0.2.2 (xid=0x432cbd53)
bound to 10.0.2.15 -- renewal in 40282 seconds.
done.
[   11.997325] systemd[1]: Inserted module 'autofs4'
[   12.085636] systemd[1]: systemd 245.4-4ubuntu3.2 running in system mode. (+PAM +AUDIT +SELINUX +IMA +APPARMOR +SMACK +SYSVINIT +UTMP +LIBCRYPTSETUP +GCRYPT +GNUTLS +ACL +XZ +LZ4 +SECCOMP +BLKID +ELFUTILS +KMOD +IDN2 -IDN +PCRE2 default-hierarchy=hybrid)
[   12.115268] systemd[1]: Detected virtualization kvm.
[   12.123033] systemd[1]: Detected architecture x86-64.

Welcome to [1mUbuntu 20.04.1 LTS[0m!

[   12.210032] systemd[1]: Set hostname to <fvm>.
[   12.625185] systemd[1]: /lib/systemd/system/dbus.socket:5: ListenStream= references a path below legacy directory /var/run/, updating /var/run/dbus/system_bus_socket → /run/dbus/system_bus_socket; please update the unit file accordingly.
[   12.893471] systemd[1]: Created slice system-modprobe.slice.
[[0;32m  OK  [0m] Created slice [0;1;39msystem-modprobe.slice[0m.
[   12.930361] systemd[1]: Created slice system-serial\x2dgetty.slice.
[[0;32m  OK  [0m] Created slice [0;1;39msystem-serial\x2dgetty.slice[0m.
[   12.948849] systemd[1]: Created slice User and Session Slice.
[[0;32m  OK  [0m] Created slice [0;1;39mUser and Session Slice[0m.
[   12.971007] systemd[1]: Started Forward Password Requests to Wall Directory Watch.
[[0;32m  OK  [0m] Started [0;1;39mForward Password R…uests to Wall Directory Watch[0m.
[   12.998601] systemd[1]: Set up automount Arbitrary Executable File Formats File System Automount Point.
[[0;32m  OK  [0m] Set up automount [0;1;39mArbitrary…s File System Automount Point[0m.
[   13.020744] systemd[1]: Reached target User and Group Name Lookups.
[[0;32m  OK  [0m] Reached target [0;1;39mUser and Group Name Lookups[0m.
[   13.043597] systemd[1]: Reached target Slices.
[[0;32m  OK  [0m] Reached target [0;1;39mSlices[0m.
[   13.075024] systemd[1]: Listening on Device-mapper event daemon FIFOs.
[[0;32m  OK  [0m] Listening on [0;1;39mDevice-mapper event daemon FIFOs[0m.
[   13.104188] systemd[1]: Listening on LVM2 poll daemon socket.
[[0;32m  OK  [0m] Listening on [0;1;39mLVM2 poll daemon socket[0m.
[   13.132853] systemd[1]: Listening on multipathd control socket.
[[0;32m  OK  [0m] Listening on [0;1;39mmultipathd control socket[0m.
[   13.151880] systemd[1]: Listening on Syslog Socket.
[[0;32m  OK  [0m] Listening on [0;1;39mSyslog Socket[0m.
[   13.167959] systemd[1]: Listening on initctl Compatibility Named Pipe.
[[0;32m  OK  [0m] Listening on [0;1;39minitctl Compatibility Named Pipe[0m.
[   13.189734] systemd[1]: Listening on Journal Audit Socket.
[[0;32m  OK  [0m] Listening on [0;1;39mJournal Audit Socket[0m.
[   13.209271] systemd[1]: Listening on Journal Socket (/dev/log).
[[0;32m  OK  [0m] Listening on [0;1;39mJournal Socket (/dev/log)[0m.
[   13.229892] systemd[1]: Listening on Journal Socket.
[[0;32m  OK  [0m] Listening on [0;1;39mJournal Socket[0m.
[   13.251834] systemd[1]: Listening on Network Service Netlink Socket.
[[0;32m  OK  [0m] Listening on [0;1;39mNetwork Service Netlink Socket[0m.
[   13.270631] systemd[1]: Listening on udev Control Socket.
[[0;32m  OK  [0m] Listening on [0;1;39mudev Control Socket[0m.
[   13.296087] systemd[1]: Listening on udev Kernel Socket.
[[0;32m  OK  [0m] Listening on [0;1;39mudev Kernel Socket[0m.
[   13.317935] systemd[1]: Mounting Huge Pages File System...
         Mounting [0;1;39mHuge Pages File System[0m...
[   13.337329] systemd[1]: Mounting POSIX Message Queue File System...
         Mounting [0;1;39mPOSIX Message Queue File System[0m...
[   13.371831] systemd[1]: Mounting Kernel Debug File System...
         Mounting [0;1;39mKernel Debug File System[0m...
[   13.402969] systemd[1]: Mounting Kernel Trace File System...
         Mounting [0;1;39mKernel Trace File System[0m...
[   13.474744] systemd[1]: Starting Journal Service...
         Starting [0;1;39mJournal Service[0m...
[   13.501908] systemd[1]: Starting Set the console keyboard layout...
         Starting [0;1;39mSet the console keyboard layout[0m...
[   13.526325] systemd[1]: Starting Create list of static device nodes for the current kernel...
         Starting [0;1;39mCreate list of st…odes for the current kernel[0m...
[   13.577415] systemd[1]: Starting Monitoring of LVM2 mirrors, snapshots etc. using dmeventd or progress polling...
         Starting [0;1;39mMonitoring of LVM…meventd or progress polling[0m...
[   13.628403] systemd[1]: Condition check resulted in Load Kernel Module drm being skipped.
[   13.644329] systemd[1]: Condition check resulted in Set Up Additional Binary Formats being skipped.
[   13.729452] systemd[1]: Starting Load Kernel Modules...
         Starting [0;1;39mLoad Kernel Modules[0m...
[   13.805217] systemd[1]: Starting Remount Root and Kernel File Systems...
         Starting [0;1;39mRemount Root and Kernel File Systems[0m...
[   13.872132] systemd[1]: Starting udev Coldplug all Devices...
         Starting [0;1;39mudev Coldplug all Devices[0m...
[   13.923466] systemd[1]: Starting Uncomplicated firewall...
         Starting [0;1;39mUncomplicated firewall[0m...
[   13.970137] EXT4-fs (sda2): re-mounted. Opts: (null)
[   13.972753] systemd[1]: Mounted Huge Pages File System.
[[0;32m  OK  [0m] Mounted [0;1;39mHuge Pages File System[0m.
[   14.000246] systemd[1]: Mounted POSIX Message Queue File System.
[[0;32m  OK  [0m] Mounted [0;1;39mPOSIX Message Queue File System[0m.
[   14.043417] systemd[1]: Mounted Kernel Debug File System.
[[0;32m  OK  [0m] Mounted [0;1;39mKernel Debug File System[0m.
[   14.072011] systemd[1]: Mounted Kernel Trace File System.
[[0;32m  OK  [0m] Mounted [0;1;39mKernel Trace File System[0m.
[   14.104686] systemd[1]: Finished Set the console keyboard layout.
[[0;32m  OK  [0m] Finished [0;1;39mSet the console keyboard layout[0m.
[   14.136828] systemd[1]: Finished Create list of static device nodes for the current kernel.
[[0;32m  OK  [0m] Finished [0;1;39mCreate list of st… nodes for the current kernel[0m.
[   14.169097] systemd[1]: Finished Monitoring of LVM2 mirrors, snapshots etc. using dmeventd or progress polling.
[[0;32m  OK  [0m] Finished [0;1;39mMonitoring of LVM… dmeventd or progress polling[0m.
[   14.217315] systemd[1]: Finished Load Kernel Modules.
[[0;32m  OK  [0m] Finished [0;1;39mLoad Kernel Modules[0m.
[   14.263982] systemd[1]: Finished Remount Root and Kernel File Systems.
[[0;32m  OK  [0m] Finished [0;1;39mRemount Root and Kernel File Systems[0m.
[   14.295595] systemd[1]: Finished Uncomplicated firewall.
[[0;32m  OK  [0m] Finished [0;1;39mUncomplicated firewall[0m.
[   14.336536] systemd[1]: Activating swap /swap.img...
         Activating swap [0;1;39m/swap.img[0m...
[   14.353656] systemd[1]: Mounting FUSE Control File System...
         Mounting [0;1;39mFUSE Control File System[0m...
[   14.390349] systemd[1]: Mounting Kernel Configuration File System...
         Mounting [0;1;39mKernel Configuration File System[0m...
[   14.412752] systemd[1]: Condition check resulted in Rebuild Hardware Database being skipped.
[   14.427786] systemd[1]: Condition check resulted in Platform Persistent Storage Archival being skipped.
[   14.446175] systemd[1]: Starting Load/Save Random Seed...
         Starting [0;1;39mLoad/Save Random Seed[0m...
[   14.491057] systemd[1]: Starting Apply Kernel Variables...
         Starting [0;1;39mApply Kernel Variables[0m...
[   14.513502] systemd[1]: Starting Create System Users...
         Starting [0;1;39mCreate System Users[0m...
[   14.533323] systemd[1]: Started Journal Service.
[[0;32m  OK  [0m] Started [0;1;39mJournal Service[0m.
[[0;32m  OK  [0m] Finished [0;1;39mudev Coldplug all Devices[0m.
[[0;32m  OK  [0m] Mounted [0;1;39mFUSE Control File System[0m.
[[0;32m  OK  [0m] Activated swap [0;1;39m/swap.img[0m.
[[0;32m  OK  [0m] Mounted [0;1;39mKernel Configuration File System[0m.
[[0;32m  OK  [0m] Finished [0;1;39mLoad/Save Random Seed[0m.
[[0;32m  OK  [0m] Finished [0;1;39mApply Kernel Variables[0m.
[[0;32m  OK  [0m] Reached target [0;1;39mSwap[0m.
         Starting [0;1;39mFlush Journal to Persistent Storage[0m...
         Starting [0;1;39mudev Wait for Complete Device Initialization[0m...
[[0;32m  OK  [0m] Finished [0;1;39mCreate System Users[0m.
         Starting [0;1;39mCreate Static Device Nodes in /dev[0m...
[[0;32m  OK  [0m] Finished [0;1;39mCreate Static Device Nodes in /dev[0m.
         Starting [0;1;39mudev Kernel Device Manager[0m...
[[0;32m  OK  [0m] Finished [0;1;39mFlush Journal to Persistent Storage[0m.
[[0;32m  OK  [0m] Started [0;1;39mudev Kernel Device Manager[0m.
[[0;32m  OK  [0m] Started [0;1;39mDispatch Password …ts to Console Directory Watch[0m.
[[0;32m  OK  [0m] Reached target [0;1;39mLocal Encrypted Volumes[0m.
         Starting [0;1;39mNetwork Service[0m...
[[0;32m  OK  [0m] Started [0;1;39mNetwork Service[0m.
         Starting [0;1;39mWait for Network to be Configured[0m...
[[0;32m  OK  [0m] Finished [0;1;39mWait for Network to be Configured[0m.
[[0;32m  OK  [0m] Found device [0;1;39m/dev/ttyS0[0m.
[[0;32m  OK  [0m] Listening on [0;1;39mLoad/Save RF …itch Status /dev/rfkill Watch[0m.
[[0;32m  OK  [0m] Finished [0;1;39mudev Wait for Complete Device Initialization[0m.
         Starting [0;1;39mDevice-Mapper Multipath Device Controller[0m...
[[0;32m  OK  [0m] Started [0;1;39mDevice-Mapper Multipath Device Controller[0m.
[[0;32m  OK  [0m] Reached target [0;1;39mLocal File Systems (Pre)[0m.
         Mounting [0;1;39mMount unit for core18, revision 1880[0m...
         Mounting [0;1;39mMount unit for lxd, revision 16099[0m...
         Mounting [0;1;39mMount unit for snapd, revision 8542[0m...
[[0;32m  OK  [0m] Mounted [0;1;39mMount unit for lxd, revision 16099[0m.
[[0;32m  OK  [0m] Mounted [0;1;39mMount unit for core18, revision 1880[0m.
[[0;32m  OK  [0m] Mounted [0;1;39mMount unit for snapd, revision 8542[0m.
[[0;32m  OK  [0m] Reached target [0;1;39mLocal File Systems[0m.
         Starting [0;1;39mLoad AppArmor profiles[0m...
         Starting [0;1;39mSet console font and keymap[0m...
         Starting [0;1;39mCreate final runt…dir for shutdown pivot root[0m...
         Starting [0;1;39mTell Plymouth To Write Out Runtime Data[0m...
         Starting [0;1;39mCreate Volatile Files and Directories[0m...
[[0;32m  OK  [0m] Finished [0;1;39mSet console font and keymap[0m.
[[0;32m  OK  [0m] Finished [0;1;39mCreate final runt…e dir for shutdown pivot root[0m.
[[0;32m  OK  [0m] Finished [0;1;39mTell Plymouth To Write Out Runtime Data[0m.
[[0;32m  OK  [0m] Finished [0;1;39mCreate Volatile Files and Directories[0m.
[[0;32m  OK  [0m] Finished [0;1;39mLoad AppArmor profiles[0m.
         Starting [0;1;39mLoad AppArmor pro…managed internally by snapd[0m...
         Starting [0;1;39mNetwork Name Resolution[0m...
         Starting [0;1;39mNetwork Time Synchronization[0m...
         Starting [0;1;39mUpdate UTMP about System Boot/Shutdown[0m...
[[0;32m  OK  [0m] Finished [0;1;39mUpdate UTMP about System Boot/Shutdown[0m.
[[0;32m  OK  [0m] Finished [0;1;39mLoad AppArmor pro…s managed internally by snapd[0m.
[[0;32m  OK  [0m] Started [0;1;39mNetwork Time Synchronization[0m.
[[0;32m  OK  [0m] Reached target [0;1;39mSystem Initialization[0m.
[[0;32m  OK  [0m] Started [0;1;39mDaily Cleanup of Temporary Directories[0m.
[[0;32m  OK  [0m] Reached target [0;1;39mPaths[0m.
[[0;32m  OK  [0m] Reached target [0;1;39mSystem Time Set[0m.
[[0;32m  OK  [0m] Reached target [0;1;39mSystem Time Synchronized[0m.
[[0;32m  OK  [0m] Started [0;1;39mDaily apt download activities[0m.
[[0;32m  OK  [0m] Started [0;1;39mDaily apt upgrade and clean activities[0m.
[[0;32m  OK  [0m] Started [0;1;39mPeriodic ext4 Onli…ata Check for All Filesystems[0m.
[[0;32m  OK  [0m] Started [0;1;39mDiscard unused blocks once a week[0m.
[[0;32m  OK  [0m] Started [0;1;39mRefresh fwupd metadata regularly[0m.
[[0;32m  OK  [0m] Started [0;1;39mDaily rotation of log files[0m.
[[0;32m  OK  [0m] Started [0;1;39mDaily man-db regeneration[0m.
[[0;32m  OK  [0m] Started [0;1;39mMessage of the Day[0m.
[[0;32m  OK  [0m] Reached target [0;1;39mTimers[0m.
[[0;32m  OK  [0m] Listening on [0;1;39mD-Bus System Message Bus Socket[0m.
[[0;32m  OK  [0m] Listening on [0;1;39mOpen-iSCSI iscsid Socket[0m.
[[0;32m  OK  [0m] Listening on [0;1;39mSocket unix for snap application lxd.daemon[0m.
         Starting [0;1;39mSocket activation for snappy daemon[0m.
[[0;32m  OK  [0m] Listening on [0;1;39mUUID daemon activation socket[0m.
[[0;32m  OK  [0m] Started [0;1;39mNetwork Name Resolution[0m.
[[0;32m  OK  [0m] Listening on [0;1;39mSocket activation for snappy daemon[0m.
[[0;32m  OK  [0m] Reached target [0;1;39mNetwork[0m.
[[0;32m  OK  [0m] Reached target [0;1;39mNetwork is Online[0m.
[[0;32m  OK  [0m] Reached target [0;1;39mHost and Network Name Lookups[0m.
[[0;32m  OK  [0m] Reached target [0;1;39mSockets[0m.
[[0;32m  OK  [0m] Reached target [0;1;39mBasic System[0m.
         Starting [0;1;39mAccounts Service[0m...
[[0;32m  OK  [0m] Started [0;1;39mD-Bus System Message Bus[0m.
[[0;32m  OK  [0m] Started [0;1;39mSave initial kernel messages after boot[0m.
         Starting [0;1;39mRemove Stale Onli…t4 Metadata Check Snapshots[0m...
         Starting [0;1;39mDiscard unused bl…filesystems from /etc/fstab[0m...
         Starting [0;1;39mLSB: Record successful boot for GRUB[0m...
         Starting [0;1;39mGRUB failed boot detection[0m...
[[0;32m  OK  [0m] Started [0;1;39mirqbalance daemon[0m.
         Starting [0;1;39mDispatcher daemon for systemd-networkd[0m...
[[0;32m  OK  [0m] Reached target [0;1;39mRemote File Systems (Pre)[0m.
[[0;32m  OK  [0m] Reached target [0;1;39mRemote File Systems[0m.
         Starting [0;1;39mLSB: automatic crash report generation[0m...
         Starting [0;1;39mDeferred execution scheduler[0m...
         Starting [0;1;39mAvailability of block devices[0m...
[[0;32m  OK  [0m] Started [0;1;39mRegular background program processing daemon[0m.
         Starting [0;1;39mSystem Logging Service[0m...
         Starting [0;1;39mService for snap application lxd.activate[0m...
         Starting [0;1;39mSnap Daemon[0m...
         Starting [0;1;39mOpenBSD Secure Shell server[0m...
         Starting [0;1;39mLogin Service[0m...
         Starting [0;1;39mPermit User Sessions[0m...
         Starting [0;1;39mThermal Daemon Service[0m...
         Starting [0;1;39mRotate log files[0m...
         Starting [0;1;39mDaily man-db regeneration[0m...
[[0;32m  OK  [0m] Finished [0;1;39mRemove Stale Onli…ext4 Metadata Check Snapshots[0m.
[[0;32m  OK  [0m] Started [0;1;39mDeferred execution scheduler[0m.
[[0;32m  OK  [0m] Finished [0;1;39mAvailability of block devices[0m.
[[0;32m  OK  [0m] Finished [0;1;39mPermit User Sessions[0m.
[[0;32m  OK  [0m] Finished [0;1;39mGRUB failed boot detection[0m.
[[0;32m  OK  [0m] Started [0;1;39mSystem Logging Service[0m.
[[0;32m  OK  [0m] Started [0;1;39mOpenBSD Secure Shell server[0m.
         Starting [0;1;39mHold until boot process finishes up[0m...
         Starting [0;1;39mTerminate Plymouth Boot Screen[0m...
[[0;32m  OK  [0m] Finished [0;1;39mHold until boot process finishes up[0m.
[[0;32m  OK  [0m] Started [0;1;39mLSB: Record successful boot for GRUB[0m.
[[0;32m  OK  [0m] Finished [0;1;39mTerminate Plymouth Boot Screen[0m.
[[0;32m  OK  [0m] Started [0;1;39mLSB: automatic crash report generation[0m.
[[0;32m  OK  [0m] Started [0;1;39mSerial Getty on ttyS0[0m.
         Starting [0;1;39mSet console scheme[0m...
[[0;32m  OK  [0m] Finished [0;1;39mSet console scheme[0m.
[[0;32m  OK  [0m] Started [0;1;39mLogin Service[0m.
[[0;32m  OK  [0m] Started [0;1;39mThermal Daemon Service[0m.
[[0;32m  OK  [0m] Created slice [0;1;39msystem-getty.slice[0m.
[[0;32m  OK  [0m] Started [0;1;39mGetty on tty1[0m.
[[0;32m  OK  [0m] Reached target [0;1;39mLogin Prompts[0m.
[[0;32m  OK  [0m] Started [0;1;39mUnattended Upgrades Shutdown[0m.
[[0;32m  OK  [0m] Finished [0;1;39mRotate log files[0m.

Ubuntu 20.04.1 LTS fvm ttyS0

fvm login: femu
Password: 
Welcome to Ubuntu 20.04.1 LTS (GNU/Linux 5.4.0-64-generic x86_64)

 * Documentation:  https://help.ubuntu.com
 * Management:     https://landscape.canonical.com
 * Support:        https://ubuntu.com/advantage

  System information as of Tue 18 Aug 2026 05:56:15 PM UTC

  System load:           2.21
  Usage of /:            8.6% of 78.24GB
  Memory usage:          5%
  Swap usage:            0%
  Processes:             133
  Users logged in:       0
  IPv4 address for ens3: 10.0.2.15
  IPv6 address for ens3: fec0::5054:ff:fe12:3456


363 updates can be installed immediately.
252 of these updates are security updates.
To see these additional updates run: apt list --upgradable


The list of available updates is more than a week old.
To check for new updates run: sudo apt update

Last login: Fri Aug  7 17:49:54 UTC 2026 on ttyS0
femu@fvm:~$ sudo -v
[sudo] password for femu: 
femu@fvm:~$ echo V1_SAFETY_BEGIN; lsblk -b -o NAME,SIZE,TYPE,FSTYPE,MOUNTPOINTS; sudo blockdev --getsize64 /dev/nvme0n1; findmnt --source /dev/nvme0n1; test -b /dev/nvme0n1; echo block_device_rc=$?; command -v fio; fio --version; command -v nvme; nvme version; echo V1_SAFETY_END
V1_SAFETY_BEGIN
lsblk: unknown column: MOUNTPOINTS
6442450944
block_device_rc=0
/usr/bin/fio
fio-3.16
/usr/sbin/nvme
nvme version 1.9
V1_SAFETY_END
femu@fvm:~$ echo V1_SAFETY_RECHECK_BEGIN; lsblk -b -o NAME,SIZE,TYPE,FSTYPE,MOUNTPOINT; findmnt -rn -S /dev/nvme0n1; echo findmnt_rc=$?; ls /dev/nvme0n1p* 2>/dev/null; echo partition_glob_rc=$?; echo V1_SAFETY_RECHECK_END
V1_SAFETY_RECHECK_BEGIN
NAME           SIZE TYPE FSTYPE   MOUNTPOINT
fd0            4096 disk          
loop0      57626624 loop squashfs /snap/core18/1880
loop1      74735616 loop squashfs /snap/lxd/16099
loop2      31334400 loop squashfs /snap/snapd/8542
sda     85899345920 disk          
├─sda1      1048576 part          
└─sda2  85896200192 part ext4     /
nvme0n1  6442450944 disk          
findmnt_rc=1
partition_glob_rc=2
V1_SAFETY_RECHECK_END
femu@fvm:~$ mkdir -p ~/.ssh && chmod 700 ~/.ssh && touch ~/.ssh/authorized_keys && chmod 600 ~/.ssh/authorized_keys && grep -qxF 'ssh-ed25519 AAAAC3NzaC1lZDI1NTE5AAAAIJnCAwo9uPn2Ybi77tEHMQqJwcYEtqJsf8KTUsuFGfVS femu-v1-20260819' ~/.ssh/authorized_keys || echo 'ssh-ed25519 AAAAC3NzaC1lZDI1NTE5AAAAIJnCAwo9uPn2Ybi77tEHMQqJwcYEtqJsf8KTUsuFGfVS femu-v1-20260819' >> ~/.ssh/authorized_keys; echo ssh_key_ready
ssh_key_ready
femu@fvm:~$ printf '%s\n' 'femu ALL=(root) NOPASSWD: /usr/bin/fio, /usr/sbin/nvme, /usr/sbin/blockdev, /usr/sbin/poweroff, /usr/bin/dd, /bin/dd, /usr/bin/rm /etc/sudoers.d/femu-v1' | sudo tee /etc/sudoers.d/femu-v1 >/dev/null && sudo chmod 440 /etc/sudoers.d/femu-v1 && sudo visudo -cf /etc/sudoers.d/femu-v1; echo sudoers_rc=$?
/etc/sudoers.d/femu-v1: parsed OK
sudoers_rc=0
femu@fvm:~$ [EXP] [WRITE] lpn=0 -> ch=0 lun=0 pl=0 blk=0 pg=0 (secret)
[EXP] [INVALIDATE:overwrite] lpn=0 old ch=0 lun=0 pl=0 blk=0 pg=0
[EXP] [WRITE] lpn=0 -> ch=0 lun=0 pl=0 blk=64 pg=0 (secret)
[FEMU] FTL-Log: BBSSD-STATS version=V1 hot_rewrite_window=1024 host_page_writes=2 nand_page_writes=2 gc_page_writes=0 block_erases=0 waf=1.000000 gc_count=0 average_gc_copy=N/A host_hot_writes=1 host_cold_writes=1 hot_write_ratio=0.500000 gc_hot_writes=0 gc_cold_writes=0 cold_to_hot_count=1 hot_to_cold_count=0 hot_pool_empty_count=0 cold_pool_empty_count=0 borrow_count=0 emergency_gc_count=0 counter_invariant=PASS
[FEMU] Log: vSSD0,Reset tt_late_ios/tt_ios,56/156
[EXP] [INVALIDATE:overwrite] lpn=0 old ch=0 lun=0 pl=0 blk=64 pg=0
[EXP] [WRITE] lpn=0 -> ch=1 lun=0 pl=0 blk=64 pg=0 (secret)
[FEMU] FTL-Log: BBSSD-STATS version=V1 hot_rewrite_window=1024 host_page_writes=1 nand_page_writes=1 gc_page_writes=0 block_erases=0 waf=1.000000 gc_count=0 average_gc_copy=N/A host_hot_writes=1 host_cold_writes=0 hot_write_ratio=1.000000 gc_hot_writes=0 gc_cold_writes=0 cold_to_hot_count=0 hot_to_cold_count=0 hot_pool_empty_count=0 cold_pool_empty_count=0 borrow_count=0 emergency_gc_count=0 counter_invariant=PASS
[FEMU] Log: vSSD0,Reset tt_late_ios/tt_ios,37/141
