c[?7l[2J[0mSeaBIOS (version rel-1.17.0-0-gb52ca86e094d-prebuilt.qemu.org)


iPXE (http://ipxe.org) 00:03.0 CA00 PCI2.10 PnP PMM+BEFD1D20+BEF31D20 CA00
Press Ctrl-B to configure iPXE (PCI 00:03.0)...                                                                               


Booting from Hard Disk...
[H[J[1;1H[?25l[m[H[J[1;1H[2;30HGNU GRUB  version 2.04

[m[4;2H+----------------------------------------------------------------------------+[5;2H|[5;79H|[6;2H|[6;79H|[7;2H|[7;79H|[8;2H|[8;79H|[9;2H|[9;79H|[10;2H|[10;79H|[11;2H|[11;79H|[12;2H|[12;79H|[13;2H|[13;79H|[14;2H|[14;79H|[15;2H|[15;79H|[16;2H|[16;79H|[17;2H+----------------------------------------------------------------------------+[m[18;2H[19;2H[m     Use the ^ and v keys to select which entry is highlighted.          
      Press enter to boot the selected OS, `e' to edit the commands       
      before booting or `c' for a command-line.                           [5;80H [7m[5;3H*Ubuntu, with Linux 5.4.0-64-generic                                        [m[5;78H[m[m[6;3H                                                                            [m[6;78H[m[m[7;3H                                                                            [m[7;78H[m[m[8;3H                                                                            [m[8;78H[m[m[9;3H                                                                            [m[9;78H[m[m[10;3H                                                                            [m[10;78H[m[m[11;3H                                                                            [m[11;78H[m[m[12;3H                                                                            [m[12;78H[m[m[13;3H                                                                            [m[13;78H[m[m[14;3H                                                                            [m[14;78H[m[m[15;3H                                                                            [m[15;78H[m[m[16;3H                                                                            [m[16;78H[m[16;80H [5;78H[22;1H   The highlighted entry will be executed automatically in 3s.                 [5;78H[22;1H   The highlighted entry will be executed automatically in 2s.                 [5;78H[22;1H   The highlighted entry will be executed automatically in 1s.                 [5;78H[22;1H   The highlighted entry will be executed automatically in 0s.                 [5;78H[?25h[H[J[1;1H[H[J[1;1HLoading Linux 5.4.0-64-generic ...
Loading initial ramdisk ...
[    0.000000] Linux version 5.4.0-64-generic (buildd@lcy01-amd64-021) (gcc version 9.3.0 (Ubuntu 9.3.0-17ubuntu1~20.04)) #72-Ubuntu SMP Fri Jan 15 10:27:54 UTC 2021 (Ubuntu 5.4.0-64.72-generic 5.4.78)
[    0.000000] Command line: BOOT_IMAGE=/boot/vmlinuz-5.4.0-64-generic root=UUID=66add23f-3d34-46f1-a540-ebfdd268827e ro ip=dhcp console=ttyS0,115200 console=tty console=ttyS0 text
[    0.000000] KERNEL supported cpus:
[    0.000000]   Intel GenuineIntel
[    0.000000]   AMD AuthenticAMD
[    0.000000]   Hygon HygonGenuine
[    0.000000]   Centaur CentaurHauls
[    0.000000]   zhaoxin   Shanghai  
[    0.000000] x86/fpu: Supporting XSAVE feature 0x001: 'x87 floating point registers'
[    0.000000] x86/fpu: Supporting XSAVE feature 0x002: 'SSE registers'
[    0.000000] x86/fpu: Supporting XSAVE feature 0x004: 'AVX registers'
[    0.000000] x86/fpu: xstate_offset[2]:  576, xstate_sizes[2]:  256
[    0.000000] x86/fpu: Enabled xstate features 0x7, context size is 832 bytes, using 'compacted' format.
[    0.000000] BIOS-provided physical RAM map:
[    0.000000] BIOS-e820: [mem 0x0000000000000000-0x000000000009fbff] usable
[    0.000000] BIOS-e820: [mem 0x000000000009fc00-0x000000000009ffff] reserved
[    0.000000] BIOS-e820: [mem 0x00000000000f0000-0x00000000000fffff] reserved
[    0.000000] BIOS-e820: [mem 0x0000000000100000-0x00000000bffdcfff] usable
[    0.000000] BIOS-e820: [mem 0x00000000bffdd000-0x00000000bfffffff] reserved
[    0.000000] BIOS-e820: [mem 0x00000000feffc000-0x00000000feffffff] reserved
[    0.000000] BIOS-e820: [mem 0x00000000fffc0000-0x00000000ffffffff] reserved
[    0.000000] BIOS-e820: [mem 0x0000000100000000-0x000000013fffffff] usable
[    0.000000] NX (Execute Disable) protection: active
[    0.000000] SMBIOS 2.8 present.
[    0.000000] DMI: QEMU Standard PC (i440FX + PIIX, 1996), BIOS rel-1.17.0-0-gb52ca86e094d-prebuilt.qemu.org 04/01/2014
[    0.000000] Hypervisor detected: KVM
[    0.000000] kvm-clock: Using msrs 4b564d01 and 4b564d00
[    0.000000] kvm-clock: cpu 0, msr 9f601001, primary cpu clock
[    0.000000] kvm-clock: using sched offset of 13426854894 cycles
[    0.000004] clocksource: kvm-clock: mask: 0xffffffffffffffff max_cycles: 0x1cd42e4dffb, max_idle_ns: 881590591483 ns
[    0.000007] tsc: Detected 2995.202 MHz processor
[    0.003137] last_pfn = 0x140000 max_arch_pfn = 0x400000000
[    0.003510] x86/PAT: Configuration [0-7]: WB  WC  UC- UC  WB  WP  UC- WT  
[    0.003550] last_pfn = 0xbffdd max_arch_pfn = 0x400000000
[    0.012149] found SMP MP-table at [mem 0x000f54b0-0x000f54bf]
[    0.012385] check: Scanning 1 areas for low memory corruption
[    0.012795] Using GB pages for direct mapping
[    0.013623] RAMDISK: [mem 0x2d173000-0x328b0fff]
[    0.013790] ACPI: Early table checksum verification disabled
[    0.013851] ACPI: RSDP 0x00000000000F52B0 000014 (v00 BOCHS )
[    0.013916] ACPI: RSDT 0x00000000BFFE2458 000034 (v01 BOCHS  BXPC     00000001 BXPC 00000001)
[    0.013925] ACPI: FACP 0x00000000BFFE22F4 000074 (v01 BOCHS  BXPC     00000001 BXPC 00000001)
[    0.013969] ACPI: DSDT 0x00000000BFFE0040 0022B4 (v01 BOCHS  BXPC     00000001 BXPC 00000001)
[    0.013975] ACPI: FACS 0x00000000BFFE0000 000040
[    0.013978] ACPI: APIC 0x00000000BFFE2368 000090 (v03 BOCHS  BXPC     00000001 BXPC 00000001)
[    0.013982] ACPI: HPET 0x00000000BFFE23F8 000038 (v01 BOCHS  BXPC     00000001 BXPC 00000001)
[    0.013986] ACPI: WAET 0x00000000BFFE2430 000028 (v01 BOCHS  BXPC     00000001 BXPC 00000001)
[    0.015155] No NUMA configuration found
[    0.015157] Faking a node at [mem 0x0000000000000000-0x000000013fffffff]
[    0.015166] NODE_DATA(0) allocated [mem 0x13ffd3000-0x13fffdfff]
[    0.016331] Zone ranges:
[    0.016334]   DMA      [mem 0x0000000000001000-0x0000000000ffffff]
[    0.016336]   DMA32    [mem 0x0000000001000000-0x00000000ffffffff]
[    0.016337]   Normal   [mem 0x0000000100000000-0x000000013fffffff]
[    0.016338]   Device   empty
[    0.016339] Movable zone start for each node
[    0.016341] Early memory node ranges
[    0.016343]   node   0: [mem 0x0000000000001000-0x000000000009efff]
[    0.016344]   node   0: [mem 0x0000000000100000-0x00000000bffdcfff]
[    0.016345]   node   0: [mem 0x0000000100000000-0x000000013fffffff]
[    0.016543] Zeroed struct page in unavailable ranges: 133 pages
[    0.016544] Initmem setup node 0 [mem 0x0000000000001000-0x000000013fffffff]
[    0.480858] ACPI: PM-Timer IO Port: 0x608
[    0.481146] ACPI: LAPIC_NMI (acpi_id[0xff] dfl dfl lint[0x1])
[    0.481298] IOAPIC[0]: apic_id 0, version 17, address 0xfec00000, GSI 0-23
[    0.481303] ACPI: INT_SRC_OVR (bus 0 bus_irq 0 global_irq 2 dfl dfl)
[    0.481327] ACPI: INT_SRC_OVR (bus 0 bus_irq 5 global_irq 5 high level)
[    0.481329] ACPI: INT_SRC_OVR (bus 0 bus_irq 9 global_irq 9 high level)
[    0.481330] ACPI: INT_SRC_OVR (bus 0 bus_irq 10 global_irq 10 high level)
[    0.481331] ACPI: INT_SRC_OVR (bus 0 bus_irq 11 global_irq 11 high level)
[    0.481339] Using ACPI (MADT) for SMP configuration information
[    0.481352] ACPI: HPET id: 0x8086a201 base: 0xfed00000
[    0.481360] TSC deadline timer available
[    0.481384] smpboot: Allowing 4 CPUs, 0 hotplug CPUs
[    0.481481] KVM setup pv sched yield
[    0.481494] PM: Registered nosave memory: [mem 0x00000000-0x00000fff]
[    0.481496] PM: Registered nosave memory: [mem 0x0009f000-0x0009ffff]
[    0.481497] PM: Registered nosave memory: [mem 0x000a0000-0x000effff]
[    0.481497] PM: Registered nosave memory: [mem 0x000f0000-0x000fffff]
[    0.481499] PM: Registered nosave memory: [mem 0xbffdd000-0xbfffffff]
[    0.481500] PM: Registered nosave memory: [mem 0xc0000000-0xfeffbfff]
[    0.481501] PM: Registered nosave memory: [mem 0xfeffc000-0xfeffffff]
[    0.481501] PM: Registered nosave memory: [mem 0xff000000-0xfffbffff]
[    0.481502] PM: Registered nosave memory: [mem 0xfffc0000-0xffffffff]
[    0.481505] [mem 0xc0000000-0xfeffbfff] available for PCI devices
[    0.481527] Booting paravirtualized kernel on KVM
[    0.481541] clocksource: refined-jiffies: mask: 0xffffffff max_cycles: 0xffffffff, max_idle_ns: 7645519600211568 ns
[    0.481548] setup_percpu: NR_CPUS:8192 nr_cpumask_bits:4 nr_cpu_ids:4 nr_node_ids:1
[    0.487454] percpu: Embedded 55 pages/cpu s188416 r8192 d28672 u524288
[    0.487644] KVM setup async PF for cpu 0
[    0.487672] kvm-stealtime: cpu 0, msr 13ba2d040
[    0.487715] PV qspinlock hash table entries: 256 (order: 0, 4096 bytes, linear)
[    0.487739] Built 1 zonelists, mobility grouping on.  Total pages: 1032038
[    0.487741] Policy zone: Normal
[    0.487754] Kernel command line: BOOT_IMAGE=/boot/vmlinuz-5.4.0-64-generic root=UUID=66add23f-3d34-46f1-a540-ebfdd268827e ro ip=dhcp console=ttyS0,115200 console=tty console=ttyS0 text
[    0.523571] Dentry cache hash table entries: 524288 (order: 10, 4194304 bytes, linear)
[    0.524335] Inode-cache hash table entries: 262144 (order: 9, 2097152 bytes, linear)
[    0.524624] mem auto-init: stack:off, heap alloc:on, heap free:off
[    0.738977] Memory: 3932816K/4193772K available (14339K kernel code, 2399K rwdata, 4960K rodata, 2724K init, 4980K bss, 260956K reserved, 0K cma-reserved)
[    0.739027] random: get_random_u64 called from kmem_cache_open+0x2d/0x410 with crng_init=0
[    0.740253] SLUB: HWalign=64, Order=0-3, MinObjects=0, CPUs=4, Nodes=1
[    0.740360] ftrace: allocating 44555 entries in 175 pages
[    0.779664] rcu: Hierarchical RCU implementation.
[    0.779670] rcu: 	RCU restricting CPUs from NR_CPUS=8192 to nr_cpu_ids=4.
[    0.779682] 	Tasks RCU enabled.
[    0.779684] rcu: RCU calculated value of scheduler-enlistment delay is 25 jiffies.
[    0.779686] rcu: Adjusting geometry for rcu_fanout_leaf=16, nr_cpu_ids=4
[    0.784329] NR_IRQS: 524544, nr_irqs: 456, preallocated irqs: 16
[    0.785124] random: crng done (trusting CPU's manufacturer)
[    0.851799] Console: colour VGA+ 80x25
[    0.974610] printk: console [tty0] enabled
[    1.460124] printk: console [ttyS0] enabled
[    1.464157] ACPI: Core revision 20190816
[    1.469270] clocksource: hpet: mask: 0xffffffff max_cycles: 0xffffffff, max_idle_ns: 19112604467 ns
[    1.477230] APIC: Switch to symmetric I/O mode setup
[    1.482366] x2apic enabled
[    1.486478] Switched APIC routing to physical x2apic.
[    1.490782] KVM setup pv IPIs
[    1.500136] ..TIMER: vector=0x30 apic1=0 pin1=2 apic2=-1 pin2=-1
[    1.504879] clocksource: tsc-early: mask: 0xffffffffffffffff max_cycles: 0x2b2c909a7c7, max_idle_ns: 440795208498 ns
[    1.513190] Calibrating delay loop (skipped) preset value.. 5990.40 BogoMIPS (lpj=11980808)
[    1.517170] pid_max: default: 32768 minimum: 301
[    1.521345] LSM: Security Framework initializing
[    1.525558] Yama: becoming mindful.
[    1.529866] AppArmor: AppArmor initialized
[    1.533518] Mount-cache hash table entries: 8192 (order: 4, 65536 bytes, linear)
[    1.537511] Mountpoint-cache hash table entries: 8192 (order: 4, 65536 bytes, linear)
[    1.541251] *** VALIDATE tmpfs ***
[    1.545758] *** VALIDATE proc ***
[    1.549274] *** VALIDATE cgroup1 ***
[    1.552060] *** VALIDATE cgroup2 ***
[    1.558254] x86/cpu: User Mode Instruction Prevention (UMIP) activated
[    1.561715] Last level iTLB entries: 4KB 0, 2MB 0, 4MB 0
[    1.565171] Last level dTLB entries: 4KB 0, 2MB 0, 4MB 0, 1GB 0
[    1.569222] Spectre V1 : Mitigation: usercopy/swapgs barriers and __user pointer sanitization
[    1.573190] Spectre V2 : Mitigation: Enhanced IBRS
[    1.577171] Spectre V2 : Spectre v2 / SpectreRSB mitigation: Filling RSB on context switch
[    1.581177] Spectre V2 : mitigation: Enabling conditional Indirect Branch Prediction Barrier
[    1.585176] Speculative Store Bypass: Mitigation: Speculative Store Bypass disabled via prctl and seccomp
[    1.589630] Freeing SMP alternatives memory: 40K
[    1.601890] smpboot: CPU0: Intel(R) Core(TM) Ultra 5 125H (family: 0x6, model: 0xaa, stepping: 0x4)
[    1.606846] Performance Events: unsupported p6 CPU model 170 no PMU driver, software events only.
[    1.609432] rcu: Hierarchical SRCU implementation.
[    1.615177] NMI watchdog: Perf NMI watchdog permanently disabled
[    1.618034] smp: Bringing up secondary CPUs ...
[    1.621990] x86: Booting SMP configuration:
[    1.625183] .... node  #0, CPUs:      #1
[    0.704154] kvm-clock: cpu 1, msr 9f601041, secondary cpu clock
[    1.630837] KVM setup async PF for cpu 1
[    1.633165] kvm-stealtime: cpu 1, msr 13baad040
[    1.645186]  #2
[    0.704154] kvm-clock: cpu 2, msr 9f601081, secondary cpu clock
[    1.650417] KVM setup async PF for cpu 2
[    1.653165] kvm-stealtime: cpu 2, msr 13bb2d040
[    1.662699]  #3
[    0.704154] kvm-clock: cpu 3, msr 9f6010c1, secondary cpu clock
[    1.668400] KVM setup async PF for cpu 3
[    1.669165] kvm-stealtime: cpu 3, msr 13bbad040
[    1.681482] smp: Brought up 1 node, 4 CPUs
[    1.685020] smpboot: Max logical packages: 1
[    1.685180] smpboot: Total of 4 processors activated (23961.61 BogoMIPS)
[    1.693508] devtmpfs: initialized
[    1.693549] x86/mm: Memory block size: 128MB
[    1.702664] clocksource: jiffies: mask: 0xffffffff max_cycles: 0xffffffff, max_idle_ns: 7645041785100000 ns
[    1.709606] futex hash table entries: 1024 (order: 4, 65536 bytes, linear)
[    1.717407] pinctrl core: initialized pinctrl subsystem
[    1.721759] PM: RTC time: 03:25:33, date: 2026-08-19
[    1.726077] NET: Registered protocol family 16
[    1.729356] audit: initializing netlink subsys (disabled)
[    1.733274] audit: type=2000 audit(1787109932.949:1): state=initialized audit_enabled=0 res=1
[    1.733502] EISA bus registered
[    1.741162] cpuidle: using governor ladder
[    1.741350] cpuidle: using governor menu
[    1.745729] KVM setup pv remote TLB flush
[    1.749247] ACPI: bus type PCI registered
[    1.752885] acpiphp: ACPI Hot Plug PCI Controller Driver version: 0.5
[    1.754725] PCI: Using configuration type 1 for base access
[    1.761762] HugeTLB registered 1.00 GiB page size, pre-allocated 0 pages
[    1.765185] HugeTLB registered 2.00 MiB page size, pre-allocated 0 pages
[    1.797911] ACPI: Added _OSI(Module Device)
[    1.801191] ACPI: Added _OSI(Processor Device)
[    1.809190] ACPI: Added _OSI(3.0 _SCP Extensions)
[    1.813180] ACPI: Added _OSI(Processor Aggregator Device)
[    1.817181] ACPI: Added _OSI(Linux-Dell-Video)
[    1.820757] ACPI: Added _OSI(Linux-Lenovo-NV-HDMI-Audio)
[    1.825184] ACPI: Added _OSI(Linux-HPI-Hybrid-Graphics)
[    1.830853] ACPI: 1 ACPI AML tables successfully acquired and loaded
[    1.849510] ACPI: Interpreter enabled
[    1.852600] ACPI: (supports S0 S3 S4 S5)
[    1.857180] ACPI: Using IOAPIC for interrupt routing
[    1.861223] PCI: Using host bridge windows from ACPI; if necessary, use "pci=nocrs" and report a bug
[    1.865413] ACPI: Enabled 2 GPEs in block 00 to 0F
[    1.875504] ACPI: PCI Root Bridge [PCI0] (domain 0000 [bus 00-ff])
[    1.881193] acpi PNP0A03:00: _OSC: OS supports [ASPM ClockPM Segments MSI HPX-Type3]
[    1.889216] acpi PNP0A03:00: fail to add MMCONFIG information, can't access extended PCI configuration space under this bridge.
[    1.898129] acpiphp: Slot [3] registered
[    1.901262] acpiphp: Slot [4] registered
[    1.904838] acpiphp: Slot [5] registered
[    1.909294] acpiphp: Slot [6] registered
[    1.912595] acpiphp: Slot [7] registered
[    1.917332] acpiphp: Slot [8] registered
[    1.920903] acpiphp: Slot [9] registered
[    1.921243] acpiphp: Slot [10] registered
[    1.924504] acpiphp: Slot [11] registered
[    1.929314] acpiphp: Slot [12] registered
[    1.932629] acpiphp: Slot [13] registered
[    1.937253] acpiphp: Slot [14] registered
[    1.940231] acpiphp: Slot [15] registered
[    1.941259] acpiphp: Slot [16] registered
[    1.944490] acpiphp: Slot [17] registered
[    1.949247] acpiphp: Slot [18] registered
[    1.952686] acpiphp: Slot [19] registered
[    1.957249] acpiphp: Slot [20] registered
[    1.960589] acpiphp: Slot [21] registered
[    1.965232] acpiphp: Slot [22] registered
[    1.968238] acpiphp: Slot [23] registered
[    1.969256] acpiphp: Slot [24] registered
[    1.972888] acpiphp: Slot [25] registered
[    1.977266] acpiphp: Slot [26] registered
[    1.980603] acpiphp: Slot [27] registered
[    1.985227] acpiphp: Slot [28] registered
[    1.988542] acpiphp: Slot [29] registered
[    1.993250] acpiphp: Slot [30] registered
[    1.997348] acpiphp: Slot [31] registered
[    2.001240] PCI host bridge to bus 0000:00
[    2.005188] pci_bus 0000:00: root bus resource [io  0x0000-0x0cf7 window]
[    2.013188] pci_bus 0000:00: root bus resource [io  0x0d00-0xffff window]
[    2.021234] pci_bus 0000:00: root bus resource [mem 0x000a0000-0x000bffff window]
[    2.029320] pci_bus 0000:00: root bus resource [mem 0xc0000000-0xfebfffff window]
[    2.037187] pci_bus 0000:00: root bus resource [mem 0xe0000000000-0xe007fffffff window]
[    2.041195] pci_bus 0000:00: root bus resource [bus 00-ff]
[    2.045799] pci 0000:00:00.0: [8086:1237] type 00 class 0x060000
[    2.057541] pci 0000:00:01.0: [8086:7000] type 00 class 0x060100
[    2.067693] pci 0000:00:01.1: [8086:7010] type 00 class 0x010180
[    2.078183] pci 0000:00:01.1: reg 0x20: [io  0xc060-0xc06f]
[    2.086737] pci 0000:00:01.1: legacy IDE quirk: reg 0x10: [io  0x01f0-0x01f7]
[    2.093186] pci 0000:00:01.1: legacy IDE quirk: reg 0x14: [io  0x03f6]
[    2.097184] pci 0000:00:01.1: legacy IDE quirk: reg 0x18: [io  0x0170-0x0177]
[    2.105186] pci 0000:00:01.1: legacy IDE quirk: reg 0x1c: [io  0x0376]
[    2.109818] pci 0000:00:01.3: [8086:7113] type 00 class 0x068000
[    2.119390] pci 0000:00:01.3: quirk: [io  0x0600-0x063f] claimed by PIIX4 ACPI
[    2.125224] pci 0000:00:01.3: quirk: [io  0x0700-0x070f] claimed by PIIX4 SMB
[    2.129351] pci 0000:00:01.3: quirk_piix4_acpi+0x0/0x170 took 11718 usecs
[    2.140170] pci 0000:00:02.0: [1234:1111] type 00 class 0x030000
[    2.150842] pci 0000:00:02.0: reg 0x10: [mem 0xfd000000-0xfdffffff pref]
[    2.162773] pci 0000:00:02.0: reg 0x18: [mem 0xfebd0000-0xfebd0fff]
[    2.178543] pci 0000:00:02.0: reg 0x30: [mem 0xfebc0000-0xfebcffff pref]
[    2.190769] pci 0000:00:03.0: [1af4:1000] type 00 class 0x020000
[    2.195255] pci 0000:00:03.0: reg 0x10: [io  0xc040-0xc05f]
[    2.202427] pci 0000:00:03.0: reg 0x14: [mem 0xfebd1000-0xfebd1fff]
[    2.214178] pci 0000:00:03.0: reg 0x20: [mem 0xe0040000000-0xe0040003fff 64bit pref]
[    2.219552] pci 0000:00:03.0: reg 0x30: [mem 0xfeb80000-0xfebbffff pref]
[    2.230669] pci 0000:00:04.0: [1af4:1004] type 00 class 0x010000
[    2.240434] pci 0000:00:04.0: reg 0x10: [io  0xc000-0xc03f]
[    2.249804] pci 0000:00:04.0: reg 0x14: [mem 0xfebd2000-0xfebd2fff]
[    2.273937] pci 0000:00:04.0: reg 0x20: [mem 0xe0040004000-0xe0040007fff 64bit pref]
[    2.288735] pci 0000:00:05.0: [1d1d:1f1f] type 00 class 0x010802
[    2.294367] pci 0000:00:05.0: reg 0x10: [mem 0xe0000000000-0xe0000001fff 64bit]
[    2.300446] pci 0000:00:05.0: reg 0x20: [mem 0xfebd3000-0xfebd3fff]
[    2.311035] pci 0000:00:05.0: enabling Extended Tags
[    2.372512] ACPI: PCI Interrupt Link [LNKA] (IRQs 5 *10 11)
[    2.377450] ACPI: PCI Interrupt Link [LNKB] (IRQs 5 *10 11)
[    2.381540] ACPI: PCI Interrupt Link [LNKC] (IRQs 5 10 *11)
[    2.389491] ACPI: PCI Interrupt Link [LNKD] (IRQs 5 10 *11)
[    2.393362] ACPI: PCI Interrupt Link [LNKS] (IRQs *9)
[    2.401822] iommu: Default domain type: Translated 
[    2.406930] SCSI subsystem initialized
[    2.409444] pci 0000:00:02.0: vgaarb: setting as boot VGA device
[    2.413165] pci 0000:00:02.0: vgaarb: VGA device added: decodes=io+mem,owns=io+mem,locks=none
[    2.421187] pci 0000:00:02.0: vgaarb: bridge control possible
[    2.429179] vgaarb: loaded
[    2.431641] ACPI: bus type USB registered
[    2.433392] usbcore: registered new interface driver usbfs
[    2.437230] usbcore: registered new interface driver hub
[    2.445483] usbcore: registered new device driver usb
[    2.449432] pps_core: LinuxPPS API ver. 1 registered
[    2.453176] pps_core: Software ver. 5.3.6 - Copyright 2005-2007 Rodolfo Giometti <giometti@linux.it>
[    2.461202] PTP clock support registered
[    2.465548] EDAC MC: Ver: 3.0.0
[    2.469885] PCI: Using ACPI for IRQ routing
[    2.477183] NetLabel: Initializing
[    2.481185] NetLabel:  domain hash size = 128
[    2.484979] NetLabel:  protocols = UNLABELED CIPSOv4 CALIPSO
[    2.489288] NetLabel:  unlabeled traffic allowed by default
[    2.537869] hpet0: at MMIO 0xfed00000, IRQs 2, 8, 0
[    2.541178] hpet0: 3 comparators, 64-bit 100.000000 MHz counter
[    2.549803] clocksource: Switched to clocksource kvm-clock
[    2.604186] *** VALIDATE bpf ***
[    2.607302] VFS: Disk quotas dquot_6.6.0
[    2.610326] VFS: Dquot-cache hash table entries: 512 (order 0, 4096 bytes)
[    2.616294] *** VALIDATE ramfs ***
[    2.620133] *** VALIDATE hugetlbfs ***
[    2.623608] AppArmor: AppArmor Filesystem Enabled
[    2.627184] pnp: PnP ACPI init
[    2.631128] pnp: PnP ACPI: found 6 devices
[    2.642273] thermal_sys: Registered thermal governor 'fair_share'
[    2.642274] thermal_sys: Registered thermal governor 'bang_bang'
[    2.646936] thermal_sys: Registered thermal governor 'step_wise'
[    2.651626] thermal_sys: Registered thermal governor 'user_space'
[    2.657875] thermal_sys: Registered thermal governor 'power_allocator'
[    2.668368] clocksource: acpi_pm: mask: 0xffffff max_cycles: 0xffffff, max_idle_ns: 2085701024 ns
[    2.681659] pci_bus 0000:00: resource 4 [io  0x0000-0x0cf7 window]
[    2.686517] pci_bus 0000:00: resource 5 [io  0x0d00-0xffff window]
[    2.691638] pci_bus 0000:00: resource 6 [mem 0x000a0000-0x000bffff window]
[    2.697611] pci_bus 0000:00: resource 7 [mem 0xc0000000-0xfebfffff window]
[    2.702846] pci_bus 0000:00: resource 8 [mem 0xe0000000000-0xe007fffffff window]
[    2.708075] NET: Registered protocol family 2
[    2.713247] tcp_listen_portaddr_hash hash table entries: 2048 (order: 3, 32768 bytes, linear)
[    2.720823] TCP established hash table entries: 32768 (order: 6, 262144 bytes, linear)
[    2.730465] TCP bind hash table entries: 32768 (order: 7, 524288 bytes, linear)
[    2.736336] TCP: Hash tables configured (established 32768 bind 32768)
[    2.742133] UDP hash table entries: 2048 (order: 4, 65536 bytes, linear)
[    2.748546] UDP-Lite hash table entries: 2048 (order: 4, 65536 bytes, linear)
[    2.754825] NET: Registered protocol family 1
[    2.758348] NET: Registered protocol family 44
[    2.762508] pci 0000:00:01.0: PIIX3: Enabling Passive Release
[    2.768122] pci 0000:00:00.0: Limiting direct PCI/PCI transfers
[    2.772751] pci 0000:00:01.0: Activating ISA DMA hang workarounds
[    2.777978] pci 0000:00:02.0: Video device with shadowed ROM at [mem 0x000c0000-0x000dffff]
[    2.784947] PCI: CLS 0 bytes, default 64
[    2.789107] Trying to unpack rootfs image as initramfs...
[    7.842923] Freeing initrd memory: 89336K
[    7.869695] PCI-DMA: Using software bounce buffering for IO (SWIOTLB)
[    7.877952] software IO TLB: mapped [mem 0xbbfdd000-0xbffdd000] (64MB)
[    7.908442] clocksource: tsc: mask: 0xffffffffffffffff max_cycles: 0x2b2c909a7c7, max_idle_ns: 440795208498 ns
[    7.936147] check: Scanning for low memory corruption every 60 seconds
[    7.984966] Initialise system trusted keyrings
[    7.997078] Key type blacklist registered
[    8.010232] workingset: timestamp_bits=36 max_order=20 bucket_order=0
[    8.026315] zbud: loaded
[    8.047721] squashfs: version 4.0 (2009/01/31) Phillip Lougher
[    8.062138] fuse: init (API version 7.31)
[    8.066759] *** VALIDATE fuse ***
[    8.069382] *** VALIDATE fuse ***
[    8.076980] Platform Keyring initialized
[    8.086037] Key type asymmetric registered
[    8.089160] Asymmetric key parser 'x509' registered
[    8.092896] Block layer SCSI generic (bsg) driver version 0.4 loaded (major 244)
[    8.100511] io scheduler mq-deadline registered
[    8.107784] shpchp: Standard Hot Plug PCI Controller Driver version: 0.4
[    8.119881] input: Power Button as /devices/LNXSYSTM:00/LNXPWRBN:00/input/input0
[    8.127274] ACPI: Power Button [PWRF]
[    8.152867] PCI Interrupt Link [LNKC] enabled at IRQ 11
[    8.166266] PCI Interrupt Link [LNKD] enabled at IRQ 10
[    8.175427] Serial: 8250/16550 driver, 32 ports, IRQ sharing enabled
[    8.212181] 00:04: ttyS0 at I/O 0x3f8 (irq = 4, base_baud = 115200) is a 16550A
[    8.250493] Linux agpgart interface v0.103
[    8.279235] loop: module loaded
[    8.298616] scsi host0: ata_piix
[    8.302439] scsi host1: ata_piix
[    8.304584] ata1: PATA max MWDMA2 cmd 0x1f0 ctl 0x3f6 bmdma 0xc060 irq 14
[    8.307502] ata2: PATA max MWDMA2 cmd 0x170 ctl 0x376 bmdma 0xc068 irq 15
[    8.318905] libphy: Fixed MDIO Bus: probed
[    8.321012] tun: Universal TUN/TAP device driver, 1.6
[    8.324863] PPP generic driver version 2.4.2
[    8.328256] VFIO - User Level meta-driver version: 0.3
[    8.332817] ehci_hcd: USB 2.0 'Enhanced' Host Controller (EHCI) Driver
[    8.335777] ehci-pci: EHCI PCI platform driver
[    8.338605] ehci-platform: EHCI generic platform driver
[    8.341355] ohci_hcd: USB 1.1 'Open' Host Controller (OHCI) Driver
[    8.344974] ohci-pci: OHCI PCI platform driver
[    8.348091] ohci-platform: OHCI generic platform driver
[    8.350932] uhci_hcd: USB Universal Host Controller Interface driver
[    8.355869] i8042: PNP: PS/2 Controller [PNP0303:KBD,PNP0f13:MOU] at 0x60,0x64 irq 1,12
[    8.364954] serio: i8042 KBD port at 0x60,0x64 irq 1
[    8.367618] serio: i8042 AUX port at 0x60,0x64 irq 12
[    8.371775] mousedev: PS/2 mouse device common for all mice
[    8.376725] rtc_cmos 00:05: RTC can wake from S4
[    8.381482] input: AT Translated Set 2 keyboard as /devices/platform/i8042/serio0/input/input1
[    8.387319] rtc_cmos 00:05: registered as rtc0
[    8.390373] rtc_cmos 00:05: alarms up to one day, y3k, 242 bytes nvram, hpet irqs
[    8.394335] i2c /dev entries driver
[    8.397769] device-mapper: uevent: version 1.0.3
[    8.400853] device-mapper: ioctl: 4.41.0-ioctl (2019-09-16) initialised: dm-devel@redhat.com
[    8.406066] platform eisa.0: Probing EISA bus 0
[    8.408929] platform eisa.0: EISA: Cannot allocate resource for mainboard
[    8.411486] platform eisa.0: Cannot allocate resource for EISA slot 1
[    8.413933] platform eisa.0: Cannot allocate resource for EISA slot 2
[    8.416377] platform eisa.0: Cannot allocate resource for EISA slot 3
[    8.419485] platform eisa.0: Cannot allocate resource for EISA slot 4
[    8.422696] platform eisa.0: Cannot allocate resource for EISA slot 5
[    8.426372] platform eisa.0: Cannot allocate resource for EISA slot 6
[    8.429548] platform eisa.0: Cannot allocate resource for EISA slot 7
[    8.432219] platform eisa.0: Cannot allocate resource for EISA slot 8
[    8.435267] platform eisa.0: EISA: Detected 0 cards
[    8.438667] intel_pstate: CPU model not supported
[    8.441788] ledtrig-cpu: registered to indicate activity on CPUs
[    8.448502] drop_monitor: Initializing network drop monitor service
[    8.458992] NET: Registered protocol family 10
[    8.493579] Segment Routing with IPv6
[    8.495292] NET: Registered protocol family 17
[    8.498325] Key type dns_resolver registered
[    8.503939] RAS: Correctable Errors collector initialized.
[    8.509157] IPI shorthand broadcast: enabled
[    8.512463] sched_clock: Marking stable (7811991574, 700154968)->(8629306399, -117159857)
[    8.517399] registered taskstats version 1
[    8.522496] Loading compiled-in X.509 certificates
[    8.528442] Loaded X.509 cert 'Build time autogenerated kernel key: 7f1af841edfbf04e4b72462ffb6202c30b2da0bb'
[    8.533510] zswap: loaded using pool lzo/zbud
[    8.537762] Key type ._fscrypt registered
[    8.539560] Key type .fscrypt registered
[    8.547691] Key type big_key registered
[    8.552363] Key type encrypted registered
[    8.554488] AppArmor: AppArmor sha1 policy hashing enabled
[    8.558338] ima: No TPM chip found, activating TPM-bypass!
[    8.561071] ima: Allocated hash algorithm: sha1
[    8.564625] ima: No architecture policies found
[    8.566810] evm: Initialising EVM extended attributes:
[    8.569061] evm: security.selinux
[    8.570561] evm: security.SMACK64
[    8.572249] evm: security.SMACK64EXEC
[    8.573865] evm: security.SMACK64TRANSMUTE
[    8.575594] evm: security.SMACK64MMAP
[    8.577274] evm: security.apparmor
[    8.579144] evm: security.ima
[    8.580807] evm: security.capability
[    8.582878] evm: HMAC attrs: 0x1
[    8.593227] PM:   Magic number: 6:131:412
[    8.595606] rtc_cmos 00:05: setting system clock to 2026-08-19T03:25:40 UTC (1787109940)
[    8.615054] Freeing unused decrypted memory: 2040K
[    8.660732] Freeing unused kernel image memory: 2724K
[    8.677738] Write protecting the kernel read-only data: 22528k
[    8.689274] Freeing unused kernel image memory: 2008K
[    8.695578] Freeing unused kernel image memory: 1184K
[    8.703503] x86/mm: Checked W+X mappings: passed, no W+X pages found.
[    8.707472] Run /init as init process
Loading, please wait...
Starting version 245.4-4ubuntu3.2
[    8.788871] piix4_smbus 0000:00:01.3: SMBus Host Controller at 0x700, revision 0
[    8.794922] Floppy drive(s): fd0 is 2.88M AMI BIOS
[    8.805502] nvme nvme0: pci function 0000:00:05.0
[    8.806021] input: VirtualPS/2 VMware VMMouse as /devices/platform/i8042/serio1/input/input4
[    8.808175] PCI Interrupt Link [LNKA] enabled at IRQ 10
[    8.814507] input: VirtualPS/2 VMware VMMouse as /devices/platform/i8042/serio1/input/input3
[    8.816923] scsi host2: Virtio SCSI HBA
[    8.823090] FDC 0 is a S82078B
[    8.835600] nvme nvme0: 4/0/0 default/read/poll queues
[    8.841651] scsi 2:0:0:0: Direct-Access     QEMU     QEMU HARDDISK    2.5+ PQ: 0 ANSI: 5
[    8.849113] cryptd: max_cpu_qlen set to 1000
[    8.867083] AVX2 version of gcm_enc/dec engaged.
[    8.871308] AES CTR mode by8 optimization enabled
[    8.915713] sd 2:0:0:0: Attached scsi generic sg0 type 0
[    8.932440] sd 2:0:0:0: Power-on or device reset occurred
[    8.953510] sd 2:0:0:0: [sda] 167772160 512-byte logical blocks: (85.9 GB/80.0 GiB)
[    8.961194] sd 2:0:0:0: [sda] Write Protect is off
[    8.966557] sd 2:0:0:0: [sda] Write cache: enabled, read cache: enabled, supports DPO and FUA
[    8.974038] virtio_net virtio0 ens3: renamed from eth0
[    8.993595] bochs-drm 0000:00:02.0: remove_conflicting_pci_framebuffers: bar 0: 0xfd000000 -> 0xfdffffff
[    9.000700] bochs-drm 0000:00:02.0: remove_conflicting_pci_framebuffers: bar 2: 0xfebd0000 -> 0xfebd0fff
[    9.005135]  sda: sda1 sda2
[    9.007891] bochs-drm 0000:00:02.0: vgaarb: deactivate vga console
[    9.010820] sd 2:0:0:0: [sda] Attached SCSI disk
[    9.031412] Console: switching to colour dummy device 80x25
[    9.039221] [drm] Found bochs VGA, ID 0xb0c5.
[    9.040981] [drm] Framebuffer size 16384 kB @ 0xfd000000, mmio @ 0xfebd0000.
[    9.048397] [TTM] Zone  kernel: Available graphics memory: 2015074 KiB
[    9.051296] [TTM] Initializing pool allocator
[    9.056087] [TTM] Initializing DMA pool allocator
[    9.066718] [drm] Found EDID data blob.
[    9.072099] [drm] Initialized bochs-drm 1.0.0 20130925 for 0000:00:02.0 on minor 0
[    9.093799] fbcon: bochs-drmdrmfb (fb0) is primary device
[    9.123033] Console: switching to colour frame buffer device 160x50
[    9.140540] bochs-drm 0000:00:02.0: fb0: bochs-drmdrmfb frame buffer device
Begin: Loading essential drivers ... [    9.581215] raid6: avx2x4   gen() 39600 MB/s
[    9.629228] raid6: avx2x4   xor() 14318 MB/s
[    9.677250] raid6: avx2x2   gen() 36364 MB/s
[    9.725276] raid6: avx2x2   xor() 22038 MB/s
[    9.773234] raid6: avx2x1   gen() 29814 MB/s
[    9.821324] raid6: avx2x1   xor() 18739 MB/s
[    9.869226] raid6: sse2x4   gen() 21298 MB/s
[    9.917311] raid6: sse2x4   xor()  9734 MB/s
[    9.965891] raid6: sse2x2   gen() 19628 MB/s
[   10.013235] raid6: sse2x2   xor() 11043 MB/s
[   10.061205] raid6: sse2x1   gen() 16110 MB/s
[   10.109201] raid6: sse2x1   xor() 10944 MB/s
[   10.110574] raid6: using algorithm avx2x4 gen() 39600 MB/s
[   10.112212] raid6: .... xor() 14318 MB/s, rmw enabled
[   10.113945] raid6: using avx2x2 recovery algorithm
[   10.117758] xor: automatically using best checksumming function   avx       
[   10.138467] async_tx: api initialized (async)
done.
Begin: Running /scripts/init-premount ... done.
Begin: Mounting root file system ... Begin: Running /scripts/local-top ... done.
Begin: Running /scripts/local-premount ... [   10.212835] Btrfs loaded, crc32c=crc32c-intel
Scanning for Btrfs filesystems
[   10.289524] blk_update_request: I/O error, dev fd0, sector 0 op 0x0:(READ) flags 0x0 phys_seg 1 prio class 0
[   10.292427] floppy: error 10 while reading block 0
done.
Warning: fsck not present, so skipping root file system
[   10.337056] EXT4-fs (sda2): mounted filesystem with ordered data mode. Opts: (null)
done.
Begin: Running /scripts/local-bottom ... done.
Begin: Running /scripts/init-bottom ... Internet Systems Consortium DHCP Client 4.4.1
Copyright 2004-2018 Internet Systems Consortium.
All rights reserved.
For info, please visit https://www.isc.org/software/dhcp/

Listening on LPF/ens3/52:54:00:12:34:56
Sending on   LPF/ens3/52:54:00:12:34:56
Sending on   Socket/fallback
DHCPDISCOVER on ens3 to 255.255.255.255 port 67 interval 3 (xid=0x3e56f34c)
DHCPOFFER of 10.0.2.15 from 10.0.2.2
DHCPREQUEST for 10.0.2.15 on ens3 to 255.255.255.255 port 67 (xid=0x4cf3563e)
DHCPACK of 10.0.2.15 from 10.0.2.2 (xid=0x3e56f34c)
bound to 10.0.2.15 -- renewal in 34582 seconds.
done.
[   10.656709] systemd[1]: Inserted module 'autofs4'
[   10.675385] systemd[1]: systemd 245.4-4ubuntu3.2 running in system mode. (+PAM +AUDIT +SELINUX +IMA +APPARMOR +SMACK +SYSVINIT +UTMP +LIBCRYPTSETUP +GCRYPT +GNUTLS +ACL +XZ +LZ4 +SECCOMP +BLKID +ELFUTILS +KMOD +IDN2 -IDN +PCRE2 default-hierarchy=hybrid)
[   10.685318] systemd[1]: Detected virtualization kvm.
[   10.687869] systemd[1]: Detected architecture x86-64.

Welcome to [1mUbuntu 20.04.1 LTS[0m!

[   10.717146] systemd[1]: Set hostname to <fvm>.
[   10.855756] systemd[1]: /lib/systemd/system/dbus.socket:5: ListenStream= references a path below legacy directory /var/run/, updating /var/run/dbus/system_bus_socket → /run/dbus/system_bus_socket; please update the unit file accordingly.
[   10.929929] systemd[1]: Created slice system-modprobe.slice.
[[0;32m  OK  [0m] Created slice [0;1;39msystem-modprobe.slice[0m.
[   10.934895] systemd[1]: Created slice system-serial\x2dgetty.slice.
[[0;32m  OK  [0m] Created slice [0;1;39msystem-serial\x2dgetty.slice[0m.
[   10.940558] systemd[1]: Created slice User and Session Slice.
[[0;32m  OK  [0m] Created slice [0;1;39mUser and Session Slice[0m.
[   10.945947] systemd[1]: Started Forward Password Requests to Wall Directory Watch.
[[0;32m  OK  [0m] Started [0;1;39mForward Password R…uests to Wall Directory Watch[0m.
[   10.951867] systemd[1]: Set up automount Arbitrary Executable File Formats File System Automount Point.
[[0;32m  OK  [0m] Set up automount [0;1;39mArbitrary…s File System Automount Point[0m.
[   10.957922] systemd[1]: Reached target User and Group Name Lookups.
[[0;32m  OK  [0m] Reached target [0;1;39mUser and Group Name Lookups[0m.
[   10.962463] systemd[1]: Reached target Slices.
[[0;32m  OK  [0m] Reached target [0;1;39mSlices[0m.
[   10.966663] systemd[1]: Listening on Device-mapper event daemon FIFOs.
[[0;32m  OK  [0m] Listening on [0;1;39mDevice-mapper event daemon FIFOs[0m.
[   10.972558] systemd[1]: Listening on LVM2 poll daemon socket.
[[0;32m  OK  [0m] Listening on [0;1;39mLVM2 poll daemon socket[0m.
[   10.979040] systemd[1]: Listening on multipathd control socket.
[[0;32m  OK  [0m] Listening on [0;1;39mmultipathd control socket[0m.
[   10.985397] systemd[1]: Listening on Syslog Socket.
[[0;32m  OK  [0m] Listening on [0;1;39mSyslog Socket[0m.
[   10.989595] systemd[1]: Listening on initctl Compatibility Named Pipe.
[[0;32m  OK  [0m] Listening on [0;1;39minitctl Compatibility Named Pipe[0m.
[   10.999648] systemd[1]: Listening on Journal Audit Socket.
[[0;32m  OK  [0m] Listening on [0;1;39mJournal Audit Socket[0m.
[   11.005499] systemd[1]: Listening on Journal Socket (/dev/log).
[[0;32m  OK  [0m] Listening on [0;1;39mJournal Socket (/dev/log)[0m.
[   11.009978] systemd[1]: Listening on Journal Socket.
[[0;32m  OK  [0m] Listening on [0;1;39mJournal Socket[0m.
[   11.014344] systemd[1]: Listening on Network Service Netlink Socket.
[[0;32m  OK  [0m] Listening on [0;1;39mNetwork Service Netlink Socket[0m.
[   11.020166] systemd[1]: Listening on udev Control Socket.
[[0;32m  OK  [0m] Listening on [0;1;39mudev Control Socket[0m.
[   11.025022] systemd[1]: Listening on udev Kernel Socket.
[[0;32m  OK  [0m] Listening on [0;1;39mudev Kernel Socket[0m.
[   11.031801] systemd[1]: Mounting Huge Pages File System...
         Mounting [0;1;39mHuge Pages File System[0m...
[   11.037770] systemd[1]: Mounting POSIX Message Queue File System...
         Mounting [0;1;39mPOSIX Message Queue File System[0m...
[   11.044014] systemd[1]: Mounting Kernel Debug File System...
         Mounting [0;1;39mKernel Debug File System[0m...
[   11.049412] systemd[1]: Mounting Kernel Trace File System...
         Mounting [0;1;39mKernel Trace File System[0m...
[   11.059257] systemd[1]: Starting Journal Service...
         Starting [0;1;39mJournal Service[0m...
[   11.064795] systemd[1]: Starting Set the console keyboard layout...
         Starting [0;1;39mSet the console keyboard layout[0m...
[   11.072399] systemd[1]: Starting Create list of static device nodes for the current kernel...
         Starting [0;1;39mCreate list of st…odes for the current kernel[0m...
[   11.081569] systemd[1]: Starting Monitoring of LVM2 mirrors, snapshots etc. using dmeventd or progress polling...
         Starting [0;1;39mMonitoring of LVM…meventd or progress polling[0m...
[   11.091237] systemd[1]: Condition check resulted in Load Kernel Module drm being skipped.
[   11.097873] systemd[1]: Condition check resulted in Set Up Additional Binary Formats being skipped.
[   11.104799] systemd[1]: Starting Load Kernel Modules...
         Starting [0;1;39mLoad Kernel Modules[0m...
[   11.115990] systemd[1]: Starting Remount Root and Kernel File Systems...
         Starting [0;1;39mRemount Root and Kernel File Systems[0m...
[   11.130027] systemd[1]: Starting udev Coldplug all Devices...
         Starting [0;1;39mudev Coldplug all Devices[0m...
[   11.140323] systemd[1]: Starting Uncomplicated firewall...
         Starting [0;1;39mUncom[   11.144893] EXT4-fs (sda2): re-mounted. Opts: (null)
plicated firewall[0m...
[   11.152039] systemd[1]: Started Journal Service.
[[0;32m  OK  [0m] Started [0;1;39mJournal Service[0m.
[[0;32m  OK  [0m] Mounted [0;1;39mHuge Pages File System[0m.
[[0;32m  OK  [0m] Mounted [0;1;39mPOSIX Message Queue File System[0m.
[[0;32m  OK  [0m] Mounted [0;1;39mKernel Debug File System[0m.
[[0;32m  OK  [0m] Mounted [0;1;39mKernel Trace File System[0m.
[[0;32m  OK  [0m] Finished [0;1;39mSet the console keyboard layout[0m.
[[0;32m  OK  [0m] Finished [0;1;39mCreate list of st… nodes for the current kernel[0m.
[[0;32m  OK  [0m] Finished [0;1;39mMonitoring of LVM… dmeventd or progress polling[0m.
[[0;32m  OK  [0m] Finished [0;1;39mLoad Kernel Modules[0m.
[[0;32m  OK  [0m] Finished [0;1;39mRemount Root and Kernel File Systems[0m.
[[0;32m  OK  [0m] Finished [0;1;39mUncomplicated firewall[0m.
         Activating swap [0;1;39m/swap.img[0m...
         Mounting [0;1;39mFUSE Control File System[0m...
         Mounting [0;1;39mKernel Configuration File System[0m...
         Starting [0;1;39mFlush Journal to Persistent Storage[0m...
         Starting [0;1;39mLoad/Save Random Seed[0m...
[   11.199774] systemd-journald[371]: Received client request to flush runtime journal.
         Starting [0;1;39mApply Kernel Variables[0m...
         Starting [0;1;39mCreate System Users[0m...
[[0;32m  OK  [0m] Mounted [0;1;39mFUSE Control File System[0m.
[[0;32m  OK  [0m] Finished [0;1;39mudev Coldplug all Devices[0m.
[[0;32m  OK  [0m] Mounted [0;1;39mKernel Configuration File System[0m.
         Starting [0;1;39mudev Wait for Complete Device Initialization[0m...
[[0;32m  OK  [0m] Finished [0;1;39mLoad/Save Random Seed[0m.
[[0;32m  OK  [0m] Finished [0;1;39mApply Kernel Variables[0m.
[[0;32m  OK  [0m] Finished [0;1;39mCreate System Users[0m.
         Starting [0;1;39mCreate Static Device Nodes in /dev[0m...
[[0;32m  OK  [0m] Activated swap [0;1;39m/swap.img[0m.
[[0;32m  OK  [0m] Reached target [0;1;39mSwap[0m.
[[0;32m  OK  [0m] Finished [0;1;39mCreate Static Device Nodes in /dev[0m.
         Starting [0;1;39mudev Kernel Device Manager[0m...
[[0;32m  OK  [0m] Finished [0;1;39mFlush Journal to Persistent Storage[0m.
[[0;32m  OK  [0m] Started [0;1;39mudev Kernel Device Manager[0m.
[[0;32m  OK  [0m] Started [0;1;39mDispatch Password …ts to Console Directory Watch[0m.
[[0;32m  OK  [0m] Reached target [0;1;39mLocal Encrypted Volumes[0m.
         Starting [0;1;39mNetwork Service[0m...
[[0;32m  OK  [0m] Started [0;1;39mNetwork Service[0m.
         Starting [0;1;39mWait for Network to be Configured[0m...
[[0;32m  OK  [0m] Finished [0;1;39mWait for Network to be Configured[0m.
[[0;32m  OK  [0m] Found device [0;1;39m/dev/ttyS0[0m.
[[0;32m  OK  [0m] Listening on [0;1;39mLoad/Save RF …itch Status /dev/rfkill Watch[0m.
[[0;32m  OK  [0m] Finished [0;1;39mudev Wait for Complete Device Initialization[0m.
         Starting [0;1;39mDevice-Mapper Multipath Device Controller[0m...
[[0;32m  OK  [0m] Started [0;1;39mDevice-Mapper Multipath Device Controller[0m.
[[0;32m  OK  [0m] Reached target [0;1;39mLocal File Systems (Pre)[0m.
         Mounting [0;1;39mMount unit for core18, revision 1880[0m...
         Mounting [0;1;39mMount unit for lxd, revision 16099[0m...
         Mounting [0;1;39mMount unit for snapd, revision 8542[0m...
[[0;32m  OK  [0m] Mounted [0;1;39mMount unit for core18, revision 1880[0m.
[[0;32m  OK  [0m] Mounted [0;1;39mMount unit for lxd, revision 16099[0m.
[[0;32m  OK  [0m] Mounted [0;1;39mMount unit for snapd, revision 8542[0m.
[[0;32m  OK  [0m] Reached target [0;1;39mLocal File Systems[0m.
         Starting [0;1;39mLoad AppArmor profiles[0m...
         Starting [0;1;39mSet console font and keymap[0m...
         Starting [0;1;39mCreate final runt…dir for shutdown pivot root[0m...
         Starting [0;1;39mTell Plymouth To Write Out Runtime Data[0m...
         Starting [0;1;39mCreate Volatile Files and Directories[0m...
[[0;32m  OK  [0m] Finished [0;1;39mSet console font and keymap[0m.
[[0;32m  OK  [0m] Finished [0;1;39mCreate final runt…e dir for shutdown pivot root[0m.
[[0;32m  OK  [0m] Finished [0;1;39mTell Plymouth To Write Out Runtime Data[0m.
[[0;32m  OK  [0m] Finished [0;1;39mLoad AppArmor profiles[0m.
[[0;32m  OK  [0m] Finished [0;1;39mCreate Volatile Files and Directories[0m.
         Starting [0;1;39mLoad AppArmor pro…managed internally by snapd[0m...
         Starting [0;1;39mNetwork Name Resolution[0m...
         Starting [0;1;39mNetwork Time Synchronization[0m...
         Starting [0;1;39mUpdate UTMP about System Boot/Shutdown[0m...
[[0;32m  OK  [0m] Finished [0;1;39mUpdate UTMP about System Boot/Shutdown[0m.
[[0;32m  OK  [0m] Finished [0;1;39mLoad AppArmor pro…s managed internally by snapd[0m.
[[0;32m  OK  [0m] Started [0;1;39mNetwork Time Synchronization[0m.
[[0;32m  OK  [0m] Reached target [0;1;39mSystem Initialization[0m.
[[0;32m  OK  [0m] Started [0;1;39mDaily Cleanup of Temporary Directories[0m.
[[0;32m  OK  [0m] Reached target [0;1;39mPaths[0m.
[[0;32m  OK  [0m] Reached target [0;1;39mSystem Time Set[0m.
[[0;32m  OK  [0m] Reached target [0;1;39mSystem Time Synchronized[0m.
[[0;32m  OK  [0m] Started [0;1;39mDaily apt download activities[0m.
[[0;32m  OK  [0m] Started [0;1;39mDaily apt upgrade and clean activities[0m.
[[0;32m  OK  [0m] Started [0;1;39mPeriodic ext4 Onli…ata Check for All Filesystems[0m.
[[0;32m  OK  [0m] Started [0;1;39mDiscard unused blocks once a week[0m.
[[0;32m  OK  [0m] Started [0;1;39mRefresh fwupd metadata regularly[0m.
[[0;32m  OK  [0m] Started [0;1;39mDaily rotation of log files[0m.
[[0;32m  OK  [0m] Started [0;1;39mDaily man-db regeneration[0m.
[[0;32m  OK  [0m] Started [0;1;39mMessage of the Day[0m.
[[0;32m  OK  [0m] Reached target [0;1;39mTimers[0m.
[[0;32m  OK  [0m] Listening on [0;1;39mD-Bus System Message Bus Socket[0m.
[[0;32m  OK  [0m] Listening on [0;1;39mOpen-iSCSI iscsid Socket[0m.
[[0;32m  OK  [0m] Listening on [0;1;39mSocket unix for snap application lxd.daemon[0m.
         Starting [0;1;39mSocket activation for snappy daemon[0m.
[[0;32m  OK  [0m] Listening on [0;1;39mUUID daemon activation socket[0m.
[[0;32m  OK  [0m] Listening on [0;1;39mSocket activation for snappy daemon[0m.
[[0;32m  OK  [0m] Reached target [0;1;39mSockets[0m.
[[0;32m  OK  [0m] Reached target [0;1;39mBasic System[0m.
         Starting [0;1;39mAccounts Service[0m...
[[0;32m  OK  [0m] Started [0;1;39mD-Bus System Message Bus[0m.
[[0;32m  OK  [0m] Started [0;1;39mSave initial kernel messages after boot[0m.
         Starting [0;1;39mRemove Stale Onli…t4 Metadata Check Snapshots[0m...
         Starting [0;1;39mLSB: Record successful boot for GRUB[0m...
         Starting [0;1;39mGRUB failed boot detection[0m...
[[0;32m  OK  [0m] Started [0;1;39mirqbalance daemon[0m.
         Starting [0;1;39mDispatcher daemon for systemd-networkd[0m...
         Starting [0;1;39mSystem Logging Service[0m...
         Starting [0;1;39mSnap Daemon[0m...
         Starting [0;1;39mLogin Service[0m...
         Starting [0;1;39mThermal Daemon Service[0m...
         Starting [0;1;39mRotate log files[0m...
         Starting [0;1;39mDaily man-db regeneration[0m...
[[0;32m  OK  [0m] Started [0;1;39mNetwork Name Resolution[0m.
[[0;32m  OK  [0m] Started [0;1;39mSystem Logging Service[0m.
[[0;32m  OK  [0m] Finished [0;1;39mRemove Stale Onli…ext4 Metadata Check Snapshots[0m.
[[0;32m  OK  [0m] Finished [0;1;39mGRUB failed boot detection[0m.
[[0;32m  OK  [0m] Reached target [0;1;39mNetwork[0m.
[[0;32m  OK  [0m] Reached target [0;1;39mNetwork is Online[0m.
[[0;32m  OK  [0m] Reached target [0;1;39mHost and Network Name Lookups[0m.
[[0;32m  OK  [0m] Reached target [0;1;39mRemote File Systems (Pre)[0m.
[[0;32m  OK  [0m] Reached target [0;1;39mRemote File Systems[0m.
         Starting [0;1;39mLSB: automatic crash report generation[0m...
         Starting [0;1;39mDeferred execution scheduler[0m...
         Starting [0;1;39mAvailability of block devices[0m...
[[0;32m  OK  [0m] Started [0;1;39mRegular background program processing daemon[0m.
         Starting [0;1;39mService for snap application lxd.activate[0m...
         Starting [0;1;39mOpenBSD Secure Shell server[0m...
         Starting [0;1;39mPermit User Sessions[0m...
[[0;32m  OK  [0m] Started [0;1;39mLSB: Record successful boot for GRUB[0m.
[[0;32m  OK  [0m] Started [0;1;39mDeferred execution scheduler[0m.
[[0;32m  OK  [0m] Finished [0;1;39mAvailability of block devices[0m.
[[0;32m  OK  [0m] Finished [0;1;39mPermit User Sessions[0m.
         Starting [0;1;39mHold until boot process finishes up[0m...
         Starting [0;1;39mTerminate Plymouth Boot Screen[0m...
[[0;32m  OK  [0m] Finished [0;1;39mRotate log files[0m.
[[0;32m  OK  [0m] Started [0;1;39mLSB: automatic crash report generation[0m.
[[0;32m  OK  [0m] Finished [0;1;39mHold until boot process finishes up[0m.
[[0;32m  OK  [0m] Finished [0;1;39mTerminate Plymouth Boot Screen[0m.
[[0;32m  OK  [0m] Started [0;1;39mOpenBSD Secure Shell server[0m.
[[0;32m  OK  [0m] Started [0;1;39mThermal Daemon Service[0m.
[[0;32m  OK  [0m] Started [0;1;39mLogin Service[0m.
[[0;32m  OK  [0m] Started [0;1;39mSerial Getty on ttyS0[0m.
         Starting [0;1;39mSet console scheme[0m...
[[0;32m  OK  [0m] Started [0;1;39mUnattended Upgrades Shutdown[0m.
[[0;32m  OK  [0m] Finished [0;1;39mSet console scheme[0m.
[[0;32m  OK  [0m] Created slice [0;1;39msystem-getty.slice[0m.
[[0;32m  OK  [0m] Started [0;1;39mGetty on tty1[0m.
[[0;32m  OK  [0m] Reached target [0;1;39mLogin Prompts[0m.
[[0;32m  OK  [0m] Started [0;1;39mDispatcher daemon for systemd-networkd[0m.
         Starting [0;1;39mAuthorization Manager[0m...
[[0;32m  OK  [0m] Started [0;1;39mAuthorization Manager[0m.
[[0;32m  OK  [0m] Started [0;1;39mAccounts Service[0m.
[[0;32m  OK  [0m] Finished [0;1;39mDaily man-db regeneration[0m.
[[0;32m  OK  [0m] Started [0;1;39mSnap Daemon[0m.
         Starting [0;1;39mWait until snapd is fully seeded[0m...
[[0;32m  OK  [0m] Finished [0;1;39mWait until snapd is fully seeded[0m.
[[0;32m  OK  [0m] Finished [0;1;39mService for snap application lxd.activate[0m.
[[0;32m  OK  [0m] Reached target [0;1;39mMulti-User System[0m.
[[0;32m  OK  [0m] Reached target [0;1;39mGraphical Interface[0m.
         Starting [0;1;39mUpdate UTMP about System Runlevel Changes[0m...
[[0;32m  OK  [0m] Finished [0;1;39mUpdate UTMP about System Runlevel Changes[0m.

Ubuntu 20.04.1 LTS fvm ttyS0

fvm login: [FEMU] FTL-Log: BBSSD-STATS host_page_writes=1572864 nand_page_writes=1572864 gc_page_writes=0 waf=1.000000
[FEMU] Log: vSSD0,Reset tt_late_ios/tt_ios,9119/9278
[FEMU] FTL-Log: BBSSD-STATS host_page_writes=9929244 nand_page_writes=78906848 gc_page_writes=68977604 waf=7.946914
[FEMU] Log: vSSD0,Reset tt_late_ios/tt_ios,484749/2482467
         Stopping [0;1;39mSession 29 of user femu[0m.
[[0;32m  OK  [0m] Removed slice [0;1;39msystem-modprobe.slice[0m.
[[0;32m  OK  [0m] Stopped target [0;1;39mGraphical Interface[0m.
[[0;32m  OK  [0m] Stopped target [0;1;39mMulti-User System[0m.
[[0;32m  OK  [0m] Stopped target [0;1;39mLogin Prompts[0m.
[[0;32m  OK  [0m] Stopped target [0;1;39mNetwork is Online[0m.
[[0;32m  OK  [0m] Stopped target [0;1;39mHost and Network Name Lookups[0m.
[[0;32m  OK  [0m] Stopped target [0;1;39mTimers[0m.
[[0;32m  OK  [0m] Stopped [0;1;39mDaily apt upgrade and clean activities[0m.
[[0;32m  OK  [0m] Stopped [0;1;39mDaily apt download activities[0m.
[[0;32m  OK  [0m] Stopped [0;1;39mPeriodic ext4 Onli…ata Check for All Filesystems[0m.
[[0;32m  OK  [0m] Stopped [0;1;39mDiscard unused blocks once a week[0m.
[[0;32m  OK  [0m] Stopped [0;1;39mRefresh fwupd metadata regularly[0m.
[[0;32m  OK  [0m] Stopped [0;1;39mDaily rotation of log files[0m.
[[0;32m  OK  [0m] Stopped [0;1;39mDaily man-db regeneration[0m.
[[0;32m  OK  [0m] Stopped [0;1;39mMessage of the Day[0m.
[[0;32m  OK  [0m] Stopped [0;1;39mDaily Cleanup of Temporary Directories[0m.
[[0;32m  OK  [0m] Stopped target [0;1;39mSystem Time Synchronized[0m.
[[0;32m  OK  [0m] Stopped target [0;1;39mSystem Time Set[0m.
[[0;32m  OK  [0m] Closed [0;1;39mLVM2 poll daemon socket[0m.
[[0;32m  OK  [0m] Closed [0;1;39mLoad/Save RF Kill Switch Status /dev/rfkill Watch[0m.
         Stopping [0;1;39mAccounts Service[0m...
         Stopping [0;1;39mLSB: automatic crash report generation[0m...
         Stopping [0;1;39mDeferred execution scheduler[0m...
         Stopping [0;1;39mAvailability of block devices[0m...
         Stopping [0;1;39mRegular background program processing daemon[0m...
         Stopping [0;1;39mCreate final runt…dir for shutdown pivot root[0m...
         Stopping [0;1;39mGetty on tty1[0m...
         Stopping [0;1;39mLSB: Record successful boot for GRUB[0m...
         Stopping [0;1;39mirqbalance daemon[0m...
         Stopping [0;1;39mDispatcher daemon for systemd-networkd[0m...
         Stopping [0;1;39mAuthorization Manager[0m...
         Stopping [0;1;39mSystem Logging Service[0m...
         Stopping [0;1;39mSerial Getty on ttyS0[0m...
[[0;32m  OK  [0m] Stopped [0;1;39mWait until snapd is fully seeded[0m.
         Stopping [0;1;39mSnap Daemon[0m...
         Stopping [0;1;39mOpenBSD Secure Shell server[0m...
[[0;32m  OK  [0m] Stopped [0;1;39mWait for Network to be Configured[0m.
         Stopping [0;1;39mLoad/Save Random Seed[0m...
         Stopping [0;1;39mUnattended Upgrades Shutdown[0m...
[[0;32m  OK  [0m] Stopped [0;1;39mAccounts Service[0m.
[[0;32m  OK  [0m] Stopped [0;1;39mirqbalance daemon[0m.
[[0;32m  OK  [0m] Stopped [0;1;39mDispatcher daemon for systemd-networkd[0m.
[[0;32m  OK  [0m] Stopped [0;1;39mSystem Logging Service[0m.
[[0;32m  OK  [0m] Stopped [0;1;39mSnap Daemon[0m.
[[0;32m  OK  [0m] Stopped [0;1;39mRegular background program processing daemon[0m.
[[0;32m  OK  [0m] Stopped [0;1;39mDeferred execution scheduler[0m.
[[0;32m  OK  [0m] Stopped [0;1;39mOpenBSD Secure Shell server[0m.
[[0;32m  OK  [0m] Stopped [0;1;39mSerial Getty on ttyS0[0m.
[[0;32m  OK  [0m] Stopped [0;1;39mGetty on tty1[0m.
[[0;32m  OK  [0m] Stopped [0;1;39mUnattended Upgrades Shutdown[0m.
[[0;32m  OK  [0m] Stopped [0;1;39mAuthorization Manager[0m.
[[0;32m  OK  [0m] Stopped [0;1;39mAvailability of block devices[0m.
[[0;32m  OK  [0m] Stopped [0;1;39mLoad/Save Random Seed[0m.
[[0;32m  OK  [0m] Stopped [0;1;39mSession 29 of user femu[0m.
[[0;32m  OK  [0m] Stopped [0;1;39mLSB: Record successful boot for GRUB[0m.
[[0;32m  OK  [0m] Stopped [0;1;39mLSB: automatic crash report generation[0m.
[[0;32m  OK  [0m] Removed slice [0;1;39msystem-getty.slice[0m.
[[0;32m  OK  [0m] Removed slice [0;1;39msystem-serial\x2dgetty.slice[0m.
         Stopping [0;1;39mLogin Service[0m...
         Stopping [0;1;39mUser Manager for UID 1000[0m...
[[0;32m  OK  [0m] Stopped [0;1;39mUser Manager for UID 1000[0m.
         Stopping [0;1;39mUser Runtime Directory /run/user/1000[0m...
[[0;32m  OK  [0m] Unmounted [0;1;39m/run/user/1000[0m.
[[0;32m  OK  [0m] Stopped [0;1;39mUser Runtime Directory /run/user/1000[0m.
[[0;32m  OK  [0m] Removed slice [0;1;39mUser Slice of UID 1000[0m.
         Stopping [0;1;39mD-Bus System Message Bus[0m...
         Stopping [0;1;39mPermit User Sessions[0m...
[[0;32m  OK  [0m] Stopped [0;1;39mD-Bus System Message Bus[0m.
[[0;32m  OK  [0m] Stopped [0;1;39mPermit User Sessions[0m.
[[0;32m  OK  [0m] Stopped target [0;1;39mNetwork[0m.
[[0;32m  OK  [0m] Stopped target [0;1;39mRemote File Systems[0m.
[[0;32m  OK  [0m] Stopped target [0;1;39mRemote File Systems (Pre)[0m.
         Stopping [0;1;39mNetwork Name Resolution[0m...
[[0;32m  OK  [0m] Stopped [0;1;39mLogin Service[0m.
[[0;32m  OK  [0m] Stopped target [0;1;39mBasic System[0m.
[[0;32m  OK  [0m] Stopped target [0;1;39mUser and Group Name Lookups[0m.
[[0;32m  OK  [0m] Stopped target [0;1;39mPaths[0m.
[[0;32m  OK  [0m] Stopped target [0;1;39mSlices[0m.
[[0;32m  OK  [0m] Removed slice [0;1;39mUser and Session Slice[0m.
[[0;32m  OK  [0m] Stopped target [0;1;39mSockets[0m.
[[0;32m  OK  [0m] Closed [0;1;39mD-Bus System Message Bus Socket[0m.
[[0;32m  OK  [0m] Closed [0;1;39mOpen-iSCSI iscsid Socket[0m.
[[0;32m  OK  [0m] Closed [0;1;39mSocket unix for snap application lxd.daemon[0m.
[[0;32m  OK  [0m] Closed [0;1;39mSocket activation for snappy daemon[0m.
[[0;32m  OK  [0m] Closed [0;1;39mSyslog Socket[0m.
[[0;32m  OK  [0m] Closed [0;1;39mUUID daemon activation socket[0m.
[[0;32m  OK  [0m] Stopped target [0;1;39mSystem Initialization[0m.
[[0;32m  OK  [0m] Stopped target [0;1;39mLocal Encrypted Volumes[0m.
[[0;32m  OK  [0m] Stopped [0;1;39mDispatch Password …ts to Console Directory Watch[0m.
[[0;32m  OK  [0m] Stopped [0;1;39mForward Password R…uests to Wall Directory Watch[0m.
         Stopping [0;1;39mNetwork Time Synchronization[0m...
         Stopping [0;1;39mUpdate UTMP about System Boot/Shutdown[0m...
[[0;32m  OK  [0m] Stopped [0;1;39mUpdate UTMP about System Boot/Shutdown[0m.
[[0;32m  OK  [0m] Stopped [0;1;39mNetwork Time Synchronization[0m.
[[0;32m  OK  [0m] Stopped [0;1;39mNetwork Name Resolution[0m.
         Stopping [0;1;39mNetwork Service[0m...
[[0;32m  OK  [0m] Stopped [0;1;39mCreate Volatile Files and Directories[0m.
[[0;32m  OK  [0m] Stopped [0;1;39mNetwork Service[0m.
[[0;32m  OK  [0m] Stopped [0;1;39mApply Kernel Variables[0m.
[[0;32m  OK  [0m] Stopped [0;1;39mLoad Kernel Modules[0m.
[[0;32m  OK  [0m] Stopped [0;1;39mCreate final runtime dir for shutdown pivot root[0m.
[[0;32m  OK  [0m] Stopped target [0;1;39mLocal File Systems[0m.
         Unmounting [0;1;39m/run/snapd/ns/lxd.mnt[0m...
         Unmounting [0;1;39mMount unit for core18, revision 1880[0m...
         Unmounting [0;1;39mMount unit for lxd, revision 16099[0m...
         Unmounting [0;1;39mMount unit for snapd, revision 8542[0m...
[[0;32m  OK  [0m] Unmounted [0;1;39m/run/snapd/ns/lxd.mnt[0m.
         Unmounting [0;1;39m/run/snapd/ns[0m...
[[0;32m  OK  [0m] Unmounted [0;1;39mMount unit for lxd, revision 16099[0m.
[[0;32m  OK  [0m] Unmounted [0;1;39mMount unit for core18, revision 1880[0m.
[[0;32m  OK  [0m] Unmounted [0;1;39m/run/snapd/ns[0m.
[[0;32m  OK  [0m] Stopped target [0;1;39mSwap[0m.
         Deactivating swap [0;1;39m/swap.img[0m...
[[0;32m  OK  [0m] Unmounted [0;1;39mMount unit for snapd, revision 8542[0m.
[[0;32m  OK  [0m] Deactivated swap [0;1;39m/swap.img[0m.
[[0;32m  OK  [0m] Stopped target [0;1;39mLocal File Systems (Pre)[0m.
[[0;32m  OK  [0m] Reached target [0;1;39mUnmount All Filesystems[0m.
         Stopping [0;1;39mMonitoring of LVM…meventd or progress polling[0m...
         Stopping [0;1;39mDevice-Mapper Multipath Device Controller[0m...
[[0;32m  OK  [0m] Stopped [0;1;39mCreate Static Device Nodes in /dev[0m.
[[0;32m  OK  [0m] Stopped [0;1;39mCreate System Users[0m.
[[0;32m  OK  [0m] Stopped [0;1;39mRemount Root and Kernel File Systems[0m.
[[0;32m  OK  [0m] Stopped [0;1;39mDevice-Mapper Multipath Device Controller[0m.
[[0;32m  OK  [0m] Stopped [0;1;39mMonitoring of LVM2… dmeventd or progress polling[0m.
[[0;32m  OK  [0m] Reached target [0;1;39mShutdown[0m.
[[0;32m  OK  [0m] Reached target [0;1;39mFinal Step[0m.
[[0;32m  OK  [0m] Finished [0;1;39mPower-Off[0m.
[[0;32m  OK  [0m] Reached target [0;1;39mPower-Off[0m.
[  655.624062] reboot: Power down
