[FEMU] FTL-Log: LPN metadata: entries=2097152 entry_size=24 total=48 MiB window_ns=1000000000 hot_writes=4 cold_writes=1 erase_event_threshold=1
[FEMU] FTL-Log: Hot/Cold pools: configured_hot_percent=20 initial_hot_lines=25 initial_cold_lines=103 total_lines=128
[FEMU] FTL-Log: Write pointers: hot_line=103 cold_line=0 free=126 hot_free=24 cold_free=102
c[?7l[2J[0mSeaBIOS (version rel-1.17.0-0-gb52ca86e094d-prebuilt.qemu.org)


iPXE (http://ipxe.org) 00:03.0 CA00 PCI2.10 PnP PMM+BEFD1D20+BEF31D20 CA00
Press Ctrl-B to configure iPXE (PCI 00:03.0)...                                                                               


Booting from Hard Disk...
[H[J[1;1H[?25l[m[H[J[1;1H[2;30HGNU GRUB  version 2.04

[m[4;2H+----------------------------------------------------------------------------+[5;2H|[5;79H|[6;2H|[6;79H|[7;2H|[7;79H|[8;2H|[8;79H|[9;2H|[9;79H|[10;2H|[10;79H|[11;2H|[11;79H|[12;2H|[12;79H|[13;2H|[13;79H|[14;2H|[14;79H|[15;2H|[15;79H|[16;2H|[16;79H|[17;2H+----------------------------------------------------------------------------+[m[18;2H[19;2H[m     Use the ^ and v keys to select which entry is highlighted.          
      Press enter to boot the selected OS, `e' to edit the commands       
      before booting or `c' for a command-line.                           [5;80H [7m[5;3H*Ubuntu, with Linux 5.4.0-64-generic                                        [m[5;78H[m[m[6;3H                                                                            [m[6;78H[m[m[7;3H                                                                            [m[7;78H[m[m[8;3H                                                                            [m[8;78H[m[m[9;3H                                                                            [m[9;78H[m[m[10;3H                                                                            [m[10;78H[m[m[11;3H                                                                            [m[11;78H[m[m[12;3H                                                                            [m[12;78H[m[m[13;3H                                                                            [m[13;78H[m[m[14;3H                                                                            [m[14;78H[m[m[15;3H                                                                            [m[15;78H[m[m[16;3H                                                                            [m[16;78H[m[16;80H [5;78H[22;1H   The highlighted entry will be executed automatically in 3s.                 [5;78H[22;1H   The highlighted entry will be executed automatically in 2s.                 [5;78H[22;1H   The highlighted entry will be executed automatically in 1s.                 [5;78H[22;1H   The highlighted entry will be executed automatically in 0s.                 [5;78H[?25h[H[J[1;1H[H[J[1;1HLoading Linux 5.4.0-64-generic ...
Loading initial ramdisk ...
[    0.000000] Linux version 5.4.0-64-generic (buildd@lcy01-amd64-021) (gcc version 9.3.0 (Ubuntu 9.3.0-17ubuntu1~20.04)) #72-Ubuntu SMP Fri Jan 15 10:27:54 UTC 2021 (Ubuntu 5.4.0-64.72-generic 5.4.78)
[    0.000000] Command line: BOOT_IMAGE=/boot/vmlinuz-5.4.0-64-generic root=UUID=66add23f-3d34-46f1-a540-ebfdd268827e ro ip=dhcp console=ttyS0,115200 console=tty console=ttyS0 text
[    0.000000] KERNEL supported cpus:
[    0.000000]   Intel GenuineIntel
[    0.000000]   AMD AuthenticAMD
[    0.000000]   Hygon HygonGenuine
[    0.000000]   Centaur CentaurHauls
[    0.000000]   zhaoxin   Shanghai  
[    0.000000] x86/fpu: Supporting XSAVE feature 0x001: 'x87 floating point registers'
[    0.000000] x86/fpu: Supporting XSAVE feature 0x002: 'SSE registers'
[    0.000000] x86/fpu: Supporting XSAVE feature 0x004: 'AVX registers'
[    0.000000] x86/fpu: xstate_offset[2]:  576, xstate_sizes[2]:  256
[    0.000000] x86/fpu: Enabled xstate features 0x7, context size is 832 bytes, using 'compacted' format.
[    0.000000] BIOS-provided physical RAM map:
[    0.000000] BIOS-e820: [mem 0x0000000000000000-0x000000000009fbff] usable
[    0.000000] BIOS-e820: [mem 0x000000000009fc00-0x000000000009ffff] reserved
[    0.000000] BIOS-e820: [mem 0x00000000000f0000-0x00000000000fffff] reserved
[    0.000000] BIOS-e820: [mem 0x0000000000100000-0x00000000bffdcfff] usable
[    0.000000] BIOS-e820: [mem 0x00000000bffdd000-0x00000000bfffffff] reserved
[    0.000000] BIOS-e820: [mem 0x00000000feffc000-0x00000000feffffff] reserved
[    0.000000] BIOS-e820: [mem 0x00000000fffc0000-0x00000000ffffffff] reserved
[    0.000000] BIOS-e820: [mem 0x0000000100000000-0x000000013fffffff] usable
[    0.000000] NX (Execute Disable) protection: active
[    0.000000] SMBIOS 2.8 present.
[    0.000000] DMI: QEMU Standard PC (i440FX + PIIX, 1996), BIOS rel-1.17.0-0-gb52ca86e094d-prebuilt.qemu.org 04/01/2014
[    0.000000] Hypervisor detected: KVM
[    0.000000] kvm-clock: Using msrs 4b564d01 and 4b564d00
[    0.000001] kvm-clock: cpu 0, msr ba801001, primary cpu clock
[    0.000001] kvm-clock: using sched offset of 18177427842 cycles
[    0.000004] clocksource: kvm-clock: mask: 0xffffffffffffffff max_cycles: 0x1cd42e4dffb, max_idle_ns: 881590591483 ns
[    0.000008] tsc: Detected 2995.202 MHz processor
[    0.005188] last_pfn = 0x140000 max_arch_pfn = 0x400000000
[    0.005833] x86/PAT: Configuration [0-7]: WB  WC  UC- UC  WB  WP  UC- WT  
[    0.005916] last_pfn = 0xbffdd max_arch_pfn = 0x400000000
[    0.016685] found SMP MP-table at [mem 0x000f54b0-0x000f54bf]
[    0.017259] check: Scanning 1 areas for low memory corruption
[    0.017603] Using GB pages for direct mapping
[    0.020000] RAMDISK: [mem 0x2d173000-0x328b0fff]
[    0.020270] ACPI: Early table checksum verification disabled
[    0.020326] ACPI: RSDP 0x00000000000F52B0 000014 (v00 BOCHS )
[    0.020355] ACPI: RSDT 0x00000000BFFE2458 000034 (v01 BOCHS  BXPC     00000001 BXPC 00000001)
[    0.020363] ACPI: FACP 0x00000000BFFE22F4 000074 (v01 BOCHS  BXPC     00000001 BXPC 00000001)
[    0.020370] ACPI: DSDT 0x00000000BFFE0040 0022B4 (v01 BOCHS  BXPC     00000001 BXPC 00000001)
[    0.020374] ACPI: FACS 0x00000000BFFE0000 000040
[    0.020377] ACPI: APIC 0x00000000BFFE2368 000090 (v03 BOCHS  BXPC     00000001 BXPC 00000001)
[    0.020381] ACPI: HPET 0x00000000BFFE23F8 000038 (v01 BOCHS  BXPC     00000001 BXPC 00000001)
[    0.020384] ACPI: WAET 0x00000000BFFE2430 000028 (v01 BOCHS  BXPC     00000001 BXPC 00000001)
[    0.022361] No NUMA configuration found
[    0.022364] Faking a node at [mem 0x0000000000000000-0x000000013fffffff]
[    0.022373] NODE_DATA(0) allocated [mem 0x13ffd3000-0x13fffdfff]
[    0.025790] Zone ranges:
[    0.025794]   DMA      [mem 0x0000000000001000-0x0000000000ffffff]
[    0.025796]   DMA32    [mem 0x0000000001000000-0x00000000ffffffff]
[    0.025797]   Normal   [mem 0x0000000100000000-0x000000013fffffff]
[    0.025798]   Device   empty
[    0.025800] Movable zone start for each node
[    0.025802] Early memory node ranges
[    0.025803]   node   0: [mem 0x0000000000001000-0x000000000009efff]
[    0.025804]   node   0: [mem 0x0000000000100000-0x00000000bffdcfff]
[    0.025805]   node   0: [mem 0x0000000100000000-0x000000013fffffff]
[    0.030776] Zeroed struct page in unavailable ranges: 133 pages
[    0.030781] Initmem setup node 0 [mem 0x0000000000001000-0x000000013fffffff]
[    0.104283] ACPI: PM-Timer IO Port: 0x608
[    0.104391] ACPI: LAPIC_NMI (acpi_id[0xff] dfl dfl lint[0x1])
[    0.104520] IOAPIC[0]: apic_id 0, version 17, address 0xfec00000, GSI 0-23
[    0.104525] ACPI: INT_SRC_OVR (bus 0 bus_irq 0 global_irq 2 dfl dfl)
[    0.104530] ACPI: INT_SRC_OVR (bus 0 bus_irq 5 global_irq 5 high level)
[    0.104532] ACPI: INT_SRC_OVR (bus 0 bus_irq 9 global_irq 9 high level)
[    0.104534] ACPI: INT_SRC_OVR (bus 0 bus_irq 10 global_irq 10 high level)
[    0.104536] ACPI: INT_SRC_OVR (bus 0 bus_irq 11 global_irq 11 high level)
[    0.104544] Using ACPI (MADT) for SMP configuration information
[    0.104548] ACPI: HPET id: 0x8086a201 base: 0xfed00000
[    0.104581] TSC deadline timer available
[    0.104597] smpboot: Allowing 4 CPUs, 0 hotplug CPUs
[    0.104691] KVM setup pv sched yield
[    0.104707] PM: Registered nosave memory: [mem 0x00000000-0x00000fff]
[    0.104708] PM: Registered nosave memory: [mem 0x0009f000-0x0009ffff]
[    0.104709] PM: Registered nosave memory: [mem 0x000a0000-0x000effff]
[    0.104710] PM: Registered nosave memory: [mem 0x000f0000-0x000fffff]
[    0.104711] PM: Registered nosave memory: [mem 0xbffdd000-0xbfffffff]
[    0.104712] PM: Registered nosave memory: [mem 0xc0000000-0xfeffbfff]
[    0.104713] PM: Registered nosave memory: [mem 0xfeffc000-0xfeffffff]
[    0.104714] PM: Registered nosave memory: [mem 0xff000000-0xfffbffff]
[    0.104714] PM: Registered nosave memory: [mem 0xfffc0000-0xffffffff]
[    0.104717] [mem 0xc0000000-0xfeffbfff] available for PCI devices
[    0.104721] Booting paravirtualized kernel on KVM
[    0.104784] clocksource: refined-jiffies: mask: 0xffffffff max_cycles: 0xffffffff, max_idle_ns: 7645519600211568 ns
[    0.104796] setup_percpu: NR_CPUS:8192 nr_cpumask_bits:4 nr_cpu_ids:4 nr_node_ids:1
[    0.106638] percpu: Embedded 55 pages/cpu s188416 r8192 d28672 u524288
[    0.106717] KVM setup async PF for cpu 0
[    0.106744] kvm-stealtime: cpu 0, msr 13ba2d040
[    0.106765] PV qspinlock hash table entries: 256 (order: 0, 4096 bytes, linear)
[    0.106805] Built 1 zonelists, mobility grouping on.  Total pages: 1032038
[    0.106808] Policy zone: Normal
[    0.106811] Kernel command line: BOOT_IMAGE=/boot/vmlinuz-5.4.0-64-generic root=UUID=66add23f-3d34-46f1-a540-ebfdd268827e ro ip=dhcp console=ttyS0,115200 console=tty console=ttyS0 text
[    0.110454] Dentry cache hash table entries: 524288 (order: 10, 4194304 bytes, linear)
[    0.112633] Inode-cache hash table entries: 262144 (order: 9, 2097152 bytes, linear)
[    0.112812] mem auto-init: stack:off, heap alloc:on, heap free:off
[    0.156804] Memory: 3932816K/4193772K available (14339K kernel code, 2399K rwdata, 4960K rodata, 2724K init, 4980K bss, 260956K reserved, 0K cma-reserved)
[    0.156824] random: get_random_u64 called from kmem_cache_open+0x2d/0x410 with crng_init=0
[    0.158913] SLUB: HWalign=64, Order=0-3, MinObjects=0, CPUs=4, Nodes=1
[    0.158930] ftrace: allocating 44555 entries in 175 pages
[    0.181448] rcu: Hierarchical RCU implementation.
[    0.181452] rcu: 	RCU restricting CPUs from NR_CPUS=8192 to nr_cpu_ids=4.
[    0.181454] 	Tasks RCU enabled.
[    0.181456] rcu: RCU calculated value of scheduler-enlistment delay is 25 jiffies.
[    0.181457] rcu: Adjusting geometry for rcu_fanout_leaf=16, nr_cpu_ids=4
[    0.184167] NR_IRQS: 524544, nr_irqs: 456, preallocated irqs: 16
[    0.184619] random: crng done (trusting CPU's manufacturer)
[    0.238522] Console: colour VGA+ 80x25
[    0.355006] printk: console [tty0] enabled
[    0.841476] printk: console [ttyS0] enabled
[    0.844058] ACPI: Core revision 20190816
[    0.846939] clocksource: hpet: mask: 0xffffffff max_cycles: 0xffffffff, max_idle_ns: 19112604467 ns
[    0.863003] APIC: Switch to symmetric I/O mode setup
[    0.870876] x2apic enabled
[    0.874540] Switched APIC routing to physical x2apic.
[    0.878207] KVM setup pv IPIs
[    0.898336] ..TIMER: vector=0x30 apic1=0 pin1=2 apic2=-1 pin2=-1
[    0.911709] clocksource: tsc-early: mask: 0xffffffffffffffff max_cycles: 0x2b2c909a7c7, max_idle_ns: 440795208498 ns
[    0.920007] Calibrating delay loop (skipped) preset value.. 5990.40 BogoMIPS (lpj=11980808)
[    0.924014] pid_max: default: 32768 minimum: 301
[    0.928077] LSM: Security Framework initializing
[    0.932044] Yama: becoming mindful.
[    0.936068] AppArmor: AppArmor initialized
[    0.938938] Mount-cache hash table entries: 8192 (order: 4, 65536 bytes, linear)
[    0.940028] Mountpoint-cache hash table entries: 8192 (order: 4, 65536 bytes, linear)
[    0.944062] *** VALIDATE tmpfs ***
[    0.948242] *** VALIDATE proc ***
[    0.952102] *** VALIDATE cgroup1 ***
[    0.956112] *** VALIDATE cgroup2 ***
[    0.960991] x86/cpu: User Mode Instruction Prevention (UMIP) activated
[    0.968393] Last level iTLB entries: 4KB 0, 2MB 0, 4MB 0
[    0.972012] Last level dTLB entries: 4KB 0, 2MB 0, 4MB 0, 1GB 0
[    0.976055] Spectre V1 : Mitigation: usercopy/swapgs barriers and __user pointer sanitization
[    0.980048] Spectre V2 : Mitigation: Enhanced IBRS
[    0.984011] Spectre V2 : Spectre v2 / SpectreRSB mitigation: Filling RSB on context switch
[    0.988019] Spectre V2 : mitigation: Enabling conditional Indirect Branch Prediction Barrier
[    0.992015] Speculative Store Bypass: Mitigation: Speculative Store Bypass disabled via prctl and seccomp
[    0.996493] Freeing SMP alternatives memory: 40K
[    1.008640] smpboot: CPU0: Intel(R) Core(TM) Ultra 5 125H (family: 0x6, model: 0xaa, stepping: 0x4)
[    1.012213] Performance Events: unsupported p6 CPU model 170 no PMU driver, software events only.
[    1.016173] rcu: Hierarchical SRCU implementation.
[    1.020345] NMI watchdog: Perf NMI watchdog permanently disabled
[    1.024387] smp: Bringing up secondary CPUs ...
[    1.028306] x86: Booting SMP configuration:
[    1.032041] .... node  #0, CPUs:      #1
[    0.715476] kvm-clock: cpu 1, msr ba801041, secondary cpu clock
[    1.041689] KVM setup async PF for cpu 1
[    1.044000] kvm-stealtime: cpu 1, msr 13baad040
[    1.076782]  #2
[    0.715476] kvm-clock: cpu 2, msr ba801081, secondary cpu clock
[    1.082857] KVM setup async PF for cpu 2
[    1.084000] kvm-stealtime: cpu 2, msr 13bb2d040
[    1.104654]  #3
[    0.715476] kvm-clock: cpu 3, msr ba8010c1, secondary cpu clock
[    1.121627] KVM setup async PF for cpu 3
[    1.124000] kvm-stealtime: cpu 3, msr 13bbad040
[    1.144689] smp: Brought up 1 node, 4 CPUs
[    1.148053] smpboot: Max logical packages: 1
[    1.152124] smpboot: Total of 4 processors activated (23961.61 BogoMIPS)
[    1.160064] devtmpfs: initialized
[    1.164307] x86/mm: Memory block size: 128MB
[    1.169556] clocksource: jiffies: mask: 0xffffffff max_cycles: 0xffffffff, max_idle_ns: 7645041785100000 ns
[    1.176063] futex hash table entries: 1024 (order: 4, 65536 bytes, linear)
[    1.188280] pinctrl core: initialized pinctrl subsystem
[    1.192438] PM: RTC time: 18:10:36, date: 2026-08-31
[    1.202663] NET: Registered protocol family 16
[    1.208164] audit: initializing netlink subsys (disabled)
[    1.212090] audit: type=2000 audit(1788199835.720:1): state=initialized audit_enabled=0 res=1
[    1.212242] EISA bus registered
[    1.220268] cpuidle: using governor ladder
[    1.224203] cpuidle: using governor menu
[    1.229640] KVM setup pv remote TLB flush
[    1.236458] ACPI: bus type PCI registered
[    1.244112] acpiphp: ACPI Hot Plug PCI Controller Driver version: 0.5
[    1.249287] PCI: Using configuration type 1 for base access
[    1.256872] HugeTLB registered 1.00 GiB page size, pre-allocated 0 pages
[    1.264191] HugeTLB registered 2.00 MiB page size, pre-allocated 0 pages
[    1.313303] ACPI: Added _OSI(Module Device)
[    1.320094] ACPI: Added _OSI(Processor Device)
[    1.332159] ACPI: Added _OSI(3.0 _SCP Extensions)
[    1.344133] ACPI: Added _OSI(Processor Aggregator Device)
[    1.360352] ACPI: Added _OSI(Linux-Dell-Video)
[    1.376320] ACPI: Added _OSI(Linux-Lenovo-NV-HDMI-Audio)
[    1.384100] ACPI: Added _OSI(Linux-HPI-Hybrid-Graphics)
[    1.402413] ACPI: 1 ACPI AML tables successfully acquired and loaded
[    1.421037] ACPI: Interpreter enabled
[    1.424373] ACPI: (supports S0 S3 S4 S5)
[    1.432130] ACPI: Using IOAPIC for interrupt routing
[    1.440647] PCI: Using host bridge windows from ACPI; if necessary, use "pci=nocrs" and report a bug
[    1.456671] ACPI: Enabled 2 GPEs in block 00 to 0F
[    1.471244] ACPI: PCI Root Bridge [PCI0] (domain 0000 [bus 00-ff])
[    1.480231] acpi PNP0A03:00: _OSC: OS supports [ASPM ClockPM Segments MSI HPX-Type3]
[    1.496424] acpi PNP0A03:00: fail to add MMCONFIG information, can't access extended PCI configuration space under this bridge.
[    1.517476] acpiphp: Slot [3] registered
[    1.524694] acpiphp: Slot [4] registered
[    1.528658] acpiphp: Slot [5] registered
[    1.532779] acpiphp: Slot [6] registered
[    1.540305] acpiphp: Slot [7] registered
[    1.544426] acpiphp: Slot [8] registered
[    1.548740] acpiphp: Slot [9] registered
[    1.560882] acpiphp: Slot [10] registered
[    1.565090] acpiphp: Slot [11] registered
[    1.576561] acpiphp: Slot [12] registered
[    1.580309] acpiphp: Slot [13] registered
[    1.589032] acpiphp: Slot [14] registered
[    1.596845] acpiphp: Slot [15] registered
[    1.604640] acpiphp: Slot [16] registered
[    1.612858] acpiphp: Slot [17] registered
[    1.620591] acpiphp: Slot [18] registered
[    1.624180] acpiphp: Slot [19] registered
[    1.628451] acpiphp: Slot [20] registered
[    1.636959] acpiphp: Slot [21] registered
[    1.644945] acpiphp: Slot [22] registered
[    1.652599] acpiphp: Slot [23] registered
[    1.661145] acpiphp: Slot [24] registered
[    1.668628] acpiphp: Slot [25] registered
[    1.676491] acpiphp: Slot [26] registered
[    1.684521] acpiphp: Slot [27] registered
[    1.688733] acpiphp: Slot [28] registered
[    1.700981] acpiphp: Slot [29] registered
[    1.709027] acpiphp: Slot [30] registered
[    1.716559] acpiphp: Slot [31] registered
[    1.720386] PCI host bridge to bus 0000:00
[    1.728164] pci_bus 0000:00: root bus resource [io  0x0000-0x0cf7 window]
[    1.736236] pci_bus 0000:00: root bus resource [io  0x0d00-0xffff window]
[    1.756164] pci_bus 0000:00: root bus resource [mem 0x000a0000-0x000bffff window]
[    1.768119] pci_bus 0000:00: root bus resource [mem 0xc0000000-0xfebfffff window]
[    1.784257] pci_bus 0000:00: root bus resource [mem 0xe0000000000-0xe007fffffff window]
[    1.796335] pci_bus 0000:00: root bus resource [bus 00-ff]
[    1.804434] pci 0000:00:00.0: [8086:1237] type 00 class 0x060000
[    1.814545] pci 0000:00:01.0: [8086:7000] type 00 class 0x060100
[    1.830208] pci 0000:00:01.1: [8086:7010] type 00 class 0x010180
[    1.851889] pci 0000:00:01.1: reg 0x20: [io  0xc060-0xc06f]
[    1.865670] pci 0000:00:01.1: legacy IDE quirk: reg 0x10: [io  0x01f0-0x01f7]
[    1.888185] pci 0000:00:01.1: legacy IDE quirk: reg 0x14: [io  0x03f6]
[    1.904187] pci 0000:00:01.1: legacy IDE quirk: reg 0x18: [io  0x0170-0x0177]
[    1.916151] pci 0000:00:01.1: legacy IDE quirk: reg 0x1c: [io  0x0376]
[    1.931551] pci 0000:00:01.3: [8086:7113] type 00 class 0x068000
[    1.942278] pci 0000:00:01.3: quirk: [io  0x0600-0x063f] claimed by PIIX4 ACPI
[    1.956329] pci 0000:00:01.3: quirk: [io  0x0700-0x070f] claimed by PIIX4 SMB
[    1.972604] pci 0000:00:01.3: quirk_piix4_acpi+0x0/0x170 took 31250 usecs
[    1.985146] pci 0000:00:02.0: [1234:1111] type 00 class 0x030000
[    1.996390] pci 0000:00:02.0: reg 0x10: [mem 0xfd000000-0xfdffffff pref]
[    2.020141] pci 0000:00:02.0: reg 0x18: [mem 0xfebd0000-0xfebd0fff]
[    2.049828] pci 0000:00:02.0: reg 0x30: [mem 0xfebc0000-0xfebcffff pref]
[    2.066373] pci 0000:00:03.0: [1af4:1000] type 00 class 0x020000
[    2.080103] pci 0000:00:03.0: reg 0x10: [io  0xc040-0xc05f]
[    2.089698] pci 0000:00:03.0: reg 0x14: [mem 0xfebd1000-0xfebd1fff]
[    2.103398] pci 0000:00:03.0: reg 0x20: [mem 0xe0040000000-0xe0040003fff 64bit pref]
[    2.121604] pci 0000:00:03.0: reg 0x30: [mem 0xfeb80000-0xfebbffff pref]
[    2.139623] pci 0000:00:04.0: [1af4:1004] type 00 class 0x010000
[    2.147411] pci 0000:00:04.0: reg 0x10: [io  0xc000-0xc03f]
[    2.163329] pci 0000:00:04.0: reg 0x14: [mem 0xfebd2000-0xfebd2fff]
[    2.197315] pci 0000:00:04.0: reg 0x20: [mem 0xe0040004000-0xe0040007fff 64bit pref]
[    2.220099] pci 0000:00:05.0: [1d1d:1f1f] type 00 class 0x010802
[    2.230580] pci 0000:00:05.0: reg 0x10: [mem 0xe0000000000-0xe0000001fff 64bit]
[    2.250435] pci 0000:00:05.0: reg 0x20: [mem 0xfebd3000-0xfebd3fff]
[    2.260874] pci 0000:00:05.0: enabling Extended Tags
[    2.357601] ACPI: PCI Interrupt Link [LNKA] (IRQs 5 *10 11)
[    2.369122] ACPI: PCI Interrupt Link [LNKB] (IRQs 5 *10 11)
[    2.380885] ACPI: PCI Interrupt Link [LNKC] (IRQs 5 10 *11)
[    2.392903] ACPI: PCI Interrupt Link [LNKD] (IRQs 5 10 *11)
[    2.400439] ACPI: PCI Interrupt Link [LNKS] (IRQs *9)
[    2.412138] iommu: Default domain type: Translated 
[    2.420449] SCSI subsystem initialized
[    2.432125] pci 0000:00:02.0: vgaarb: setting as boot VGA device
[    2.436000] pci 0000:00:02.0: vgaarb: VGA device added: decodes=io+mem,owns=io+mem,locks=none
[    2.464110] pci 0000:00:02.0: vgaarb: bridge control possible
[    2.468075] vgaarb: loaded
[    2.476420] ACPI: bus type USB registered
[    2.484695] usbcore: registered new interface driver usbfs
[    2.488304] usbcore: registered new interface driver hub
[    2.496479] usbcore: registered new device driver usb
[    2.504639] pps_core: LinuxPPS API ver. 1 registered
[    2.512035] pps_core: Software ver. 5.3.6 - Copyright 2005-2007 Rodolfo Giometti <giometti@linux.it>
[    2.524255] PTP clock support registered
[    2.532821] EDAC MC: Ver: 3.0.0
[    2.548389] PCI: Using ACPI for IRQ routing
[    2.560029] NetLabel: Initializing
[    2.564027] NetLabel:  domain hash size = 128
[    2.568021] NetLabel:  protocols = UNLABELED CIPSOv4 CALIPSO
[    2.580050] NetLabel:  unlabeled traffic allowed by default
[    2.590560] hpet0: at MMIO 0xfed00000, IRQs 2, 8, 0
[    2.592028] hpet0: 3 comparators, 64-bit 100.000000 MHz counter
[    2.602836] clocksource: Switched to clocksource kvm-clock
[    2.642596] *** VALIDATE bpf ***
[    2.654891] VFS: Disk quotas dquot_6.6.0
[    2.659546] VFS: Dquot-cache hash table entries: 512 (order 0, 4096 bytes)
[    2.674201] *** VALIDATE ramfs ***
[    2.680258] *** VALIDATE hugetlbfs ***
[    2.688554] AppArmor: AppArmor Filesystem Enabled
[    2.692655] pnp: PnP ACPI init
[    2.695814] pnp: PnP ACPI: found 6 devices
[    2.724399] thermal_sys: Registered thermal governor 'fair_share'
[    2.724400] thermal_sys: Registered thermal governor 'bang_bang'
[    2.737430] thermal_sys: Registered thermal governor 'step_wise'
[    2.742011] thermal_sys: Registered thermal governor 'user_space'
[    2.747889] thermal_sys: Registered thermal governor 'power_allocator'
[    2.766822] clocksource: acpi_pm: mask: 0xffffff max_cycles: 0xffffff, max_idle_ns: 2085701024 ns
[    2.795792] pci_bus 0000:00: resource 4 [io  0x0000-0x0cf7 window]
[    2.808848] pci_bus 0000:00: resource 5 [io  0x0d00-0xffff window]
[    2.814641] pci_bus 0000:00: resource 6 [mem 0x000a0000-0x000bffff window]
[    2.822129] pci_bus 0000:00: resource 7 [mem 0xc0000000-0xfebfffff window]
[    2.834104] pci_bus 0000:00: resource 8 [mem 0xe0000000000-0xe007fffffff window]
[    2.841235] NET: Registered protocol family 2
[    2.850557] tcp_listen_portaddr_hash hash table entries: 2048 (order: 3, 32768 bytes, linear)
[    2.857734] TCP established hash table entries: 32768 (order: 6, 262144 bytes, linear)
[    2.876276] TCP bind hash table entries: 32768 (order: 7, 524288 bytes, linear)
[    2.882684] TCP: Hash tables configured (established 32768 bind 32768)
[    2.894066] UDP hash table entries: 2048 (order: 4, 65536 bytes, linear)
[    2.900054] UDP-Lite hash table entries: 2048 (order: 4, 65536 bytes, linear)
[    2.910939] NET: Registered protocol family 1
[    2.917625] NET: Registered protocol family 44
[    2.926786] pci 0000:00:01.0: PIIX3: Enabling Passive Release
[    2.933609] pci 0000:00:00.0: Limiting direct PCI/PCI transfers
[    2.944244] pci 0000:00:00.0: quirk_natoma+0x0/0x20 took 10240 usecs
[    2.950085] pci 0000:00:01.0: Activating ISA DMA hang workarounds
[    2.955945] pci 0000:00:02.0: Video device with shadowed ROM at [mem 0x000c0000-0x000dffff]
[    2.965363] PCI: CLS 0 bytes, default 64
[    2.969413] Trying to unpack rootfs image as initramfs...
[    3.755229] Freeing initrd memory: 89336K
[    3.762266] PCI-DMA: Using software bounce buffering for IO (SWIOTLB)
[    3.767893] software IO TLB: mapped [mem 0xbbfdd000-0xbffdd000] (64MB)
[    3.783135] clocksource: tsc: mask: 0xffffffffffffffff max_cycles: 0x2b2c909a7c7, max_idle_ns: 440795208498 ns
[    3.824637] check: Scanning for low memory corruption every 60 seconds
[    3.854287] Initialise system trusted keyrings
[    3.873060] Key type blacklist registered
[    3.888439] workingset: timestamp_bits=36 max_order=20 bucket_order=0
[    3.908665] zbud: loaded
[    3.940823] squashfs: version 4.0 (2009/01/31) Phillip Lougher
[    3.952281] fuse: init (API version 7.31)
[    3.957293] *** VALIDATE fuse ***
[    3.967840] *** VALIDATE fuse ***
[    3.974485] Platform Keyring initialized
[    3.987901] Key type asymmetric registered
[    3.991896] Asymmetric key parser 'x509' registered
[    4.005281] Block layer SCSI generic (bsg) driver version 0.4 loaded (major 244)
[    4.015729] io scheduler mq-deadline registered
[    4.026865] shpchp: Standard Hot Plug PCI Controller Driver version: 0.4
[    4.037247] input: Power Button as /devices/LNXSYSTM:00/LNXPWRBN:00/input/input0
[    4.050299] ACPI: Power Button [PWRF]
[    4.060125] PCI Interrupt Link [LNKC] enabled at IRQ 11
[    4.083803] PCI Interrupt Link [LNKD] enabled at IRQ 10
[    4.106195] Serial: 8250/16550 driver, 32 ports, IRQ sharing enabled
[    4.168412] 00:04: ttyS0 at I/O 0x3f8 (irq = 4, base_baud = 115200) is a 16550A
[    4.197367] Linux agpgart interface v0.103
[    4.217582] loop: module loaded
[    4.232724] scsi host0: ata_piix
[    4.238314] scsi host1: ata_piix
[    4.242121] ata1: PATA max MWDMA2 cmd 0x1f0 ctl 0x3f6 bmdma 0xc060 irq 14
[    4.256807] ata2: PATA max MWDMA2 cmd 0x170 ctl 0x376 bmdma 0xc068 irq 15
[    4.265789] libphy: Fixed MDIO Bus: probed
[    4.279762] tun: Universal TUN/TAP device driver, 1.6
[    4.288545] PPP generic driver version 2.4.2
[    4.297992] VFIO - User Level meta-driver version: 0.3
[    4.303910] ehci_hcd: USB 2.0 'Enhanced' Host Controller (EHCI) Driver
[    4.315891] ehci-pci: EHCI PCI platform driver
[    4.320899] ehci-platform: EHCI generic platform driver
[    4.330166] ohci_hcd: USB 1.1 'Open' Host Controller (OHCI) Driver
[    4.338362] ohci-pci: OHCI PCI platform driver
[    4.342351] ohci-platform: OHCI generic platform driver
[    4.355898] uhci_hcd: USB Universal Host Controller Interface driver
[    4.362895] i8042: PNP: PS/2 Controller [PNP0303:KBD,PNP0f13:MOU] at 0x60,0x64 irq 1,12
[    4.381504] serio: i8042 KBD port at 0x60,0x64 irq 1
[    4.394678] serio: i8042 AUX port at 0x60,0x64 irq 12
[    4.403140] mousedev: PS/2 mouse device common for all mice
[    4.423603] rtc_cmos 00:05: RTC can wake from S4
[    4.427620] input: AT Translated Set 2 keyboard as /devices/platform/i8042/serio0/input/input1
[    4.442994] rtc_cmos 00:05: registered as rtc0
[    4.459963] rtc_cmos 00:05: alarms up to one day, y3k, 242 bytes nvram, hpet irqs
[    4.471764] i2c /dev entries driver
[    4.479251] device-mapper: uevent: version 1.0.3
[    4.485380] device-mapper: ioctl: 4.41.0-ioctl (2019-09-16) initialised: dm-devel@redhat.com
[    4.498032] platform eisa.0: Probing EISA bus 0
[    4.508829] platform eisa.0: EISA: Cannot allocate resource for mainboard
[    4.517035] platform eisa.0: Cannot allocate resource for EISA slot 1
[    4.531387] platform eisa.0: Cannot allocate resource for EISA slot 2
[    4.539602] platform eisa.0: Cannot allocate resource for EISA slot 3
[    4.554412] platform eisa.0: Cannot allocate resource for EISA slot 4
[    4.565982] platform eisa.0: Cannot allocate resource for EISA slot 5
[    4.584902] platform eisa.0: Cannot allocate resource for EISA slot 6
[    4.592158] platform eisa.0: Cannot allocate resource for EISA slot 7
[    4.604436] platform eisa.0: Cannot allocate resource for EISA slot 8
[    4.612351] platform eisa.0: EISA: Detected 0 cards
[    4.625471] intel_pstate: CPU model not supported
[    4.632187] ledtrig-cpu: registered to indicate activity on CPUs
[    4.644744] drop_monitor: Initializing network drop monitor service
[    4.654206] NET: Registered protocol family 10
[    4.687097] Segment Routing with IPv6
[    4.692275] NET: Registered protocol family 17
[    4.702772] Key type dns_resolver registered
[    4.712603] RAS: Correctable Errors collector initialized.
[    4.728986] IPI shorthand broadcast: enabled
[    4.742084] sched_clock: Marking stable (4030206821, 711476324)->(5013686696, -272003551)
[    4.758349] registered taskstats version 1
[    4.768214] Loading compiled-in X.509 certificates
[    4.785664] Loaded X.509 cert 'Build time autogenerated kernel key: 7f1af841edfbf04e4b72462ffb6202c30b2da0bb'
[    4.805656] zswap: loaded using pool lzo/zbud
[    4.816810] Key type ._fscrypt registered
[    4.827872] Key type .fscrypt registered
[    4.863364] Key type big_key registered
[    4.880903] Key type encrypted registered
[    4.887049] AppArmor: AppArmor sha1 policy hashing enabled
[    4.902264] ima: No TPM chip found, activating TPM-bypass!
[    4.917637] ima: Allocated hash algorithm: sha1
[    4.924262] ima: No architecture policies found
[    4.933800] evm: Initialising EVM extended attributes:
[    4.946038] evm: security.selinux
[    4.951850] evm: security.SMACK64
[    4.962314] evm: security.SMACK64EXEC
[    4.968159] evm: security.SMACK64TRANSMUTE
[    4.978367] evm: security.SMACK64MMAP
[    4.983612] evm: security.apparmor
[    4.990560] evm: security.ima
[    5.000502] evm: security.capability
[    5.009544] evm: HMAC attrs: 0x1
[    5.022660] PM:   Magic number: 6:868:191
[    5.034764] acpi device:1d: hash matches
[    5.039680] rtc_cmos 00:05: setting system clock to 2026-08-31T18:10:40 UTC (1788199840)
[    5.074551] Freeing unused decrypted memory: 2040K
[    5.082661] Freeing unused kernel image memory: 2724K
[    5.100202] Write protecting the kernel read-only data: 22528k
[    5.112436] Freeing unused kernel image memory: 2008K
[    5.122407] Freeing unused kernel image memory: 1184K
[    5.150900] x86/mm: Checked W+X mappings: passed, no W+X pages found.
[    5.161315] Run /init as init process
Loading, please wait...
Starting version 245.4-4ubuntu3.2
[    5.346012] Floppy drive(s): fd0 is 2.88M AMI BIOS
[    5.379555] piix4_smbus 0000:00:01.3: SMBus Host Controller at 0x700, revision 0
[    5.412145] FDC 0 is a S82078B
[    5.433767] scsi host2: Virtio SCSI HBA
[    5.443233] input: VirtualPS/2 VMware VMMouse as /devices/platform/i8042/serio1/input/input4
[    5.501234] input: VirtualPS/2 VMware VMMouse as /devices/platform/i8042/serio1/input/input3
[    5.509918] scsi 2:0:0:0: Direct-Access     QEMU     QEMU HARDDISK    2.5+ PQ: 0 ANSI: 5
[    5.564375] nvme nvme0: pci function 0000:00:05.0
[    5.572261] PCI Interrupt Link [LNKA] enabled at IRQ 10
[    5.634997] cryptd: max_cpu_qlen set to 1000
[    5.659960] nvme nvme0: 4/0/0 default/read/poll queues
[    5.755553] virtio_net virtio0 ens3: renamed from eth0
[    5.792416] AVX2 version of gcm_enc/dec engaged.
[    5.822430] AES CTR mode by8 optimization enabled
[    5.930881] sd 2:0:0:0: Power-on or device reset occurred
[    5.931103] sd 2:0:0:0: Attached scsi generic sg0 type 0
[    5.956611] bochs-drm 0000:00:02.0: remove_conflicting_pci_framebuffers: bar 0: 0xfd000000 -> 0xfdffffff
[    5.973470] sd 2:0:0:0: [sda] 167772160 512-byte logical blocks: (85.9 GB/80.0 GiB)
[    5.994743] bochs-drm 0000:00:02.0: remove_conflicting_pci_framebuffers: bar 2: 0xfebd0000 -> 0xfebd0fff
[    5.995201] bochs-drm 0000:00:02.0: vgaarb: deactivate vga console
[    6.028295] sd 2:0:0:0: [sda] Write Protect is off
[    6.037898] sd 2:0:0:0: [sda] Write cache: enabled, read cache: enabled, supports DPO and FUA
[    6.156536] Console: switching to colour dummy device 80x25
[    6.167540] [drm] Found bochs VGA, ID 0xb0c5.
[    6.177063] [drm] Framebuffer size 16384 kB @ 0xfd000000, mmio @ 0xfebd0000.
[    6.177376]  sda: sda1 sda2
[    6.188831] [TTM] Zone  kernel: Available graphics memory: 2015074 KiB
[    6.204108] [TTM] Initializing pool allocator
[    6.215674] [TTM] Initializing DMA pool allocator
[    6.216756] sd 2:0:0:0: [sda] Attached SCSI disk
[    6.234026] [drm] Found EDID data blob.
[    6.243238] [drm] Initialized bochs-drm 1.0.0 20130925 for 0000:00:02.0 on minor 0
[    6.263685] fbcon: bochs-drmdrmfb (fb0) is primary device
[    6.307338] Console: switching to colour frame buffer device 160x50
[    6.331210] bochs-drm 0000:00:02.0: fb0: bochs-drmdrmfb frame buffer device
Begin: Loading essential drivers ... [    6.648422] raid6: avx2x4   gen()  8970 MB/s
[    6.708372] raid6: avx2x4   xor()  4089 MB/s
[    6.772255] raid6: avx2x2   gen()  9185 MB/s
[    6.824278] raid6: avx2x2   xor()  6894 MB/s
[    6.876214] raid6: avx2x1   gen()  9441 MB/s
[    6.928531] raid6: avx2x1   xor()  7835 MB/s
[    6.984283] raid6: sse2x4   gen()  8977 MB/s
[    7.040223] raid6: sse2x4   xor()  3233 MB/s
[    7.092277] raid6: sse2x2   gen()  8813 MB/s
[    7.140253] raid6: sse2x2   xor()  4516 MB/s
[    7.192280] raid6: sse2x1   gen()  6726 MB/s
[    7.244167] raid6: sse2x1   xor()  3788 MB/s
[    7.253280] raid6: using algorithm avx2x1 gen() 9441 MB/s
[    7.267186] raid6: .... xor() 7835 MB/s, rmw enabled
[    7.275721] raid6: using avx2x2 recovery algorithm
[    7.295739] xor: automatically using best checksumming function   avx       
[    7.311572] async_tx: api initialized (async)
done.
Begin: Running /scripts/init-premount ... done.
Begin: Mounting root file system ... Begin: Running /scripts/local-top ... done.
Begin: Running /scripts/local-premount ... [    7.480582] Btrfs loaded, crc32c=crc32c-intel
Scanning for Btrfs filesystems
[    7.580677] blk_update_request: I/O error, dev fd0, sector 0 op 0x0:(READ) flags 0x0 phys_seg 1 prio class 0
[    7.588128] floppy: error 10 while reading block 0
done.
Warning: fsck not present, so skipping root file system
[    7.726923] EXT4-fs (sda2): mounted filesystem with ordered data mode. Opts: (null)
done.
Begin: Running /scripts/local-bottom ... done.
Begin: Running /scripts/init-bottom ... Internet Systems Consortium DHCP Client 4.4.1
Copyright 2004-2018 Internet Systems Consortium.
All rights reserved.
For info, please visit https://www.isc.org/software/dhcp/

Listening on LPF/ens3/52:54:00:12:34:56
Sending on   LPF/ens3/52:54:00:12:34:56
Sending on   Socket/fallback
DHCPDISCOVER on ens3 to 255.255.255.255 port 67 interval 3 (xid=0x2edede52)
DHCPOFFER of 10.0.2.15 from 10.0.2.2
DHCPREQUEST for 10.0.2.15 on ens3 to 255.255.255.255 port 67 (xid=0x52dede2e)
DHCPACK of 10.0.2.15 from 10.0.2.2 (xid=0x2edede52)
bound to 10.0.2.15 -- renewal in 35098 seconds.
done.
[    8.464719] systemd[1]: Inserted module 'autofs4'
[    8.523678] systemd[1]: systemd 245.4-4ubuntu3.20 running in system mode. (+PAM +AUDIT +SELINUX +IMA +APPARMOR +SMACK +SYSVINIT +UTMP +LIBCRYPTSETUP +GCRYPT +GNUTLS +ACL +XZ +LZ4 +SECCOMP +BLKID +ELFUTILS +KMOD +IDN2 -IDN +PCRE2 default-hierarchy=hybrid)
[    8.572311] systemd[1]: Detected virtualization kvm.
[    8.594287] systemd[1]: Detected architecture x86-64.

Welcome to [1mUbuntu 20.04.1 LTS[0m!

[    8.651339] systemd[1]: Set hostname to <fvm>.
[    9.332207] systemd[1]: Created slice system-modprobe.slice.
[[0;32m  OK  [0m] Created slice [0;1;39msystem-modprobe.slice[0m.
[    9.354157] systemd[1]: Created slice system-serial\x2dgetty.slice.
[[0;32m  OK  [0m] Created slice [0;1;39msystem-serial\x2dgetty.slice[0m.
[    9.373036] systemd[1]: Created slice User and Session Slice.
[[0;32m  OK  [0m] Created slice [0;1;39mUser and Session Slice[0m.
[    9.401643] systemd[1]: Started Forward Password Requests to Wall Directory Watch.
[[0;32m  OK  [0m] Started [0;1;39mForward Password R…uests to Wall Directory Watch[0m.
[    9.427077] systemd[1]: Set up automount Arbitrary Executable File Formats File System Automount Point.
[[0;32m  OK  [0m] Set up automount [0;1;39mArbitrary…s File System Automount Point[0m.
[    9.454728] systemd[1]: Reached target User and Group Name Lookups.
[[0;32m  OK  [0m] Reached target [0;1;39mUser and Group Name Lookups[0m.
[    9.480357] systemd[1]: Reached target Slices.
[[0;32m  OK  [0m] Reached target [0;1;39mSlices[0m.
[    9.497482] systemd[1]: Listening on Device-mapper event daemon FIFOs.
[[0;32m  OK  [0m] Listening on [0;1;39mDevice-mapper event daemon FIFOs[0m.
[    9.520952] systemd[1]: Listening on LVM2 poll daemon socket.
[[0;32m  OK  [0m] Listening on [0;1;39mLVM2 poll daemon socket[0m.
[    9.543950] systemd[1]: Listening on multipathd control socket.
[[0;32m  OK  [0m] Listening on [0;1;39mmultipathd control socket[0m.
[    9.569452] systemd[1]: Listening on Syslog Socket.
[[0;32m  OK  [0m] Listening on [0;1;39mSyslog Socket[0m.
[    9.597149] systemd[1]: Listening on initctl Compatibility Named Pipe.
[[0;32m  OK  [0m] Listening on [0;1;39minitctl Compatibility Named Pipe[0m.
[    9.630164] systemd[1]: Listening on Journal Audit Socket.
[[0;32m  OK  [0m] Listening on [0;1;39mJournal Audit Socket[0m.
[    9.680429] systemd[1]: Listening on Journal Socket (/dev/log).
[[0;32m  OK  [0m] Listening on [0;1;39mJournal Socket (/dev/log)[0m.
[    9.715110] systemd[1]: Listening on Journal Socket.
[[0;32m  OK  [0m] Listening on [0;1;39mJournal Socket[0m.
[    9.732888] systemd[1]: Listening on Network Service Netlink Socket.
[[0;32m  OK  [0m] Listening on [0;1;39mNetwork Service Netlink Socket[0m.
[    9.768124] systemd[1]: Listening on udev Control Socket.
[[0;32m  OK  [0m] Listening on [0;1;39mudev Control Socket[0m.
[    9.790615] systemd[1]: Listening on udev Kernel Socket.
[[0;32m  OK  [0m] Listening on [0;1;39mudev Kernel Socket[0m.
[    9.817788] systemd[1]: Mounting Huge Pages File System...
         Mounting [0;1;39mHuge Pages File System[0m...
[    9.854561] systemd[1]: Mounting POSIX Message Queue File System...
         Mounting [0;1;39mPOSIX Message Queue File System[0m...
[    9.894023] systemd[1]: Mounting Kernel Debug File System...
         Mounting [0;1;39mKernel Debug File System[0m...
[    9.930195] systemd[1]: Mounting Kernel Trace File System...
         Mounting [0;1;39mKernel Trace File System[0m...
[    9.975349] systemd[1]: Starting Journal Service...
         Starting [0;1;39mJournal Service[0m...
[   10.013885] systemd[1]: Starting Set the console keyboard layout...
         Starting [0;1;39mSet the console keyboard layout[0m...
[   10.090205] systemd[1]: Starting Create list of static device nodes for the current kernel...
         Starting [0;1;39mCreate list of st…odes for the current kernel[0m...
[   10.143381] systemd[1]: Starting Monitoring of LVM2 mirrors, snapshots etc. using dmeventd or progress polling...
         Starting [0;1;39mMonitoring of LVM…meventd or progress polling[0m...
[   10.186450] systemd[1]: Starting Load Kernel Module chromeos_pstore...
         Starting [0;1;39mLoad Kernel Module chromeos_pstore[0m...
[   10.211059] systemd[1]: Condition check resulted in Load Kernel Module drm being skipped.
[   10.226435] systemd[1]: Starting Load Kernel Module efi_pstore...
         Starting [0;1;39mLoad Kernel Module efi_pstore[0m...
[   10.242198] systemd[1]: Starting Load Kernel Module pstore_blk...
         Starting [0;1;39mLoad Kernel Module pstore_blk[0m...
[   10.262650] systemd[1]: Starting Load Kernel Module pstore_zone...
         Starting [0;1;39mLoad Kernel Module pstore_zone[0m...
[   10.279639] systemd[1]: Starting Load Kernel Module ramoops...
         Starting [0;1;39mLoad Kernel Module ramoops[0m...
[   10.303603] systemd[1]: Condition check resulted in Set Up Additional Binary Formats being skipped.
[   10.320770] systemd[1]: Starting Load Kernel Modules...
         Starting [0;1;39mLoad Kernel Modules[0m...
[   10.339128] systemd[1]: Starting Remount Root and Kernel File Systems...
         Starting [0;1;39mRemount Root and Kernel File Systems[0m...
[   10.354474] systemd[1]: Starting udev Coldplug all Devices...
[   10.370305] EXT4-fs (sda2): re-mounted. Opts: (null)
         Starting [0;1;39mudev Coldplug all Devices[0m...
[   10.398190] systemd[1]: Starting Uncomplicated firewall...
         Starting [0;1;39mUncomplicated firewall[0m...
[   10.419572] systemd[1]: Started Journal Service.
[[0;32m  OK  [0m] Started [0;1;39mJournal Service[0m.
[[0;32m  OK  [0m] Mounted [0;1;39mHuge Pages File System[0m.
[[0;32m  OK  [0m] Mounted [0;1;39mPOSIX Message Queue File System[0m.
[[0;32m  OK  [0m] Mounted [0;1;39mKernel Debug File System[0m.
[[0;32m  OK  [0m] Mounted [0;1;39mKernel Trace File System[0m.
[[0;32m  OK  [0m] Finished [0;1;39mSet the console keyboard layout[0m.
[[0;32m  OK  [0m] Finished [0;1;39mCreate list of st… nodes for the current kernel[0m.
[[0;32m  OK  [0m] Finished [0;1;39mMonitoring of LVM… dmeventd or progress polling[0m.
[[0;32m  OK  [0m] Finished [0;1;39mLoad Kernel Module chromeos_pstore[0m.
[[0;32m  OK  [0m] Finished [0;1;39mLoad Kernel Module efi_pstore[0m.
[[0;32m  OK  [0m] Finished [0;1;39mLoad Kernel Module pstore_blk[0m.
[[0;32m  OK  [0m] Finished [0;1;39mLoad Kernel Module pstore_zone[0m.
[[0;32m  OK  [0m] Finished [0;1;39mLoad Kernel Module ramoops[0m.
[[0;32m  OK  [0m] Finished [0;1;39mLoad Kernel Modules[0m.
[[0;32m  OK  [0m] Finished [0;1;39mRemount Root and Kernel File Systems[0m.
[[0;32m  OK  [0m] Finished [0;1;39mUncomplicated firewall[0m.
         Activating swap [0;1;39m/swap.img[0m...
         Mounting [0;1;39mFUSE Control File System[0m...
         Mounting [0;1;39mKernel Configuration File System[0m...
         Starting [0;1;39mFlush Journal to Persistent Storage[0m...
         Starting [0;1;39mLoad/Save Random Seed[0m...
[   10.683080] systemd-journald[371]: Received client request to flush runtime journal.
         Starting [0;1;39mApply Kernel Variables[0m...
         Starting [0;1;39mCreate System Users[0m...
[[0;32m  OK  [0m] Finished [0;1;39mudev Coldplug all Devices[0m.
[[0;32m  OK  [0m] Mounted [0;1;39mFUSE Control File System[0m.
[[0;32m  OK  [0m] Mounted [0;1;39mKernel Configuration File System[0m.
         Starting [0;1;39mudev Wait for Complete Device Initialization[0m...
[[0;32m  OK  [0m] Finished [0;1;39mLoad/Save Random Seed[0m.
[[0;32m  OK  [0m] Finished [0;1;39mCreate System Users[0m.
         Starting [0;1;39mCreate Static Device Nodes in /dev[0m...
[[0;32m  OK  [0m] Finished [0;1;39mApply Kernel Variables[0m.
[[0;32m  OK  [0m] Activated swap [0;1;39m/swap.img[0m.
[[0;32m  OK  [0m] Reached target [0;1;39mSwap[0m.
[[0;32m  OK  [0m] Finished [0;1;39mCreate Static Device Nodes in /dev[0m.
         Starting [0;1;39mudev Kernel Device Manager[0m...
[[0;32m  OK  [0m] Finished [0;1;39mFlush Journal to Persistent Storage[0m.
[[0;32m  OK  [0m] Started [0;1;39mudev Kernel Device Manager[0m.
[[0;32m  OK  [0m] Started [0;1;39mDispatch Password …ts to Console Directory Watch[0m.
[[0;32m  OK  [0m] Reached target [0;1;39mLocal Encrypted Volumes[0m.
         Starting [0;1;39mNetwork Service[0m...
[[0;32m  OK  [0m] Started [0;1;39mNetwork Service[0m.
         Starting [0;1;39mWait for Network to be Configured[0m...
[[0;32m  OK  [0m] Finished [0;1;39mWait for Network to be Configured[0m.
[[0;32m  OK  [0m] Found device [0;1;39m/dev/ttyS0[0m.
[[0;32m  OK  [0m] Listening on [0;1;39mLoad/Save RF …itch Status /dev/rfkill Watch[0m.
[[0;32m  OK  [0m] Finished [0;1;39mudev Wait for Complete Device Initialization[0m.
         Starting [0;1;39mDevice-Mapper Multipath Device Controller[0m...
[[0;32m  OK  [0m] Started [0;1;39mDevice-Mapper Multipath Device Controller[0m.
[[0;32m  OK  [0m] Reached target [0;1;39mLocal File Systems (Pre)[0m.
         Mounting [0;1;39mMount unit for core18, revision 1880[0m...
         Mounting [0;1;39mMount unit for lxd, revision 16099[0m...
         Mounting [0;1;39mMount unit for snapd, revision 8542[0m...
[[0;32m  OK  [0m] Mounted [0;1;39mMount unit for core18, revision 1880[0m.
[[0;32m  OK  [0m] Mounted [0;1;39mMount unit for lxd, revision 16099[0m.
[[0;32m  OK  [0m] Mounted [0;1;39mMount unit for snapd, revision 8542[0m.
[[0;32m  OK  [0m] Reached target [0;1;39mLocal File Systems[0m.
         Starting [0;1;39mLoad AppArmor profiles[0m...
         Starting [0;1;39mSet console font and keymap[0m...
         Starting [0;1;39mCreate final runt…dir for shutdown pivot root[0m...
         Starting [0;1;39mTell Plymouth To Write Out Runtime Data[0m...
         Starting [0;1;39mCreate Volatile Files and Directories[0m...
[[0;32m  OK  [0m] Finished [0;1;39mSet console font and keymap[0m.
[[0;32m  OK  [0m] Finished [0;1;39mCreate final runt…e dir for shutdown pivot root[0m.
[[0;32m  OK  [0m] Finished [0;1;39mTell Plymouth To Write Out Runtime Data[0m.
[[0;32m  OK  [0m] Finished [0;1;39mCreate Volatile Files and Directories[0m.
         Starting [0;1;39mNetwork Name Resolution[0m...
         Starting [0;1;39mNetwork Time Synchronization[0m...
         Starting [0;1;39mUpdate UTMP about System Boot/Shutdown[0m...
[[0;32m  OK  [0m] Finished [0;1;39mUpdate UTMP about System Boot/Shutdown[0m.
[[0;32m  OK  [0m] Finished [0;1;39mLoad AppArmor profiles[0m.
         Starting [0;1;39mLoad AppArmor pro…managed internally by snapd[0m...
[[0;32m  OK  [0m] Started [0;1;39mNetwork Time Synchronization[0m.
[[0;32m  OK  [0m] Finished [0;1;39mLoad AppArmor pro…s managed internally by snapd[0m.
[[0;32m  OK  [0m] Reached target [0;1;39mSystem Initialization[0m.
[[0;32m  OK  [0m] Started [0;1;39mDaily Cleanup of Temporary Directories[0m.
[[0;32m  OK  [0m] Reached target [0;1;39mPaths[0m.
[[0;32m  OK  [0m] Reached target [0;1;39mSystem Time Set[0m.
[[0;32m  OK  [0m] Reached target [0;1;39mSystem Time Synchronized[0m.
[[0;32m  OK  [0m] Started [0;1;39mDaily apt download activities[0m.
[[0;32m  OK  [0m] Started [0;1;39mDaily apt upgrade and clean activities[0m.
[[0;32m  OK  [0m] Started [0;1;39mPeriodic ext4 Onli…ata Check for All Filesystems[0m.
[[0;32m  OK  [0m] Started [0;1;39mDiscard unused blocks once a week[0m.
[[0;32m  OK  [0m] Started [0;1;39mRefresh fwupd metadata regularly[0m.
[[0;32m  OK  [0m] Started [0;1;39mDaily rotation of log files[0m.
[[0;32m  OK  [0m] Started [0;1;39mDaily man-db regeneration[0m.
[[0;32m  OK  [0m] Started [0;1;39mMessage of the Day[0m.
[[0;32m  OK  [0m] Reached target [0;1;39mTimers[0m.
[[0;32m  OK  [0m] Listening on [0;1;39mD-Bus System Message Bus Socket[0m.
[[0;32m  OK  [0m] Listening on [0;1;39mOpen-iSCSI iscsid Socket[0m.
[[0;32m  OK  [0m] Listening on [0;1;39mSocket unix for snap application lxd.daemon[0m.
         Starting [0;1;39mSocket activation for snappy daemon[0m.
[[0;32m  OK  [0m] Listening on [0;1;39mUUID daemon activation socket[0m.
[[0;32m  OK  [0m] Started [0;1;39mNetwork Name Resolution[0m.
[[0;32m  OK  [0m] Listening on [0;1;39mSocket activation for snappy daemon[0m.
[[0;32m  OK  [0m] Reached target [0;1;39mNetwork[0m.
[[0;32m  OK  [0m] Reached target [0;1;39mNetwork is Online[0m.
[[0;32m  OK  [0m] Reached target [0;1;39mHost and Network Name Lookups[0m.
[[0;32m  OK  [0m] Reached target [0;1;39mSockets[0m.
[[0;32m  OK  [0m] Reached target [0;1;39mBasic System[0m.
         Starting [0;1;39mAccounts Service[0m...
[[0;32m  OK  [0m] Started [0;1;39mD-Bus System Message Bus[0m.
[[0;32m  OK  [0m] Started [0;1;39mSave initial kernel messages after boot[0m.
         Starting [0;1;39mRemove Stale Onli…t4 Metadata Check Snapshots[0m...
         Starting [0;1;39mLSB: Record successful boot for GRUB[0m...
         Starting [0;1;39mGRUB failed boot detection[0m...
[[0;32m  OK  [0m] Started [0;1;39mirqbalance daemon[0m.
         Starting [0;1;39mDispatcher daemon for systemd-networkd[0m...
[[0;32m  OK  [0m] Reached target [0;1;39mRemote File Systems (Pre)[0m.
[[0;32m  OK  [0m] Reached target [0;1;39mRemote File Systems[0m.
         Starting [0;1;39mLSB: automatic crash report generation[0m...
         Starting [0;1;39mDeferred execution scheduler[0m...
         Starting [0;1;39mAvailability of block devices[0m...
[[0;32m  OK  [0m] Started [0;1;39mRegular background program processing daemon[0m.
         Starting [0;1;39mSystem Logging Service[0m...
         Starting [0;1;39mService for snap application lxd.activate[0m...
         Starting [0;1;39mSnap Daemon[0m...
         Starting [0;1;39mOpenBSD Secure Shell server[0m...
         Starting [0;1;39mLogin Service[0m...
         Starting [0;1;39mPermit User Sessions[0m...
         Starting [0;1;39mThermal Daemon Service[0m...
[[0;32m  OK  [0m] Finished [0;1;39mRemove Stale Onli…ext4 Metadata Check Snapshots[0m.
[[0;32m  OK  [0m] Started [0;1;39mDeferred execution scheduler[0m.
[[0;32m  OK  [0m] Finished [0;1;39mAvailability of block devices[0m.
[[0;32m  OK  [0m] Finished [0;1;39mPermit User Sessions[0m.
[[0;32m  OK  [0m] Finished [0;1;39mGRUB failed boot detection[0m.
[[0;32m  OK  [0m] Started [0;1;39mThermal Daemon Service[0m.
[[0;32m  OK  [0m] Started [0;1;39mSystem Logging Service[0m.
[[0;32m  OK  [0m] Started [0;1;39mOpenBSD Secure Shell server[0m.
[[0;32m  OK  [0m] Started [0;1;39mLogin Service[0m.
         Starting [0;1;39mHold until boot process finishes up[0m...
         Starting [0;1;39mTerminate Plymouth Boot Screen[0m...
         Starting [0;1;39mAuthorization Manager[0m...
[[0;32m  OK  [0m] Started [0;1;39mUnattended Upgrades Shutdown[0m.
[[0;32m  OK  [0m] Started [0;1;39mLSB: Record successful boot for GRUB[0m.
[[0;32m  OK  [0m] Started [0;1;39mLSB: automatic crash report generation[0m.
[[0;32m  OK  [0m] Finished [0;1;39mHold until boot process finishes up[0m.
[[0;32m  OK  [0m] Finished [0;1;39mTerminate Plymouth Boot Screen[0m.
[[0;32m  OK  [0m] Started [0;1;39mSerial Getty on ttyS0[0m.
         Starting [0;1;39mSet console scheme[0m...
[[0;32m  OK  [0m] Started [0;1;39mAuthorization Manager[0m.
[[0;32m  OK  [0m] Finished [0;1;39mSet console scheme[0m.
[[0;32m  OK  [0m] Started [0;1;39mAccounts Service[0m.
[[0;32m  OK  [0m] Created slice [0;1;39msystem-getty.slice[0m.
[[0;32m  OK  [0m] Started [0;1;39mGetty on tty1[0m.
[[0;32m  OK  [0m] Reached target [0;1;39mLogin Prompts[0m.
[[0;32m  OK  [0m] Started [0;1;39mDispatcher daemon for systemd-networkd[0m.
[[0;32m  OK  [0m] Created slice [0;1;39mUser Slice of UID 1000[0m.
         Starting [0;1;39mUser Runtime Directory /run/user/1000[0m...
[[0;32m  OK  [0m] Finished [0;1;39mUser Runtime Directory /run/user/1000[0m.
         Starting [0;1;39mUser Manager for UID 1000[0m...
[[0;32m  OK  [0m] Started [0;1;39mUser Manager for UID 1000[0m.
[[0;32m  OK  [0m] Started [0;1;39mSession 1 of user femu[0m.
[[0;32m  OK  [0m] Started [0;1;39mSnap Daemon[0m.
         Starting [0;1;39mWait until snapd is fully seeded[0m...
[[0;32m  OK  [0m] Finished [0;1;39mWait until snapd is fully seeded[0m.
[[0;32m  OK  [0m] Finished [0;1;39mService for snap application lxd.activate[0m.
[[0;32m  OK  [0m] Reached target [0;1;39mMulti-User System[0m.
[[0;32m  OK  [0m] Reached target [0;1;39mGraphical Interface[0m.
         Starting [0;1;39mUpdate UTMP about System Runlevel Changes[0m...
[[0;32m  OK  [0m] Finished [0;1;39mUpdate UTMP about System Runlevel Changes[0m.

Ubuntu 20.04.1 LTS fvm ttyS0

fvm login: [FEMU] FTL-Log: BBSSD-STATS version=V4 hot_pool_percent=20 initial_hot_lines=25 initial_cold_lines=103 frequency_window_ns=1000000000 hot_writes_per_window=4 cold_writes_per_window=1 erase_event_threshold=1 host_page_writes=1572864 nand_page_writes=1572864 gc_page_writes=0 block_erases=0 waf=1.000000 gc_count=0 average_gc_copy=N/A host_hot_writes=0 host_cold_writes=1572864 hot_write_ratio=0.000000 host_cold_low_frequency_writes=1572864 host_hot_high_frequency_writes=0 host_hot_erase_signal_writes=0 host_cold_erase_signal_writes=0 mid_frequency_erase_events_zero=0 mid_frequency_erase_events_one=0 mid_frequency_erase_events_two=0 mid_frequency_erase_events_three_plus=0 gc_hot_writes=0 gc_cold_writes=0 cold_to_hot_count=0 hot_to_cold_count=0 hot_pool_empty_count=0 cold_pool_empty_count=0 borrow_count=0 emergency_gc_count=0 counter_invariant=PASS
[FEMU] Log: vSSD0,Reset tt_late_ios/tt_ios,6370/6585
[FEMU] FTL-Log: BBSSD-STATS version=V4 hot_pool_percent=20 initial_hot_lines=25 initial_cold_lines=103 frequency_window_ns=1000000000 hot_writes_per_window=4 cold_writes_per_window=1 erase_event_threshold=1 host_page_writes=134333028 nand_page_writes=946186306 gc_page_writes=811853278 block_erases=3695616 waf=7.043587 gc_count=57744 average_gc_copy=14059.526150 host_hot_writes=36641957 host_cold_writes=97691071 hot_write_ratio=0.272770 host_cold_low_frequency_writes=95453808 host_hot_high_frequency_writes=20478612 host_hot_erase_signal_writes=16163345 host_cold_erase_signal_writes=2237263 mid_frequency_erase_events_zero=16163345 mid_frequency_erase_events_one=1877642 mid_frequency_erase_events_two=326858 mid_frequency_erase_events_three_plus=32763 gc_hot_writes=128785772 gc_cold_writes=683067506 cold_to_hot_count=13802333 hot_to_cold_count=13775940 hot_pool_empty_count=0 cold_pool_empty_count=4 borrow_count=4 emergency_gc_count=0 counter_invariant=PASS
[FEMU] Log: vSSD0,Reset tt_late_ios/tt_ios,12667901/33583455
         Stopping [0;1;39mSession 14 of user femu[0m.
[[0;32m  OK  [0m] Removed slice [0;1;39msystem-modprobe.slice[0m.
[[0;32m  OK  [0m] Stopped target [0;1;39mGraphical Interface[0m.
[[0;32m  OK  [0m] Stopped target [0;1;39mMulti-User System[0m.
[[0;32m  OK  [0m] Stopped target [0;1;39mLogin Prompts[0m.
[[0;32m  OK  [0m] Stopped target [0;1;39mNetwork is Online[0m.
[[0;32m  OK  [0m] Stopped target [0;1;39mHost and Network Name Lookups[0m.
[[0;32m  OK  [0m] Stopped target [0;1;39mTimers[0m.
[[0;32m  OK  [0m] Stopped [0;1;39mDaily apt upgrade and clean activities[0m.
[[0;32m  OK  [0m] Stopped [0;1;39mDaily apt download activities[0m.
[[0;32m  OK  [0m] Stopped [0;1;39mPeriodic ext4 Onli…ata Check for All Filesystems[0m.
[[0;32m  OK  [0m] Stopped [0;1;39mDiscard unused blocks once a week[0m.
[[0;32m  OK  [0m] Stopped [0;1;39mRefresh fwupd metadata regularly[0m.
[[0;32m  OK  [0m] Stopped [0;1;39mDaily rotation of log files[0m.
[[0;32m  OK  [0m] Stopped [0;1;39mDaily man-db regeneration[0m.
[[0;32m  OK  [0m] Stopped [0;1;39mMessage of the Day[0m.
[[0;32m  OK  [0m] Stopped [0;1;39mDaily Cleanup of Temporary Directories[0m.
[[0;32m  OK  [0m] Stopped target [0;1;39mSystem Time Synchronized[0m.
[[0;32m  OK  [0m] Stopped target [0;1;39mSystem Time Set[0m.
[[0;32m  OK  [0m] Closed [0;1;39mLVM2 poll daemon socket[0m.
[[0;32m  OK  [0m] Closed [0;1;39mLoad/Save RF Kill Switch Status /dev/rfkill Watch[0m.
         Stopping [0;1;39mAccounts Service[0m...
         Stopping [0;1;39mLSB: automatic crash report generation[0m...
         Stopping [0;1;39mDeferred execution scheduler[0m...
         Stopping [0;1;39mAvailability of block devices[0m...
         Stopping [0;1;39mRegular background program processing daemon[0m...
         Stopping [0;1;39mCreate final runt…dir for shutdown pivot root[0m...
         Stopping [0;1;39mGetty on tty1[0m...
         Stopping [0;1;39mLSB: Record successful boot for GRUB[0m...
         Stopping [0;1;39mirqbalance daemon[0m...
         Stopping [0;1;39mDispatcher daemon for systemd-networkd[0m...
         Stopping [0;1;39mAuthorization Manager[0m...
         Stopping [0;1;39mSystem Logging Service[0m...
         Stopping [0;1;39mSerial Getty on ttyS0[0m...
[[0;32m  OK  [0m] Stopped [0;1;39mWait until snapd is fully seeded[0m.
         Stopping [0;1;39mSnap Daemon[0m...
         Stopping [0;1;39mOpenBSD Secure Shell server[0m...
[[0;32m  OK  [0m] Stopped [0;1;39mWait for Network to be Configured[0m.
         Stopping [0;1;39mLoad/Save Random Seed[0m...
         Stopping [0;1;39mUnattended Upgrades Shutdown[0m...
[[0;32m  OK  [0m] Stopped [0;1;39mAccounts Service[0m.
[[0;32m  OK  [0m] Stopped [0;1;39mirqbalance daemon[0m.
[[0;32m  OK  [0m] Stopped [0;1;39mDispatcher daemon for systemd-networkd[0m.
[[0;32m  OK  [0m] Stopped [0;1;39mRegular background program processing daemon[0m.
[[0;32m  OK  [0m] Stopped [0;1;39mSystem Logging Service[0m.
[[0;32m  OK  [0m] Stopped [0;1;39mSnap Daemon[0m.
[[0;32m  OK  [0m] Stopped [0;1;39mDeferred execution scheduler[0m.
[[0;32m  OK  [0m] Stopped [0;1;39mOpenBSD Secure Shell server[0m.
[[0;32m  OK  [0m] Stopped [0;1;39mAuthorization Manager[0m.
[[0;32m  OK  [0m] Stopped [0;1;39mSerial Getty on ttyS0[0m.
[[0;32m  OK  [0m] Stopped [0;1;39mGetty on tty1[0m.
[[0;32m  OK  [0m] Stopped [0;1;39mAvailability of block devices[0m.
[[0;32m  OK  [0m] Stopped [0;1;39mLoad/Save Random Seed[0m.
[[0;32m  OK  [0m] Stopped [0;1;39mSession 14 of user femu[0m.
[[0;32m  OK  [0m] Removed slice [0;1;39msystem-getty.slice[0m.
[[0;32m  OK  [0m] Removed slice [0;1;39msystem-serial\x2dgetty.slice[0m.
         Stopping [0;1;39mUser Manager for UID 1000[0m...
[[0;32m  OK  [0m] Stopped [0;1;39mUser Manager for UID 1000[0m.
[[0;32m  OK  [0m] Stopped [0;1;39mLSB: automatic crash report generation[0m.
[[0;32m  OK  [0m] Stopped [0;1;39mLSB: Record successful boot for GRUB[0m.
[[0;32m  OK  [0m] Stopped [0;1;39mUnattended Upgrades Shutdown[0m.
         Stopping [0;1;39mLogin Service[0m...
         Stopping [0;1;39mUser Runtime Directory /run/user/1000[0m...
[[0;32m  OK  [0m] Unmounted [0;1;39m/run/user/1000[0m.
[[0;32m  OK  [0m] Stopped [0;1;39mUser Runtime Directory /run/user/1000[0m.
[[0;32m  OK  [0m] Removed slice [0;1;39mUser Slice of UID 1000[0m.
         Stopping [0;1;39mD-Bus System Message Bus[0m...
         Stopping [0;1;39mPermit User Sessions[0m...
[[0;32m  OK  [0m] Stopped [0;1;39mD-Bus System Message Bus[0m.
[[0;32m  OK  [0m] Stopped [0;1;39mPermit User Sessions[0m.
[[0;32m  OK  [0m] Stopped target [0;1;39mNetwork[0m.
[[0;32m  OK  [0m] Stopped target [0;1;39mRemote File Systems[0m.
[[0;32m  OK  [0m] Stopped target [0;1;39mRemote File Systems (Pre)[0m.
         Stopping [0;1;39mNetwork Name Resolution[0m...
[[0;32m  OK  [0m] Stopped [0;1;39mNetwork Name Resolution[0m.
         Stopping [0;1;39mNetwork Service[0m...
[[0;32m  OK  [0m] Stopped [0;1;39mLogin Service[0m.
[[0;32m  OK  [0m] Stopped [0;1;39mNetwork Service[0m.
[[0;32m  OK  [0m] Stopped target [0;1;39mBasic System[0m.
[[0;32m  OK  [0m] Stopped target [0;1;39mUser and Group Name Lookups[0m.
[[0;32m  OK  [0m] Stopped target [0;1;39mPaths[0m.
[[0;32m  OK  [0m] Stopped target [0;1;39mSlices[0m.
[[0;32m  OK  [0m] Removed slice [0;1;39mUser and Session Slice[0m.
[[0;32m  OK  [0m] Stopped target [0;1;39mSockets[0m.
[[0;32m  OK  [0m] Closed [0;1;39mD-Bus System Message Bus Socket[0m.
[[0;32m  OK  [0m] Closed [0;1;39mOpen-iSCSI iscsid Socket[0m.
[[0;32m  OK  [0m] Closed [0;1;39mSocket unix for snap application lxd.daemon[0m.
[[0;32m  OK  [0m] Closed [0;1;39mSocket activation for snappy daemon[0m.
[[0;32m  OK  [0m] Closed [0;1;39mSyslog Socket[0m.
[[0;32m  OK  [0m] Closed [0;1;39mUUID daemon activation socket[0m.
[[0;32m  OK  [0m] Stopped target [0;1;39mSystem Initialization[0m.
[[0;32m  OK  [0m] Stopped target [0;1;39mLocal Encrypted Volumes[0m.
[[0;32m  OK  [0m] Stopped [0;1;39mDispatch Password …ts to Console Directory Watch[0m.
[[0;32m  OK  [0m] Stopped [0;1;39mForward Password R…uests to Wall Directory Watch[0m.
[[0;32m  OK  [0m] Stopped [0;1;39mApply Kernel Variables[0m.
[[0;32m  OK  [0m] Stopped [0;1;39mLoad Kernel Modules[0m.
         Stopping [0;1;39mNetwork Time Synchronization[0m...
         Stopping [0;1;39mUpdate UTMP about System Boot/Shutdown[0m...
[[0;32m  OK  [0m] Stopped [0;1;39mUpdate UTMP about System Boot/Shutdown[0m.
[[0;32m  OK  [0m] Stopped [0;1;39mNetwork Time Synchronization[0m.
[[0;32m  OK  [0m] Stopped [0;1;39mCreate Volatile Files and Directories[0m.
[[0;32m  OK  [0m] Stopped [0;1;39mCreate final runtime dir for shutdown pivot root[0m.
[[0;32m  OK  [0m] Stopped target [0;1;39mLocal File Systems[0m.
         Unmounting [0;1;39m/run/snapd/ns/lxd.mnt[0m...
         Unmounting [0;1;39mMount unit for core18, revision 1880[0m...
         Unmounting [0;1;39mMount unit for lxd, revision 16099[0m...
         Unmounting [0;1;39mMount unit for snapd, revision 8542[0m...
[[0;32m  OK  [0m] Unmounted [0;1;39m/run/snapd/ns/lxd.mnt[0m.
[[0;32m  OK  [0m] Unmounted [0;1;39mMount unit for core18, revision 1880[0m.
         Unmounting [0;1;39m/run/snapd/ns[0m...
[[0;32m  OK  [0m] Unmounted [0;1;39m/run/snapd/ns[0m.
[[0;32m  OK  [0m] Unmounted [0;1;39mMount unit for lxd, revision 16099[0m.
[[0;32m  OK  [0m] Unmounted [0;1;39mMount unit for snapd, revision 8542[0m.
[[0;32m  OK  [0m] Stopped target [0;1;39mLocal File Systems (Pre)[0m.
[[0;32m  OK  [0m] Stopped target [0;1;39mSwap[0m.
         Deactivating swap [0;1;39m/swap.img[0m...
         Stopping [0;1;39mMonitoring of LVM…meventd or progress polling[0m...
         Stopping [0;1;39mDevice-Mapper Multipath Device Controller[0m...
[[0;32m  OK  [0m] Stopped [0;1;39mCreate Static Device Nodes in /dev[0m.
[[0;32m  OK  [0m] Stopped [0;1;39mCreate System Users[0m.
[[0;32m  OK  [0m] Stopped [0;1;39mDevice-Mapper Multipath Device Controller[0m.
[[0;32m  OK  [0m] Deactivated swap [0;1;39m/swap.img[0m.
[[0;32m  OK  [0m] Reached target [0;1;39mUnmount All Filesystems[0m.
[[0;32m  OK  [0m] Stopped [0;1;39mRemount Root and Kernel File Systems[0m.
[[0;32m  OK  [0m] Stopped [0;1;39mMonitoring of LVM2… dmeventd or progress polling[0m.
[[0;32m  OK  [0m] Reached target [0;1;39mShutdown[0m.
[[0;32m  OK  [0m] Reached target [0;1;39mFinal Step[0m.
[[0;32m  OK  [0m] Finished [0;1;39mPower-Off[0m.
[[0;32m  OK  [0m] Reached target [0;1;39mPower-Off[0m.
[ 3764.258609] reboot: Power down
