-device femu,devsz_mb=6144,namespaces=1,femu_mode=1,secsz=512,secs_per_pg=8,pgs_per_blk=256,blks_per_pl=128,pls_per_lun=1,luns_per_ch=8,nchs=8,pg_rd_lat=40000,pg_wr_lat=200000,blk_er_lat=2000000,ch_xfer_lat=0,gc_thres_pcent=75,gc_thres_pcent_high=95
[FEMU] FTL-Log: LPN metadata: entries=2097152 entry_size=24 total=48 MiB hot_window=4096
[FEMU] FTL-Log: Write pointers: hot_line=64 cold_line=0 free=126 hot_free=63 cold_free=63
c[?7l[2J[0mSeaBIOS (version rel-1.17.0-0-gb52ca86e094d-prebuilt.qemu.org)


iPXE (http://ipxe.org) 00:03.0 CA00 PCI2.10 PnP PMM+BEFD1D20+BEF31D20 CA00
Press Ctrl-B to configure iPXE (PCI 00:03.0)...                                                                               


Booting from Hard Disk...
[H[J[1;1H[?25l[m[H[J[1;1H[2;30HGNU GRUB  version 2.04

[m[4;2H+----------------------------------------------------------------------------+[5;2H|[5;79H|[6;2H|[6;79H|[7;2H|[7;79H|[8;2H|[8;79H|[9;2H|[9;79H|[10;2H|[10;79H|[11;2H|[11;79H|[12;2H|[12;79H|[13;2H|[13;79H|[14;2H|[14;79H|[15;2H|[15;79H|[16;2H|[16;79H|[17;2H+----------------------------------------------------------------------------+[m[18;2H[19;2H[m     Use the ^ and v keys to select which entry is highlighted.          
      Press enter to boot the selected OS, `e' to edit the commands       
      before booting or `c' for a command-line.                           [5;80H [7m[5;3H*Ubuntu, with Linux 5.4.0-64-generic                                        [m[5;78H[m[m[6;3H                                                                            [m[6;78H[m[m[7;3H                                                                            [m[7;78H[m[m[8;3H                                                                            [m[8;78H[m[m[9;3H                                                                            [m[9;78H[m[m[10;3H                                                                            [m[10;78H[m[m[11;3H                                                                            [m[11;78H[m[m[12;3H                                                                            [m[12;78H[m[m[13;3H                                                                            [m[13;78H[m[m[14;3H                                                                            [m[14;78H[m[m[15;3H                                                                            [m[15;78H[m[m[16;3H                                                                            [m[16;78H[m[16;80H [5;78H[22;1H   The highlighted entry will be executed automatically in 3s.                 [5;78H[22;1H   The highlighted entry will be executed automatically in 2s.                 [5;78H[22;1H   The highlighted entry will be executed automatically in 1s.                 [5;78H[22;1H   The highlighted entry will be executed automatically in 0s.                 [5;78H[?25h[H[J[1;1H[H[J[1;1HLoading Linux 5.4.0-64-generic ...
Loading initial ramdisk ...
[    0.000000] Linux version 5.4.0-64-generic (buildd@lcy01-amd64-021) (gcc version 9.3.0 (Ubuntu 9.3.0-17ubuntu1~20.04)) #72-Ubuntu SMP Fri Jan 15 10:27:54 UTC 2021 (Ubuntu 5.4.0-64.72-generic 5.4.78)
[    0.000000] Command line: BOOT_IMAGE=/boot/vmlinuz-5.4.0-64-generic root=UUID=66add23f-3d34-46f1-a540-ebfdd268827e ro ip=dhcp console=ttyS0,115200 console=tty console=ttyS0 text
[    0.000000] KERNEL supported cpus:
[    0.000000]   Intel GenuineIntel
[    0.000000]   AMD AuthenticAMD
[    0.000000]   Hygon HygonGenuine
[    0.000000]   Centaur CentaurHauls
[    0.000000]   zhaoxin   Shanghai  
[    0.000000] x86/fpu: Supporting XSAVE feature 0x001: 'x87 floating point registers'
[    0.000000] x86/fpu: Supporting XSAVE feature 0x002: 'SSE registers'
[    0.000000] x86/fpu: Supporting XSAVE feature 0x004: 'AVX registers'
[    0.000000] x86/fpu: xstate_offset[2]:  576, xstate_sizes[2]:  256
[    0.000000] x86/fpu: Enabled xstate features 0x7, context size is 832 bytes, using 'compacted' format.
[    0.000000] BIOS-provided physical RAM map:
[    0.000000] BIOS-e820: [mem 0x0000000000000000-0x000000000009fbff] usable
[    0.000000] BIOS-e820: [mem 0x000000000009fc00-0x000000000009ffff] reserved
[    0.000000] BIOS-e820: [mem 0x00000000000f0000-0x00000000000fffff] reserved
[    0.000000] BIOS-e820: [mem 0x0000000000100000-0x00000000bffdcfff] usable
[    0.000000] BIOS-e820: [mem 0x00000000bffdd000-0x00000000bfffffff] reserved
[    0.000000] BIOS-e820: [mem 0x00000000feffc000-0x00000000feffffff] reserved
[    0.000000] BIOS-e820: [mem 0x00000000fffc0000-0x00000000ffffffff] reserved
[    0.000000] BIOS-e820: [mem 0x0000000100000000-0x000000013fffffff] usable
[    0.000000] NX (Execute Disable) protection: active
[    0.000000] SMBIOS 2.8 present.
[    0.000000] DMI: QEMU Standard PC (i440FX + PIIX, 1996), BIOS rel-1.17.0-0-gb52ca86e094d-prebuilt.qemu.org 04/01/2014
[    0.000000] Hypervisor detected: KVM
[    0.000000] kvm-clock: Using msrs 4b564d01 and 4b564d00
[    0.000000] kvm-clock: cpu 0, msr 60601001, primary cpu clock
[    0.000000] kvm-clock: using sched offset of 12763369380 cycles
[    0.000003] clocksource: kvm-clock: mask: 0xffffffffffffffff max_cycles: 0x1cd42e4dffb, max_idle_ns: 881590591483 ns
[    0.000006] tsc: Detected 2995.202 MHz processor
[    0.003511] last_pfn = 0x140000 max_arch_pfn = 0x400000000
[    0.003806] x86/PAT: Configuration [0-7]: WB  WC  UC- UC  WB  WP  UC- WT  
[    0.003848] last_pfn = 0xbffdd max_arch_pfn = 0x400000000
[    0.014251] found SMP MP-table at [mem 0x000f54b0-0x000f54bf]
[    0.014887] check: Scanning 1 areas for low memory corruption
[    0.015261] Using GB pages for direct mapping
[    0.017257] RAMDISK: [mem 0x2d173000-0x328b0fff]
[    0.017353] ACPI: Early table checksum verification disabled
[    0.017377] ACPI: RSDP 0x00000000000F52B0 000014 (v00 BOCHS )
[    0.017389] ACPI: RSDT 0x00000000BFFE2458 000034 (v01 BOCHS  BXPC     00000001 BXPC 00000001)
[    0.017402] ACPI: FACP 0x00000000BFFE22F4 000074 (v01 BOCHS  BXPC     00000001 BXPC 00000001)
[    0.017498] ACPI: DSDT 0x00000000BFFE0040 0022B4 (v01 BOCHS  BXPC     00000001 BXPC 00000001)
[    0.017504] ACPI: FACS 0x00000000BFFE0000 000040
[    0.017508] ACPI: APIC 0x00000000BFFE2368 000090 (v03 BOCHS  BXPC     00000001 BXPC 00000001)
[    0.017512] ACPI: HPET 0x00000000BFFE23F8 000038 (v01 BOCHS  BXPC     00000001 BXPC 00000001)
[    0.017516] ACPI: WAET 0x00000000BFFE2430 000028 (v01 BOCHS  BXPC     00000001 BXPC 00000001)
[    0.018589] No NUMA configuration found
[    0.018592] Faking a node at [mem 0x0000000000000000-0x000000013fffffff]
[    0.018603] NODE_DATA(0) allocated [mem 0x13ffd3000-0x13fffdfff]
[    0.020017] Zone ranges:
[    0.020020]   DMA      [mem 0x0000000000001000-0x0000000000ffffff]
[    0.020023]   DMA32    [mem 0x0000000001000000-0x00000000ffffffff]
[    0.020024]   Normal   [mem 0x0000000100000000-0x000000013fffffff]
[    0.020025]   Device   empty
[    0.020026] Movable zone start for each node
[    0.020028] Early memory node ranges
[    0.020029]   node   0: [mem 0x0000000000001000-0x000000000009efff]
[    0.020030]   node   0: [mem 0x0000000000100000-0x00000000bffdcfff]
[    0.020031]   node   0: [mem 0x0000000100000000-0x000000013fffffff]
[    0.022587] Zeroed struct page in unavailable ranges: 133 pages
[    0.022590] Initmem setup node 0 [mem 0x0000000000001000-0x000000013fffffff]
[    0.075270] ACPI: PM-Timer IO Port: 0x608
[    0.075345] ACPI: LAPIC_NMI (acpi_id[0xff] dfl dfl lint[0x1])
[    0.075661] IOAPIC[0]: apic_id 0, version 17, address 0xfec00000, GSI 0-23
[    0.075665] ACPI: INT_SRC_OVR (bus 0 bus_irq 0 global_irq 2 dfl dfl)
[    0.075686] ACPI: INT_SRC_OVR (bus 0 bus_irq 5 global_irq 5 high level)
[    0.075688] ACPI: INT_SRC_OVR (bus 0 bus_irq 9 global_irq 9 high level)
[    0.075689] ACPI: INT_SRC_OVR (bus 0 bus_irq 10 global_irq 10 high level)
[    0.075690] ACPI: INT_SRC_OVR (bus 0 bus_irq 11 global_irq 11 high level)
[    0.075696] Using ACPI (MADT) for SMP configuration information
[    0.075698] ACPI: HPET id: 0x8086a201 base: 0xfed00000
[    0.075704] TSC deadline timer available
[    0.075731] smpboot: Allowing 4 CPUs, 0 hotplug CPUs
[    0.075897] KVM setup pv sched yield
[    0.075943] PM: Registered nosave memory: [mem 0x00000000-0x00000fff]
[    0.075944] PM: Registered nosave memory: [mem 0x0009f000-0x0009ffff]
[    0.075945] PM: Registered nosave memory: [mem 0x000a0000-0x000effff]
[    0.075946] PM: Registered nosave memory: [mem 0x000f0000-0x000fffff]
[    0.075947] PM: Registered nosave memory: [mem 0xbffdd000-0xbfffffff]
[    0.075948] PM: Registered nosave memory: [mem 0xc0000000-0xfeffbfff]
[    0.075948] PM: Registered nosave memory: [mem 0xfeffc000-0xfeffffff]
[    0.075949] PM: Registered nosave memory: [mem 0xff000000-0xfffbffff]
[    0.075950] PM: Registered nosave memory: [mem 0xfffc0000-0xffffffff]
[    0.075952] [mem 0xc0000000-0xfeffbfff] available for PCI devices
[    0.075953] Booting paravirtualized kernel on KVM
[    0.075956] clocksource: refined-jiffies: mask: 0xffffffff max_cycles: 0xffffffff, max_idle_ns: 7645519600211568 ns
[    0.075961] setup_percpu: NR_CPUS:8192 nr_cpumask_bits:4 nr_cpu_ids:4 nr_node_ids:1
[    0.077796] percpu: Embedded 55 pages/cpu s188416 r8192 d28672 u524288
[    0.077895] KVM setup async PF for cpu 0
[    0.077944] kvm-stealtime: cpu 0, msr 13ba2d040
[    0.077983] PV qspinlock hash table entries: 256 (order: 0, 4096 bytes, linear)
[    0.078007] Built 1 zonelists, mobility grouping on.  Total pages: 1032038
[    0.078009] Policy zone: Normal
[    0.078011] Kernel command line: BOOT_IMAGE=/boot/vmlinuz-5.4.0-64-generic root=UUID=66add23f-3d34-46f1-a540-ebfdd268827e ro ip=dhcp console=ttyS0,115200 console=tty console=ttyS0 text
[    0.080686] Dentry cache hash table entries: 524288 (order: 10, 4194304 bytes, linear)
[    0.082087] Inode-cache hash table entries: 262144 (order: 9, 2097152 bytes, linear)
[    0.082330] mem auto-init: stack:off, heap alloc:on, heap free:off
[    0.121813] Memory: 3932816K/4193772K available (14339K kernel code, 2399K rwdata, 4960K rodata, 2724K init, 4980K bss, 260956K reserved, 0K cma-reserved)
[    0.121883] random: get_random_u64 called from kmem_cache_open+0x2d/0x410 with crng_init=0
[    0.123245] SLUB: HWalign=64, Order=0-3, MinObjects=0, CPUs=4, Nodes=1
[    0.123268] ftrace: allocating 44555 entries in 175 pages
[    0.142243] rcu: Hierarchical RCU implementation.
[    0.142247] rcu: 	RCU restricting CPUs from NR_CPUS=8192 to nr_cpu_ids=4.
[    0.142248] 	Tasks RCU enabled.
[    0.142249] rcu: RCU calculated value of scheduler-enlistment delay is 25 jiffies.
[    0.142250] rcu: Adjusting geometry for rcu_fanout_leaf=16, nr_cpu_ids=4
[    0.144492] NR_IRQS: 524544, nr_irqs: 456, preallocated irqs: 16
[    0.144881] random: crng done (trusting CPU's manufacturer)
[    0.199311] Console: colour VGA+ 80x25
[    0.306290] printk: console [tty0] enabled
[    0.685490] printk: console [ttyS0] enabled
[    0.688181] ACPI: Core revision 20190816
[    0.691205] clocksource: hpet: mask: 0xffffffff max_cycles: 0xffffffff, max_idle_ns: 19112604467 ns
[    0.698341] APIC: Switch to symmetric I/O mode setup
[    0.704731] x2apic enabled
[    0.707803] Switched APIC routing to physical x2apic.
[    0.711461] KVM setup pv IPIs
[    0.718490] ..TIMER: vector=0x30 apic1=0 pin1=2 apic2=-1 pin2=-1
[    0.722848] clocksource: tsc-early: mask: 0xffffffffffffffff max_cycles: 0x2b2c909a7c7, max_idle_ns: 440795208498 ns
[    0.728411] Calibrating delay loop (skipped) preset value.. 5990.40 BogoMIPS (lpj=11980808)
[    0.732416] pid_max: default: 32768 minimum: 301
[    0.736467] LSM: Security Framework initializing
[    0.740450] Yama: becoming mindful.
[    0.744453] AppArmor: AppArmor initialized
[    0.748473] Mount-cache hash table entries: 8192 (order: 4, 65536 bytes, linear)
[    0.752435] Mountpoint-cache hash table entries: 8192 (order: 4, 65536 bytes, linear)
[    0.756452] *** VALIDATE tmpfs ***
[    0.760587] *** VALIDATE proc ***
[    0.764491] *** VALIDATE cgroup1 ***
[    0.766839] *** VALIDATE cgroup2 ***
[    0.769103] x86/cpu: User Mode Instruction Prevention (UMIP) activated
[    0.772747] Last level iTLB entries: 4KB 0, 2MB 0, 4MB 0
[    0.776409] Last level dTLB entries: 4KB 0, 2MB 0, 4MB 0, 1GB 0
[    0.780427] Spectre V1 : Mitigation: usercopy/swapgs barriers and __user pointer sanitization
[    0.784424] Spectre V2 : Mitigation: Enhanced IBRS
[    0.792411] Spectre V2 : Spectre v2 / SpectreRSB mitigation: Filling RSB on context switch
[    0.796418] Spectre V2 : mitigation: Enabling conditional Indirect Branch Prediction Barrier
[    0.800414] Speculative Store Bypass: Mitigation: Speculative Store Bypass disabled via prctl and seccomp
[    0.804784] Freeing SMP alternatives memory: 40K
[    0.812812] smpboot: CPU0: Intel(R) Core(TM) Ultra 5 125H (family: 0x6, model: 0xaa, stepping: 0x4)
[    0.816561] Performance Events: unsupported p6 CPU model 170 no PMU driver, software events only.
[    0.820526] rcu: Hierarchical SRCU implementation.
[    0.823516] NMI watchdog: Perf NMI watchdog permanently disabled
[    0.824539] smp: Bringing up secondary CPUs ...
[    0.828194] x86: Booting SMP configuration:
[    0.828432] .... node  #0, CPUs:      #1
[    0.567607] kvm-clock: cpu 1, msr 60601041, secondary cpu clock
[    0.833919] KVM setup async PF for cpu 1
[    0.836405] kvm-stealtime: cpu 1, msr 13baad040
[    0.848445]  #2
[    0.567607] kvm-clock: cpu 2, msr 60601081, secondary cpu clock
[    0.851980] KVM setup async PF for cpu 2
[    0.852405] kvm-stealtime: cpu 2, msr 13bb2d040
[    0.860817]  #3
[    0.567607] kvm-clock: cpu 3, msr 606010c1, secondary cpu clock
[    0.867460] KVM setup async PF for cpu 3
[    0.868405] kvm-stealtime: cpu 3, msr 13bbad040
[    0.880811] smp: Brought up 1 node, 4 CPUs
[    0.883394] smpboot: Max logical packages: 1
[    0.884422] smpboot: Total of 4 processors activated (23961.61 BogoMIPS)
[    0.892421] devtmpfs: initialized
[    0.896510] x86/mm: Memory block size: 128MB
[    0.900998] clocksource: jiffies: mask: 0xffffffff max_cycles: 0xffffffff, max_idle_ns: 7645041785100000 ns
[    0.908459] futex hash table entries: 1024 (order: 4, 65536 bytes, linear)
[    0.912702] pinctrl core: initialized pinctrl subsystem
[    0.916739] PM: RTC time: 12:59:24, date: 2026-08-27
[    0.920884] NET: Registered protocol family 16
[    0.924405] audit: initializing netlink subsys (disabled)
[    0.924620] audit: type=2000 audit(1787835564.827:1): state=initialized audit_enabled=0 res=1
[    0.924689] EISA bus registered
[    0.932445] cpuidle: using governor ladder
[    0.936434] cpuidle: using governor menu
[    0.940443] KVM setup pv remote TLB flush
[    0.944428] ACPI: bus type PCI registered
[    0.947582] acpiphp: ACPI Hot Plug PCI Controller Driver version: 0.5
[    0.949670] PCI: Using configuration type 1 for base access
[    0.953762] HugeTLB registered 1.00 GiB page size, pre-allocated 0 pages
[    0.956421] HugeTLB registered 2.00 MiB page size, pre-allocated 0 pages
[    0.972819] ACPI: Added _OSI(Module Device)
[    0.980462] ACPI: Added _OSI(Processor Device)
[    0.983528] ACPI: Added _OSI(3.0 _SCP Extensions)
[    0.988426] ACPI: Added _OSI(Processor Aggregator Device)
[    0.992072] ACPI: Added _OSI(Linux-Dell-Video)
[    0.992445] ACPI: Added _OSI(Linux-Lenovo-NV-HDMI-Audio)
[    0.996420] ACPI: Added _OSI(Linux-HPI-Hybrid-Graphics)
[    1.001798] ACPI: 1 ACPI AML tables successfully acquired and loaded
[    1.010857] ACPI: Interpreter enabled
[    1.012444] ACPI: (supports S0 S3 S4 S5)
[    1.015373] ACPI: Using IOAPIC for interrupt routing
[    1.020452] PCI: Using host bridge windows from ACPI; if necessary, use "pci=nocrs" and report a bug
[    1.028593] ACPI: Enabled 2 GPEs in block 00 to 0F
[    1.033776] ACPI: PCI Root Bridge [PCI0] (domain 0000 [bus 00-ff])
[    1.036441] acpi PNP0A03:00: _OSC: OS supports [ASPM ClockPM Segments MSI HPX-Type3]
[    1.044447] acpi PNP0A03:00: fail to add MMCONFIG information, can't access extended PCI configuration space under this bridge.
[    1.048810] acpiphp: Slot [3] registered
[    1.050888] acpiphp: Slot [4] registered
[    1.052457] acpiphp: Slot [5] registered
[    1.054525] acpiphp: Slot [6] registered
[    1.060479] acpiphp: Slot [7] registered
[    1.063272] acpiphp: Slot [8] registered
[    1.064454] acpiphp: Slot [9] registered
[    1.067415] acpiphp: Slot [10] registered
[    1.068456] acpiphp: Slot [11] registered
[    1.070655] acpiphp: Slot [12] registered
[    1.076453] acpiphp: Slot [13] registered
[    1.078901] acpiphp: Slot [14] registered
[    1.080478] acpiphp: Slot [15] registered
[    1.083567] acpiphp: Slot [16] registered
[    1.084509] acpiphp: Slot [17] registered
[    1.088597] acpiphp: Slot [18] registered
[    1.092020] acpiphp: Slot [19] registered
[    1.096522] acpiphp: Slot [20] registered
[    1.099956] acpiphp: Slot [21] registered
[    1.100470] acpiphp: Slot [22] registered
[    1.102435] acpiphp: Slot [23] registered
[    1.104487] acpiphp: Slot [24] registered
[    1.106509] acpiphp: Slot [25] registered
[    1.112460] acpiphp: Slot [26] registered
[    1.115808] acpiphp: Slot [27] registered
[    1.116450] acpiphp: Slot [28] registered
[    1.119320] acpiphp: Slot [29] registered
[    1.124487] acpiphp: Slot [30] registered
[    1.127303] acpiphp: Slot [31] registered
[    1.128471] PCI host bridge to bus 0000:00
[    1.131440] pci_bus 0000:00: root bus resource [io  0x0000-0x0cf7 window]
[    1.136425] pci_bus 0000:00: root bus resource [io  0x0d00-0xffff window]
[    1.140417] pci_bus 0000:00: root bus resource [mem 0x000a0000-0x000bffff window]
[    1.148426] pci_bus 0000:00: root bus resource [mem 0xc0000000-0xfebfffff window]
[    1.152416] pci_bus 0000:00: root bus resource [mem 0xe0000000000-0xe007fffffff window]
[    1.160493] pci_bus 0000:00: root bus resource [bus 00-ff]
[    1.164708] pci 0000:00:00.0: [8086:1237] type 00 class 0x060000
[    1.171028] pci 0000:00:01.0: [8086:7000] type 00 class 0x060100
[    1.178919] pci 0000:00:01.1: [8086:7010] type 00 class 0x010180
[    1.188144] pci 0000:00:01.1: reg 0x20: [io  0xc060-0xc06f]
[    1.194203] pci 0000:00:01.1: legacy IDE quirk: reg 0x10: [io  0x01f0-0x01f7]
[    1.200420] pci 0000:00:01.1: legacy IDE quirk: reg 0x14: [io  0x03f6]
[    1.204425] pci 0000:00:01.1: legacy IDE quirk: reg 0x18: [io  0x0170-0x0177]
[    1.212422] pci 0000:00:01.1: legacy IDE quirk: reg 0x1c: [io  0x0376]
[    1.216898] pci 0000:00:01.3: [8086:7113] type 00 class 0x068000
[    1.221860] pci 0000:00:01.3: quirk: [io  0x0600-0x063f] claimed by PIIX4 ACPI
[    1.228500] pci 0000:00:01.3: quirk: [io  0x0700-0x070f] claimed by PIIX4 SMB
[    1.236556] pci 0000:00:01.3: quirk_piix4_acpi+0x0/0x170 took 11718 usecs
[    1.242885] pci 0000:00:02.0: [1234:1111] type 00 class 0x030000
[    1.255155] pci 0000:00:02.0: reg 0x10: [mem 0xfd000000-0xfdffffff pref]
[    1.265861] pci 0000:00:02.0: reg 0x18: [mem 0xfebd0000-0xfebd0fff]
[    1.277372] pci 0000:00:02.0: reg 0x30: [mem 0xfebc0000-0xfebcffff pref]
[    1.286641] pci 0000:00:03.0: [1af4:1000] type 00 class 0x020000
[    1.293946] pci 0000:00:03.0: reg 0x10: [io  0xc040-0xc05f]
[    1.297315] pci 0000:00:03.0: reg 0x14: [mem 0xfebd1000-0xfebd1fff]
[    1.305689] pci 0000:00:03.0: reg 0x20: [mem 0xe0040000000-0xe0040003fff 64bit pref]
[    1.313947] pci 0000:00:03.0: reg 0x30: [mem 0xfeb80000-0xfebbffff pref]
[    1.326577] pci 0000:00:04.0: [1af4:1004] type 00 class 0x010000
[    1.336159] pci 0000:00:04.0: reg 0x10: [io  0xc000-0xc03f]
[    1.344040] pci 0000:00:04.0: reg 0x14: [mem 0xfebd2000-0xfebd2fff]
[    1.369488] pci 0000:00:04.0: reg 0x20: [mem 0xe0040004000-0xe0040007fff 64bit pref]
[    1.385094] pci 0000:00:05.0: [1d1d:1f1f] type 00 class 0x010802
[    1.389578] pci 0000:00:05.0: reg 0x10: [mem 0xe0000000000-0xe0000001fff 64bit]
[    1.394403] pci 0000:00:05.0: reg 0x20: [mem 0xfebd3000-0xfebd3fff]
[    1.402711] pci 0000:00:05.0: enabling Extended Tags
[    1.455707] ACPI: PCI Interrupt Link [LNKA] (IRQs 5 *10 11)
[    1.464914] ACPI: PCI Interrupt Link [LNKB] (IRQs 5 *10 11)
[    1.468633] ACPI: PCI Interrupt Link [LNKC] (IRQs 5 10 *11)
[    1.472789] ACPI: PCI Interrupt Link [LNKD] (IRQs 5 10 *11)
[    1.476696] ACPI: PCI Interrupt Link [LNKS] (IRQs *9)
[    1.485407] iommu: Default domain type: Translated 
[    1.488736] SCSI subsystem initialized
[    1.492489] pci 0000:00:02.0: vgaarb: setting as boot VGA device
[    1.495833] pci 0000:00:02.0: vgaarb: VGA device added: decodes=io+mem,owns=io+mem,locks=none
[    1.504423] pci 0000:00:02.0: vgaarb: bridge control possible
[    1.507079] vgaarb: loaded
[    1.508460] ACPI: bus type USB registered
[    1.511283] usbcore: registered new interface driver usbfs
[    1.516458] usbcore: registered new interface driver hub
[    1.520608] usbcore: registered new device driver usb
[    1.524479] pps_core: LinuxPPS API ver. 1 registered
[    1.527594] pps_core: Software ver. 5.3.6 - Copyright 2005-2007 Rodolfo Giometti <giometti@linux.it>
[    1.532440] PTP clock support registered
[    1.536638] EDAC MC: Ver: 3.0.0
[    1.540515] PCI: Using ACPI for IRQ routing
[    1.544910] NetLabel: Initializing
[    1.546927] NetLabel:  domain hash size = 128
[    1.548417] NetLabel:  protocols = UNLABELED CIPSOv4 CALIPSO
[    1.551668] NetLabel:  unlabeled traffic allowed by default
[    1.558712] hpet0: at MMIO 0xfed00000, IRQs 2, 8, 0
[    1.560422] hpet0: 3 comparators, 64-bit 100.000000 MHz counter
[    1.568623] clocksource: Switched to clocksource kvm-clock
[    1.589860] *** VALIDATE bpf ***
[    1.591920] VFS: Disk quotas dquot_6.6.0
[    1.594208] VFS: Dquot-cache hash table entries: 512 (order 0, 4096 bytes)
[    1.599344] *** VALIDATE ramfs ***
[    1.602277] *** VALIDATE hugetlbfs ***
[    1.605290] AppArmor: AppArmor Filesystem Enabled
[    1.607878] pnp: PnP ACPI init
[    1.610408] pnp: PnP ACPI: found 6 devices
[    1.617722] thermal_sys: Registered thermal governor 'fair_share'
[    1.617723] thermal_sys: Registered thermal governor 'bang_bang'
[    1.621054] thermal_sys: Registered thermal governor 'step_wise'
[    1.624644] thermal_sys: Registered thermal governor 'user_space'
[    1.628367] thermal_sys: Registered thermal governor 'power_allocator'
[    1.637319] clocksource: acpi_pm: mask: 0xffffff max_cycles: 0xffffff, max_idle_ns: 2085701024 ns
[    1.645868] pci_bus 0000:00: resource 4 [io  0x0000-0x0cf7 window]
[    1.649130] pci_bus 0000:00: resource 5 [io  0x0d00-0xffff window]
[    1.653092] pci_bus 0000:00: resource 6 [mem 0x000a0000-0x000bffff window]
[    1.659004] pci_bus 0000:00: resource 7 [mem 0xc0000000-0xfebfffff window]
[    1.664331] pci_bus 0000:00: resource 8 [mem 0xe0000000000-0xe007fffffff window]
[    1.668237] NET: Registered protocol family 2
[    1.670532] tcp_listen_portaddr_hash hash table entries: 2048 (order: 3, 32768 bytes, linear)
[    1.675258] TCP established hash table entries: 32768 (order: 6, 262144 bytes, linear)
[    1.680147] TCP bind hash table entries: 32768 (order: 7, 524288 bytes, linear)
[    1.684741] TCP: Hash tables configured (established 32768 bind 32768)
[    1.689317] UDP hash table entries: 2048 (order: 4, 65536 bytes, linear)
[    1.694422] UDP-Lite hash table entries: 2048 (order: 4, 65536 bytes, linear)
[    1.700477] NET: Registered protocol family 1
[    1.702671] NET: Registered protocol family 44
[    1.707104] pci 0000:00:01.0: PIIX3: Enabling Passive Release
[    1.710544] pci 0000:00:00.0: Limiting direct PCI/PCI transfers
[    1.715761] pci 0000:00:01.0: Activating ISA DMA hang workarounds
[    1.721636] pci 0000:00:02.0: Video device with shadowed ROM at [mem 0x000c0000-0x000dffff]
[    1.726574] PCI: CLS 0 bytes, default 64
[    1.729089] Trying to unpack rootfs image as initramfs...
[    2.229419] Freeing initrd memory: 89336K
[    2.233295] PCI-DMA: Using software bounce buffering for IO (SWIOTLB)
[    2.238527] software IO TLB: mapped [mem 0xbbfdd000-0xbffdd000] (64MB)
[    2.246730] clocksource: tsc: mask: 0xffffffffffffffff max_cycles: 0x2b2c909a7c7, max_idle_ns: 440795208498 ns
[    2.254655] check: Scanning for low memory corruption every 60 seconds
[    2.266001] Initialise system trusted keyrings
[    2.269053] Key type blacklist registered
[    2.272013] workingset: timestamp_bits=36 max_order=20 bucket_order=0
[    2.278588] zbud: loaded
[    2.282219] squashfs: version 4.0 (2009/01/31) Phillip Lougher
[    2.298562] fuse: init (API version 7.31)
[    2.302539] *** VALIDATE fuse ***
[    2.305703] *** VALIDATE fuse ***
[    2.308640] Platform Keyring initialized
[    2.314778] Key type asymmetric registered
[    2.320740] Asymmetric key parser 'x509' registered
[    2.323668] Block layer SCSI generic (bsg) driver version 0.4 loaded (major 244)
[    2.329151] io scheduler mq-deadline registered
[    2.336603] shpchp: Standard Hot Plug PCI Controller Driver version: 0.4
[    2.342609] input: Power Button as /devices/LNXSYSTM:00/LNXPWRBN:00/input/input0
[    2.350200] ACPI: Power Button [PWRF]
[    2.355554] PCI Interrupt Link [LNKC] enabled at IRQ 11
[    2.365538] PCI Interrupt Link [LNKD] enabled at IRQ 10
[    2.380746] Serial: 8250/16550 driver, 32 ports, IRQ sharing enabled
[    2.424430] 00:04: ttyS0 at I/O 0x3f8 (irq = 4, base_baud = 115200) is a 16550A
[    2.434491] Linux agpgart interface v0.103
[    2.442691] loop: module loaded
[    2.452949] scsi host0: ata_piix
[    2.457218] scsi host1: ata_piix
[    2.459153] ata1: PATA max MWDMA2 cmd 0x1f0 ctl 0x3f6 bmdma 0xc060 irq 14
[    2.462598] ata2: PATA max MWDMA2 cmd 0x170 ctl 0x376 bmdma 0xc068 irq 15
[    2.466392] libphy: Fixed MDIO Bus: probed
[    2.469381] tun: Universal TUN/TAP device driver, 1.6
[    2.473343] PPP generic driver version 2.4.2
[    2.478321] VFIO - User Level meta-driver version: 0.3
[    2.481600] ehci_hcd: USB 2.0 'Enhanced' Host Controller (EHCI) Driver
[    2.485261] ehci-pci: EHCI PCI platform driver
[    2.489027] ehci-platform: EHCI generic platform driver
[    2.494203] ohci_hcd: USB 1.1 'Open' Host Controller (OHCI) Driver
[    2.499754] ohci-pci: OHCI PCI platform driver
[    2.502360] ohci-platform: OHCI generic platform driver
[    2.505229] uhci_hcd: USB Universal Host Controller Interface driver
[    2.508657] i8042: PNP: PS/2 Controller [PNP0303:KBD,PNP0f13:MOU] at 0x60,0x64 irq 1,12
[    2.519110] serio: i8042 KBD port at 0x60,0x64 irq 1
[    2.521993] serio: i8042 AUX port at 0x60,0x64 irq 12
[    2.525738] mousedev: PS/2 mouse device common for all mice
[    2.531491] input: AT Translated Set 2 keyboard as /devices/platform/i8042/serio0/input/input1
[    2.537014] rtc_cmos 00:05: RTC can wake from S4
[    2.543485] rtc_cmos 00:05: registered as rtc0
[    2.548221] rtc_cmos 00:05: alarms up to one day, y3k, 242 bytes nvram, hpet irqs
[    2.554292] i2c /dev entries driver
[    2.557430] device-mapper: uevent: version 1.0.3
[    2.560952] device-mapper: ioctl: 4.41.0-ioctl (2019-09-16) initialised: dm-devel@redhat.com
[    2.567358] platform eisa.0: Probing EISA bus 0
[    2.573022] platform eisa.0: EISA: Cannot allocate resource for mainboard
[    2.576852] platform eisa.0: Cannot allocate resource for EISA slot 1
[    2.580086] platform eisa.0: Cannot allocate resource for EISA slot 2
[    2.583424] platform eisa.0: Cannot allocate resource for EISA slot 3
[    2.589089] platform eisa.0: Cannot allocate resource for EISA slot 4
[    2.593239] platform eisa.0: Cannot allocate resource for EISA slot 5
[    2.596566] platform eisa.0: Cannot allocate resource for EISA slot 6
[    2.600266] platform eisa.0: Cannot allocate resource for EISA slot 7
[    2.604498] platform eisa.0: Cannot allocate resource for EISA slot 8
[    2.608963] platform eisa.0: EISA: Detected 0 cards
[    2.611514] intel_pstate: CPU model not supported
[    2.615147] ledtrig-cpu: registered to indicate activity on CPUs
[    2.619644] drop_monitor: Initializing network drop monitor service
[    2.624370] NET: Registered protocol family 10
[    2.637935] Segment Routing with IPv6
[    2.640889] NET: Registered protocol family 17
[    2.643769] Key type dns_resolver registered
[    2.647498] RAS: Correctable Errors collector initialized.
[    2.652301] IPI shorthand broadcast: enabled
[    2.654870] sched_clock: Marking stable (2091192688, 563607742)->(2729131988, -74331558)
[    2.661270] registered taskstats version 1
[    2.663554] Loading compiled-in X.509 certificates
[    2.667943] Loaded X.509 cert 'Build time autogenerated kernel key: 7f1af841edfbf04e4b72462ffb6202c30b2da0bb'
[    2.674012] zswap: loaded using pool lzo/zbud
[    2.678261] Key type ._fscrypt registered
[    2.681101] Key type .fscrypt registered
[    2.691990] Key type big_key registered
[    2.699915] Key type encrypted registered
[    2.702350] AppArmor: AppArmor sha1 policy hashing enabled
[    2.707532] ima: No TPM chip found, activating TPM-bypass!
[    2.712119] ima: Allocated hash algorithm: sha1
[    2.714761] ima: No architecture policies found
[    2.717961] evm: Initialising EVM extended attributes:
[    2.721333] evm: security.selinux
[    2.723541] evm: security.SMACK64
[    2.726366] evm: security.SMACK64EXEC
[    2.729058] evm: security.SMACK64TRANSMUTE
[    2.731767] evm: security.SMACK64MMAP
[    2.734373] evm: security.apparmor
[    2.737167] evm: security.ima
[    2.739614] evm: security.capability
[    2.742270] evm: HMAC attrs: 0x1
[    2.745421] PM:   Magic number: 6:756:987
[    2.748239] machinecheck machinecheck0: hash matches
[    2.754979] rtc_cmos 00:05: setting system clock to 2026-08-27T12:59:26 UTC (1787835566)
[    2.770089] Freeing unused decrypted memory: 2040K
[    2.775273] Freeing unused kernel image memory: 2724K
[    2.800615] Write protecting the kernel read-only data: 22528k
[    2.809920] Freeing unused kernel image memory: 2008K
[    2.822100] Freeing unused kernel image memory: 1184K
[    2.854114] x86/mm: Checked W+X mappings: passed, no W+X pages found.
[    2.861099] Run /init as init process
Loading, please wait...
Starting version 245.4-4ubuntu3.2
[    2.961315] Floppy drive(s): fd0 is 2.88M AMI BIOS
[    2.978282] piix4_smbus 0000:00:01.3: SMBus Host Controller at 0x700, revision 0
[    2.994438] FDC 0 is a S82078B
[    3.013217] scsi host2: Virtio SCSI HBA
[    3.020062] scsi 2:0:0:0: Direct-Access     QEMU     QEMU HARDDISK    2.5+ PQ: 0 ANSI: 5
[    3.026741] cryptd: max_cpu_qlen set to 1000
[    3.042690] input: VirtualPS/2 VMware VMMouse as /devices/platform/i8042/serio1/input/input4
[    3.047562] virtio_net virtio0 ens3: renamed from eth0
[    3.073787] input: VirtualPS/2 VMware VMMouse as /devices/platform/i8042/serio1/input/input3
[    3.073902] nvme nvme0: pci function 0000:00:05.0
[    3.100812] PCI Interrupt Link [LNKA] enabled at IRQ 10
[    3.106468] AVX2 version of gcm_enc/dec engaged.
[    3.111918] scsi 2:0:0:0: Attached scsi generic sg0 type 0
[    3.114090] AES CTR mode by8 optimization enabled
[    3.121098] sd 2:0:0:0: Power-on or device reset occurred
[    3.122240] nvme nvme0: 4/0/0 default/read/poll queues
[    3.153864] sd 2:0:0:0: [sda] 167772160 512-byte logical blocks: (85.9 GB/80.0 GiB)
[    3.169728] sd 2:0:0:0: [sda] Write Protect is off
[    3.177789] sd 2:0:0:0: [sda] Write cache: enabled, read cache: enabled, supports DPO and FUA
[    3.184767] bochs-drm 0000:00:02.0: remove_conflicting_pci_framebuffers: bar 0: 0xfd000000 -> 0xfdffffff
[    3.195268] bochs-drm 0000:00:02.0: remove_conflicting_pci_framebuffers: bar 2: 0xfebd0000 -> 0xfebd0fff
[    3.203736]  sda: sda1 sda2
[    3.207263] bochs-drm 0000:00:02.0: vgaarb: deactivate vga console
[    3.214133] sd 2:0:0:0: [sda] Attached SCSI disk
[    3.236767] Console: switching to colour dummy device 80x25
[    3.239849] [drm] Found bochs VGA, ID 0xb0c5.
[    3.242385] [drm] Framebuffer size 16384 kB @ 0xfd000000, mmio @ 0xfebd0000.
[    3.248083] [TTM] Zone  kernel: Available graphics memory: 2015074 KiB
[    3.255997] [TTM] Initializing pool allocator
[    3.263443] [TTM] Initializing DMA pool allocator
[    3.281321] [drm] Found EDID data blob.
[    3.284398] [drm] Initialized bochs-drm 1.0.0 20130925 for 0000:00:02.0 on minor 0
[    3.299191] fbcon: bochs-drmdrmfb (fb0) is primary device
[    3.319904] Console: switching to colour frame buffer device 160x50
[    3.331228] bochs-drm 0000:00:02.0: fb0: bochs-drmdrmfb frame buffer device
Begin: Loading essential drivers ... [    3.532494] raid6: avx2x4   gen() 16786 MB/s
[    3.584503] raid6: avx2x4   xor() 10349 MB/s
[    3.636574] raid6: avx2x2   gen() 19887 MB/s
[    3.684548] raid6: avx2x2   xor() 15377 MB/s
[    3.732631] raid6: avx2x1   gen() 18512 MB/s
[    3.781037] raid6: avx2x1   xor() 10653 MB/s
[    3.832505] raid6: sse2x4   gen() 13415 MB/s
[    3.880505] raid6: sse2x4   xor()  7723 MB/s
[    3.932478] raid6: sse2x2   gen() 12272 MB/s
[    3.980520] raid6: sse2x2   xor()  8224 MB/s
[    4.028516] raid6: sse2x1   gen()  9256 MB/s
[    4.083773] raid6: sse2x1   xor()  6623 MB/s
[    4.088293] raid6: using algorithm avx2x2 gen() 19887 MB/s
[    4.091619] raid6: .... xor() 15377 MB/s, rmw enabled
[    4.095372] raid6: using avx2x2 recovery algorithm
[    4.101133] xor: automatically using best checksumming function   avx       
[    4.110851] async_tx: api initialized (async)
done.
Begin: Running /scripts/init-premount ... done.
Begin: Mounting root file system ... Begin: Running /scripts/local-top ... done.
Begin: Running /scripts/local-premount ... [    4.213353] Btrfs loaded, crc32c=crc32c-intel
Scanning for Btrfs filesystems
[    4.296983] blk_update_request: I/O error, dev fd0, sector 0 op 0x0:(READ) flags 0x0 phys_seg 1 prio class 0
[    4.302236] floppy: error 10 while reading block 0
done.
Warning: fsck not present, so skipping root file system
[    4.367805] EXT4-fs (sda2): mounted filesystem with ordered data mode. Opts: (null)
done.
Begin: Running /scripts/local-bottom ... done.
Begin: Running /scripts/init-bottom ... Internet Systems Consortium DHCP Client 4.4.1
Copyright 2004-2018 Internet Systems Consortium.
All rights reserved.
For info, please visit https://www.isc.org/software/dhcp/

Listening on LPF/ens3/52:54:00:12:34:56
Sending on   LPF/ens3/52:54:00:12:34:56
Sending on   Socket/fallback
DHCPDISCOVER on ens3 to 255.255.255.255 port 67 interval 3 (xid=0x1222610c)
DHCPOFFER of 10.0.2.15 from 10.0.2.2
DHCPREQUEST for 10.0.2.15 on ens3 to 255.255.255.255 port 67 (xid=0xc612212)
DHCPACK of 10.0.2.15 from 10.0.2.2 (xid=0x1222610c)
bound to 10.0.2.15 -- renewal in 38117 seconds.
done.
[    4.743371] systemd[1]: Inserted module 'autofs4'
[    4.771783] systemd[1]: systemd 245.4-4ubuntu3.20 running in system mode. (+PAM +AUDIT +SELINUX +IMA +APPARMOR +SMACK +SYSVINIT +UTMP +LIBCRYPTSETUP +GCRYPT +GNUTLS +ACL +XZ +LZ4 +SECCOMP +BLKID +ELFUTILS +KMOD +IDN2 -IDN +PCRE2 default-hierarchy=hybrid)
[    4.789006] systemd[1]: Detected virtualization kvm.
[    4.792917] systemd[1]: Detected architecture x86-64.

Welcome to [1mUbuntu 20.04.1 LTS[0m!

[    4.830065] systemd[1]: Set hostname to <fvm>.
[    5.146256] systemd[1]: Created slice system-modprobe.slice.
[[0;32m  OK  [0m] Created slice [0;1;39msystem-modprobe.slice[0m.
[    5.160272] systemd[1]: Created slice system-serial\x2dgetty.slice.
[[0;32m  OK  [0m] Created slice [0;1;39msystem-serial\x2dgetty.slice[0m.
[    5.173684] systemd[1]: Created slice User and Session Slice.
[[0;32m  OK  [0m] Created slice [0;1;39mUser and Session Slice[0m.
[    5.181088] systemd[1]: Started Forward Password Requests to Wall Directory Watch.
[[0;32m  OK  [0m] Started [0;1;39mForward Password R…uests to Wall Directory Watch[0m.
[    5.190790] systemd[1]: Set up automount Arbitrary Executable File Formats File System Automount Point.
[[0;32m  OK  [0m] Set up automount [0;1;39mArbitrary…s File System Automount Point[0m.
[    5.199763] systemd[1]: Reached target User and Group Name Lookups.
[[0;32m  OK  [0m] Reached target [0;1;39mUser and Group Name Lookups[0m.
[    5.206746] systemd[1]: Reached target Slices.
[[0;32m  OK  [0m] Reached target [0;1;39mSlices[0m.
[    5.213667] systemd[1]: Listening on Device-mapper event daemon FIFOs.
[[0;32m  OK  [0m] Listening on [0;1;39mDevice-mapper event daemon FIFOs[0m.
[    5.223307] systemd[1]: Listening on LVM2 poll daemon socket.
[[0;32m  OK  [0m] Listening on [0;1;39mLVM2 poll daemon socket[0m.
[    5.231228] systemd[1]: Listening on multipathd control socket.
[[0;32m  OK  [0m] Listening on [0;1;39mmultipathd control socket[0m.
[    5.239651] systemd[1]: Listening on Syslog Socket.
[[0;32m  OK  [0m] Listening on [0;1;39mSyslog Socket[0m.
[    5.251646] systemd[1]: Listening on initctl Compatibility Named Pipe.
[[0;32m  OK  [0m] Listening on [0;1;39minitctl Compatibility Named Pipe[0m.
[    5.264714] systemd[1]: Listening on Journal Audit Socket.
[[0;32m  OK  [0m] Listening on [0;1;39mJournal Audit Socket[0m.
[    5.273211] systemd[1]: Listening on Journal Socket (/dev/log).
[[0;32m  OK  [0m] Listening on [0;1;39mJournal Socket (/dev/log)[0m.
[    5.281343] systemd[1]: Listening on Journal Socket.
[[0;32m  OK  [0m] Listening on [0;1;39mJournal Socket[0m.
[    5.287750] systemd[1]: Listening on Network Service Netlink Socket.
[[0;32m  OK  [0m] Listening on [0;1;39mNetwork Service Netlink Socket[0m.
[    5.300871] systemd[1]: Listening on udev Control Socket.
[[0;32m  OK  [0m] Listening on [0;1;39mudev Control Socket[0m.
[    5.308870] systemd[1]: Listening on udev Kernel Socket.
[[0;32m  OK  [0m] Listening on [0;1;39mudev Kernel Socket[0m.
[    5.318960] systemd[1]: Mounting Huge Pages File System...
         Mounting [0;1;39mHuge Pages File System[0m...
[    5.330217] systemd[1]: Mounting POSIX Message Queue File System...
         Mounting [0;1;39mPOSIX Message Queue File System[0m...
[    5.343329] systemd[1]: Mounting Kernel Debug File System...
         Mounting [0;1;39mKernel Debug File System[0m...
[    5.351201] systemd[1]: Mounting Kernel Trace File System...
         Mounting [0;1;39mKernel Trace File System[0m...
[    5.363595] systemd[1]: Starting Journal Service...
         Starting [0;1;39mJournal Service[0m...
[    5.372588] systemd[1]: Starting Set the console keyboard layout...
         Starting [0;1;39mSet the console keyboard layout[0m...
[    5.385441] systemd[1]: Starting Create list of static device nodes for the current kernel...
         Starting [0;1;39mCreate list of st…odes for the current kernel[0m...
[    5.400698] systemd[1]: Starting Monitoring of LVM2 mirrors, snapshots etc. using dmeventd or progress polling...
         Starting [0;1;39mMonitoring of LVM…meventd or progress polling[0m...
[    5.416994] systemd[1]: Starting Load Kernel Module chromeos_pstore...
         Starting [0;1;39mLoad Kernel Module chromeos_pstore[0m...
[    5.429352] systemd[1]: Condition check resulted in Load Kernel Module drm being skipped.
[    5.441315] systemd[1]: Starting Load Kernel Module efi_pstore...
         Starting [0;1;39mLoad Kernel Module efi_pstore[0m...
[    5.458388] systemd[1]: Starting Load Kernel Module pstore_blk...
         Starting [0;1;39mLoad Kernel Module pstore_blk[0m...
[    5.472382] systemd[1]: Starting Load Kernel Module pstore_zone...
         Starting [0;1;39mLoad Kernel Module pstore_zone[0m...
[    5.482132] systemd[1]: Starting Load Kernel Module ramoops...
         Starting [0;1;39mLoad Kernel Module ramoops[0m...
[    5.497961] systemd[1]: Condition check resulted in Set Up Additional Binary Formats being skipped.
[    5.512097] systemd[1]: Starting Load Kernel Modules...
         Starting [0;1;39mLoad Kernel Modules[0m...
[    5.522636] systemd[1]: Starting Remount Root and Kernel File Systems...
         Starting [0;1;39mRemount Root and Kernel File Systems[0m...
[    5.535965] systemd[1]: Starting udev Coldplug all Devices...
[    5.539957] EXT4-fs (sda2): re-mounted. Opts: (null)
         Starting [0;1;39mudev Coldplug all Devices[0m...
[    5.558226] systemd[1]: Starting Uncomplicated firewall...
         Starting [0;1;39mUncomplicated firewall[0m...
[    5.569189] systemd[1]: Started Journal Service.
[[0;32m  OK  [0m] Started [0;1;39mJournal Service[0m.
[[0;32m  OK  [0m] Mounted [0;1;39mHuge Pages File System[0m.
[[0;32m  OK  [0m] Mounted [0;1;39mPOSIX Message Queue File System[0m.
[[0;32m  OK  [0m] Mounted [0;1;39mKernel Debug File System[0m.
[[0;32m  OK  [0m] Mounted [0;1;39mKernel Trace File System[0m.
[[0;32m  OK  [0m] Finished [0;1;39mSet the console keyboard layout[0m.
[[0;32m  OK  [0m] Finished [0;1;39mCreate list of st… nodes for the current kernel[0m.
[[0;32m  OK  [0m] Finished [0;1;39mMonitoring of LVM… dmeventd or progress polling[0m.
[[0;32m  OK  [0m] Finished [0;1;39mLoad Kernel Module chromeos_pstore[0m.
[[0;32m  OK  [0m] Finished [0;1;39mLoad Kernel Module efi_pstore[0m.
[[0;32m  OK  [0m] Finished [0;1;39mLoad Kernel Module pstore_blk[0m.
[[0;32m  OK  [0m] Finished [0;1;39mLoad Kernel Module pstore_zone[0m.
[[0;32m  OK  [0m] Finished [0;1;39mLoad Kernel Module ramoops[0m.
[[0;32m  OK  [0m] Finished [0;1;39mLoad Kernel Modules[0m.
[[0;32m  OK  [0m] Finished [0;1;39mRemount Root and Kernel File Systems[0m.
[[0;32m  OK  [0m] Finished [0;1;39mUncomplicated firewall[0m.
         Activating swap [0;1;39m/swap.img[0m...
         Mounting [0;1;39mFUSE Control File System[0m...
         Mounting [0;1;39mKernel Configuration File System[0m...
         Starting [0;1;39mFlush Journal to Persistent Storage[0m...
         Starting [0;1;39mLoad/Save Random Seed[0m...
[    5.699660] systemd-journald[374]: Received client request to flush runtime journal.
         Starting [0;1;39mApply Kernel Variables[0m...
         Starting [0;1;39mCreate System Users[0m...
[[0;32m  OK  [0m] Finished [0;1;39mudev Coldplug all Devices[0m.
[[0;32m  OK  [0m] Mounted [0;1;39mFUSE Control File System[0m.
[[0;32m  OK  [0m] Mounted [0;1;39mKernel Configuration File System[0m.
[[0;32m  OK  [0m] Finished [0;1;39mLoad/Save Random Seed[0m.
[[0;32m  OK  [0m] Finished [0;1;39mApply Kernel Variables[0m.
         Starting [0;1;39mudev Wait for Complete Device Initialization[0m...
[[0;32m  OK  [0m] Activated swap [0;1;39m/swap.img[0m.
[[0;32m  OK  [0m] Reached target [0;1;39mSwap[0m.
[[0;32m  OK  [0m] Finished [0;1;39mCreate System Users[0m.
         Starting [0;1;39mCreate Static Device Nodes in /dev[0m...
[[0;32m  OK  [0m] Finished [0;1;39mCreate Static Device Nodes in /dev[0m.
         Starting [0;1;39mudev Kernel Device Manager[0m...
[[0;32m  OK  [0m] Finished [0;1;39mFlush Journal to Persistent Storage[0m.
[[0;32m  OK  [0m] Started [0;1;39mudev Kernel Device Manager[0m.
[[0;32m  OK  [0m] Started [0;1;39mDispatch Password …ts to Console Directory Watch[0m.
[[0;32m  OK  [0m] Reached target [0;1;39mLocal Encrypted Volumes[0m.
         Starting [0;1;39mNetwork Service[0m...
[[0;32m  OK  [0m] Started [0;1;39mNetwork Service[0m.
         Starting [0;1;39mWait for Network to be Configured[0m...
[[0;32m  OK  [0m] Finished [0;1;39mWait for Network to be Configured[0m.
[[0;32m  OK  [0m] Found device [0;1;39m/dev/ttyS0[0m.
[[0;32m  OK  [0m] Listening on [0;1;39mLoad/Save RF …itch Status /dev/rfkill Watch[0m.
[[0;32m  OK  [0m] Finished [0;1;39mudev Wait for Complete Device Initialization[0m.
         Starting [0;1;39mDevice-Mapper Multipath Device Controller[0m...
[[0;32m  OK  [0m] Started [0;1;39mDevice-Mapper Multipath Device Controller[0m.
[[0;32m  OK  [0m] Reached target [0;1;39mLocal File Systems (Pre)[0m.
         Mounting [0;1;39mMount unit for core18, revision 1880[0m...
         Mounting [0;1;39mMount unit for lxd, revision 16099[0m...
         Mounting [0;1;39mMount unit for snapd, revision 8542[0m...
[[0;32m  OK  [0m] Mounted [0;1;39mMount unit for core18, revision 1880[0m.
[[0;32m  OK  [0m] Mounted [0;1;39mMount unit for snapd, revision 8542[0m.
[[0;32m  OK  [0m] Mounted [0;1;39mMount unit for lxd, revision 16099[0m.
[[0;32m  OK  [0m] Reached target [0;1;39mLocal File Systems[0m.
         Starting [0;1;39mLoad AppArmor profiles[0m...
         Starting [0;1;39mSet console font and keymap[0m...
         Starting [0;1;39mCreate final runt…dir for shutdown pivot root[0m...
         Starting [0;1;39mTell Plymouth To Write Out Runtime Data[0m...
         Starting [0;1;39mCreate Volatile Files and Directories[0m...
[[0;32m  OK  [0m] Finished [0;1;39mSet console font and keymap[0m.
[[0;32m  OK  [0m] Finished [0;1;39mCreate final runt…e dir for shutdown pivot root[0m.
[[0;32m  OK  [0m] Finished [0;1;39mTell Plymouth To Write Out Runtime Data[0m.
[[0;32m  OK  [0m] Finished [0;1;39mCreate Volatile Files and Directories[0m.
         Starting [0;1;39mNetwork Name Resolution[0m...
         Starting [0;1;39mNetwork Time Synchronization[0m...
         Starting [0;1;39mUpdate UTMP about System Boot/Shutdown[0m...
[[0;32m  OK  [0m] Finished [0;1;39mUpdate UTMP about System Boot/Shutdown[0m.
[[0;32m  OK  [0m] Finished [0;1;39mLoad AppArmor profiles[0m.
         Starting [0;1;39mLoad AppArmor pro…managed internally by snapd[0m...
[[0;32m  OK  [0m] Started [0;1;39mNetwork Time Synchronization[0m.
[[0;32m  OK  [0m] Reached target [0;1;39mSystem Time Set[0m.
[[0;32m  OK  [0m] Reached target [0;1;39mSystem Time Synchronized[0m.
[[0;32m  OK  [0m] Finished [0;1;39mLoad AppArmor pro…s managed internally by snapd[0m.
[[0;32m  OK  [0m] Reached target [0;1;39mSystem Initialization[0m.
[[0;32m  OK  [0m] Started [0;1;39mDaily apt download activities[0m.
[[0;32m  OK  [0m] Started [0;1;39mDaily apt upgrade and clean activities[0m.
[[0;32m  OK  [0m] Started [0;1;39mPeriodic ext4 Onli…ata Check for All Filesystems[0m.
[[0;32m  OK  [0m] Started [0;1;39mDiscard unused blocks once a week[0m.
[[0;32m  OK  [0m] Started [0;1;39mRefresh fwupd metadata regularly[0m.
[[0;32m  OK  [0m] Started [0;1;39mDaily rotation of log files[0m.
[[0;32m  OK  [0m] Started [0;1;39mDaily man-db regeneration[0m.
[[0;32m  OK  [0m] Started [0;1;39mMessage of the Day[0m.
[[0;32m  OK  [0m] Started [0;1;39mDaily Cleanup of Temporary Directories[0m.
[[0;32m  OK  [0m] Reached target [0;1;39mPaths[0m.
[[0;32m  OK  [0m] Reached target [0;1;39mTimers[0m.
[[0;32m  OK  [0m] Listening on [0;1;39mD-Bus System Message Bus Socket[0m.
[[0;32m  OK  [0m] Listening on [0;1;39mOpen-iSCSI iscsid Socket[0m.
[[0;32m  OK  [0m] Listening on [0;1;39mSocket unix for snap application lxd.daemon[0m.
         Starting [0;1;39mSocket activation for snappy daemon[0m.
[[0;32m  OK  [0m] Listening on [0;1;39mUUID daemon activation socket[0m.
[[0;32m  OK  [0m] Started [0;1;39mNetwork Name Resolution[0m.
[[0;32m  OK  [0m] Listening on [0;1;39mSocket activation for snappy daemon[0m.
[[0;32m  OK  [0m] Reached target [0;1;39mNetwork[0m.
[[0;32m  OK  [0m] Reached target [0;1;39mNetwork is Online[0m.
[[0;32m  OK  [0m] Reached target [0;1;39mHost and Network Name Lookups[0m.
[[0;32m  OK  [0m] Reached target [0;1;39mSockets[0m.
[[0;32m  OK  [0m] Reached target [0;1;39mBasic System[0m.
         Starting [0;1;39mAccounts Service[0m...
[[0;32m  OK  [0m] Started [0;1;39mD-Bus System Message Bus[0m.
[[0;32m  OK  [0m] Started [0;1;39mSave initial kernel messages after boot[0m.
         Starting [0;1;39mRemove Stale Onli…t4 Metadata Check Snapshots[0m...
         Starting [0;1;39mLSB: Record successful boot for GRUB[0m...
         Starting [0;1;39mGRUB failed boot detection[0m...
[[0;32m  OK  [0m] Started [0;1;39mirqbalance daemon[0m.
         Starting [0;1;39mDispatcher daemon for systemd-networkd[0m...
[[0;32m  OK  [0m] Reached target [0;1;39mRemote File Systems (Pre)[0m.
[[0;32m  OK  [0m] Reached target [0;1;39mRemote File Systems[0m.
         Starting [0;1;39mLSB: automatic crash report generation[0m...
         Starting [0;1;39mDeferred execution scheduler[0m...
         Starting [0;1;39mAvailability of block devices[0m...
[[0;32m  OK  [0m] Started [0;1;39mRegular background program processing daemon[0m.
         Starting [0;1;39mSystem Logging Service[0m...
         Starting [0;1;39mService for snap application lxd.activate[0m...
         Starting [0;1;39mSnap Daemon[0m...
         Starting [0;1;39mOpenBSD Secure Shell server[0m...
         Starting [0;1;39mLogin Service[0m...
         Starting [0;1;39mPermit User Sessions[0m...
         Starting [0;1;39mThermal Daemon Service[0m...
[[0;32m  OK  [0m] Finished [0;1;39mRemove Stale Onli…ext4 Metadata Check Snapshots[0m.
[[0;32m  OK  [0m] Started [0;1;39mDeferred execution scheduler[0m.
[[0;32m  OK  [0m] Finished [0;1;39mAvailability of block devices[0m.
[[0;32m  OK  [0m] Finished [0;1;39mPermit User Sessions[0m.
[[0;32m  OK  [0m] Finished [0;1;39mGRUB failed boot detection[0m.
[[0;32m  OK  [0m] Started [0;1;39mThermal Daemon Service[0m.
[[0;32m  OK  [0m] Started [0;1;39mOpenBSD Secure Shell server[0m.
[[0;32m  OK  [0m] Started [0;1;39mSystem Logging Service[0m.
[[0;32m  OK  [0m] Started [0;1;39mLogin Service[0m.
         Starting [0;1;39mHold until boot process finishes up[0m...
         Starting [0;1;39mTerminate Plymouth Boot Screen[0m...
         Starting [0;1;39mAuthorization Manager[0m...
[[0;32m  OK  [0m] Started [0;1;39mUnattended Upgrades Shutdown[0m.
[[0;32m  OK  [0m] Started [0;1;39mLSB: Record successful boot for GRUB[0m.
[[0;32m  OK  [0m] Started [0;1;39mLSB: automatic crash report generation[0m.
[[0;32m  OK  [0m] Finished [0;1;39mHold until boot process finishes up[0m.
[[0;32m  OK  [0m] Finished [0;1;39mTerminate Plymouth Boot Screen[0m.
[[0;32m  OK  [0m] Started [0;1;39mAuthorization Manager[0m.
[[0;32m  OK  [0m] Started [0;1;39mAccounts Service[0m.
[[0;32m  OK  [0m] Started [0;1;39mSerial Getty on ttyS0[0m.
         Starting [0;1;39mSet console scheme[0m...
[[0;32m  OK  [0m] Finished [0;1;39mSet console scheme[0m.
[[0;32m  OK  [0m] Created slice [0;1;39msystem-getty.slice[0m.
[[0;32m  OK  [0m] Started [0;1;39mGetty on tty1[0m.
[[0;32m  OK  [0m] Reached target [0;1;39mLogin Prompts[0m.
[[0;32m  OK  [0m] Started [0;1;39mDispatcher daemon for systemd-networkd[0m.
[[0;32m  OK  [0m] Started [0;1;39mSnap Daemon[0m.
         Starting [0;1;39mWait until snapd is fully seeded[0m...
[[0;32m  OK  [0m] Finished [0;1;39mWait until snapd is fully seeded[0m.
[[0;32m  OK  [0m] Finished [0;1;39mService for snap application lxd.activate[0m.
[[0;32m  OK  [0m] Reached target [0;1;39mMulti-User System[0m.
[[0;32m  OK  [0m] Reached target [0;1;39mGraphical Interface[0m.
         Starting [0;1;39mUpdate UTMP about System Runlevel Changes[0m...
[[0;32m  OK  [0m] Finished [0;1;39mUpdate UTMP about System Runlevel Changes[0m.

Ubuntu 20.04.1 LTS fvm ttyS0

fvm login: [FEMU] FTL-Log: BBSSD-STATS version=V1 hot_rewrite_window=4096 host_page_writes=1572864 nand_page_writes=1572864 gc_page_writes=0 block_erases=0 waf=1.000000 gc_count=0 average_gc_copy=N/A host_hot_writes=0 host_cold_writes=1572864 hot_write_ratio=0.000000 gc_hot_writes=0 gc_cold_writes=0 cold_to_hot_count=0 hot_to_cold_count=0 hot_pool_empty_count=0 cold_pool_empty_count=33 borrow_count=33 emergency_gc_count=0 counter_invariant=PASS
[FEMU] Log: vSSD0,Reset tt_late_ios/tt_ios,5725/6586
[FEMU] FTL-Log: BBSSD-STATS version=V1 hot_rewrite_window=4096 host_page_writes=136465940 nand_page_writes=951596447 gc_page_writes=815130507 block_erases=3716736 waf=6.973143 gc_count=58074 average_gc_copy=14036.066174 host_hot_writes=20768824 host_cold_writes=115697116 hot_write_ratio=0.152191 gc_hot_writes=6198556 gc_cold_writes=808931951 cold_to_hot_count=7892616 hot_to_cold_count=7888788 hot_pool_empty_count=0 cold_pool_empty_count=10 borrow_count=10 emergency_gc_count=0 counter_invariant=PASS
[FEMU] Log: vSSD0,Reset tt_late_ios/tt_ios,5985968/34116638
         Stopping [0;1;39mSession 13 of user femu[0m.
[[0;32m  OK  [0m] Removed slice [0;1;39msystem-modprobe.slice[0m.
[[0;32m  OK  [0m] Stopped target [0;1;39mGraphical Interface[0m.
[[0;32m  OK  [0m] Stopped target [0;1;39mMulti-User System[0m.
[[0;32m  OK  [0m] Stopped target [0;1;39mLogin Prompts[0m.
[[0;32m  OK  [0m] Stopped target [0;1;39mNetwork is Online[0m.
[[0;32m  OK  [0m] Stopped target [0;1;39mHost and Network Name Lookups[0m.
[[0;32m  OK  [0m] Stopped target [0;1;39mTimers[0m.
[[0;32m  OK  [0m] Stopped [0;1;39mDaily apt upgrade and clean activities[0m.
[[0;32m  OK  [0m] Stopped [0;1;39mDaily apt download activities[0m.
[[0;32m  OK  [0m] Stopped [0;1;39mPeriodic ext4 Onli…ata Check for All Filesystems[0m.
[[0;32m  OK  [0m] Stopped [0;1;39mDiscard unused blocks once a week[0m.
[[0;32m  OK  [0m] Stopped [0;1;39mRefresh fwupd metadata regularly[0m.
[[0;32m  OK  [0m] Stopped [0;1;39mDaily rotation of log files[0m.
[[0;32m  OK  [0m] Stopped [0;1;39mDaily man-db regeneration[0m.
[[0;32m  OK  [0m] Stopped [0;1;39mMessage of the Day[0m.
[[0;32m  OK  [0m] Stopped [0;1;39mDaily Cleanup of Temporary Directories[0m.
[[0;32m  OK  [0m] Stopped target [0;1;39mSystem Time Synchronized[0m.
[[0;32m  OK  [0m] Stopped target [0;1;39mSystem Time Set[0m.
[[0;32m  OK  [0m] Closed [0;1;39mLVM2 poll daemon socket[0m.
[[0;32m  OK  [0m] Closed [0;1;39mLoad/Save RF Kill Switch Status /dev/rfkill Watch[0m.
         Stopping [0;1;39mAccounts Service[0m...
         Stopping [0;1;39mLSB: automatic crash report generation[0m...
         Stopping [0;1;39mDeferred execution scheduler[0m...
         Stopping [0;1;39mAvailability of block devices[0m...
         Stopping [0;1;39mRegular background program processing daemon[0m...
         Stopping [0;1;39mCreate final runt…dir for shutdow         Stopping [0;1;39mSerial Getty on ttyS0[0m...
[[0;32m  OK  [0m] Stopped [0;1;39mWait until snapd is fully seeded[0m.
         Stopping [0;1;39mSnap Daemon[0m...
         Stopping [0;1;39mOpenBSD Secure Shell server[0m...
[[0;32m  OK  [0m] Stopped [0;1;39mWait for Network to be Configured[0m.
         Stopping [0;1;39mLoad/Save Random Seed[0m...
         Stopping [0;1;39mUnattended Upgrades Shutdown[0m...
[[0;32m  OK  [0m] Stopped [0;1;39mAccounts Service[0m.
[[0;32m  OK  [0m] Stopped [0;1;39mirqbalance daemon[0m.
[[0;32m  OK  [0m] Stopped [0;1;39mDispatcher daemon for systemd-networkd[0m.
[[0;32m  OK  [0m] Stopped [0;1;39mRegular background program processing daemon[0m.
[[0;32m  OK  [0m] Stopped [0;1;39mSystem Logging Service[0m.
[[0;32m  OK  [0m] Stopped [0;1;39mSnap Daemon[0m.
[[0;32m  OK  [0m] Stopped [0;1;39mDeferred execution scheduler[0m.
[[0;32m  OK  [0m] Stopped [0;1;39mOpenBSD Secure Shell server[0m.
[[0;32m  OK  [0m] Stopped [0;1;39mAuthorization Manager[0m.
[[0;32m  OK  [0m] Stopped [0;1;39mSerial Getty on ttyS0[0m.
[[0;32m  OK  [0m] Stopped [0;1;39mGetty on tty1[0m.
[[0;32m  OK  [0m] Stopped [0;1;39mUnattended Upgrades Shutdown[0m.
[[0;32m  OK  [0m] Stopped [0;1;39mAvailability of block devices[0m.
[[0;32m  OK  [0m] Stopped [0;1;39mLoad/Save Random Seed[0m.
[[0;32m  OK  [0m] Stopped [0;1;39mSession 13 of user femu[0m.
[[0;32m  OK  [0m] Removed slice [0;1;39msystem-getty.slice[0m.
[[0;32m  OK  [0m] Removed slice [0;1;39msystem-serial\x2dgetty.slice[0m.
         Stopping [0;1;39mLogin Service[0m...
         Stopping [0;1;39mUser Manager for UID 1000[0m...
[[0;32m  OK  [0m] Stopped [0;1;39mLSB: automatic crash report generation[0m.
[[0;32m  OK  [0m] Stopped [0;1;39mUser Manager for UID 1000[0m.
[[0;32m  OK  [0m] Stopped [0;1;39mLSB: Record successful boot for GRUB[0m.
         Stopping [0;1;39mUser Runtime Directory /run/user/1000[0m...
[[0;32m  OK  [0m] Unmounted [0;1;39m/run/user/1000[0m.
[[0;32m  OK  [0m] Stopped [0;1;39mUser Runtime Directory /run/user/1000[0m.
[[0;32m  OK  [0m] Removed slice [0;1;39mUser Slice of UID 1000[0m.
         Stopping [0;1;39mD-Bus System Message Bus[0m...
         Stopping [0;1;39mPermit User Sessions[0m...
[[0;32m  OK  [0m] Stopped [0;1;39mD-Bus System Message Bus[0m.
[[0;32m  OK  [0m] Stopped [0;1;39mPermit User Sessions[0m.
[[0;32m  OK  [0m] Stopped [0;1;39mLogin Service[0m.
[[0;32m  OK  [0m] Stopped target [0;1;39mBasic System[0m.
[[0;32m  OK  [0m] Stopped target [0;1;39mNetwork[0m.
[[0;32m  OK  [0m] Stopped target [0;1;39mUser and Group Name Lookups[0m.
[[0;32m  OK  [0m] Stopped target [0;1;39mPaths[0m.
[[0;32m  OK  [0m] Stopped target [0;1;39mRemote File Systems[0m.
[[0;32m  OK  [0m] Stopped target [0;1;39mRemote File Systems (Pre)[0m.
[[0;32m  OK  [0m] Stopped target [0;1;39mSlices[0m.
[[0;32m  OK  [0m] Removed slice [0;1;39mUser and Session Slice[0m.
[[0;32m  OK  [0m] Stopped target [0;1;39mSockets[0m.
[[0;32m  OK  [0m] Closed [0;1;39mD-Bus System Message Bus Socket[0m.
[[0;32m  OK  [0m] Closed [0;1;39mOpen-iSCSI iscsid Socket[0m.
[[0;32m  OK  [0m] Closed [0;1;39mSocket unix for snap application lxd.daemon[0m.
[[0;32m  OK  [0m] Closed [0;1;39mSocket activation for snappy daemon[0m.
[[0;32m  OK  [0m] Closed [0;1;39mSyslog Socket[0m.
[[0;32m  OK  [0m] Closed [0;1;39mUUID daemon activation socket[0m.
[[0;32m  OK  [0m] Stopped target [0;1;39mSystem Initialization[0m.
[[0;32m  OK  [0m] Stopped target [0;1;39mLocal Encrypted Volumes[0m.
[[0;32m  OK  [0m] Stopped [0;1;39mDispatch Password …ts to Console Directory Watch[0m.
[[0;32m  OK  [0m] Stopped [0;1;39mForward Password R…uests to Wall Directory Watch[0m.
         Stopping [0;1;39mNetwork Name Resolution[0m...
         Stopping [0;1;39mNetwork Time Synchronization[0m...
         Stopping [0;1;39mUpdate UTMP about System Boot/Shutdown[0m...
[[0;32m  OK  [0m] Stopped [0;1;39mNetwork Time Synchronization[0m.
[[0;32m  OK  [0m] Stopped [0;1;39mUpdate UTMP about System Boot/Shutdown[0m.
[[0;32m  OK  [0m] Stopped [0;1;39mNetwork Name Resolution[0m.
         Stopping [0;1;39mNetwork Service[0m...
[[0;32m  OK  [0m] Stopped [0;1;39mCreate Volatile Files and Directories[0m.
[[0;32m  OK  [0m] Stopped [0;1;39mNetwork Service[0m.
[[0;32m  OK  [0m] Stopped [0;1;39mApply Kernel Variables[0m.
[[0;32m  OK  [0m] Stopped [0;1;39mLoad Kernel Modules[0m.
[[0;32m  OK  [0m] Stopped [0;1;39mCreate final runtime dir for shutdown pivot root[0m.
[[0;32m  OK  [0m] Stopped target [0;1;39mLocal File Systems[0m.
         Unmounting [0;1;39m/run/snapd/ns/lxd.mnt[0m...
         Unmounting [0;1;39mMount unit for core18, revision 1880[0m...
         Unmounting [0;1;39mMount unit for lxd, revision 16099[0m...
         Unmounting [0;1;39mMount unit for snapd, revision 8542[0m...
[[0;32m  OK  [0m] Unmounted [0;1;39m/run/snapd/ns/lxd.mnt[0m.
         Unmounting [0;1;39m/run/snapd/ns[0m...
[[0;32m  OK  [0m] Unmounted [0;1;39mMount unit for lxd, revision 16099[0m.
[[0;32m  OK  [0m] Unmounted [0;1;39m/run/snapd/ns[0m.
[[0;32m  OK  [0m] Stopped target [0;1;39mSwap[0m.
         Deactivating swap [0;1;39m/swap.img[0m...
[[0;32m  OK  [0m] Unmounted [0;1;39mMount unit for core18, revision 1880[0m.
[[0;32m  OK  [0m] Deactivated swap [0;1;39m/swap.img[0m.
[[0;32m  OK  [0m] Unmounted [0;1;39mMount unit for snapd, revision 8542[0m.
[[0;32m  OK  [0m] Stopped target [0;1;39mLocal File Systems (Pre)[0m.
[[0;32m  OK  [0m] Reached target [0;1;39mUnmount All Filesystems[0m.
         Stopping [0;1;39mMonitoring of LVM…meventd or progress polling[0m...
         Stopping [0;1;39mDevice-Mapper Multipath Device Controller[0m...
[[0;32m  OK  [0m] Stopped [0;1;39mCreate Static Device Nodes in /dev[0m.
[[0;32m  OK  [0m] Stopped [0;1;39mCreate System Users[0m.
[[0;32m  OK  [0m] Stopped [0;1;39mRemount Root and Kernel File Systems[0m.
[[0;32m  OK  [0m] Stopped [0;1;39mDevice-Mapper Multipath Device Controller[0m.
[[0;32m  OK  [0m] Stopped [0;1;39mMonitoring of LVM2… dmeventd or progress polling[0m.
[[0;32m  OK  [0m] Reached target [0;1;39mShutdown[0m.
[[0;32m  OK  [0m] Reached target [0;1;39mFinal Step[0m.
[[0;32m  OK  [0m] Finished [0;1;39mPower-Off[0m.
[[0;32m  OK  [0m] Reached target [0;1;39mPower-Off[0m.
[ 3728.889135] reboot: Power down
