-device femu,devsz_mb=6144,namespaces=1,femu_mode=1,secsz=512,secs_per_pg=8,pgs_per_blk=256,blks_per_pl=128,pls_per_lun=1,luns_per_ch=8,nchs=8,pg_rd_lat=40000,pg_wr_lat=200000,blk_er_lat=2000000,ch_xfer_lat=0,gc_thres_pcent=75,gc_thres_pcent_high=95
[FEMU] FTL-Log: LPN metadata: entries=2097152 entry_size=32 total=64 MiB T_fast=1024 T_slow=4096 R=1
[FEMU] FTL-Log: Write pointers: hot_line=64 cold_line=0 free=126 hot_free=63 cold_free=63
c[?7l[2J[0mSeaBIOS (version rel-1.17.0-0-gb52ca86e094d-prebuilt.qemu.org)


iPXE (http://ipxe.org) 00:03.0 CA00 PCI2.10 PnP PMM+BEFD1D20+BEF31D20 CA00
Press Ctrl-B to configure iPXE (PCI 00:03.0)...                                                                               


Booting from Hard Disk...
[H[J[1;1H[?25l[m[H[J[1;1H[2;30HGNU GRUB  version 2.04

[m[4;2H+----------------------------------------------------------------------------+[5;2H|[5;79H|[6;2H|[6;79H|[7;2H|[7;79H|[8;2H|[8;79H|[9;2H|[9;79H|[10;2H|[10;79H|[11;2H|[11;79H|[12;2H|[12;79H|[13;2H|[13;79H|[14;2H|[14;79H|[15;2H|[15;79H|[16;2H|[16;79H|[17;2H+----------------------------------------------------------------------------+[m[18;2H[19;2H[m     Use the ^ and v keys to select which entry is highlighted.          
      Press enter to boot the selected OS, `e' to edit the commands       
      before booting or `c' for a command-line.                           [5;80H [7m[5;3H*Ubuntu, with Linux 5.4.0-64-generic                                        [m[5;78H[m[m[6;3H                                                                            [m[6;78H[m[m[7;3H                                                                            [m[7;78H[m[m[8;3H                                                                            [m[8;78H[m[m[9;3H                                                                            [m[9;78H[m[m[10;3H                                                                            [m[10;78H[m[m[11;3H                                                                            [m[11;78H[m[m[12;3H                                                                            [m[12;78H[m[m[13;3H                                                                            [m[13;78H[m[m[14;3H                                                                            [m[14;78H[m[m[15;3H                                                                            [m[15;78H[m[m[16;3H                                                                            [m[16;78H[m[16;80H [5;78H[22;1H   The highlighted entry will be executed automatically in 3s.                 [5;78H[22;1H   The highlighted entry will be executed automatically in 2s.                 [5;78H[22;1H   The highlighted entry will be executed automatically in 1s.                 [5;78H[22;1H   The highlighted entry will be executed automatically in 0s.                 [5;78H[?25h[H[J[1;1H[H[J[1;1HLoading Linux 5.4.0-64-generic ...
Loading initial ramdisk ...
[    0.000000] Linux version 5.4.0-64-generic (buildd@lcy01-amd64-021) (gcc version 9.3.0 (Ubuntu 9.3.0-17ubuntu1~20.04)) #72-Ubuntu SMP Fri Jan 15 10:27:54 UTC 2021 (Ubuntu 5.4.0-64.72-generic 5.4.78)
[    0.000000] Command line: BOOT_IMAGE=/boot/vmlinuz-5.4.0-64-generic root=UUID=66add23f-3d34-46f1-a540-ebfdd268827e ro ip=dhcp console=ttyS0,115200 console=tty console=ttyS0 text
[    0.000000] KERNEL supported cpus:
[    0.000000]   Intel GenuineIntel
[    0.000000]   AMD AuthenticAMD
[    0.000000]   Hygon HygonGenuine
[    0.000000]   Centaur CentaurHauls
[    0.000000]   zhaoxin   Shanghai  
[    0.000000] x86/fpu: Supporting XSAVE feature 0x001: 'x87 floating point registers'
[    0.000000] x86/fpu: Supporting XSAVE feature 0x002: 'SSE registers'
[    0.000000] x86/fpu: Supporting XSAVE feature 0x004: 'AVX registers'
[    0.000000] x86/fpu: xstate_offset[2]:  576, xstate_sizes[2]:  256
[    0.000000] x86/fpu: Enabled xstate features 0x7, context size is 832 bytes, using 'compacted' format.
[    0.000000] BIOS-provided physical RAM map:
[    0.000000] BIOS-e820: [mem 0x0000000000000000-0x000000000009fbff] usable
[    0.000000] BIOS-e820: [mem 0x000000000009fc00-0x000000000009ffff] reserved
[    0.000000] BIOS-e820: [mem 0x00000000000f0000-0x00000000000fffff] reserved
[    0.000000] BIOS-e820: [mem 0x0000000000100000-0x00000000bffdcfff] usable
[    0.000000] BIOS-e820: [mem 0x00000000bffdd000-0x00000000bfffffff] reserved
[    0.000000] BIOS-e820: [mem 0x00000000feffc000-0x00000000feffffff] reserved
[    0.000000] BIOS-e820: [mem 0x00000000fffc0000-0x00000000ffffffff] reserved
[    0.000000] BIOS-e820: [mem 0x0000000100000000-0x000000013fffffff] usable
[    0.000000] NX (Execute Disable) protection: active
[    0.000000] SMBIOS 2.8 present.
[    0.000000] DMI: QEMU Standard PC (i440FX + PIIX, 1996), BIOS rel-1.17.0-0-gb52ca86e094d-prebuilt.qemu.org 04/01/2014
[    0.000000] Hypervisor detected: KVM
[    0.000000] kvm-clock: Using msrs 4b564d01 and 4b564d00
[    0.000000] kvm-clock: cpu 0, msr 17e01001, primary cpu clock
[    0.000000] kvm-clock: using sched offset of 9031135084 cycles
[    0.000002] clocksource: kvm-clock: mask: 0xffffffffffffffff max_cycles: 0x1cd42e4dffb, max_idle_ns: 881590591483 ns
[    0.000005] tsc: Detected 2995.202 MHz processor
[    0.001714] last_pfn = 0x140000 max_arch_pfn = 0x400000000
[    0.001872] x86/PAT: Configuration [0-7]: WB  WC  UC- UC  WB  WP  UC- WT  
[    0.001894] last_pfn = 0xbffdd max_arch_pfn = 0x400000000
[    0.015288] found SMP MP-table at [mem 0x000f54b0-0x000f54bf]
[    0.015685] check: Scanning 1 areas for low memory corruption
[    0.016006] Using GB pages for direct mapping
[    0.018298] RAMDISK: [mem 0x2d173000-0x328b0fff]
[    0.018384] ACPI: Early table checksum verification disabled
[    0.018409] ACPI: RSDP 0x00000000000F52B0 000014 (v00 BOCHS )
[    0.018422] ACPI: RSDT 0x00000000BFFE2458 000034 (v01 BOCHS  BXPC     00000001 BXPC 00000001)
[    0.018426] ACPI: FACP 0x00000000BFFE22F4 000074 (v01 BOCHS  BXPC     00000001 BXPC 00000001)
[    0.018431] ACPI: DSDT 0x00000000BFFE0040 0022B4 (v01 BOCHS  BXPC     00000001 BXPC 00000001)
[    0.018433] ACPI: FACS 0x00000000BFFE0000 000040
[    0.018435] ACPI: APIC 0x00000000BFFE2368 000090 (v03 BOCHS  BXPC     00000001 BXPC 00000001)
[    0.018437] ACPI: HPET 0x00000000BFFE23F8 000038 (v01 BOCHS  BXPC     00000001 BXPC 00000001)
[    0.018440] ACPI: WAET 0x00000000BFFE2430 000028 (v01 BOCHS  BXPC     00000001 BXPC 00000001)
[    0.021022] No NUMA configuration found
[    0.021025] Faking a node at [mem 0x0000000000000000-0x000000013fffffff]
[    0.021031] NODE_DATA(0) allocated [mem 0x13ffd3000-0x13fffdfff]
[    0.021801] Zone ranges:
[    0.021803]   DMA      [mem 0x0000000000001000-0x0000000000ffffff]
[    0.021804]   DMA32    [mem 0x0000000001000000-0x00000000ffffffff]
[    0.021805]   Normal   [mem 0x0000000100000000-0x000000013fffffff]
[    0.021805]   Device   empty
[    0.021806] Movable zone start for each node
[    0.021807] Early memory node ranges
[    0.021808]   node   0: [mem 0x0000000000001000-0x000000000009efff]
[    0.021809]   node   0: [mem 0x0000000000100000-0x00000000bffdcfff]
[    0.021810]   node   0: [mem 0x0000000100000000-0x000000013fffffff]
[    0.027903] Zeroed struct page in unavailable ranges: 133 pages
[    0.027906] Initmem setup node 0 [mem 0x0000000000001000-0x000000013fffffff]
[    0.118882] ACPI: PM-Timer IO Port: 0x608
[    0.118922] ACPI: LAPIC_NMI (acpi_id[0xff] dfl dfl lint[0x1])
[    0.119121] IOAPIC[0]: apic_id 0, version 17, address 0xfec00000, GSI 0-23
[    0.119124] ACPI: INT_SRC_OVR (bus 0 bus_irq 0 global_irq 2 dfl dfl)
[    0.119126] ACPI: INT_SRC_OVR (bus 0 bus_irq 5 global_irq 5 high level)
[    0.119126] ACPI: INT_SRC_OVR (bus 0 bus_irq 9 global_irq 9 high level)
[    0.119127] ACPI: INT_SRC_OVR (bus 0 bus_irq 10 global_irq 10 high level)
[    0.119128] ACPI: INT_SRC_OVR (bus 0 bus_irq 11 global_irq 11 high level)
[    0.119132] Using ACPI (MADT) for SMP configuration information
[    0.119133] ACPI: HPET id: 0x8086a201 base: 0xfed00000
[    0.119139] TSC deadline timer available
[    0.119159] smpboot: Allowing 4 CPUs, 0 hotplug CPUs
[    0.119277] KVM setup pv sched yield
[    0.119285] PM: Registered nosave memory: [mem 0x00000000-0x00000fff]
[    0.119286] PM: Registered nosave memory: [mem 0x0009f000-0x0009ffff]
[    0.119287] PM: Registered nosave memory: [mem 0x000a0000-0x000effff]
[    0.119287] PM: Registered nosave memory: [mem 0x000f0000-0x000fffff]
[    0.119288] PM: Registered nosave memory: [mem 0xbffdd000-0xbfffffff]
[    0.119289] PM: Registered nosave memory: [mem 0xc0000000-0xfeffbfff]
[    0.119289] PM: Registered nosave memory: [mem 0xfeffc000-0xfeffffff]
[    0.119289] PM: Registered nosave memory: [mem 0xff000000-0xfffbffff]
[    0.119290] PM: Registered nosave memory: [mem 0xfffc0000-0xffffffff]
[    0.119292] [mem 0xc0000000-0xfeffbfff] available for PCI devices
[    0.119293] Booting paravirtualized kernel on KVM
[    0.119295] clocksource: refined-jiffies: mask: 0xffffffff max_cycles: 0xffffffff, max_idle_ns: 7645519600211568 ns
[    0.119299] setup_percpu: NR_CPUS:8192 nr_cpumask_bits:4 nr_cpu_ids:4 nr_node_ids:1
[    0.120702] percpu: Embedded 55 pages/cpu s188416 r8192 d28672 u524288
[    0.120767] KVM setup async PF for cpu 0
[    0.120806] kvm-stealtime: cpu 0, msr 13ba2d040
[    0.120833] PV qspinlock hash table entries: 256 (order: 0, 4096 bytes, linear)
[    0.120853] Built 1 zonelists, mobility grouping on.  Total pages: 1032038
[    0.120854] Policy zone: Normal
[    0.120855] Kernel command line: BOOT_IMAGE=/boot/vmlinuz-5.4.0-64-generic root=UUID=66add23f-3d34-46f1-a540-ebfdd268827e ro ip=dhcp console=ttyS0,115200 console=tty console=ttyS0 text
[    0.123951] Dentry cache hash table entries: 524288 (order: 10, 4194304 bytes, linear)
[    0.125243] Inode-cache hash table entries: 262144 (order: 9, 2097152 bytes, linear)
[    0.125412] mem auto-init: stack:off, heap alloc:on, heap free:off
[    0.159526] Memory: 3932816K/4193772K available (14339K kernel code, 2399K rwdata, 4960K rodata, 2724K init, 4980K bss, 260956K reserved, 0K cma-reserved)
[    0.159538] random: get_random_u64 called from kmem_cache_open+0x2d/0x410 with crng_init=0
[    0.161050] SLUB: HWalign=64, Order=0-3, MinObjects=0, CPUs=4, Nodes=1
[    0.161061] ftrace: allocating 44555 entries in 175 pages
[    0.175288] rcu: Hierarchical RCU implementation.
[    0.175291] rcu: 	RCU restricting CPUs from NR_CPUS=8192 to nr_cpu_ids=4.
[    0.175292] 	Tasks RCU enabled.
[    0.175292] rcu: RCU calculated value of scheduler-enlistment delay is 25 jiffies.
[    0.175293] rcu: Adjusting geometry for rcu_fanout_leaf=16, nr_cpu_ids=4
[    0.176763] NR_IRQS: 524544, nr_irqs: 456, preallocated irqs: 16
[    0.177027] random: crng done (trusting CPU's manufacturer)
[    0.214197] Console: colour VGA+ 80x25
[    0.286032] printk: console [tty0] enabled
[    0.519237] printk: console [ttyS0] enabled
[    0.521438] ACPI: Core revision 20190816
[    0.523218] clocksource: hpet: mask: 0xffffffff max_cycles: 0xffffffff, max_idle_ns: 19112604467 ns
[    0.527039] APIC: Switch to symmetric I/O mode setup
[    0.529655] x2apic enabled
[    0.531535] Switched APIC routing to physical x2apic.
[    0.533863] KVM setup pv IPIs
[    0.538712] ..TIMER: vector=0x30 apic1=0 pin1=2 apic2=-1 pin2=-1
[    0.541510] clocksource: tsc-early: mask: 0xffffffffffffffff max_cycles: 0x2b2c909a7c7, max_idle_ns: 440795208498 ns
[    0.545580] Calibrating delay loop (skipped) preset value.. 5990.40 BogoMIPS (lpj=11980808)
[    0.549580] pid_max: default: 32768 minimum: 301
[    0.553622] LSM: Security Framework initializing
[    0.555604] Yama: becoming mindful.
[    0.556913] AppArmor: AppArmor initialized
[    0.557623] Mount-cache hash table entries: 8192 (order: 4, 65536 bytes, linear)
[    0.561585] Mountpoint-cache hash table entries: 8192 (order: 4, 65536 bytes, linear)
[    0.565168] *** VALIDATE tmpfs ***
[    0.565701] *** VALIDATE proc ***
[    0.567048] *** VALIDATE cgroup1 ***
[    0.568306] *** VALIDATE cgroup2 ***
[    0.570117] x86/cpu: User Mode Instruction Prevention (UMIP) activated
[    0.573824] Last level iTLB entries: 4KB 0, 2MB 0, 4MB 0
[    0.576109] Last level dTLB entries: 4KB 0, 2MB 0, 4MB 0, 1GB 0
[    0.577594] Spectre V1 : Mitigation: usercopy/swapgs barriers and __user pointer sanitization
[    0.581589] Spectre V2 : Mitigation: Enhanced IBRS
[    0.585578] Spectre V2 : Spectre v2 / SpectreRSB mitigation: Filling RSB on context switch
[    0.588809] Spectre V2 : mitigation: Enabling conditional Indirect Branch Prediction Barrier
[    0.589579] Speculative Store Bypass: Mitigation: Speculative Store Bypass disabled via prctl and seccomp
[    0.593830] Freeing SMP alternatives memory: 40K
[    0.601904] smpboot: CPU0: Intel(R) Core(TM) Ultra 5 125H (family: 0x6, model: 0xaa, stepping: 0x4)
[    0.605661] Performance Events: unsupported p6 CPU model 170 no PMU driver, software events only.
[    0.609310] rcu: Hierarchical SRCU implementation.
[    0.609765] NMI watchdog: Perf NMI watchdog permanently disabled
[    0.612927] smp: Bringing up secondary CPUs ...
[    0.613702] x86: Booting SMP configuration:
[    0.615894] .... node  #0, CPUs:      #1
[    0.356626] kvm-clock: cpu 1, msr 17e01041, secondary cpu clock
[    0.619778] KVM setup async PF for cpu 1
[    0.621575] kvm-stealtime: cpu 1, msr 13baad040
[    0.625764]  #2
[    0.356626] kvm-clock: cpu 2, msr 17e01081, secondary cpu clock
[    0.628355] KVM setup async PF for cpu 2
[    0.629575] kvm-stealtime: cpu 2, msr 13bb2d040
[    0.633793]  #3
[    0.356626] kvm-clock: cpu 3, msr 17e010c1, secondary cpu clock
[    0.637814] KVM setup async PF for cpu 3
[    0.641575] kvm-stealtime: cpu 3, msr 13bbad040
[    0.647772] smp: Brought up 1 node, 4 CPUs
[    0.649207] smpboot: Max logical packages: 1
[    0.649585] smpboot: Total of 4 processors activated (23961.61 BogoMIPS)
[    0.662457] devtmpfs: initialized
[    0.663361] x86/mm: Memory block size: 128MB
[    0.665817] clocksource: jiffies: mask: 0xffffffff max_cycles: 0xffffffff, max_idle_ns: 7645041785100000 ns
[    0.669595] futex hash table entries: 1024 (order: 4, 65536 bytes, linear)
[    0.672538] pinctrl core: initialized pinctrl subsystem
[    0.673810] PM: RTC time: 12:33:42, date: 2026-08-27
[    0.677049] NET: Registered protocol family 16
[    0.677636] audit: initializing netlink subsys (disabled)
[    0.679749] audit: type=2000 audit(1787834022.385:1): state=initialized audit_enabled=0 res=1
[    0.681653] EISA bus registered
[    0.685593] cpuidle: using governor ladder
[    0.687393] cpuidle: using governor menu
[    0.689491] KVM setup pv remote TLB flush
[    0.689590] ACPI: bus type PCI registered
[    0.691841] acpiphp: ACPI Hot Plug PCI Controller Driver version: 0.5
[    0.693820] PCI: Using configuration type 1 for base access
[    0.697682] HugeTLB registered 1.00 GiB page size, pre-allocated 0 pages
[    0.699945] HugeTLB registered 2.00 MiB page size, pre-allocated 0 pages
[    0.701813] ACPI: Added _OSI(Module Device)
[    0.705604] ACPI: Added _OSI(Processor Device)
[    0.707727] ACPI: Added _OSI(3.0 _SCP Extensions)
[    0.709591] ACPI: Added _OSI(Processor Aggregator Device)
[    0.712255] ACPI: Added _OSI(Linux-Dell-Video)
[    0.713583] ACPI: Added _OSI(Linux-Lenovo-NV-HDMI-Audio)
[    0.715918] ACPI: Added _OSI(Linux-HPI-Hybrid-Graphics)
[    0.718381] ACPI: 1 ACPI AML tables successfully acquired and loaded
[    0.722291] ACPI: Interpreter enabled
[    0.723728] ACPI: (supports S0 S3 S4 S5)
[    0.725260] ACPI: Using IOAPIC for interrupt routing
[    0.725604] PCI: Using host bridge windows from ACPI; if necessary, use "pci=nocrs" and report a bug
[    0.729717] ACPI: Enabled 2 GPEs in block 00 to 0F
[    0.735054] ACPI: PCI Root Bridge [PCI0] (domain 0000 [bus 00-ff])
[    0.737591] acpi PNP0A03:00: _OSC: OS supports [ASPM ClockPM Segments MSI HPX-Type3]
[    0.740906] acpi PNP0A03:00: fail to add MMCONFIG information, can't access extended PCI configuration space under this bridge.
[    0.741852] acpiphp: Slot [3] registered
[    0.743429] acpiphp: Slot [4] registered
[    0.745493] acpiphp: Slot [5] registered
[    0.745617] acpiphp: Slot [6] registered
[    0.747802] acpiphp: Slot [7] registered
[    0.749631] acpiphp: Slot [8] registered
[    0.752053] acpiphp: Slot [9] registered
[    0.753573] acpiphp: Slot [10] registered
[    0.753695] acpiphp: Slot [11] registered
[    0.755459] acpiphp: Slot [12] registered
[    0.757599] acpiphp: Slot [13] registered
[    0.759332] acpiphp: Slot [14] registered
[    0.761203] acpiphp: Slot [15] registered
[    0.761612] acpiphp: Slot [16] registered
[    0.763460] acpiphp: Slot [17] registered
[    0.765616] acpiphp: Slot [18] registered
[    0.767794] acpiphp: Slot [19] registered
[    0.769628] acpiphp: Slot [20] registered
[    0.771979] acpiphp: Slot [21] registered
[    0.773616] acpiphp: Slot [22] registered
[    0.776123] acpiphp: Slot [23] registered
[    0.777621] acpiphp: Slot [24] registered
[    0.779579] acpiphp: Slot [25] registered
[    0.781617] acpiphp: Slot [26] registered
[    0.783850] acpiphp: Slot [27] registered
[    0.785618] acpiphp: Slot [28] registered
[    0.787431] acpiphp: Slot [29] registered
[    0.789433] acpiphp: Slot [30] registered
[    0.789617] acpiphp: Slot [31] registered
[    0.791850] PCI host bridge to bus 0000:00
[    0.793586] pci_bus 0000:00: root bus resource [io  0x0000-0x0cf7 window]
[    0.796021] pci_bus 0000:00: root bus resource [io  0x0d00-0xffff window]
[    0.797593] pci_bus 0000:00: root bus resource [mem 0x000a0000-0x000bffff window]
[    0.801586] pci_bus 0000:00: root bus resource [mem 0xc0000000-0xfebfffff window]
[    0.805586] pci_bus 0000:00: root bus resource [mem 0xe0000000000-0xe007fffffff window]
[    0.809585] pci_bus 0000:00: root bus resource [bus 00-ff]
[    0.812554] pci 0000:00:00.0: [8086:1237] type 00 class 0x060000
[    0.817956] pci 0000:00:01.0: [8086:7000] type 00 class 0x060100
[    0.822730] pci 0000:00:01.1: [8086:7010] type 00 class 0x010180
[    0.828848] pci 0000:00:01.1: reg 0x20: [io  0xc060-0xc06f]
[    0.830947] pci 0000:00:01.1: legacy IDE quirk: reg 0x10: [io  0x01f0-0x01f7]
[    0.833611] pci 0000:00:01.1: legacy IDE quirk: reg 0x14: [io  0x03f6]
[    0.837677] pci 0000:00:01.1: legacy IDE quirk: reg 0x18: [io  0x0170-0x0177]
[    0.841739] pci 0000:00:01.1: legacy IDE quirk: reg 0x1c: [io  0x0376]
[    0.846241] pci 0000:00:01.3: [8086:7113] type 00 class 0x068000
[    0.851077] pci 0000:00:01.3: quirk: [io  0x0600-0x063f] claimed by PIIX4 ACPI
[    0.853666] pci 0000:00:01.3: quirk: [io  0x0700-0x070f] claimed by PIIX4 SMB
[    0.860922] pci 0000:00:02.0: [1234:1111] type 00 class 0x030000
[    0.863672] pci 0000:00:02.0: reg 0x10: [mem 0xfd000000-0xfdffffff pref]
[    0.870653] pci 0000:00:02.0: reg 0x18: [mem 0xfebd0000-0xfebd0fff]
[    0.878733] pci 0000:00:02.0: reg 0x30: [mem 0xfebc0000-0xfebcffff pref]
[    0.885878] pci 0000:00:03.0: [1af4:1000] type 00 class 0x020000
[    0.891702] pci 0000:00:03.0: reg 0x10: [io  0xc040-0xc05f]
[    0.894788] pci 0000:00:03.0: reg 0x14: [mem 0xfebd1000-0xfebd1fff]
[    0.901453] pci 0000:00:03.0: reg 0x20: [mem 0xe0040000000-0xe0040003fff 64bit pref]
[    0.902804] pci 0000:00:03.0: reg 0x30: [mem 0xfeb80000-0xfebbffff pref]
[    0.909799] pci 0000:00:04.0: [1af4:1004] type 00 class 0x010000
[    0.914029] pci 0000:00:04.0: reg 0x10: [io  0xc000-0xc03f]
[    0.918016] pci 0000:00:04.0: reg 0x14: [mem 0xfebd2000-0xfebd2fff]
[    0.930319] pci 0000:00:04.0: reg 0x20: [mem 0xe0040004000-0xe0040007fff 64bit pref]
[    0.938427] pci 0000:00:05.0: [1d1d:1f1f] type 00 class 0x010802
[    0.943011] pci 0000:00:05.0: reg 0x10: [mem 0xe0000000000-0xe0000001fff 64bit]
[    0.947387] pci 0000:00:05.0: reg 0x20: [mem 0xfebd3000-0xfebd3fff]
[    0.950900] pci 0000:00:05.0: enabling Extended Tags
[    0.997611] ACPI: PCI Interrupt Link [LNKA] (IRQs 5 *10 11)
[    1.000719] ACPI: PCI Interrupt Link [LNKB] (IRQs 5 *10 11)
[    1.001965] ACPI: PCI Interrupt Link [LNKC] (IRQs 5 10 *11)
[    1.005521] ACPI: PCI Interrupt Link [LNKD] (IRQs 5 10 *11)
[    1.005778] ACPI: PCI Interrupt Link [LNKS] (IRQs *9)
[    1.011597] iommu: Default domain type: Translated 
[    1.014072] SCSI subsystem initialized
[    1.015927] pci 0000:00:02.0: vgaarb: setting as boot VGA device
[    1.016531] pci 0000:00:02.0: vgaarb: VGA device added: decodes=io+mem,owns=io+mem,locks=none
[    1.017761] pci 0000:00:02.0: vgaarb: bridge control possible
[    1.021491] vgaarb: loaded
[    1.023308] ACPI: bus type USB registered
[    1.026143] usbcore: registered new interface driver usbfs
[    1.029796] usbcore: registered new interface driver hub
[    1.033260] usbcore: registered new device driver usb
[    1.034196] pps_core: LinuxPPS API ver. 1 registered
[    1.036943] pps_core: Software ver. 5.3.6 - Copyright 2005-2007 Rodolfo Giometti <giometti@linux.it>
[    1.037978] PTP clock support registered
[    1.041593] EDAC MC: Ver: 3.0.0
[    1.046157] PCI: Using ACPI for IRQ routing
[    1.049851] NetLabel: Initializing
[    1.053382] NetLabel:  domain hash size = 128
[    1.057592] NetLabel:  protocols = UNLABELED CIPSOv4 CALIPSO
[    1.060088] NetLabel:  unlabeled traffic allowed by default
[    1.066463] hpet0: at MMIO 0xfed00000, IRQs 2, 8, 0
[    1.068428] hpet0: 3 comparators, 64-bit 100.000000 MHz counter
[    1.078530] clocksource: Switched to clocksource kvm-clock
[    1.108607] *** VALIDATE bpf ***
[    1.114853] VFS: Disk quotas dquot_6.6.0
[    1.117534] VFS: Dquot-cache hash table entries: 512 (order 0, 4096 bytes)
[    1.120333] *** VALIDATE ramfs ***
[    1.121676] *** VALIDATE hugetlbfs ***
[    1.123277] AppArmor: AppArmor Filesystem Enabled
[    1.125252] pnp: PnP ACPI init
[    1.127481] pnp: PnP ACPI: found 6 devices
[    1.132585] thermal_sys: Registered thermal governor 'fair_share'
[    1.132585] thermal_sys: Registered thermal governor 'bang_bang'
[    1.135206] thermal_sys: Registered thermal governor 'step_wise'
[    1.137632] thermal_sys: Registered thermal governor 'user_space'
[    1.140148] thermal_sys: Registered thermal governor 'power_allocator'
[    1.148757] clocksource: acpi_pm: mask: 0xffffff max_cycles: 0xffffff, max_idle_ns: 2085701024 ns
[    1.155547] pci_bus 0000:00: resource 4 [io  0x0000-0x0cf7 window]
[    1.158082] pci_bus 0000:00: resource 5 [io  0x0d00-0xffff window]
[    1.160530] pci_bus 0000:00: resource 6 [mem 0x000a0000-0x000bffff window]
[    1.163351] pci_bus 0000:00: resource 7 [mem 0xc0000000-0xfebfffff window]
[    1.166041] pci_bus 0000:00: resource 8 [mem 0xe0000000000-0xe007fffffff window]
[    1.169546] NET: Registered protocol family 2
[    1.172270] tcp_listen_portaddr_hash hash table entries: 2048 (order: 3, 32768 bytes, linear)
[    1.176166] TCP established hash table entries: 32768 (order: 6, 262144 bytes, linear)
[    1.180262] TCP bind hash table entries: 32768 (order: 7, 524288 bytes, linear)
[    1.183446] TCP: Hash tables configured (established 32768 bind 32768)
[    1.187373] UDP hash table entries: 2048 (order: 4, 65536 bytes, linear)
[    1.190358] UDP-Lite hash table entries: 2048 (order: 4, 65536 bytes, linear)
[    1.193304] NET: Registered protocol family 1
[    1.195326] NET: Registered protocol family 44
[    1.197894] pci 0000:00:01.0: PIIX3: Enabling Passive Release
[    1.200248] pci 0000:00:00.0: Limiting direct PCI/PCI transfers
[    1.202428] pci 0000:00:01.0: Activating ISA DMA hang workarounds
[    1.204834] pci 0000:00:02.0: Video device with shadowed ROM at [mem 0x000c0000-0x000dffff]
[    1.208587] PCI: CLS 0 bytes, default 64
[    1.210794] Trying to unpack rootfs image as initramfs...
[    1.548224] Freeing initrd memory: 89336K
[    1.552185] PCI-DMA: Using software bounce buffering for IO (SWIOTLB)
[    1.554238] software IO TLB: mapped [mem 0xbbfdd000-0xbffdd000] (64MB)
[    1.556304] clocksource: tsc: mask: 0xffffffffffffffff max_cycles: 0x2b2c909a7c7, max_idle_ns: 440795208498 ns
[    1.569513] check: Scanning for low memory corruption every 60 seconds
[    1.572509] Initialise system trusted keyrings
[    1.574148] Key type blacklist registered
[    1.576226] workingset: timestamp_bits=36 max_order=20 bucket_order=0
[    1.581555] zbud: loaded
[    1.583968] squashfs: version 4.0 (2009/01/31) Phillip Lougher
[    1.599863] fuse: init (API version 7.31)
[    1.607826] *** VALIDATE fuse ***
[    1.619600] *** VALIDATE fuse ***
[    1.624202] Platform Keyring initialized
[    1.629218] Key type asymmetric registered
[    1.632010] Asymmetric key parser 'x509' registered
[    1.636057] Block layer SCSI generic (bsg) driver version 0.4 loaded (major 244)
[    1.640618] io scheduler mq-deadline registered
[    1.643964] shpchp: Standard Hot Plug PCI Controller Driver version: 0.4
[    1.647271] input: Power Button as /devices/LNXSYSTM:00/LNXPWRBN:00/input/input0
[    1.650917] ACPI: Power Button [PWRF]
[    1.654866] PCI Interrupt Link [LNKC] enabled at IRQ 11
[    1.661491] PCI Interrupt Link [LNKD] enabled at IRQ 10
[    1.681344] Serial: 8250/16550 driver, 32 ports, IRQ sharing enabled
[    1.714034] 00:04: ttyS0 at I/O 0x3f8 (irq = 4, base_baud = 115200) is a 16550A
[    1.750321] Linux agpgart interface v0.103
[    1.804841] loop: module loaded
[    1.813399] scsi host0: ata_piix
[    1.818561] scsi host1: ata_piix
[    1.820926] ata1: PATA max MWDMA2 cmd 0x1f0 ctl 0x3f6 bmdma 0xc060 irq 14
[    1.824153] ata2: PATA max MWDMA2 cmd 0x170 ctl 0x376 bmdma 0xc068 irq 15
[    1.828307] libphy: Fixed MDIO Bus: probed
[    1.830267] tun: Universal TUN/TAP device driver, 1.6
[    1.834171] PPP generic driver version 2.4.2
[    1.838412] VFIO - User Level meta-driver version: 0.3
[    1.841654] ehci_hcd: USB 2.0 'Enhanced' Host Controller (EHCI) Driver
[    1.845258] ehci-pci: EHCI PCI platform driver
[    1.847786] ehci-platform: EHCI generic platform driver
[    1.852767] ohci_hcd: USB 1.1 'Open' Host Controller (OHCI) Driver
[    1.857520] ohci-pci: OHCI PCI platform driver
[    1.860285] ohci-platform: OHCI generic platform driver
[    1.862323] uhci_hcd: USB Universal Host Controller Interface driver
[    1.864985] i8042: PNP: PS/2 Controller [PNP0303:KBD,PNP0f13:MOU] at 0x60,0x64 irq 1,12
[    1.874352] serio: i8042 KBD port at 0x60,0x64 irq 1
[    1.878987] serio: i8042 AUX port at 0x60,0x64 irq 12
[    1.884002] mousedev: PS/2 mouse device common for all mice
[    1.891331] rtc_cmos 00:05: RTC can wake from S4
[    1.895188] input: AT Translated Set 2 keyboard as /devices/platform/i8042/serio0/input/input1
[    1.899085] rtc_cmos 00:05: registered as rtc0
[    1.901040] rtc_cmos 00:05: alarms up to one day, y3k, 242 bytes nvram, hpet irqs
[    1.903706] i2c /dev entries driver
[    1.905123] device-mapper: uevent: version 1.0.3
[    1.907746] device-mapper: ioctl: 4.41.0-ioctl (2019-09-16) initialised: dm-devel@redhat.com
[    1.913929] platform eisa.0: Probing EISA bus 0
[    1.916400] platform eisa.0: EISA: Cannot allocate resource for mainboard
[    1.919654] platform eisa.0: Cannot allocate resource for EISA slot 1
[    1.923201] platform eisa.0: Cannot allocate resource for EISA slot 2
[    1.927167] platform eisa.0: Cannot allocate resource for EISA slot 3
[    1.929842] platform eisa.0: Cannot allocate resource for EISA slot 4
[    1.932951] platform eisa.0: Cannot allocate resource for EISA slot 5
[    1.936143] platform eisa.0: Cannot allocate resource for EISA slot 6
[    1.938967] platform eisa.0: Cannot allocate resource for EISA slot 7
[    1.941900] platform eisa.0: Cannot allocate resource for EISA slot 8
[    1.944948] platform eisa.0: EISA: Detected 0 cards
[    1.949001] intel_pstate: CPU model not supported
[    1.952524] ledtrig-cpu: registered to indicate activity on CPUs
[    1.956184] drop_monitor: Initializing network drop monitor service
[    1.959997] NET: Registered protocol family 10
[    1.987346] Segment Routing with IPv6
[    1.989933] NET: Registered protocol family 17
[    1.993142] Key type dns_resolver registered
[    1.997455] RAS: Correctable Errors collector initialized.
[    2.001253] IPI shorthand broadcast: enabled
[    2.004445] sched_clock: Marking stable (1651771266, 352626177)->(2153471745, -149074302)
[    2.009303] registered taskstats version 1
[    2.011715] Loading compiled-in X.509 certificates
[    2.015457] Loaded X.509 cert 'Build time autogenerated kernel key: 7f1af841edfbf04e4b72462ffb6202c30b2da0bb'
[    2.021235] zswap: loaded using pool lzo/zbud
[    2.026452] Key type ._fscrypt registered
[    2.029176] Key type .fscrypt registered
[    2.045205] Key type big_key registered
[    2.054346] Key type encrypted registered
[    2.058843] AppArmor: AppArmor sha1 policy hashing enabled
[    2.064409] ima: No TPM chip found, activating TPM-bypass!
[    2.068328] ima: Allocated hash algorithm: sha1
[    2.070067] ima: No architecture policies found
[    2.073277] evm: Initialising EVM extended attributes:
[    2.078251] evm: security.selinux
[    2.080382] evm: security.SMACK64
[    2.082200] evm: security.SMACK64EXEC
[    2.083508] evm: security.SMACK64TRANSMUTE
[    2.085073] evm: security.SMACK64MMAP
[    2.088370] evm: security.apparmor
[    2.090183] evm: security.ima
[    2.091643] evm: security.capability
[    2.095965] evm: HMAC attrs: 0x1
[    2.101334] PM:   Magic number: 6:344:583
[    2.103791] rtc_cmos 00:05: setting system clock to 2026-08-27T12:33:43 UTC (1787834023)
[    2.114688] Freeing unused decrypted memory: 2040K
[    2.122607] Freeing unused kernel image memory: 2724K
[    2.138084] Write protecting the kernel read-only data: 22528k
[    2.142047] Freeing unused kernel image memory: 2008K
[    2.145965] Freeing unused kernel image memory: 1184K
[    2.159944] x86/mm: Checked W+X mappings: passed, no W+X pages found.
[    2.165863] Run /init as init process
Loading, please wait...
Starting version 245.4-4ubuntu3.2
[    2.232441] Floppy drive(s): fd0 is 2.88M AMI BIOS
[    2.235656] piix4_smbus 0000:00:01.3: SMBus Host Controller at 0x700, revision 0
[    2.242668] scsi host2: Virtio SCSI HBA
[    2.248109] scsi 2:0:0:0: Direct-Access     QEMU     QEMU HARDDISK    2.5+ PQ: 0 ANSI: 5
[    2.255455] FDC 0 is a S82078B
[    2.260651] input: VirtualPS/2 VMware VMMouse as /devices/platform/i8042/serio1/input/input4
[    2.265741] input: VirtualPS/2 VMware VMMouse as /devices/platform/i8042/serio1/input/input3
[    2.266066] nvme nvme0: pci function 0000:00:05.0
[    2.274552] PCI Interrupt Link [LNKA] enabled at IRQ 10
[    2.285082] cryptd: max_cpu_qlen set to 1000
[    2.286149] nvme nvme0: 4/0/0 default/read/poll queues
[    2.308943] AVX2 version of gcm_enc/dec engaged.
[    2.313137] AES CTR mode by8 optimization enabled
[    2.315569] virtio_net virtio0 ens3: renamed from eth0
[    2.328443] bochs-drm 0000:00:02.0: remove_conflicting_pci_framebuffers: bar 0: 0xfd000000 -> 0xfdffffff
[    2.334806] bochs-drm 0000:00:02.0: remove_conflicting_pci_framebuffers: bar 2: 0xfebd0000 -> 0xfebd0fff
[    2.338637] bochs-drm 0000:00:02.0: vgaarb: deactivate vga console
[    2.340214] sd 2:0:0:0: Attached scsi generic sg0 type 0
[    2.340291] sd 2:0:0:0: Power-on or device reset occurred
[    2.340718] sd 2:0:0:0: [sda] 167772160 512-byte logical blocks: (85.9 GB/80.0 GiB)
[    2.340751] sd 2:0:0:0: [sda] Write Protect is off
[    2.340904] sd 2:0:0:0: [sda] Write cache: enabled, read cache: enabled, supports DPO and FUA
[    2.356769]  sda: sda1 sda2
[    2.367431] sd 2:0:0:0: [sda] Attached SCSI disk
[    2.367918] Console: switching to colour dummy device 80x25
[    2.371792] [drm] Found bochs VGA, ID 0xb0c5.
[    2.373203] [drm] Framebuffer size 16384 kB @ 0xfd000000, mmio @ 0xfebd0000.
[    2.376125] [TTM] Zone  kernel: Available graphics memory: 2015074 KiB
[    2.378420] [TTM] Initializing pool allocator
[    2.380038] [TTM] Initializing DMA pool allocator
[    2.384121] [drm] Found EDID data blob.
[    2.385996] [drm] Initialized bochs-drm 1.0.0 20130925 for 0000:00:02.0 on minor 0
[    2.395466] fbcon: bochs-drmdrmfb (fb0) is primary device
[    2.415326] Console: switching to colour frame buffer device 160x50
[    2.425349] bochs-drm 0000:00:02.0: fb0: bochs-drmdrmfb frame buffer device
Begin: Loading essential drivers ... [    2.557625] raid6: avx2x4   gen() 29544 MB/s
[    2.612241] raid6: avx2x4   xor()  8451 MB/s
[    2.661749] raid6: avx2x2   gen() 18775 MB/s
[    2.709627] raid6: avx2x2   xor() 19976 MB/s
[    2.757661] raid6: avx2x1   gen() 21997 MB/s
[    2.805862] raid6: avx2x1   xor() 16441 MB/s
[    2.857690] raid6: sse2x4   gen() 19231 MB/s
[    2.905637] raid6: sse2x4   xor() 10199 MB/s
[    2.953645] raid6: sse2x2   gen() 17832 MB/s
[    3.001711] raid6: sse2x2   xor() 11210 MB/s
[    3.049707] raid6: sse2x1   gen() 15205 MB/s
[    3.097616] raid6: sse2x1   xor()  8675 MB/s
[    3.101017] raid6: using algorithm avx2x4 gen() 29544 MB/s
[    3.104172] raid6: .... xor() 8451 MB/s, rmw enabled
[    3.106024] raid6: using avx2x2 recovery algorithm
[    3.109356] xor: automatically using best checksumming function   avx       
[    3.112311] async_tx: api initialized (async)
done.
Begin: Running /scripts/init-premount ... done.
Begin: Mounting root file system ... Begin: Running /scripts/local-top ... done.
Begin: Running /scripts/local-premount ... [    3.174486] Btrfs loaded, crc32c=crc32c-intel
Scanning for Btrfs filesystems
[    3.253720] blk_update_request: I/O error, dev fd0, sector 0 op 0x0:(READ) flags 0x0 phys_seg 1 prio class 0
[    3.256607] floppy: error 10 while reading block 0
done.
Warning: fsck not present, so skipping root file system
[    3.303103] EXT4-fs (sda2): mounted filesystem with ordered data mode. Opts: (null)
done.
Begin: Running /scripts/local-bottom ... done.
Begin: Running /scripts/init-bottom ... Internet Systems Consortium DHCP Client 4.4.1
Copyright 2004-2018 Internet Systems Consortium.
All rights reserved.
For info, please visit https://www.isc.org/software/dhcp/

Listening on LPF/ens3/52:54:00:12:34:56
Sending on   LPF/ens3/52:54:00:12:34:56
Sending on   Socket/fallback
DHCPDISCOVER on ens3 to 255.255.255.255 port 67 interval 3 (xid=0xe727560e)
DHCPOFFER of 10.0.2.15 from 10.0.2.2
DHCPREQUEST for 10.0.2.15 on ens3 to 255.255.255.255 port 67 (xid=0xe5627e7)
DHCPACK of 10.0.2.15 from 10.0.2.2 (xid=0xe727560e)
bound to 10.0.2.15 -- renewal in 38234 seconds.
done.
[    3.589670] systemd[1]: Inserted module 'autofs4'
[    3.604188] systemd[1]: systemd 245.4-4ubuntu3.20 running in system mode. (+PAM +AUDIT +SELINUX +IMA +APPARMOR +SMACK +SYSVINIT +UTMP +LIBCRYPTSETUP +GCRYPT +GNUTLS +ACL +XZ +LZ4 +SECCOMP +BLKID +ELFUTILS +KMOD +IDN2 -IDN +PCRE2 default-hierarchy=hybrid)
[    3.614662] systemd[1]: Detected virtualization kvm.
[    3.618714] systemd[1]: Detected architecture x86-64.

Welcome to [1mUbuntu 20.04.1 LTS[0m!

[    3.652095] systemd[1]: Set hostname to <fvm>.
[    3.815213] systemd[1]: Created slice system-modprobe.slice.
[[0;32m  OK  [0m] Created slice [0;1;39msystem-modprobe.slice[0m.
[    3.820881] systemd[1]: Created slice system-serial\x2dgetty.slice.
[[0;32m  OK  [0m] Created slice [0;1;39msystem-serial\x2dgetty.slice[0m.
[    3.826701] systemd[1]: Created slice User and Session Slice.
[[0;32m  OK  [0m] Created slice [0;1;39mUser and Session Slice[0m.
[    3.832700] systemd[1]: Started Forward Password Requests to Wall Directory Watch.
[[0;32m  OK  [0m] Started [0;1;39mForward Password R…uests to Wall Directory Watch[0m.
[    3.838881] systemd[1]: Set up automount Arbitrary Executable File Formats File System Automount Point.
[[0;32m  OK  [0m] Set up automount [0;1;39mArbitrary…s File System Automount Point[0m.
[    3.843999] systemd[1]: Reached target User and Group Name Lookups.
[[0;32m  OK  [0m] Reached target [0;1;39mUser and Group Name Lookups[0m.
[    3.852105] systemd[1]: Reached target Slices.
[[0;32m  OK  [0m] Reached target [0;1;39mSlices[0m.
[    3.859431] systemd[1]: Listening on Device-mapper event daemon FIFOs.
[[0;32m  OK  [0m] Listening on [0;1;39mDevice-mapper event daemon FIFOs[0m.
[    3.864205] systemd[1]: Listening on LVM2 poll daemon socket.
[[0;32m  OK  [0m] Listening on [0;1;39mLVM2 poll daemon socket[0m.
[    3.871017] systemd[1]: Listening on multipathd control socket.
[[0;32m  OK  [0m] Listening on [0;1;39mmultipathd control socket[0m.
[    3.876853] systemd[1]: Listening on Syslog Socket.
[[0;32m  OK  [0m] Listening on [0;1;39mSyslog Socket[0m.
[    3.881184] systemd[1]: Listening on initctl Compatibility Named Pipe.
[[0;32m  OK  [0m] Listening on [0;1;39minitctl Compatibility Named Pipe[0m.
[    3.886843] systemd[1]: Listening on Journal Audit Socket.
[[0;32m  OK  [0m] Listening on [0;1;39mJournal Audit Socket[0m.
[    3.892360] systemd[1]: Listening on Journal Socket (/dev/log).
[[0;32m  OK  [0m] Listening on [0;1;39mJournal Socket (/dev/log)[0m.
[    3.897561] systemd[1]: Listening on Journal Socket.
[[0;32m  OK  [0m] Listening on [0;1;39mJournal Socket[0m.
[    3.902213] systemd[1]: Listening on Network Service Netlink Socket.
[[0;32m  OK  [0m] Listening on [0;1;39mNetwork Service Netlink Socket[0m.
[    3.908190] systemd[1]: Listening on udev Control Socket.
[[0;32m  OK  [0m] Listening on [0;1;39mudev Control Socket[0m.
[    3.913791] systemd[1]: Listening on udev Kernel Socket.
[[0;32m  OK  [0m] Listening on [0;1;39mudev Kernel Socket[0m.
[    3.918405] systemd[1]: Mounting Huge Pages File System...
         Mounting [0;1;39mHuge Pages File System[0m...
[    3.922368] systemd[1]: Mounting POSIX Message Queue File System...
         Mounting [0;1;39mPOSIX Message Queue File System[0m...
[    3.926885] systemd[1]: Mounting Kernel Debug File System...
         Mounting [0;1;39mKernel Debug File System[0m...
[    3.933393] systemd[1]: Mounting Kernel Trace File System...
         Mounting [0;1;39mKernel Trace File System[0m...
[    3.940541] systemd[1]: Starting Journal Service...
         Starting [0;1;39mJournal Service[0m...
[    3.947450] systemd[1]: Starting Set the console keyboard layout...
         Starting [0;1;39mSet the console keyboard layout[0m...
[    3.954716] systemd[1]: Starting Create list of static device nodes for the current kernel...
         Starting [0;1;39mCreate list of st…odes for the current kernel[0m...
[    3.961039] systemd[1]: Starting Monitoring of LVM2 mirrors, snapshots etc. using dmeventd or progress polling...
         Starting [0;1;39mMonitoring of LVM…meventd or progress polling[0m...
[    3.972579] systemd[1]: Starting Load Kernel Module chromeos_pstore...
         Starting [0;1;39mLoad Kernel Module chromeos_pstore[0m...
[    3.979651] systemd[1]: Condition check resulted in Load Kernel Module drm being skipped.
[    3.984438] systemd[1]: Starting Load Kernel Module efi_pstore...
         Starting [0;1;39mLoad Kernel Module efi_pstore[0m...
[    3.991539] systemd[1]: Starting Load Kernel Module pstore_blk...
         Starting [0;1;39mLoad Kernel Module pstore_blk[0m...
[    3.997796] systemd[1]: Starting Load Kernel Module pstore_zone...
         Starting [0;1;39mLoad Kernel Module pstore_zone[0m...
[    4.003485] systemd[1]: Starting Load Kernel Module ramoops...
         Starting [0;1;39mLoad Kernel Module ramoops[0m...
[    4.011944] systemd[1]: Condition check resulted in Set Up Additional Binary Formats being skipped.
[    4.019596] systemd[1]: Starting Load Kernel Modules...
         Starting [0;1;39mLoad Kernel Modules[0m...
[    4.031817] systemd[1]: Starting Remount Root and Kernel File Systems...
         Starting [0;1;39mRemount Root and Kernel File Systems[0m...
[    4.041529] systemd[1]: Starting udev Coldplug all Devices...
         Startin[    4.045147] EXT4-fs (sda2): re-mounted. Opts: (null)
g [0;1;39mudev Coldplug all Devices[0m...
[    4.048394] systemd[1]: Starting Uncomplicated firewall...
         Starting [0;1;39mUncomplicated firewall[0m...
[    4.055159] systemd[1]: Started Journal Service.
[[0;32m  OK  [0m] Started [0;1;39mJournal Service[0m.
[[0;32m  OK  [0m] Mounted [0;1;39mHuge Pages File System[0m.
[[0;32m  OK  [0m] Mounted [0;1;39mPOSIX Message Queue File System[0m.
[[0;32m  OK  [0m] Mounted [0;1;39mKernel Debug File System[0m.
[[0;32m  OK  [0m] Mounted [0;1;39mKernel Trace File System[0m.
[[0;32m  OK  [0m] Finished [0;1;39mSet the console keyboard layout[0m.
[[0;32m  OK  [0m] Finished [0;1;39mCreate list of st… nodes for the current kernel[0m.
[[0;32m  OK  [0m] Finished [0;1;39mMonitoring of LVM… dmeventd or progress polling[0m.
[[0;32m  OK  [0m] Finished [0;1;39mLoad Kernel Module chromeos_pstore[0m.
[[0;32m  OK  [0m] Finished [0;1;39mLoad Kernel Module efi_pstore[0m.
[[0;32m  OK  [0m] Finished [0;1;39mLoad Kernel Module pstore_blk[0m.
[[0;32m  OK  [0m] Finished [0;1;39mLoad Kernel Module pstore_zone[0m.
[[0;32m  OK  [0m] Finished [0;1;39mLoad Kernel Module ramoops[0m.
[[0;32m  OK  [0m] Finished [0;1;39mLoad Kernel Modules[0m.
[[0;32m  OK  [0m] Finished [0;1;39mRemount Root and Kernel File Systems[0m.
[[0;32m  OK  [0m] Finished [0;1;39mUncomplicated firewall[0m.
         Activating swap [0;1;39m/swap.img[0m...
         Mounting [0;1;39mFUSE Control File System[0m...
         Mounting [0;1;39mKernel Configuration File System[0m...
         Starting [0;1;39mFlush Journal to Persistent Storage[0m...
         Starting [0;1;39mLoad/Save Random Seed[0m...
         [    4.124313] systemd-journald[374]: Received client request to flush runtime journal.
Starting [0;1;39mApply Kernel Variables[0m...
         Starting [0;1;39mCreate System Users[0m...
[[0;32m  OK  [0m] Finished [0;1;39mudev Coldplug all Devices[0m.
[[0;32m  OK  [0m] Mounted [0;1;39mFUSE Control File System[0m.
[[0;32m  OK  [0m] Mounted [0;1;39mKernel Configuration File System[0m.
         Starting [0;1;39mudev Wait for Complete Device Initialization[0m...
[[0;32m  OK  [0m] Finished [0;1;39mCreate System Users[0m.
         Starting [0;1;39mCreate Static Device Nodes in /dev[0m...
[[0;32m  OK  [0m] Activated swap [0;1;39m/swap.img[0m.
[[0;32m  OK  [0m] Finished [0;1;39mLoad/Save Random Seed[0m.
[[0;32m  OK  [0m] Finished [0;1;39mApply Kernel Variables[0m.
[[0;32m  OK  [0m] Reached target [0;1;39mSwap[0m.
[[0;32m  OK  [0m] Finished [0;1;39mCreate Static Device Nodes in /dev[0m.
         Starting [0;1;39mudev Kernel Device Manager[0m...
[[0;32m  OK  [0m] Started [0;1;39mudev Kernel Device Manager[0m.
[[0;32m  OK  [0m] Started [0;1;39mDispatch Password …ts to Console Directory Watch[0m.
[[0;32m  OK  [0m] Reached target [0;1;39mLocal Encrypted Volumes[0m.
         Starting [0;1;39mNetwork Service[0m...
[[0;32m  OK  [0m] Finished [0;1;39mFlush Journal to Persistent Storage[0m.
[[0;32m  OK  [0m] Started [0;1;39mNetwork Service[0m.
         Starting [0;1;39mWait for Network to be Configured[0m...
[[0;32m  OK  [0m] Finished [0;1;39mWait for Network to be Configured[0m.
[[0;32m  OK  [0m] Found device [0;1;39m/dev/ttyS0[0m.
[[0;32m  OK  [0m] Listening on [0;1;39mLoad/Save RF …itch Status /dev/rfkill Watch[0m.
[[0;32m  OK  [0m] Finished [0;1;39mudev Wait for Complete Device Initialization[0m.
         Starting [0;1;39mDevice-Mapper Multipath Device Controller[0m...
[[0;32m  OK  [0m] Started [0;1;39mDevice-Mapper Multipath Device Controller[0m.
[[0;32m  OK  [0m] Reached target [0;1;39mLocal File Systems (Pre)[0m.
         Mounting [0;1;39mMount unit for core18, revision 1880[0m...
         Mounting [0;1;39mMount unit for lxd, revision 16099[0m...
         Mounting [0;1;39mMount unit for snapd, revision 8542[0m...
[[0;32m  OK  [0m] Mounted [0;1;39mMount unit for snapd, revision 8542[0m.
[[0;32m  OK  [0m] Mounted [0;1;39mMount unit for core18, revision 1880[0m.
[[0;32m  OK  [0m] Mounted [0;1;39mMount unit for lxd, revision 16099[0m.
[[0;32m  OK  [0m] Reached target [0;1;39mLocal File Systems[0m.
         Starting [0;1;39mLoad AppArmor profiles[0m...
         Starting [0;1;39mSet console font and keymap[0m...
         Starting [0;1;39mCreate final runt…dir for shutdown pivot root[0m...
         Starting [0;1;39mTell Plymouth To Write Out Runtime Data[0m...
         Starting [0;1;39mCreate Volatile Files and Directories[0m...
[[0;32m  OK  [0m] Finished [0;1;39mSet console font and keymap[0m.
[[0;32m  OK  [0m] Finished [0;1;39mCreate final runt…e dir for shutdown pivot root[0m.
[[0;32m  OK  [0m] Finished [0;1;39mTell Plymouth To Write Out Runtime Data[0m.
[[0;32m  OK  [0m] Finished [0;1;39mCreate Volatile Files and Directories[0m.
         Starting [0;1;39mNetwork Name Resolution[0m...
         Starting [0;1;39mNetwork Time Synchronization[0m...
         Starting [0;1;39mUpdate UTMP about System Boot/Shutdown[0m...
[[0;32m  OK  [0m] Finished [0;1;39mLoad AppArmor profiles[0m.
         Starting [0;1;39mLoad AppArmor pro…managed internally by snapd[0m...
[[0;32m  OK  [0m] Finished [0;1;39mUpdate UTMP about System Boot/Shutdown[0m.
[[0;32m  OK  [0m] Finished [0;1;39mLoad AppArmor pro…s managed internally by snapd[0m.
[[0;32m  OK  [0m] Started [0;1;39mNetwork Time Synchronization[0m.
[[0;32m  OK  [0m] Reached target [0;1;39mSystem Initialization[0m.
[[0;32m  OK  [0m] Started [0;1;39mDaily Cleanup of Temporary Directories[0m.
[[0;32m  OK  [0m] Reached target [0;1;39mPaths[0m.
[[0;32m  OK  [0m] Reached target [0;1;39mSystem Time Set[0m.
[[0;32m  OK  [0m] Reached target [0;1;39mSystem Time Synchronized[0m.
[[0;32m  OK  [0m] Started [0;1;39mDaily apt download activities[0m.
[[0;32m  OK  [0m] Started [0;1;39mDaily apt upgrade and clean activities[0m.
[[0;32m  OK  [0m] Started [0;1;39mPeriodic ext4 Onli…ata Check for All Filesystems[0m.
[[0;32m  OK  [0m] Started [0;1;39mDiscard unused blocks once a week[0m.
[[0;32m  OK  [0m] Started [0;1;39mRefresh fwupd metadata regularly[0m.
[[0;32m  OK  [0m] Started [0;1;39mDaily rotation of log files[0m.
[[0;32m  OK  [0m] Started [0;1;39mDaily man-db regeneration[0m.
[[0;32m  OK  [0m] Started [0;1;39mMessage of the Day[0m.
[[0;32m  OK  [0m] Reached target [0;1;39mTimers[0m.
[[0;32m  OK  [0m] Listening on [0;1;39mD-Bus System Message Bus Socket[0m.
[[0;32m  OK  [0m] Listening on [0;1;39mOpen-iSCSI iscsid Socket[0m.
[[0;32m  OK  [0m] Listening on [0;1;39mSocket unix for snap application lxd.daemon[0m.
         Starting [0;1;39mSocket activation for snappy daemon[0m.
[[0;32m  OK  [0m] Listening on [0;1;39mUUID daemon activation socket[0m.
[[0;32m  OK  [0m] Started [0;1;39mNetwork Name Resolution[0m.
[[0;32m  OK  [0m] Listening on [0;1;39mSocket activation for snappy daemon[0m.
[[0;32m  OK  [0m] Reached target [0;1;39mNetwork[0m.
[[0;32m  OK  [0m] Reached target [0;1;39mNetwork is Online[0m.
[[0;32m  OK  [0m] Reached target [0;1;39mHost and Network Name Lookups[0m.
[[0;32m  OK  [0m] Reached target [0;1;39mSockets[0m.
[[0;32m  OK  [0m] Reached target [0;1;39mBasic System[0m.
         Starting [0;1;39mAccounts Service[0m...
[[0;32m  OK  [0m] Started [0;1;39mD-Bus System Message Bus[0m.
[[0;32m  OK  [0m] Started [0;1;39mSave initial kernel messages after boot[0m.
         Starting [0;1;39mRemove Stale Onli…t4 Metadata Check Snapshots[0m...
         Starting [0;1;39mLSB: Record successful boot for GRUB[0m...
         Starting [0;1;39mGRUB failed boot detection[0m...
[[0;32m  OK  [0m] Started [0;1;39mirqbalance daemon[0m.
         Starting [0;1;39mDispatcher daemon for systemd-networkd[0m...
[[0;32m  OK  [0m] Reached target [0;1;39mRemote File Systems (Pre)[0m.
[[0;32m  OK  [0m] Reached target [0;1;39mRemote File Systems[0m.
         Starting [0;1;39mLSB: automatic crash report generation[0m...
         Starting [0;1;39mDeferred execution scheduler[0m...
         Starting [0;1;39mAvailability of block devices[0m...
[[0;32m  OK  [0m] Started [0;1;39mRegular background program processing daemon[0m.
         Starting [0;1;39mSystem Logging Service[0m...
         Starting [0;1;39mService for snap application lxd.activate[0m...
         Starting [0;1;39mSnap Daemon[0m...
         Starting [0;1;39mOpenBSD Secure Shell server[0m...
         Starting [0;1;39mLogin Service[0m...
         Starting [0;1;39mPermit User Sessions[0m...
         Starting [0;1;39mThermal Daemon Service[0m...
         Starting [0;1;39mRotate log files[0m...
         Starting [0;1;39mDaily man-db regeneration[0m...
[[0;32m  OK  [0m] Finished [0;1;39mRemove Stale Onli…ext4 Metadata Check Snapshots[0m.
[[0;32m  OK  [0m] Started [0;1;39mDeferred execution scheduler[0m.
[[0;32m  OK  [0m] Finished [0;1;39mAvailability of block devices[0m.
[[0;32m  OK  [0m] Finished [0;1;39mPermit User Sessions[0m.
[[0;32m  OK  [0m] Finished [0;1;39mGRUB failed boot detection[0m.
         Starting [0;1;39mHold until boot process finishes up[0m...
         Starting [0;1;39mTerminate Plymouth Boot Screen[0m...
[[0;32m  OK  [0m] Started [0;1;39mSystem Logging Service[0m.
[[0;32m  OK  [0m] Started [0;1;39mThermal Daemon Service[0m.
[[0;32m  OK  [0m] Finished [0;1;39mHold until boot process finishes up[0m.
[[0;32m  OK  [0m] Finished [0;1;39mTerminate Plymouth Boot Screen[0m.
[[0;32m  OK  [0m] Started [0;1;39mOpenBSD Secure Shell server[0m.
[[0;32m  OK  [0m] Started [0;1;39mLogin Service[0m.
[[0;32m  OK  [0m] Started [0;1;39mSerial Getty on ttyS0[0m.
         Starting [0;1;39mSet console scheme[0m...
[[0;32m  OK  [0m] Started [0;1;39mUnattended Upgrades Shutdown[0m.
[[0;32m  OK  [0m] Started [0;1;39mLSB: Record successful boot for GRUB[0m.
[[0;32m  OK  [0m] Started [0;1;39mLSB: automatic crash report generation[0m.
[[0;32m  OK  [0m] Finished [0;1;39mSet console scheme[0m.
[[0;32m  OK  [0m] Created slice [0;1;39msystem-getty.slice[0m.
[[0;32m  OK  [0m] Started [0;1;39mGetty on tty1[0m.
[[0;32m  OK  [0m] Reached target [0;1;39mLogin Prompts[0m.
         Starting [0;1;39mAuthorization Manager[0m...
[[0;32m  OK  [0m] Started [0;1;39mAuthorization Manager[0m.
[[0;32m  OK  [0m] Started [0;1;39mAccounts Service[0m.
[[0;32m  OK  [0m] Finished [0;1;39mRotate log files[0m.
[[0;32m  OK  [0m] Started [0;1;39mDispatcher daemon for systemd-networkd[0m.
[[0;32m  OK  [0m] Finished [0;1;39mDaily man-db regeneration[0m.
[[0;32m  OK  [0m] Started [0;1;39mSnap Daemon[0m.
         Starting [0;1;39mWait until snapd is fully seeded[0m...
[[0;32m  OK  [0m] Finished [0;1;39mWait until snapd is fully seeded[0m.
[[0;32m  OK  [0m] Finished [0;1;39mService for snap application lxd.activate[0m.
[[0;32m  OK  [0m] Reached target [0;1;39mMulti-User System[0m.
[[0;32m  OK  [0m] Reached target [0;1;39mGraphical Interface[0m.
         Starting [0;1;39mUpdate UTMP about System Runlevel Changes[0m...
[[0;32m  OK  [0m] Finished [0;1;39mUpdate UTMP about System Runlevel Changes[0m.

Ubuntu 20.04.1 LTS fvm ttyS0

fvm login:          Stopping [0;1;39mSession 5 of user femu[0m.
[[0;32m  OK  [0m] Removed slice [0;1;39msystem-modprobe.slice[0m.
[[0;32m  OK  [0m] Stopped target [0;1;39mGraphical Interface[0m.
[[0;32m  OK  [0m] Stopped target [0;1;39mMulti-User System[0m.
[[0;32m  OK  [0m] Stopped target [0;1;39mLogin Prompts[0m.
[[0;32m  OK  [0m] Stopped target [0;1;39mNetwork is Online[0m.
[[0;32m  OK  [0m] Stopped target [0;1;39mHost and Network Name Lookups[0m.
[[0;32m  OK  [0m] Stopped target [0;1;39mTimers[0m.
[[0;32m  OK  [0m] Stopped [0;1;39mDaily apt upgrade and clean activities[0m.
[[0;32m  OK  [0m] Stopped [0;1;39mDaily apt download activities[0m.
[[0;32m  OK  [0m] Stopped [0;1;39mPeriodic ext4 Onli…ata Check for All Filesystems[0m.
[[0;32m  OK  [0m] Stopped [0;1;39mDiscard unused blocks once a week[0m.
[[0;32m  OK  [0m] Stopped [0;1;39mRefresh fwupd metadata regularly[0m.
[[0;32m  OK  [0m] Stopped [0;1;39mDaily rotation of log files[0m.
[[0;32m  OK  [0m] Stopped [0;1;39mDaily man-db regeneration[0m.
[[0;32m  OK  [0m] Stopped [0;1;39mMessage of the Day[0m.
[[0;32m  OK  [0m] Stopped [0;1;39mDaily Cleanup of Temporary Directories[0m.
[[0;32m  OK  [0m] Stopped target [0;1;39mSystem Ti[[0;32m  OK  [0m] Stopped [0;1;39mWait until snapd is fully seeded[0m.
         Stopping [0;1;39mSnap Daemon[0m...
         Stopping [0;1;39mOpenBSD Secure Shell server[0m...
[[0;32m  OK  [0m] Stopped [0;1;39mWait for Network to be Configured[0m.
         Stopping [0;1;39mLoad/Save Random Seed[0m...
         Stopping [0;1;39mUnattended Upgrades Shutdown[0m...
[[0;32m  OK  [0m] Stopped [0;1;39mAccounts Service[0m.
[[0;32m  OK  [0m] Stopped [0;1;39mirqbalance daemon[0m.
[[0;32m  OK  [0m] Stopped [0;1;39mDispatcher daemon for systemd-networkd[0m.
[[0;32m  OK  [0m] Stopped [0;1;39mRegular background program processing daemon[0m.
[[0;32m  OK  [0m] Stopped [0;1;39mSystem Logging Service[0m.
[[0;32m  OK  [0m] Stopped [0;1;39mDeferred execution scheduler[0m.
[[0;32m  OK  [0m] Stopped [0;1;39mOpenBSD Secure Shell server[0m.
[[0;32m  OK  [0m] Stopped [0;1;39mSerial Getty on ttyS0[0m.
[[0;32m  OK  [0m] Stopped [0;1;39mUnattended Upgrades Shutdown[0m.
[[0;32m  OK  [0m] Stopped [0;1;39mGetty on tty1[0m.
[[0;32m  OK  [0m] Stopped [0;1;39mAuthorization Manager[0m.
[[0;32m  OK  [0m] Stopped [0;1;39mAvailability of block devices[0m.
[[0;32m  OK  [0m] Stopped [0;1;39mLoad/Save Random Seed[0m.
[[0;32m  OK  [0m] Stopped [0;1;39mSession 5 of user femu[0m.
[[0;32m  OK  [0m] Removed slice [0;1;39msystem-getty.slice[0m.
[[0;32m  OK  [0m] Removed slice [0;1;39msystem-serial\x2dgetty.slice[0m.
         Stopping [0;1;39mLogin Service[0m...
         Stopping [0;1;39mUser Manager for UID 1000[0m...
[[0;32m  OK  [0m] Stopped [0;1;39mLSB: automatic crash report generation[0m.
[[0;32m  OK  [0m] Stopped [0;1;39mLSB: Record successful boot for GRUB[0m.
[[0;32m  OK  [0m] Stopped [0;1;39mUser Manager for UID 1000[0m.
         Stopping [0;1;39mUser Runtime Directory /run/user/1000[0m...
[[0;32m  OK  [0m] Unmounted [0;1;39m/run/user/1000[0m.
[[0;32m  OK  [0m] Stopped [0;1;39mUser Runtime Directory /run/user/1000[0m.
[[0;32m  OK  [0m] Removed slice [0;1;39mUser Slice of UID 1000[0m.
         Stopping [0;1;39mD-Bus System Message Bus[0m...
         Stopping [0;1;39mPermit User Sessions[0m...
[[0;32m  OK  [0m] Stopped [0;1;39mD-Bus System Message Bus[0m.
[[0;32m  OK  [0m] Stopped [0;1;39mPermit User Sessions[0m.
[[0;32m  OK  [0m] Stopped target [0;1;39mNetwork[0m.
[[0;32m  OK  [0m] Stopped target [0;1;39mRemote File Systems[0m.
[[0;32m  OK  [0m] Stopped target [0;1;39mRemote File Systems (Pre)[0m.
         Stopping [0;1;39mNetwork Name Resolution[0m...
[[0;32m  OK  [0m] Stopped [0;1;39mLogin Service[0m.
[[0;32m  OK  [0m] Stopped [0;1;39mNetwork Name Resolution[0m.
[[0;32m  OK  [0m] Stopped target [0;1;39mUser and Group Name Lookups[0m.
         Stopping [0;1;39mNetwork Service[0m...
[[0;32m  OK  [0m] Stopped [0;1;39mNetwork Service[0m.
[[0;32m  OK  [0m] Stopped [0;1;39mCreate final runtime dir for shutdown pivot root[0m.
[[0m[0;31m*     [0m] A stop job is running for Snap Daemon (2s / 1min 30s)
M[K[[0;1;31m*[0m[0;31m*    [0m] A stop job is running for Snap Daemon (3s / 1min 30s)
M[K[[0;31m*[0;1;31m*[0m[0;31m*   [0m] A stop job is running for Snap Daemon (3s / 1min 30s)
M[K[ [0;31m*[0;1;31m*[0m[0;31m*  [0m] A stop job is running for Snap Daemon (4s / 1min 30s)
M[K[  [0;31m*[0;1;31m*[0m[0;31m* [0m] A stop job is running for Snap Daemon (5s / 1min 30s)
M[K[   [0;31m*[0;1;31m*[0m[0;31m*[0m] A stop job is running for Snap Daemon (5s / 1min 30s)
M[K[    [0;31m*[0;1;31m*[0m] A stop job is running for Snap Daemon (6s / 1min 30s)
M[K[     [0;31m*[0m] A stop job is running for Snap Daemon (6s / 1min 30s)
M[K[    [0;31m*[0;1;31m*[0m] A stop job is running for Snap Daemon (7s / 1min 30s)
M[K[   [0;31m*[0;1;31m*[0m[0;31m*[0m] A stop job is running for Snap Daemon (7s / 1min 30s)
M[K[  [0;31m*[0;1;31m*[0m[0;31m* [0m] A stop job is running for Snap Daemon (8s / 1min 30s)
M[K[ [0;31m*[0;1;31m*[0m[0;31m*  [0m] A stop job is running for Snap Daemon (8s / 1min 30s)
M[K[[0;31m*[0;1;31m*[0m[0;31m*   [0m] A stop job is running for Snap Daemon (9s / 1min 30s)
M[K[[0;1;31m*[0m[0;31m*    [0m] A stop job is running for Snap Daemon (9s / 1min 30s)
M[K[[0m[0;31m*     [0m] A stop job is running for Snap Daemon (10s / 1min 30s)
M[K[[0;1;31m*[0m[0;31m*    [0m] A stop job is running for Snap Daemon (10s / 1min 30s)
M[K[[0;31m*[0;1;31m*[0m[0;31m*   [0m] A stop job is running for Snap Daemon (11s / 1min 30s)
M[K[ [0;31m*[0;1;31m*[0m[0;31m*  [0m] A stop job is running for Snap Daemon (11s / 1min 30s)
M[K[  [0;31m*[0;1;31m*[0m[0;31m* [0m] A stop job is running for Snap Daemon (12s / 1min 30s)
M[K[   [0;31m*[0;1;31m*[0m[0;31m*[0m] A stop job is running for Snap Daemon (12s / 1min 30s)
M[K[    [0;31m*[0;1;31m*[0m] A stop job is running for Snap Daemon (13s / 1min 30s)
M[K[     [0;31m*[0m] A stop job is running for Snap Daemon (13s / 1min 30s)
M[K[    [0;31m*[0;1;31m*[0m] A stop job is running for Snap Daemon (14s / 1min 30s)
M[K[   [0;31m*[0;1;31m*[0m[0;31m*[0m] A stop job is running for Snap Daemon (14s / 1min 30s)
M[K[  [0;31m*[0;1;31m*[0m[0;31m* [0m] A stop job is running for Snap Daemon (15s / 1min 30s)
M[K[ [0;31m*[0;1;31m*[0m[0;31m*  [0m] A stop job is running for Snap Daemon (15s / 1min 30s)
M[K[[0;31m*[0;1;31m*[0m[0;31m*   [0m] A stop job is running for Snap Daemon (16s / 1min 30s)
M[K[[0;1;31m*[0m[0;31m*    [0m] A stop job is running for Snap Daemon (16s / 1min 30s)
M[K[[0m[0;31m*     [0m] A stop job is running for Snap Daemon (17s / 1min 30s)
M[K[[0;1;31m*[0m[0;31m*    [0m] A stop job is running for Snap Daemon (17s / 1min 30s)
M[K[[0;31m*[0;1;31m*[0m[0;31m*   [0m] A stop job is running for Snap Daemon (18s / 1min 30s)
M[K[ [0;31m*[0;1;31m*[0m[0;31m*  [0m] A stop job is running for Snap Daemon (18s / 1min 30s)
M[K[  [0;31m*[0;1;31m*[0m[0;31m* [0m] A stop job is running for Snap Daemon (19s / 1min 30s)
M[K[   [0;31m*[0;1;31m*[0m[0;31m*[0m] A stop job is running for Snap Daemon (19s / 1min 30s)
M[K[    [0;31m*[0;1;31m*[0m] A stop job is running for Snap Daemon (20s / 1min 30s)
M[K[     [0;31m*[0m] A stop job is running for Snap Daemon (20s / 1min 30s)
M[K[    [0;31m*[0;1;31m*[0m] A stop job is running for Snap Daemon (21s / 1min 30s)
M[K[   [0;31m*[0;1;31m*[0m[0;31m*[0m] A stop job is running for Snap Daemon (21s / 1min 30s)
M[K[  [0;31m*[0;1;31m*[0m[0;31m* [0m] A stop job is running for Snap Daemon (22s / 1min 30s)
M[K[ [0;31m*[0;1;31m*[0m[0;31m*  [0m] A stop job is running for Snap Daemon (22s / 1min 30s)
M[K[[0;31m*[0;1;31m*[0m[0;31m*   [0m] A stop job is running for Snap Daemon (23s / 1min 30s)
M[K[[0;1;31m*[0m[0;31m*    [0m] A stop job is running for Snap Daemon (23s / 1min 30s)
M[K[[0m[0;31m*     [0m] A stop job is running for Snap Daemon (24s / 1min 30s)
M[K[[0;1;31m*[0m[0;31m*    [0m] A stop job is running for Snap Daemon (24s / 1min 30s)
M[K[[0;31m*[0;1;31m*[0m[0;31m*   [0m] A stop job is running for Snap Daemon (25s / 1min 30s)
M[K[ [0;31m*[0;1;31m*[0m[0;31m*  [0m] A stop job is running for Snap Daemon (25s / 1min 30s)
M[K[  [0;31m*[0;1;31m*[0m[0;31m* [0m] A stop job is running for Snap Daemon (26s / 1min 30s)
M[K[   [0;31m*[0;1;31m*[0m[0;31m*[0m] A stop job is running for Snap Daemon (26s / 1min 30s)
M[K[    [0;31m*[0;1;31m*[0m] A stop job is running for Snap Daemon (27s / 1min 30s)
M[K[[0;32m  OK  [0m] Stopped [0;1;39mSnap Daemon[0m.
[K[[0;32m  OK  [0m] Stopped target [0;1;39mBasic System[0m.
[[0;32m  OK  [0m] Stopped target [0;1;39mPaths[0m.
[[0;32m  OK  [0m] Stopped target [0;1;39mSlices[0m.
[[0;32m  OK  [0m] Removed slice [0;1;39mUser and Session Slice[0m.
[[0;32m  OK  [0m] Stopped target [0;1;39mSockets[0m.
[[0;32m  OK  [0m] Closed [0;1;39mD-Bus System Message Bus Socket[0m.
[[0;32m  OK  [0m] Closed [0;1;39mOpen-iSCSI iscsid Socket[0m.
[[0;32m  OK  [0m] Closed [0;1;39mSocket unix for snap application lxd.daemon[0m.
[[0;32m  OK  [0m] Closed [0;1;39mSocket activation for snappy daemon[0m.
[[0;32m  OK  [0m] Closed [0;1;39mSyslog Socket[0m.
[[0;32m  OK  [0m] Closed [0;1;39mUUID daemon activation socket[0m.
[[0;32m  OK  [0m] Stopped target [0;1;39mSystem Initialization[0m.
[[0;32m  OK  [0m] Stopped target [0;1;39mLocal Encrypted Volumes[0m.
[[0;32m  OK  [0m] Stopped [0;1;39mDispatch Password …ts to Console Directory Watch[0m.
[[0;32m  OK  [0m] Stopped [0;1;39mForward Password R…uests to Wall Directory Watch[0m.
[[0;32m  OK  [0m] Stopped [0;1;39mApply Kernel Variables[0m.
[[0;32m  OK  [0m] Stopped [0;1;39mLoad Kernel Modules[0m.
         Stopping [0;1;39mNetwork Time Synchronization[0m...
         Stopping [0;1;39mUpdate UTMP about System Boot/Shutdown[0m...
[[0;32m  OK  [0m] Stopped [0;1;39mUpdate UTMP about System Boot/Shutdown[0m.
[[0;32m  OK  [0m] Stopped [0;1;39mNetwork Time Synchronization[0m.
[[0;32m  OK  [0m] Stopped [0;1;39mCreate Volatile Files and Directories[0m.
[[0;32m  OK  [0m] Stopped target [0;1;39mLocal File Systems[0m.
         Unmounting [0;1;39m/run/snapd/ns/lxd.mnt[0m...
         Unmounting [0;1;39mMount unit for core18, revision 1880[0m...
         Unmounting [0;1;39mMount unit for lxd, revision 16099[0m...
         Unmounting [0;1;39mMount unit for snapd, revision 8542[0m...
[[0;32m  OK  [0m] Unmounted [0;1;39m/run/snapd/ns/lxd.mnt[0m.
         Unmounting [0;1;39m/run/snapd/ns[0m...
[[0;32m  OK  [0m] Unmounted [0;1;39m/run/snapd/ns[0m.
[[0;32m  OK  [0m] Stopped target [0;1;39mSwap[0m.
         Deactivating swap [0;1;39m/swap.img[0m...
[[0;32m  OK  [0m] Unmounted [0;1;39mMount unit for core18, revision 1880[0m.
[[0;32m  OK  [0m] Deactivated swap [0;1;39m/swap.img[0m.
[[0;32m  OK  [0m] Unmounted [0;1;39mMount unit for lxd, revision 16099[0m.
[[0;32m  OK  [0m] Unmounted [0;1;39mMount unit for snapd, revision 8542[0m.
[[0;32m  OK  [0m] Stopped target [0;1;39mLocal File Systems (Pre)[0m.
[[0;32m  OK  [0m] Reached target [0;1;39mUnmount All Filesystems[0m.
         Stopping [0;1;39mMonitoring of LVM…meventd or progress polling[0m...
         Stopping [0;1;39mDevice-Mapper Multipath Device Controller[0m...
[[0;32m  OK  [0m] Stopped [0;1;39mCreate Static Device Nodes in /dev[0m.
[[0;32m  OK  [0m] Stopped [0;1;39mCreate System Users[0m.
[[0;32m  OK  [0m] Stopped [0;1;39mRemount Root and Kernel File Systems[0m.
[[0;32m  OK  [0m] Stopped [0;1;39mDevice-Mapper Multipath Device Controller[0m.
[[0;32m  OK  [0m] Stopped [0;1;39mMonitoring of LVM2… dmeventd or progress polling[0m.
[[0;32m  OK  [0m] Reached target [0;1;39mShutdown[0m.
[[0;32m  OK  [0m] Reached target [0;1;39mFinal Step[0m.
[[0;32m  OK  [0m] Finished [0;1;39mPower-Off[0m.
[[0;32m  OK  [0m] Reached target [0;1;39mPower-Off[0m.
[   74.911646] reboot: Power down
