[FEMU] FTL-Log: LPN metadata: entries=2097152 entry_size=40 total=80 MiB T=1024 A=3 C=2 D=65536 decay=on E=2048
[FEMU] FTL-Log: Write pointers: hot_line=64 cold_line=0 free=126 hot_free=63 cold_free=63
c[?7l[2J[0mSeaBIOS (version rel-1.17.0-0-gb52ca86e094d-prebuilt.qemu.org)


iPXE (http://ipxe.org) 00:03.0 CA00 PCI2.10 PnP PMM+BEFD1D20+BEF31D20 CA00
Press Ctrl-B to configure iPXE (PCI 00:03.0)...                                                                               


Booting from Hard Disk...
[H[J[1;1H[?25l[m[H[J[1;1H[2;30HGNU GRUB  version 2.04

[m[4;2H+----------------------------------------------------------------------------+[5;2H|[5;79H|[6;2H|[6;79H|[7;2H|[7;79H|[8;2H|[8;79H|[9;2H|[9;79H|[10;2H|[10;79H|[11;2H|[11;79H|[12;2H|[12;79H|[13;2H|[13;79H|[14;2H|[14;79H|[15;2H|[15;79H|[16;2H|[16;79H|[17;2H+----------------------------------------------------------------------------+[m[18;2H[19;2H[m     Use the ^ and v keys to select which entry is highlighted.          
      Press enter to boot the selected OS, `e' to edit the commands       
      before booting or `c' for a command-line.                           [5;80H [7m[5;3H*Ubuntu, with Linux 5.4.0-64-generic                                        [m[5;78H[m[m[6;3H                                                                            [m[6;78H[m[m[7;3H                                                                            [m[7;78H[m[m[8;3H                                                                            [m[8;78H[m[m[9;3H                                                                            [m[9;78H[m[m[10;3H                                                                            [m[10;78H[m[m[11;3H                                                                            [m[11;78H[m[m[12;3H                                                                            [m[12;78H[m[m[13;3H                                                                            [m[13;78H[m[m[14;3H                                                                            [m[14;78H[m[m[15;3H                                                                            [m[15;78H[m[m[16;3H                                                                            [m[16;78H[m[16;80H [5;78H[22;1H   The highlighted entry will be executed automatically in 3s.                 [5;78H[22;1H   The highlighted entry will be executed automatically in 2s.                 [5;78H[22;1H   The highlighted entry will be executed automatically in 1s.                 [5;78H[22;1H   The highlighted entry will be executed automatically in 0s.                 [5;78H[?25h[H[J[1;1H[H[J[1;1HLoading Linux 5.4.0-64-generic ...
Loading initial ramdisk ...
[    0.000000] Linux version 5.4.0-64-generic (buildd@lcy01-amd64-021) (gcc version 9.3.0 (Ubuntu 9.3.0-17ubuntu1~20.04)) #72-Ubuntu SMP Fri Jan 15 10:27:54 UTC 2021 (Ubuntu 5.4.0-64.72-generic 5.4.78)
[    0.000000] Command line: BOOT_IMAGE=/boot/vmlinuz-5.4.0-64-generic root=UUID=66add23f-3d34-46f1-a540-ebfdd268827e ro ip=dhcp console=ttyS0,115200 console=tty console=ttyS0 text
[    0.000000] KERNEL supported cpus:
[    0.000000]   Intel GenuineIntel
[    0.000000]   AMD AuthenticAMD
[    0.000000]   Hygon HygonGenuine
[    0.000000]   Centaur CentaurHauls
[    0.000000]   zhaoxin   Shanghai  
[    0.000000] x86/fpu: Supporting XSAVE feature 0x001: 'x87 floating point registers'
[    0.000000] x86/fpu: Supporting XSAVE feature 0x002: 'SSE registers'
[    0.000000] x86/fpu: Supporting XSAVE feature 0x004: 'AVX registers'
[    0.000000] x86/fpu: xstate_offset[2]:  576, xstate_sizes[2]:  256
[    0.000000] x86/fpu: Enabled xstate features 0x7, context size is 832 bytes, using 'compacted' format.
[    0.000000] BIOS-provided physical RAM map:
[    0.000000] BIOS-e820: [mem 0x0000000000000000-0x000000000009fbff] usable
[    0.000000] BIOS-e820: [mem 0x000000000009fc00-0x000000000009ffff] reserved
[    0.000000] BIOS-e820: [mem 0x00000000000f0000-0x00000000000fffff] reserved
[    0.000000] BIOS-e820: [mem 0x0000000000100000-0x00000000bffdcfff] usable
[    0.000000] BIOS-e820: [mem 0x00000000bffdd000-0x00000000bfffffff] reserved
[    0.000000] BIOS-e820: [mem 0x00000000feffc000-0x00000000feffffff] reserved
[    0.000000] BIOS-e820: [mem 0x00000000fffc0000-0x00000000ffffffff] reserved
[    0.000000] BIOS-e820: [mem 0x0000000100000000-0x000000013fffffff] usable
[    0.000000] NX (Execute Disable) protection: active
[    0.000000] SMBIOS 2.8 present.
[    0.000000] DMI: QEMU Standard PC (i440FX + PIIX, 1996), BIOS rel-1.17.0-0-gb52ca86e094d-prebuilt.qemu.org 04/01/2014
[    0.000000] Hypervisor detected: KVM
[    0.000000] kvm-clock: Using msrs 4b564d01 and 4b564d00
[    0.000000] kvm-clock: cpu 0, msr b5201001, primary cpu clock
[    0.000000] kvm-clock: using sched offset of 12174977414 cycles
[    0.000004] clocksource: kvm-clock: mask: 0xffffffffffffffff max_cycles: 0x1cd42e4dffb, max_idle_ns: 881590591483 ns
[    0.000007] tsc: Detected 2995.202 MHz processor
[    0.002259] last_pfn = 0x140000 max_arch_pfn = 0x400000000
[    0.002568] x86/PAT: Configuration [0-7]: WB  WC  UC- UC  WB  WP  UC- WT  
[    0.002601] last_pfn = 0xbffdd max_arch_pfn = 0x400000000
[    0.009389] found SMP MP-table at [mem 0x000f54b0-0x000f54bf]
[    0.009676] check: Scanning 1 areas for low memory corruption
[    0.010225] Using GB pages for direct mapping
[    0.010735] RAMDISK: [mem 0x2d173000-0x328b0fff]
[    0.010874] ACPI: Early table checksum verification disabled
[    0.010909] ACPI: RSDP 0x00000000000F52B0 000014 (v00 BOCHS )
[    0.010929] ACPI: RSDT 0x00000000BFFE2458 000034 (v01 BOCHS  BXPC     00000001 BXPC 00000001)
[    0.010937] ACPI: FACP 0x00000000BFFE22F4 000074 (v01 BOCHS  BXPC     00000001 BXPC 00000001)
[    0.010943] ACPI: DSDT 0x00000000BFFE0040 0022B4 (v01 BOCHS  BXPC     00000001 BXPC 00000001)
[    0.010946] ACPI: FACS 0x00000000BFFE0000 000040
[    0.010949] ACPI: APIC 0x00000000BFFE2368 000090 (v03 BOCHS  BXPC     00000001 BXPC 00000001)
[    0.010952] ACPI: HPET 0x00000000BFFE23F8 000038 (v01 BOCHS  BXPC     00000001 BXPC 00000001)
[    0.010954] ACPI: WAET 0x00000000BFFE2430 000028 (v01 BOCHS  BXPC     00000001 BXPC 00000001)
[    0.012034] No NUMA configuration found
[    0.012037] Faking a node at [mem 0x0000000000000000-0x000000013fffffff]
[    0.012046] NODE_DATA(0) allocated [mem 0x13ffd3000-0x13fffdfff]
[    0.013416] Zone ranges:
[    0.013419]   DMA      [mem 0x0000000000001000-0x0000000000ffffff]
[    0.013421]   DMA32    [mem 0x0000000001000000-0x00000000ffffffff]
[    0.013422]   Normal   [mem 0x0000000100000000-0x000000013fffffff]
[    0.013423]   Device   empty
[    0.013424] Movable zone start for each node
[    0.013426] Early memory node ranges
[    0.013427]   node   0: [mem 0x0000000000001000-0x000000000009efff]
[    0.013428]   node   0: [mem 0x0000000000100000-0x00000000bffdcfff]
[    0.013429]   node   0: [mem 0x0000000100000000-0x000000013fffffff]
[    0.013582] Zeroed struct page in unavailable ranges: 133 pages
[    0.013583] Initmem setup node 0 [mem 0x0000000000001000-0x000000013fffffff]
[    0.325104] ACPI: PM-Timer IO Port: 0x608
[    0.325165] ACPI: LAPIC_NMI (acpi_id[0xff] dfl dfl lint[0x1])
[    0.325290] IOAPIC[0]: apic_id 0, version 17, address 0xfec00000, GSI 0-23
[    0.325295] ACPI: INT_SRC_OVR (bus 0 bus_irq 0 global_irq 2 dfl dfl)
[    0.325306] ACPI: INT_SRC_OVR (bus 0 bus_irq 5 global_irq 5 high level)
[    0.325307] ACPI: INT_SRC_OVR (bus 0 bus_irq 9 global_irq 9 high level)
[    0.325308] ACPI: INT_SRC_OVR (bus 0 bus_irq 10 global_irq 10 high level)
[    0.325309] ACPI: INT_SRC_OVR (bus 0 bus_irq 11 global_irq 11 high level)
[    0.325316] Using ACPI (MADT) for SMP configuration information
[    0.325317] ACPI: HPET id: 0x8086a201 base: 0xfed00000
[    0.325340] TSC deadline timer available
[    0.325352] smpboot: Allowing 4 CPUs, 0 hotplug CPUs
[    0.325432] KVM setup pv sched yield
[    0.325446] PM: Registered nosave memory: [mem 0x00000000-0x00000fff]
[    0.325447] PM: Registered nosave memory: [mem 0x0009f000-0x0009ffff]
[    0.325448] PM: Registered nosave memory: [mem 0x000a0000-0x000effff]
[    0.325449] PM: Registered nosave memory: [mem 0x000f0000-0x000fffff]
[    0.325450] PM: Registered nosave memory: [mem 0xbffdd000-0xbfffffff]
[    0.325450] PM: Registered nosave memory: [mem 0xc0000000-0xfeffbfff]
[    0.325451] PM: Registered nosave memory: [mem 0xfeffc000-0xfeffffff]
[    0.325451] PM: Registered nosave memory: [mem 0xff000000-0xfffbffff]
[    0.325452] PM: Registered nosave memory: [mem 0xfffc0000-0xffffffff]
[    0.325455] [mem 0xc0000000-0xfeffbfff] available for PCI devices
[    0.325456] Booting paravirtualized kernel on KVM
[    0.325461] clocksource: refined-jiffies: mask: 0xffffffff max_cycles: 0xffffffff, max_idle_ns: 7645519600211568 ns
[    0.325467] setup_percpu: NR_CPUS:8192 nr_cpumask_bits:4 nr_cpu_ids:4 nr_node_ids:1
[    0.331394] percpu: Embedded 55 pages/cpu s188416 r8192 d28672 u524288
[    0.331463] KVM setup async PF for cpu 0
[    0.331485] kvm-stealtime: cpu 0, msr 13ba2d040
[    0.331517] PV qspinlock hash table entries: 256 (order: 0, 4096 bytes, linear)
[    0.331550] Built 1 zonelists, mobility grouping on.  Total pages: 1032038
[    0.331552] Policy zone: Normal
[    0.331554] Kernel command line: BOOT_IMAGE=/boot/vmlinuz-5.4.0-64-generic root=UUID=66add23f-3d34-46f1-a540-ebfdd268827e ro ip=dhcp console=ttyS0,115200 console=tty console=ttyS0 text
[    0.354351] Dentry cache hash table entries: 524288 (order: 10, 4194304 bytes, linear)
[    0.359294] Inode-cache hash table entries: 262144 (order: 9, 2097152 bytes, linear)
[    0.359460] mem auto-init: stack:off, heap alloc:on, heap free:off
[    0.584120] Memory: 3932816K/4193772K available (14339K kernel code, 2399K rwdata, 4960K rodata, 2724K init, 4980K bss, 260956K reserved, 0K cma-reserved)
[    0.584167] random: get_random_u64 called from kmem_cache_open+0x2d/0x410 with crng_init=0
[    0.585492] SLUB: HWalign=64, Order=0-3, MinObjects=0, CPUs=4, Nodes=1
[    0.585884] ftrace: allocating 44555 entries in 175 pages
[    0.611442] rcu: Hierarchical RCU implementation.
[    0.611447] rcu: 	RCU restricting CPUs from NR_CPUS=8192 to nr_cpu_ids=4.
[    0.611449] 	Tasks RCU enabled.
[    0.611450] rcu: RCU calculated value of scheduler-enlistment delay is 25 jiffies.
[    0.611451] rcu: Adjusting geometry for rcu_fanout_leaf=16, nr_cpu_ids=4
[    0.615784] NR_IRQS: 524544, nr_irqs: 456, preallocated irqs: 16
[    0.616276] random: crng done (trusting CPU's manufacturer)
[    0.679627] Console: colour VGA+ 80x25
[    0.778008] printk: console [tty0] enabled
[    1.107724] printk: console [ttyS0] enabled
[    1.110180] ACPI: Core revision 20190816
[    1.112705] clocksource: hpet: mask: 0xffffffff max_cycles: 0xffffffff, max_idle_ns: 19112604467 ns
[    1.118348] APIC: Switch to symmetric I/O mode setup
[    1.121466] x2apic enabled
[    1.124132] Switched APIC routing to physical x2apic.
[    1.126697] KVM setup pv IPIs
[    1.132183] ..TIMER: vector=0x30 apic1=0 pin1=2 apic2=-1 pin2=-1
[    1.135424] clocksource: tsc-early: mask: 0xffffffffffffffff max_cycles: 0x2b2c909a7c7, max_idle_ns: 440795208498 ns
[    1.140536] Calibrating delay loop (skipped) preset value.. 5990.40 BogoMIPS (lpj=11980808)
[    1.144539] pid_max: default: 32768 minimum: 301
[    1.148825] LSM: Security Framework initializing
[    1.152656] Yama: becoming mindful.
[    1.155158] AppArmor: AppArmor initialized
[    1.157388] Mount-cache hash table entries: 8192 (order: 4, 65536 bytes, linear)
[    1.161147] Mountpoint-cache hash table entries: 8192 (order: 4, 65536 bytes, linear)
[    1.164881] *** VALIDATE tmpfs ***
[    1.167981] *** VALIDATE proc ***
[    1.168908] *** VALIDATE cgroup1 ***
[    1.172534] *** VALIDATE cgroup2 ***
[    1.177181] x86/cpu: User Mode Instruction Prevention (UMIP) activated
[    1.180961] Last level iTLB entries: 4KB 0, 2MB 0, 4MB 0
[    1.183677] Last level dTLB entries: 4KB 0, 2MB 0, 4MB 0, 1GB 0
[    1.184553] Spectre V1 : Mitigation: usercopy/swapgs barriers and __user pointer sanitization
[    1.188547] Spectre V2 : Mitigation: Enhanced IBRS
[    1.192532] Spectre V2 : Spectre v2 / SpectreRSB mitigation: Filling RSB on context switch
[    1.196539] Spectre V2 : mitigation: Enabling conditional Indirect Branch Prediction Barrier
[    1.200537] Speculative Store Bypass: Mitigation: Speculative Store Bypass disabled via prctl and seccomp
[    1.205073] Freeing SMP alternatives memory: 40K
[    1.214037] smpboot: CPU0: Intel(R) Core(TM) Ultra 5 125H (family: 0x6, model: 0xaa, stepping: 0x4)
[    1.217889] Performance Events: unsupported p6 CPU model 170 no PMU driver, software events only.
[    1.220818] rcu: Hierarchical SRCU implementation.
[    1.226311] NMI watchdog: Perf NMI watchdog permanently disabled
[    1.230198] smp: Bringing up secondary CPUs ...
[    1.234648] x86: Booting SMP configuration:
[    1.236551] .... node  #0, CPUs:      #1
[    0.512349] kvm-clock: cpu 1, msr b5201041, secondary cpu clock
[    1.240307] KVM setup async PF for cpu 1
[    1.240528] kvm-stealtime: cpu 1, msr 13baad040
[    1.250086]  #2
[    0.512349] kvm-clock: cpu 2, msr b5201081, secondary cpu clock
[    1.255308] KVM setup async PF for cpu 2
[    1.256528] kvm-stealtime: cpu 2, msr 13bb2d040
[    1.266958]  #3
[    0.512349] kvm-clock: cpu 3, msr b52010c1, secondary cpu clock
[    1.270423] KVM setup async PF for cpu 3
[    1.272528] kvm-stealtime: cpu 3, msr 13bbad040
[    1.276961] smp: Brought up 1 node, 4 CPUs
[    1.280547] smpboot: Max logical packages: 1
[    1.283057] smpboot: Total of 4 processors activated (23961.61 BogoMIPS)
[    1.292550] devtmpfs: initialized
[    1.294848] x86/mm: Memory block size: 128MB
[    1.300572] clocksource: jiffies: mask: 0xffffffff max_cycles: 0xffffffff, max_idle_ns: 7645041785100000 ns
[    1.305337] futex hash table entries: 1024 (order: 4, 65536 bytes, linear)
[    1.308966] pinctrl core: initialized pinctrl subsystem
[    1.313204] PM: RTC time: 10:48:15, date: 2026-08-24
[    1.317383] NET: Registered protocol family 16
[    1.320729] audit: initializing netlink subsys (disabled)
[    1.324929] audit: type=2000 audit(1787568494.693:1): state=initialized audit_enabled=0 res=1
[    1.325602] EISA bus registered
[    1.330470] cpuidle: using governor ladder
[    1.332892] cpuidle: using governor menu
[    1.337607] KVM setup pv remote TLB flush
[    1.340162] ACPI: bus type PCI registered
[    1.340543] acpiphp: ACPI Hot Plug PCI Controller Driver version: 0.5
[    1.345203] PCI: Using configuration type 1 for base access
[    1.357068] HugeTLB registered 1.00 GiB page size, pre-allocated 0 pages
[    1.360550] HugeTLB registered 2.00 MiB page size, pre-allocated 0 pages
[    1.412562] ACPI: Added _OSI(Module Device)
[    1.412562] ACPI: Added _OSI(Processor Device)
[    1.414862] ACPI: Added _OSI(3.0 _SCP Extensions)
[    1.420549] ACPI: Added _OSI(Processor Aggregator Device)
[    1.424648] ACPI: Added _OSI(Linux-Dell-Video)
[    1.427878] ACPI: Added _OSI(Linux-Lenovo-NV-HDMI-Audio)
[    1.432547] ACPI: Added _OSI(Linux-HPI-Hybrid-Graphics)
[    1.437980] ACPI: 1 ACPI AML tables successfully acquired and loaded
[    1.448921] ACPI: Interpreter enabled
[    1.451204] ACPI: (supports S0 S3 S4 S5)
[    1.456543] ACPI: Using IOAPIC for interrupt routing
[    1.459482] PCI: Using host bridge windows from ACPI; if necessary, use "pci=nocrs" and report a bug
[    1.464777] ACPI: Enabled 2 GPEs in block 00 to 0F
[    1.470650] ACPI: PCI Root Bridge [PCI0] (domain 0000 [bus 00-ff])
[    1.472569] acpi PNP0A03:00: _OSC: OS supports [ASPM ClockPM Segments MSI HPX-Type3]
[    1.480595] acpi PNP0A03:00: fail to add MMCONFIG information, can't access extended PCI configuration space under this bridge.
[    1.489005] acpiphp: Slot [3] registered
[    1.492233] acpiphp: Slot [4] registered
[    1.493070] acpiphp: Slot [5] registered
[    1.496752] acpiphp: Slot [6] registered
[    1.501115] acpiphp: Slot [7] registered
[    1.504848] acpiphp: Slot [8] registered
[    1.507086] acpiphp: Slot [9] registered
[    1.512625] acpiphp: Slot [10] registered
[    1.514671] acpiphp: Slot [11] registered
[    1.516635] acpiphp: Slot [12] registered
[    1.520074] acpiphp: Slot [13] registered
[    1.524795] acpiphp: Slot [14] registered
[    1.528049] acpiphp: Slot [15] registered
[    1.532755] acpiphp: Slot [16] registered
[    1.535630] acpiphp: Slot [17] registered
[    1.540781] acpiphp: Slot [18] registered
[    1.548623] acpiphp: Slot [19] registered
[    1.552979] acpiphp: Slot [20] registered
[    1.555225] acpiphp: Slot [21] registered
[    1.556984] acpiphp: Slot [22] registered
[    1.561051] acpiphp: Slot [23] registered
[    1.564653] acpiphp: Slot [24] registered
[    1.566733] acpiphp: Slot [25] registered
[    1.568715] acpiphp: Slot [26] registered
[    1.571646] acpiphp: Slot [27] registered
[    1.576653] acpiphp: Slot [28] registered
[    1.579027] acpiphp: Slot [29] registered
[    1.580656] acpiphp: Slot [30] registered
[    1.584648] acpiphp: Slot [31] registered
[    1.587076] PCI host bridge to bus 0000:00
[    1.588550] pci_bus 0000:00: root bus resource [io  0x0000-0x0cf7 window]
[    1.592495] pci_bus 0000:00: root bus resource [io  0x0d00-0xffff window]
[    1.600551] pci_bus 0000:00: root bus resource [mem 0x000a0000-0x000bffff window]
[    1.604550] pci_bus 0000:00: root bus resource [mem 0xc0000000-0xfebfffff window]
[    1.608555] pci_bus 0000:00: root bus resource [mem 0xe0000000000-0xe007fffffff window]
[    1.612548] pci_bus 0000:00: root bus resource [bus 00-ff]
[    1.615643] pci 0000:00:00.0: [8086:1237] type 00 class 0x060000
[    1.623819] pci 0000:00:01.0: [8086:7000] type 00 class 0x060100
[    1.631764] pci 0000:00:01.1: [8086:7010] type 00 class 0x010180
[    1.648746] pci 0000:00:01.1: reg 0x20: [io  0xc060-0xc06f]
[    1.657641] pci 0000:00:01.1: legacy IDE quirk: reg 0x10: [io  0x01f0-0x01f7]
[    1.664557] pci 0000:00:01.1: legacy IDE quirk: reg 0x14: [io  0x03f6]
[    1.668561] pci 0000:00:01.1: legacy IDE quirk: reg 0x18: [io  0x0170-0x0177]
[    1.672689] pci 0000:00:01.1: legacy IDE quirk: reg 0x1c: [io  0x0376]
[    1.677110] pci 0000:00:01.3: [8086:7113] type 00 class 0x068000
[    1.686317] pci 0000:00:01.3: quirk: [io  0x0600-0x063f] claimed by PIIX4 ACPI
[    1.688573] pci 0000:00:01.3: quirk: [io  0x0700-0x070f] claimed by PIIX4 SMB
[    1.694559] pci 0000:00:02.0: [1234:1111] type 00 class 0x030000
[    1.704014] pci 0000:00:02.0: reg 0x10: [mem 0xfd000000-0xfdffffff pref]
[    1.715889] pci 0000:00:02.0: reg 0x18: [mem 0xfebd0000-0xfebd0fff]
[    1.733928] pci 0000:00:02.0: reg 0x30: [mem 0xfebc0000-0xfebcffff pref]
[    1.743897] pci 0000:00:03.0: [1af4:1000] type 00 class 0x020000
[    1.745993] pci 0000:00:03.0: reg 0x10: [io  0xc040-0xc05f]
[    1.753835] pci 0000:00:03.0: reg 0x14: [mem 0xfebd1000-0xfebd1fff]
[    1.763363] pci 0000:00:03.0: reg 0x20: [mem 0xe0040000000-0xe0040003fff 64bit pref]
[    1.771310] pci 0000:00:03.0: reg 0x30: [mem 0xfeb80000-0xfebbffff pref]
[    1.780142] pci 0000:00:04.0: [1af4:1004] type 00 class 0x010000
[    1.783660] pci 0000:00:04.0: reg 0x10: [io  0xc000-0xc03f]
[    1.793729] pci 0000:00:04.0: reg 0x14: [mem 0xfebd2000-0xfebd2fff]
[    1.818444] pci 0000:00:04.0: reg 0x20: [mem 0xe0040004000-0xe0040007fff 64bit pref]
[    1.833066] pci 0000:00:05.0: [1d1d:1f1f] type 00 class 0x010802
[    1.837707] pci 0000:00:05.0: reg 0x10: [mem 0xe0000000000-0xe0000001fff 64bit]
[    1.844556] pci 0000:00:05.0: reg 0x20: [mem 0xfebd3000-0xfebd3fff]
[    1.850619] pci 0000:00:05.0: enabling Extended Tags
[    1.900349] ACPI: PCI Interrupt Link [LNKA] (IRQs 5 *10 11)
[    1.900767] ACPI: PCI Interrupt Link [LNKB] (IRQs 5 *10 11)
[    1.904495] ACPI: PCI Interrupt Link [LNKC] (IRQs 5 10 *11)
[    1.908806] ACPI: PCI Interrupt Link [LNKD] (IRQs 5 10 *11)
[    1.912695] ACPI: PCI Interrupt Link [LNKS] (IRQs *9)
[    1.920611] iommu: Default domain type: Translated 
[    1.921850] SCSI subsystem initialized
[    1.924815] pci 0000:00:02.0: vgaarb: setting as boot VGA device
[    1.928349] pci 0000:00:02.0: vgaarb: VGA device added: decodes=io+mem,owns=io+mem,locks=none
[    1.936551] pci 0000:00:02.0: vgaarb: bridge control possible
[    1.939624] vgaarb: loaded
[    1.940708] ACPI: bus type USB registered
[    1.942902] usbcore: registered new interface driver usbfs
[    1.944567] usbcore: registered new interface driver hub
[    1.948548] usbcore: registered new device driver usb
[    1.952883] pps_core: LinuxPPS API ver. 1 registered
[    1.955410] pps_core: Software ver. 5.3.6 - Copyright 2005-2007 Rodolfo Giometti <giometti@linux.it>
[    1.956573] PTP clock support registered
[    1.960813] EDAC MC: Ver: 3.0.0
[    1.965127] PCI: Using ACPI for IRQ routing
[    1.969658] NetLabel: Initializing
[    1.971691] NetLabel:  domain hash size = 128
[    1.972538] NetLabel:  protocols = UNLABELED CIPSOv4 CALIPSO
[    1.975778] NetLabel:  unlabeled traffic allowed by default
[    1.989068] hpet0: at MMIO 0xfed00000, IRQs 2, 8, 0
[    1.992066] hpet0: 3 comparators, 64-bit 100.000000 MHz counter
[    1.997959] clocksource: Switched to clocksource kvm-clock
[    2.048459] *** VALIDATE bpf ***
[    2.050864] VFS: Disk quotas dquot_6.6.0
[    2.053438] VFS: Dquot-cache hash table entries: 512 (order 0, 4096 bytes)
[    2.057026] *** VALIDATE ramfs ***
[    2.058834] *** VALIDATE hugetlbfs ***
[    2.061309] AppArmor: AppArmor Filesystem Enabled
[    2.063784] pnp: PnP ACPI init
[    2.066803] pnp: PnP ACPI: found 6 devices
[    2.076755] thermal_sys: Registered thermal governor 'fair_share'
[    2.076757] thermal_sys: Registered thermal governor 'bang_bang'
[    2.079810] thermal_sys: Registered thermal governor 'step_wise'
[    2.082730] thermal_sys: Registered thermal governor 'user_space'
[    2.086371] thermal_sys: Registered thermal governor 'power_allocator'
[    2.094779] clocksource: acpi_pm: mask: 0xffffff max_cycles: 0xffffff, max_idle_ns: 2085701024 ns
[    2.103023] pci_bus 0000:00: resource 4 [io  0x0000-0x0cf7 window]
[    2.106950] pci_bus 0000:00: resource 5 [io  0x0d00-0xffff window]
[    2.112875] pci_bus 0000:00: resource 6 [mem 0x000a0000-0x000bffff window]
[    2.116269] pci_bus 0000:00: resource 7 [mem 0xc0000000-0xfebfffff window]
[    2.119642] pci_bus 0000:00: resource 8 [mem 0xe0000000000-0xe007fffffff window]
[    2.123862] NET: Registered protocol family 2
[    2.129163] tcp_listen_portaddr_hash hash table entries: 2048 (order: 3, 32768 bytes, linear)
[    2.134809] TCP established hash table entries: 32768 (order: 6, 262144 bytes, linear)
[    2.146386] TCP bind hash table entries: 32768 (order: 7, 524288 bytes, linear)
[    2.150903] TCP: Hash tables configured (established 32768 bind 32768)
[    2.156224] UDP hash table entries: 2048 (order: 4, 65536 bytes, linear)
[    2.161454] UDP-Lite hash table entries: 2048 (order: 4, 65536 bytes, linear)
[    2.170990] NET: Registered protocol family 1
[    2.173405] NET: Registered protocol family 44
[    2.176665] pci 0000:00:01.0: PIIX3: Enabling Passive Release
[    2.179627] pci 0000:00:00.0: Limiting direct PCI/PCI transfers
[    2.183588] pci 0000:00:01.0: Activating ISA DMA hang workarounds
[    2.187588] pci 0000:00:02.0: Video device with shadowed ROM at [mem 0x000c0000-0x000dffff]
[    2.191852] PCI: CLS 0 bytes, default 64
[    2.194284] Trying to unpack rootfs image as initramfs...
[    4.994031] Freeing initrd memory: 89336K
[    5.002136] PCI-DMA: Using software bounce buffering for IO (SWIOTLB)
[    5.006089] software IO TLB: mapped [mem 0xbbfdd000-0xbffdd000] (64MB)
[    5.010126] clocksource: tsc: mask: 0xffffffffffffffff max_cycles: 0x2b2c909a7c7, max_idle_ns: 440795208498 ns
[    5.021215] check: Scanning for low memory corruption every 60 seconds
[    5.031109] Initialise system trusted keyrings
[    5.033671] Key type blacklist registered
[    5.036224] workingset: timestamp_bits=36 max_order=20 bucket_order=0
[    5.041605] zbud: loaded
[    5.046074] squashfs: version 4.0 (2009/01/31) Phillip Lougher
[    5.051407] fuse: init (API version 7.31)
[    5.064453] *** VALIDATE fuse ***
[    5.066469] *** VALIDATE fuse ***
[    5.069846] Platform Keyring initialized
[    5.076404] Key type asymmetric registered
[    5.080290] Asymmetric key parser 'x509' registered
[    5.083850] Block layer SCSI generic (bsg) driver version 0.4 loaded (major 244)
[    5.088750] io scheduler mq-deadline registered
[    5.092334] shpchp: Standard Hot Plug PCI Controller Driver version: 0.4
[    5.100229] input: Power Button as /devices/LNXSYSTM:00/LNXPWRBN:00/input/input0
[    5.104652] ACPI: Power Button [PWRF]
[    5.110470] PCI Interrupt Link [LNKC] enabled at IRQ 11
[    5.131859] PCI Interrupt Link [LNKD] enabled at IRQ 10
[    5.161762] Serial: 8250/16550 driver, 32 ports, IRQ sharing enabled
[    5.203368] 00:04: ttyS0 at I/O 0x3f8 (irq = 4, base_baud = 115200) is a 16550A
[    5.218028] Linux agpgart interface v0.103
[    5.236857] loop: module loaded
[    5.245259] scsi host0: ata_piix
[    5.249334] scsi host1: ata_piix
[    5.251362] ata1: PATA max MWDMA2 cmd 0x1f0 ctl 0x3f6 bmdma 0xc060 irq 14
[    5.262685] ata2: PATA max MWDMA2 cmd 0x170 ctl 0x376 bmdma 0xc068 irq 15
[    5.266840] libphy: Fixed MDIO Bus: probed
[    5.272997] tun: Universal TUN/TAP device driver, 1.6
[    5.280037] PPP generic driver version 2.4.2
[    5.283436] VFIO - User Level meta-driver version: 0.3
[    5.290661] ehci_hcd: USB 2.0 'Enhanced' Host Controller (EHCI) Driver
[    5.294970] ehci-pci: EHCI PCI platform driver
[    5.297608] ehci-platform: EHCI generic platform driver
[    5.305061] ohci_hcd: USB 1.1 'Open' Host Controller (OHCI) Driver
[    5.310392] ohci-pci: OHCI PCI platform driver
[    5.314680] ohci-platform: OHCI generic platform driver
[    5.324312] uhci_hcd: USB Universal Host Controller Interface driver
[    5.329836] i8042: PNP: PS/2 Controller [PNP0303:KBD,PNP0f13:MOU] at 0x60,0x64 irq 1,12
[    5.337252] serio: i8042 KBD port at 0x60,0x64 irq 1
[    5.341872] serio: i8042 AUX port at 0x60,0x64 irq 12
[    5.347082] mousedev: PS/2 mouse device common for all mice
[    5.354643] rtc_cmos 00:05: RTC can wake from S4
[    5.356994] input: AT Translated Set 2 keyboard as /devices/platform/i8042/serio0/input/input1
[    5.363682] rtc_cmos 00:05: registered as rtc0
[    5.370954] rtc_cmos 00:05: alarms up to one day, y3k, 242 bytes nvram, hpet irqs
[    5.374921] i2c /dev entries driver
[    5.377624] device-mapper: uevent: version 1.0.3
[    5.381026] device-mapper: ioctl: 4.41.0-ioctl (2019-09-16) initialised: dm-devel@redhat.com
[    5.387343] platform eisa.0: Probing EISA bus 0
[    5.390632] platform eisa.0: EISA: Cannot allocate resource for mainboard
[    5.394420] platform eisa.0: Cannot allocate resource for EISA slot 1
[    5.398100] platform eisa.0: Cannot allocate resource for EISA slot 2
[    5.402135] platform eisa.0: Cannot allocate resource for EISA slot 3
[    5.406332] platform eisa.0: Cannot allocate resource for EISA slot 4
[    5.411201] platform eisa.0: Cannot allocate resource for EISA slot 5
[    5.414602] platform eisa.0: Cannot allocate resource for EISA slot 6
[    5.418568] platform eisa.0: Cannot allocate resource for EISA slot 7
[    5.424580] platform eisa.0: Cannot allocate resource for EISA slot 8
[    5.428956] platform eisa.0: EISA: Detected 0 cards
[    5.432883] intel_pstate: CPU model not supported
[    5.435971] ledtrig-cpu: registered to indicate activity on CPUs
[    5.440922] drop_monitor: Initializing network drop monitor service
[    5.445019] NET: Registered protocol family 10
[    5.460217] Segment Routing with IPv6
[    5.462320] NET: Registered protocol family 17
[    5.465210] Key type dns_resolver registered
[    5.468607] RAS: Correctable Errors collector initialized.
[    5.472055] IPI shorthand broadcast: enabled
[    5.474451] sched_clock: Marking stable (4966012681, 508349977)->(5533452336, -59089678)
[    5.479807] registered taskstats version 1
[    5.482266] Loading compiled-in X.509 certificates
[    5.486573] Loaded X.509 cert 'Build time autogenerated kernel key: 7f1af841edfbf04e4b72462ffb6202c30b2da0bb'
[    5.492003] zswap: loaded using pool lzo/zbud
[    5.495273] Key type ._fscrypt registered
[    5.497391] Key type .fscrypt registered
[    5.512740] Key type big_key registered
[    5.519128] Key type encrypted registered
[    5.522077] AppArmor: AppArmor sha1 policy hashing enabled
[    5.525718] ima: No TPM chip found, activating TPM-bypass!
[    5.529106] ima: Allocated hash algorithm: sha1
[    5.531515] ima: No architecture policies found
[    5.535606] evm: Initialising EVM extended attributes:
[    5.539215] evm: security.selinux
[    5.543230] evm: security.SMACK64
[    5.545221] evm: security.SMACK64EXEC
[    5.547446] evm: security.SMACK64TRANSMUTE
[    5.550831] evm: security.SMACK64MMAP
[    5.553919] evm: security.apparmor
[    5.557519] evm: security.ima
[    5.559145] evm: security.capability
[    5.561313] evm: HMAC attrs: 0x1
[    5.570450] PM:   Magic number: 6:663:831
[    5.573527] rtc_cmos 00:05: setting system clock to 2026-08-24T10:48:19 UTC (1787568499)
[    5.588295] Freeing unused decrypted memory: 2040K
[    5.596022] Freeing unused kernel image memory: 2724K
[    5.616812] Write protecting the kernel read-only data: 22528k
[    5.625083] Freeing unused kernel image memory: 2008K
[    5.630590] Freeing unused kernel image memory: 1184K
[    5.641687] x86/mm: Checked W+X mappings: passed, no W+X pages found.
[    5.645250] Run /init as init process
Loading, please wait...
Starting version 245.4-4ubuntu3.2
[    5.746201] Floppy drive(s): fd0 is 2.88M AMI BIOS
[    5.757140] piix4_smbus 0000:00:01.3: SMBus Host Controller at 0x700, revision 0
[    5.770982] input: VirtualPS/2 VMware VMMouse as /devices/platform/i8042/serio1/input/input4
[    5.780792] scsi host2: Virtio SCSI HBA
[    5.788323] input: VirtualPS/2 VMware VMMouse as /devices/platform/i8042/serio1/input/input3
[    5.793104] FDC 0 is a S82078B
[    5.815190] scsi 2:0:0:0: Direct-Access     QEMU     QEMU HARDDISK    2.5+ PQ: 0 ANSI: 5
[    5.831218] nvme nvme0: pci function 0000:00:05.0
[    5.842535] PCI Interrupt Link [LNKA] enabled at IRQ 10
[    5.850566] cryptd: max_cpu_qlen set to 1000
[    5.867915] virtio_net virtio0 ens3: renamed from eth0
[    5.879850] nvme nvme0: 4/0/0 default/read/poll queues
[    5.887863] AVX2 version of gcm_enc/dec engaged.
[    5.907794] AES CTR mode by8 optimization enabled
[    5.915263] bochs-drm 0000:00:02.0: remove_conflicting_pci_framebuffers: bar 0: 0xfd000000 -> 0xfdffffff
[    5.921656] scsi 2:0:0:0: Attached scsi generic sg0 type 0
[    5.923806] sd 2:0:0:0: Power-on or device reset occurred
[    5.925631] sd 2:0:0:0: [sda] 167772160 512-byte logical blocks: (85.9 GB/80.0 GiB)
[    5.925671] sd 2:0:0:0: [sda] Write Protect is off
[    5.925765] sd 2:0:0:0: [sda] Write cache: enabled, read cache: enabled, supports DPO and FUA
[    5.934821] bochs-drm 0000:00:02.0: remove_conflicting_pci_framebuffers: bar 2: 0xfebd0000 -> 0xfebd0fff
[    5.934900] bochs-drm 0000:00:02.0: vgaarb: deactivate vga console
[    5.937917]  sda: sda1 sda2
[    5.940007] sd 2:0:0:0: [sda] Attached SCSI disk
[    5.981831] Console: switching to colour dummy device 80x25
[    5.986684] [drm] Found bochs VGA, ID 0xb0c5.
[    5.988752] [drm] Framebuffer size 16384 kB @ 0xfd000000, mmio @ 0xfebd0000.
[    5.992244] [TTM] Zone  kernel: Available graphics memory: 2015074 KiB
[    5.996427] [TTM] Initializing pool allocator
[    5.998497] [TTM] Initializing DMA pool allocator
[    6.008206] [drm] Found EDID data blob.
[    6.011554] [drm] Initialized bochs-drm 1.0.0 20130925 for 0000:00:02.0 on minor 0
[    6.033769] fbcon: bochs-drmdrmfb (fb0) is primary device
[    6.056440] Console: switching to colour frame buffer device 160x50
[    6.064808] bochs-drm 0000:00:02.0: fb0: bochs-drmdrmfb frame buffer device
Begin: Loading essential drivers ... [    6.228748] raid6: avx2x4   gen() 22687 MB/s
[    6.276651] raid6: avx2x4   xor()  9120 MB/s
[    6.324693] raid6: avx2x2   gen() 25453 MB/s
[    6.376785] raid6: avx2x2   xor() 17609 MB/s
[    6.424609] raid6: avx2x1   gen() 21700 MB/s
[    6.472614] raid6: avx2x1   xor() 13703 MB/s
[    6.520633] raid6: sse2x4   gen() 13132 MB/s
[    6.568993] raid6: sse2x4   xor()  6581 MB/s
[    6.620735] raid6: sse2x2   gen() 12269 MB/s
[    6.673016] raid6: sse2x2   xor()  8628 MB/s
[    6.720656] raid6: sse2x1   gen() 11337 MB/s
[    6.768627] raid6: sse2x1   xor()  8383 MB/s
[    6.771701] raid6: using algorithm avx2x2 gen() 25453 MB/s
[    6.773941] raid6: .... xor() 17609 MB/s, rmw enabled
[    6.775856] raid6: using avx2x2 recovery algorithm
[    6.780446] xor: automatically using best checksumming function   avx       
[    6.784817] async_tx: api initialized (async)
done.
Begin: Running /scripts/init-premount ... done.
Begin: Mounting root file system ... Begin: Running /scripts/local-top ... done.
Begin: Running /scripts/local-premount ... [    6.890072] Btrfs loaded, crc32c=crc32c-intel
Scanning for Btrfs filesystems
[    6.968796] blk_update_request: I/O error, dev fd0, sector 0 op 0x0:(READ) flags 0x0 phys_seg 1 prio class 0
[    6.975270] floppy: error 10 while reading block 0
done.
Warning: fsck not present, so skipping root file system
[    7.043879] EXT4-fs (sda2): mounted filesystem with ordered data mode. Opts: (null)
done.
Begin: Running /scripts/local-bottom ... done.
Begin: Running /scripts/init-bottom ... Internet Systems Consortium DHCP Client 4.4.1
Copyright 2004-2018 Internet Systems Consortium.
All rights reserved.
For info, please visit https://www.isc.org/software/dhcp/

Listening on LPF/ens3/52:54:00:12:34:56
Sending on   LPF/ens3/52:54:00:12:34:56
Sending on   Socket/fallback
DHCPDISCOVER on ens3 to 255.255.255.255 port 67 interval 3 (xid=0x4fb29919)
DHCPOFFER of 10.0.2.15 from 10.0.2.2
DHCPREQUEST for 10.0.2.15 on ens3 to 255.255.255.255 port 67 (xid=0x1999b24f)
DHCPACK of 10.0.2.15 from 10.0.2.2 (xid=0x4fb29919)
bound to 10.0.2.15 -- renewal in 33910 seconds.
done.
[    7.522843] systemd[1]: Inserted module 'autofs4'
[    7.552181] systemd[1]: systemd 245.4-4ubuntu3.2 running in system mode. (+PAM +AUDIT +SELINUX +IMA +APPARMOR +SMACK +SYSVINIT +UTMP +LIBCRYPTSETUP +GCRYPT +GNUTLS +ACL +XZ +LZ4 +SECCOMP +BLKID +ELFUTILS +KMOD +IDN2 -IDN +PCRE2 default-hierarchy=hybrid)
[    7.565798] systemd[1]: Detected virtualization kvm.
[    7.571509] systemd[1]: Detected architecture x86-64.

Welcome to [1mUbuntu 20.04.1 LTS[0m!

[    7.608805] systemd[1]: Set hostname to <fvm>.
[    7.802851] systemd[1]: /lib/systemd/system/dbus.socket:5: ListenStream= references a path below legacy directory /var/run/, updating /var/run/dbus/system_bus_socket → /run/dbus/system_bus_socket; please update the unit file accordingly.
[    7.948166] systemd[1]: Created slice system-modprobe.slice.
[[0;32m  OK  [0m] Created slice [0;1;39msystem-modprobe.slice[0m.
[    7.955594] systemd[1]: Created slice system-serial\x2dgetty.slice.
[[0;32m  OK  [0m] Created slice [0;1;39msystem-serial\x2dgetty.slice[0m.
[    7.970258] systemd[1]: Created slice User and Session Slice.
[[0;32m  OK  [0m] Created slice [0;1;39mUser and Session Slice[0m.
[    7.977912] systemd[1]: Started Forward Password Requests to Wall Directory Watch.
[[0;32m  OK  [0m] Started [0;1;39mForward Password R…uests to Wall Directory Watch[0m.
[    7.990807] systemd[1]: Set up automount Arbitrary Executable File Formats File System Automount Point.
[[0;32m  OK  [0m] Set up automount [0;1;39mArbitrary…s File System Automount Point[0m.
[    8.001667] systemd[1]: Reached target User and Group Name Lookups.
[[0;32m  OK  [0m] Reached target [0;1;39mUser and Group Name Lookups[0m.
[    8.009386] systemd[1]: Reached target Slices.
[[0;32m  OK  [0m] Reached target [0;1;39mSlices[0m.
[    8.017160] systemd[1]: Listening on Device-mapper event daemon FIFOs.
[[0;32m  OK  [0m] Listening on [0;1;39mDevice-mapper event daemon FIFOs[0m.
[    8.025611] systemd[1]: Listening on LVM2 poll daemon socket.
[[0;32m  OK  [0m] Listening on [0;1;39mLVM2 poll daemon socket[0m.
[    8.036758] systemd[1]: Listening on multipathd control socket.
[[0;32m  OK  [0m] Listening on [0;1;39mmultipathd control socket[0m.
[    8.045759] systemd[1]: Listening on Syslog Socket.
[[0;32m  OK  [0m] Listening on [0;1;39mSyslog Socket[0m.
[    8.052040] systemd[1]: Listening on initctl Compatibility Named Pipe.
[[0;32m  OK  [0m] Listening on [0;1;39minitctl Compatibility Named Pipe[0m.
[    8.058562] systemd[1]: Listening on Journal Audit Socket.
[[0;32m  OK  [0m] Listening on [0;1;39mJournal Audit Socket[0m.
[    8.064838] systemd[1]: Listening on Journal Socket (/dev/log).
[[0;32m  OK  [0m] Listening on [0;1;39mJournal Socket (/dev/log)[0m.
[    8.076494] systemd[1]: Listening on Journal Socket.
[[0;32m  OK  [0m] Listening on [0;1;39mJournal Socket[0m.
[    8.082092] systemd[1]: Listening on Network Service Netlink Socket.
[[0;32m  OK  [0m] Listening on [0;1;39mNetwork Service Netlink Socket[0m.
[    8.090040] systemd[1]: Listening on udev Control Socket.
[[0;32m  OK  [0m] Listening on [0;1;39mudev Control Socket[0m.
[    8.095316] systemd[1]: Listening on udev Kernel Socket.
[[0;32m  OK  [0m] Listening on [0;1;39mudev Kernel Socket[0m.
[    8.106448] systemd[1]: Mounting Huge Pages File System...
         Mounting [0;1;39mHuge Pages File System[0m...
[    8.118361] systemd[1]: Mounting POSIX Message Queue File System...
         Mounting [0;1;39mPOSIX Message Queue File System[0m...
[    8.128848] systemd[1]: Mounting Kernel Debug File System...
         Mounting [0;1;39mKernel Debug File System[0m...
[    8.138601] systemd[1]: Mounting Kernel Trace File System...
         Mounting [0;1;39mKernel Trace File System[0m...
[    8.148171] systemd[1]: Starting Journal Service...
         Starting [0;1;39mJournal Service[0m...
[    8.156647] systemd[1]: Starting Set the console keyboard layout...
         Starting [0;1;39mSet the console keyboard layout[0m...
[    8.171563] systemd[1]: Starting Create list of static device nodes for the current kernel...
         Starting [0;1;39mCreate list of st…odes for the current kernel[0m...
[    8.188354] systemd[1]: Starting Monitoring of LVM2 mirrors, snapshots etc. using dmeventd or progress polling...
         Starting [0;1;39mMonitoring of LVM…meventd or progress polling[0m...
[    8.202744] systemd[1]: Condition check resulted in Load Kernel Module drm being skipped.
[    8.213553] systemd[1]: Condition check resulted in Set Up Additional Binary Formats being skipped.
[    8.229130] systemd[1]: Starting Load Kernel Modules...
         Starting [0;1;39mLoad Kernel Modules[0m...
[    8.241302] systemd[1]: Starting Remount Root and Kernel File Systems...
         Starting [0;1;39mRemount Root and Kernel File Systems[0m...
[    8.254790] systemd[1]: Starting udev Coldplug all Devices...
[    8.258083] EXT4-fs (sda2): re-mounted. Opts: (null)
         Starting [0;1;39mudev Coldplug all Devices[0m...
[    8.270600] systemd[1]: Starting Uncomplicated firewall...
         Starting [0;1;39mUncomplicated firewall[0m...
[    8.280097] systemd[1]: Started Journal Service.
[[0;32m  OK  [0m] Started [0;1;39mJournal Service[0m.
[[0;32m  OK  [0m] Mounted [0;1;39mHuge Pages File System[0m.
[[0;32m  OK  [0m] Mounted [0;1;39mPOSIX Message Queue File System[0m.
[[0;32m  OK  [0m] Mounted [0;1;39mKernel Debug File System[0m.
[[0;32m  OK  [0m] Mounted [0;1;39mKernel Trace File System[0m.
[[0;32m  OK  [0m] Finished [0;1;39mSet the console keyboard layout[0m.
[[0;32m  OK  [0m] Finished [0;1;39mCreate list of st… nodes for the current kernel[0m.
[[0;32m  OK  [0m] Finished [0;1;39mMonitoring of LVM… dmeventd or progress polling[0m.
[[0;32m  OK  [0m] Finished [0;1;39mLoad Kernel Modules[0m.
[[0;32m  OK  [0m] Finished [0;1;39mRemount Root and Kernel File Systems[0m.
[[0;32m  OK  [0m] Finished [0;1;39mUncomplicated firewall[0m.
         Activating swap [0;1;39m/swap.img[0m...
         Mounting [0;1;39mFUSE Control File System[0m...
         Mounting [0;1;39mKernel Configuration File System[0m...
         Starting [0;1;39mFlush Journal to Persistent Storage[0m...
         Starting [0;1;39mLoad/Save Random Seed[0m...
         Starting [0;1;39mApply Kernel Variables[0m...
[    8.353961] systemd-journald[373]: Received client request to flush runtime journal.
         Starting [0;1;39mCreate System Users[0m...
[[0;32m  OK  [0m] Finished [0;1;39mudev Coldplug all Devices[0m.
[[0;32m  OK  [0m] Mounted [0;1;39mFUSE Control File System[0m.
[[0;32m  OK  [0m] Mounted [0;1;39mKernel Configuration File System[0m.
         Starting [0;1;39mudev Wait for Complete Device Initialization[0m...
[[0;32m  OK  [0m] Finished [0;1;39mLoad/Save Random Seed[0m.
[[0;32m  OK  [0m] Finished [0;1;39mApply Kernel Variables[0m.
[[0;32m  OK  [0m] Finished [0;1;39mCreate System Users[0m.
         Starting [0;1;39mCreate Static Device Nodes in /dev[0m...
[[0;32m  OK  [0m] Finished [0;1;39mCreate Static Device Nodes in /dev[0m.
         Starting [0;1;39mudev Kernel Device Manager[0m...
[[0;32m  OK  [0m] Activated swap [0;1;39m/swap.img[0m.
[[0;32m  OK  [0m] Reached target [0;1;39mSwap[0m.
[[0;32m  OK  [0m] Finished [0;1;39mFlush Journal to Persistent Storage[0m.
[[0;32m  OK  [0m] Started [0;1;39mudev Kernel Device Manager[0m.
[[0;32m  OK  [0m] Started [0;1;39mDispatch Password …ts to Console Directory Watch[0m.
[[0;32m  OK  [0m] Reached target [0;1;39mLocal Encrypted Volumes[0m.
         Starting [0;1;39mNetwork Service[0m...
[[0;32m  OK  [0m] Started [0;1;39mNetwork Service[0m.
         Starting [0;1;39mWait for Network to be Configured[0m...
[[0;32m  OK  [0m] Finished [0;1;39mWait for Network to be Configured[0m.
[[0;32m  OK  [0m] Found device [0;1;39m/dev/ttyS0[0m.
[[0;32m  OK  [0m] Listening on [0;1;39mLoad/Save RF …itch Status /dev/rfkill Watch[0m.
[[0;32m  OK  [0m] Finished [0;1;39mudev Wait for Complete Device Initialization[0m.
         Starting [0;1;39mDevice-Mapper Multipath Device Controller[0m...
[[0;32m  OK  [0m] Started [0;1;39mDevice-Mapper Multipath Device Controller[0m.
[[0;32m  OK  [0m] Reached target [0;1;39mLocal File Systems (Pre)[0m.
         Mounting [0;1;39mMount unit for core18, revision 1880[0m...
         Mounting [0;1;39mMount unit for lxd, revision 16099[0m...
         Mounting [0;1;39mMount unit for snapd, revision 8542[0m...
[[0;32m  OK  [0m] Mounted [0;1;39mMount unit for core18, revision 1880[0m.
[[0;32m  OK  [0m] Mounted [0;1;39mMount unit for lxd, revision 16099[0m.
[[0;32m  OK  [0m] Mounted [0;1;39mMount unit for snapd, revision 8542[0m.
[[0;32m  OK  [0m] Reached target [0;1;39mLocal File Systems[0m.
         Starting [0;1;39mLoad AppArmor profiles[0m...
         Starting [0;1;39mSet console font and keymap[0m...
         Starting [0;1;39mCreate final runt…dir for shutdown pivot root[0m...
         Starting [0;1;39mTell Plymouth To Write Out Runtime Data[0m...
         Starting [0;1;39mCreate Volatile Files and Directories[0m...
[[0;32m  OK  [0m] Finished [0;1;39mSet console font and keymap[0m.
[[0;32m  OK  [0m] Finished [0;1;39mCreate final runt…e dir for shutdown pivot root[0m.
[[0;32m  OK  [0m] Finished [0;1;39mTell Plymouth To Write Out Runtime Data[0m.
[[0;32m  OK  [0m] Finished [0;1;39mCreate Volatile Files and Directories[0m.
         Starting [0;1;39mNetwork Name Resolution[0m...
         Starting [0;1;39mNetwork Time Synchronization[0m...
         Starting [0;1;39mUpdate UTMP about System Boot/Shutdown[0m...
[[0;32m  OK  [0m] Finished [0;1;39mLoad AppArmor profiles[0m.
         Starting [0;1;39mLoad AppArmor pro…managed internally by snapd[0m...
[[0;32m  OK  [0m] Finished [0;1;39mUpdate UTMP about System Boot/Shutdown[0m.
[[0;32m  OK  [0m] Started [0;1;39mNetwork Time Synchronization[0m.
[[0;32m  OK  [0m] Reached target [0;1;39mSystem Time Set[0m.
[[0;32m  OK  [0m] Reached target [0;1;39mSystem Time Synchronized[0m.
[[0;32m  OK  [0m] Finished [0;1;39mLoad AppArmor pro…s managed internally by snapd[0m.
[[0;32m  OK  [0m] Reached target [0;1;39mSystem Initialization[0m.
[[0;32m  OK  [0m] Started [0;1;39mDaily apt download activities[0m.
[[0;32m  OK  [0m] Started [0;1;39mDaily apt upgrade and clean activities[0m.
[[0;32m  OK  [0m] Started [0;1;39mPeriodic ext4 Onli…ata Check for All Filesystems[0m.
[[0;32m  OK  [0m] Started [0;1;39mDiscard unused blocks once a week[0m.
[[0;32m  OK  [0m] Started [0;1;39mRefresh fwupd metadata regularly[0m.
[[0;32m  OK  [0m] Started [0;1;39mDaily rotation of log files[0m.
[[0;32m  OK  [0m] Started [0;1;39mDaily man-db regeneration[0m.
[[0;32m  OK  [0m] Started [0;1;39mMessage of the Day[0m.
[[0;32m  OK  [0m] Started [0;1;39mDaily Cleanup of Temporary Directories[0m.
[[0;32m  OK  [0m] Reached target [0;1;39mPaths[0m.
[[0;32m  OK  [0m] Reached target [0;1;39mTimers[0m.
[[0;32m  OK  [0m] Listening on [0;1;39mD-Bus System Message Bus Socket[0m.
[[0;32m  OK  [0m] Listening on [0;1;39mOpen-iSCSI iscsid Socket[0m.
[[0;32m  OK  [0m] Listening on [0;1;39mSocket unix for snap application lxd.daemon[0m.
         Starting [0;1;39mSocket activation for snappy daemon[0m.
[[0;32m  OK  [0m] Listening on [0;1;39mUUID daemon activation socket[0m.
[[0;32m  OK  [0m] Started [0;1;39mNetwork Name Resolution[0m.
[[0;32m  OK  [0m] Listening on [0;1;39mSocket activation for snappy daemon[0m.
[[0;32m  OK  [0m] Reached target [0;1;39mNetwork[0m.
[[0;32m  OK  [0m] Reached target [0;1;39mNetwork is Online[0m.
[[0;32m  OK  [0m] Reached target [0;1;39mHost and Network Name Lookups[0m.
[[0;32m  OK  [0m] Reached target [0;1;39mSockets[0m.
[[0;32m  OK  [0m] Reached target [0;1;39mBasic System[0m.
         Starting [0;1;39mAccounts Service[0m...
[[0;32m  OK  [0m] Started [0;1;39mD-Bus System Message Bus[0m.
[[0;32m  OK  [0m] Started [0;1;39mSave initial kernel messages after boot[0m.
         Starting [0;1;39mRemove Stale Onli…t4 Metadata Check Snapshots[0m...
         Starting [0;1;39mLSB: Record successful boot for GRUB[0m...
         Starting [0;1;39mGRUB failed boot detection[0m...
[[0;32m  OK  [0m] Started [0;1;39mirqbalance daemon[0m.
         Starting [0;1;39mDispatcher daemon for systemd-networkd[0m...
[[0;32m  OK  [0m] Reached target [0;1;39mRemote File Systems (Pre)[0m.
[[0;32m  OK  [0m] Reached target [0;1;39mRemote File Systems[0m.
         Starting [0;1;39mLSB: automatic crash report generation[0m...
         Starting [0;1;39mDeferred execution scheduler[0m...
         Starting [0;1;39mAvailability of block devices[0m...
[[0;32m  OK  [0m] Started [0;1;39mRegular background program processing daemon[0m.
         Starting [0;1;39mSystem Logging Service[0m...
         Starting [0;1;39mService for snap application lxd.activate[0m...
         Starting [0;1;39mSnap Daemon[0m...
         Starting [0;1;39mOpenBSD Secure Shell server[0m...
         Starting [0;1;39mLogin Service[0m...
         Starting [0;1;39mPermit User Sessions[0m...
         Starting [0;1;39mThermal Daemon Service[0m...
[[0;32m  OK  [0m] Finished [0;1;39mRemove Stale Onli…ext4 Metadata Check Snapshots[0m.
[[0;32m  OK  [0m] Started [0;1;39mDeferred execution scheduler[0m.
[[0;32m  OK  [0m] Finished [0;1;39mAvailability of block devices[0m.
[[0;32m  OK  [0m] Finished [0;1;39mPermit User Sessions[0m.
[[0;32m  OK  [0m] Started [0;1;39mSystem Logging Service[0m.
[[0;32m  OK  [0m] Finished [0;1;39mGRUB failed boot detection[0m.
         Starting [0;1;39mHold until boot process finishes up[0m...
         Starting [0;1;39mTerminate Plymouth Boot Screen[0m...
[[0;32m  OK  [0m] Started [0;1;39mLSB: Record successful boot for GRUB[0m.
[[0;32m  OK  [0m] Started [0;1;39mLSB: automatic crash report generation[0m.
[[0;32m  OK  [0m] Finished [0;1;39mHold until boot process finishes up[0m.
[[0;32m  OK  [0m] Finished [0;1;39mTerminate Plymouth Boot Screen[0m.
[[0;32m  OK  [0m] Started [0;1;39mSerial Getty on ttyS0[0m.
         Starting [0;1;39mSet console scheme[0m...
[[0;32m  OK  [0m] Started [0;1;39mOpenBSD Secure Shell server[0m.
[[0;32m  OK  [0m] Finished [0;1;39mSet console scheme[0m.
[[0;32m  OK  [0m] Created slice [0;1;39msystem-getty.slice[0m.
[[0;32m  OK  [0m] Started [0;1;39mGetty on tty1[0m.
[[0;32m  OK  [0m] Reached target [0;1;39mLogin Prompts[0m.
[[0;32m  OK  [0m] Started [0;1;39mLogin Service[0m.
[[0;32m  OK  [0m] Started [0;1;39mThermal Daemon Service[0m.
[[0;32m  OK  [0m] Started [0;1;39mUnattended Upgrades Shutdown[0m.
         Starting [0;1;39mAuthorization Manager[0m...
[[0;32m  OK  [0m] Started [0;1;39mAuthorization Manager[0m.
[[0;32m  OK  [0m] Started [0;1;39mAccounts Service[0m.
[[0;32m  OK  [0m] Started [0;1;39mDispatcher daemon for systemd-networkd[0m.
[[0;32m  OK  [0m] Started [0;1;39mSnap Daemon[0m.
         Starting [0;1;39mWait until snapd is fully seeded[0m...
[[0;32m  OK  [0m] Created slice [0;1;39mUser Slice of UID 1000[0m.
         Starting [0;1;39mUser Runtime Directory /run/user/1000[0m...
[[0;32m  OK  [0m] Finished [0;1;39mWait until snapd is fully seeded[0m.
[[0;32m  OK  [0m] Finished [0;1;39mUser Runtime Directory /run/user/1000[0m.
         Starting [0;1;39mUser Manager for UID 1000[0m...
[[0;32m  OK  [0m] Finished [0;1;39mService for snap application lxd.activate[0m.
[[0;32m  OK  [0m] Reached target [0;1;39mMulti-User System[0m.
[[0;32m  OK  [0m] Reached target [0;1;39mGraphical Interface[0m.
         Starting [0;1;39mUpdate UTMP about System Runlevel Changes[0m...
[[0;32m  OK  [0m] Finished [0;1;39mUpdate UTMP about System Runlevel Changes[0m.
[[0;32m  OK  [0m] Started [0;1;39mUser Manager for UID 1000[0m.
[[0;32m  OK  [0m] Started [0;1;39mSession 1 of user femu[0m.

Ubuntu 20.04.1 LTS fvm ttyS0

fvm login: 