[FEMU] FTL-Log: LPN metadata: entries=2097152 entry_size=24 total=48 MiB window_ns=1000000000 hot_writes=4 cold_writes=1 erase_event_threshold=1
[FEMU] FTL-Log: Hot/Cold pools: configured_hot_percent=20 initial_hot_lines=25 initial_cold_lines=103 total_lines=128
[FEMU] FTL-Log: Write pointers: hot_line=103 cold_line=0 free=126 hot_free=24 cold_free=102
c[?7l[2J[0mSeaBIOS (version rel-1.17.0-0-gb52ca86e094d-prebuilt.qemu.org)


iPXE (http://ipxe.org) 00:03.0 CA00 PCI2.10 PnP PMM+BEFD1D20+BEF31D20 CA00
Press Ctrl-B to configure iPXE (PCI 00:03.0)...                                                                               


Booting from Hard Disk...
[H[J[1;1H[?25l[m[H[J[1;1H[2;30HGNU GRUB  version 2.04

[m[4;2H+----------------------------------------------------------------------------+[5;2H|[5;79H|[6;2H|[6;79H|[7;2H|[7;79H|[8;2H|[8;79H|[9;2H|[9;79H|[10;2H|[10;79H|[11;2H|[11;79H|[12;2H|[12;79H|[13;2H|[13;79H|[14;2H|[14;79H|[15;2H|[15;79H|[16;2H|[16;79H|[17;2H+----------------------------------------------------------------------------+[m[18;2H[19;2H[m     Use the ^ and v keys to select which entry is highlighted.          
      Press enter to boot the selected OS, `e' to edit the commands       
      before booting or `c' for a command-line.                           [5;80H [7m[5;3H*Ubuntu, with Linux 5.4.0-64-generic                                        [m[5;78H[m[m[6;3H                                                                            [m[6;78H[m[m[7;3H                                                                            [m[7;78H[m[m[8;3H                                                                            [m[8;78H[m[m[9;3H                                                                            [m[9;78H[m[m[10;3H                                                                            [m[10;78H[m[m[11;3H                                                                            [m[11;78H[m[m[12;3H                                                                            [m[12;78H[m[m[13;3H                                                                            [m[13;78H[m[m[14;3H                                                                            [m[14;78H[m[m[15;3H                                                                            [m[15;78H[m[m[16;3H                                                                            [m[16;78H[m[16;80H [5;78H[22;1H   The highlighted entry will be executed automatically in 3s.                 [5;78H[22;1H   The highlighted entry will be executed automatically in 2s.                 [5;78H[22;1H   The highlighted entry will be executed automatically in 1s.                 [5;78H[22;1H   The highlighted entry will be executed automatically in 0s.                 [5;78H[?25h[H[J[1;1H[H[J[1;1HLoading Linux 5.4.0-64-generic ...
Loading initial ramdisk ...
[    0.000000] Linux version 5.4.0-64-generic (buildd@lcy01-amd64-021) (gcc version 9.3.0 (Ubuntu 9.3.0-17ubuntu1~20.04)) #72-Ubuntu SMP Fri Jan 15 10:27:54 UTC 2021 (Ubuntu 5.4.0-64.72-generic 5.4.78)
[    0.000000] Command line: BOOT_IMAGE=/boot/vmlinuz-5.4.0-64-generic root=UUID=66add23f-3d34-46f1-a540-ebfdd268827e ro ip=dhcp console=ttyS0,115200 console=tty console=ttyS0 text
[    0.000000] KERNEL supported cpus:
[    0.000000]   Intel GenuineIntel
[    0.000000]   AMD AuthenticAMD
[    0.000000]   Hygon HygonGenuine
[    0.000000]   Centaur CentaurHauls
[    0.000000]   zhaoxin   Shanghai  
[    0.000000] x86/fpu: Supporting XSAVE feature 0x001: 'x87 floating point registers'
[    0.000000] x86/fpu: Supporting XSAVE feature 0x002: 'SSE registers'
[    0.000000] x86/fpu: Supporting XSAVE feature 0x004: 'AVX registers'
[    0.000000] x86/fpu: xstate_offset[2]:  576, xstate_sizes[2]:  256
[    0.000000] x86/fpu: Enabled xstate features 0x7, context size is 832 bytes, using 'compacted' format.
[    0.000000] BIOS-provided physical RAM map:
[    0.000000] BIOS-e820: [mem 0x0000000000000000-0x000000000009fbff] usable
[    0.000000] BIOS-e820: [mem 0x000000000009fc00-0x000000000009ffff] reserved
[    0.000000] BIOS-e820: [mem 0x00000000000f0000-0x00000000000fffff] reserved
[    0.000000] BIOS-e820: [mem 0x0000000000100000-0x00000000bffdcfff] usable
[    0.000000] BIOS-e820: [mem 0x00000000bffdd000-0x00000000bfffffff] reserved
[    0.000000] BIOS-e820: [mem 0x00000000feffc000-0x00000000feffffff] reserved
[    0.000000] BIOS-e820: [mem 0x00000000fffc0000-0x00000000ffffffff] reserved
[    0.000000] BIOS-e820: [mem 0x0000000100000000-0x000000013fffffff] usable
[    0.000000] NX (Execute Disable) protection: active
[    0.000000] SMBIOS 2.8 present.
[    0.000000] DMI: QEMU Standard PC (i440FX + PIIX, 1996), BIOS rel-1.17.0-0-gb52ca86e094d-prebuilt.qemu.org 04/01/2014
[    0.000000] Hypervisor detected: KVM
[    0.000000] kvm-clock: Using msrs 4b564d01 and 4b564d00
[    0.000000] kvm-clock: cpu 0, msr 117c01001, primary cpu clock
[    0.000001] kvm-clock: using sched offset of 16069100413 cycles
[    0.000005] clocksource: kvm-clock: mask: 0xffffffffffffffff max_cycles: 0x1cd42e4dffb, max_idle_ns: 881590591483 ns
[    0.000009] tsc: Detected 2995.202 MHz processor
[    0.003827] last_pfn = 0x140000 max_arch_pfn = 0x400000000
[    0.004518] x86/PAT: Configuration [0-7]: WB  WC  UC- UC  WB  WP  UC- WT  
[    0.004614] last_pfn = 0xbffdd max_arch_pfn = 0x400000000
[    0.019578] found SMP MP-table at [mem 0x000f54b0-0x000f54bf]
[    0.020310] check: Scanning 1 areas for low memory corruption
[    0.020713] Using GB pages for direct mapping
[    0.021003] RAMDISK: [mem 0x2d173000-0x328b0fff]
[    0.021151] ACPI: Early table checksum verification disabled
[    0.021206] ACPI: RSDP 0x00000000000F52B0 000014 (v00 BOCHS )
[    0.021237] ACPI: RSDT 0x00000000BFFE2458 000034 (v01 BOCHS  BXPC     00000001 BXPC 00000001)
[    0.021247] ACPI: FACP 0x00000000BFFE22F4 000074 (v01 BOCHS  BXPC     00000001 BXPC 00000001)
[    0.021255] ACPI: DSDT 0x00000000BFFE0040 0022B4 (v01 BOCHS  BXPC     00000001 BXPC 00000001)
[    0.021259] ACPI: FACS 0x00000000BFFE0000 000040
[    0.021263] ACPI: APIC 0x00000000BFFE2368 000090 (v03 BOCHS  BXPC     00000001 BXPC 00000001)
[    0.021267] ACPI: HPET 0x00000000BFFE23F8 000038 (v01 BOCHS  BXPC     00000001 BXPC 00000001)
[    0.021304] ACPI: WAET 0x00000000BFFE2430 000028 (v01 BOCHS  BXPC     00000001 BXPC 00000001)
[    0.031354] No NUMA configuration found
[    0.031444] Faking a node at [mem 0x0000000000000000-0x000000013fffffff]
[    0.031455] NODE_DATA(0) allocated [mem 0x13ffd5000-0x13fffffff]
[    0.036713] Zone ranges:
[    0.036718]   DMA      [mem 0x0000000000001000-0x0000000000ffffff]
[    0.036721]   DMA32    [mem 0x0000000001000000-0x00000000ffffffff]
[    0.036722]   Normal   [mem 0x0000000100000000-0x000000013fffffff]
[    0.036723]   Device   empty
[    0.036725] Movable zone start for each node
[    0.036727] Early memory node ranges
[    0.036729]   node   0: [mem 0x0000000000001000-0x000000000009efff]
[    0.036730]   node   0: [mem 0x0000000000100000-0x00000000bffdcfff]
[    0.036732]   node   0: [mem 0x0000000100000000-0x000000013fffffff]
[    0.039813] Zeroed struct page in unavailable ranges: 133 pages
[    0.039818] Initmem setup node 0 [mem 0x0000000000001000-0x000000013fffffff]
[    0.145016] ACPI: PM-Timer IO Port: 0x608
[    0.145098] ACPI: LAPIC_NMI (acpi_id[0xff] dfl dfl lint[0x1])
[    0.145383] IOAPIC[0]: apic_id 0, version 17, address 0xfec00000, GSI 0-23
[    0.145388] ACPI: INT_SRC_OVR (bus 0 bus_irq 0 global_irq 2 dfl dfl)
[    0.145391] ACPI: INT_SRC_OVR (bus 0 bus_irq 5 global_irq 5 high level)
[    0.145392] ACPI: INT_SRC_OVR (bus 0 bus_irq 9 global_irq 9 high level)
[    0.145394] ACPI: INT_SRC_OVR (bus 0 bus_irq 10 global_irq 10 high level)
[    0.145395] ACPI: INT_SRC_OVR (bus 0 bus_irq 11 global_irq 11 high level)
[    0.145402] Using ACPI (MADT) for SMP configuration information
[    0.145404] ACPI: HPET id: 0x8086a201 base: 0xfed00000
[    0.145411] TSC deadline timer available
[    0.145442] smpboot: Allowing 4 CPUs, 0 hotplug CPUs
[    0.145621] KVM setup pv sched yield
[    0.145634] PM: Registered nosave memory: [mem 0x00000000-0x00000fff]
[    0.145635] PM: Registered nosave memory: [mem 0x0009f000-0x0009ffff]
[    0.145636] PM: Registered nosave memory: [mem 0x000a0000-0x000effff]
[    0.145637] PM: Registered nosave memory: [mem 0x000f0000-0x000fffff]
[    0.145638] PM: Registered nosave memory: [mem 0xbffdd000-0xbfffffff]
[    0.145639] PM: Registered nosave memory: [mem 0xc0000000-0xfeffbfff]
[    0.145640] PM: Registered nosave memory: [mem 0xfeffc000-0xfeffffff]
[    0.145641] PM: Registered nosave memory: [mem 0xff000000-0xfffbffff]
[    0.145642] PM: Registered nosave memory: [mem 0xfffc0000-0xffffffff]
[    0.145644] [mem 0xc0000000-0xfeffbfff] available for PCI devices
[    0.145646] Booting paravirtualized kernel on KVM
[    0.145650] clocksource: refined-jiffies: mask: 0xffffffff max_cycles: 0xffffffff, max_idle_ns: 7645519600211568 ns
[    0.145656] setup_percpu: NR_CPUS:8192 nr_cpumask_bits:4 nr_cpu_ids:4 nr_node_ids:1
[    0.149415] percpu: Embedded 55 pages/cpu s188416 r8192 d28672 u524288
[    0.149534] KVM setup async PF for cpu 0
[    0.149597] kvm-stealtime: cpu 0, msr 13ba2d040
[    0.149728] PV qspinlock hash table entries: 256 (order: 0, 4096 bytes, linear)
[    0.149758] Built 1 zonelists, mobility grouping on.  Total pages: 1032038
[    0.149760] Policy zone: Normal
[    0.149764] Kernel command line: BOOT_IMAGE=/boot/vmlinuz-5.4.0-64-generic root=UUID=66add23f-3d34-46f1-a540-ebfdd268827e ro ip=dhcp console=ttyS0,115200 console=tty console=ttyS0 text
[    0.156564] Dentry cache hash table entries: 524288 (order: 10, 4194304 bytes, linear)
[    0.162689] Inode-cache hash table entries: 262144 (order: 9, 2097152 bytes, linear)
[    0.163073] mem auto-init: stack:off, heap alloc:on, heap free:off
[    0.231026] Memory: 3932824K/4193772K available (14339K kernel code, 2399K rwdata, 4960K rodata, 2724K init, 4980K bss, 260948K reserved, 0K cma-reserved)
[    0.231040] random: get_random_u64 called from kmem_cache_open+0x2d/0x410 with crng_init=0
[    0.234449] SLUB: HWalign=64, Order=0-3, MinObjects=0, CPUs=4, Nodes=1
[    0.234469] ftrace: allocating 44555 entries in 175 pages
[    0.260655] rcu: Hierarchical RCU implementation.
[    0.260660] rcu: 	RCU restricting CPUs from NR_CPUS=8192 to nr_cpu_ids=4.
[    0.260662] 	Tasks RCU enabled.
[    0.260663] rcu: RCU calculated value of scheduler-enlistment delay is 25 jiffies.
[    0.260664] rcu: Adjusting geometry for rcu_fanout_leaf=16, nr_cpu_ids=4
[    0.263492] NR_IRQS: 524544, nr_irqs: 456, preallocated irqs: 16
[    0.263980] random: crng done (trusting CPU's manufacturer)
[    0.334856] Console: colour VGA+ 80x25
[    0.478874] printk: console [tty0] enabled
[    1.060147] printk: console [ttyS0] enabled
[    1.063054] ACPI: Core revision 20190816
[    1.077052] clocksource: hpet: mask: 0xffffffff max_cycles: 0xffffffff, max_idle_ns: 19112604467 ns
[    1.092780] APIC: Switch to symmetric I/O mode setup
[    1.100797] x2apic enabled
[    1.105932] Switched APIC routing to physical x2apic.
[    1.119888] KVM setup pv IPIs
[    1.131061] ..TIMER: vector=0x30 apic1=0 pin1=2 apic2=-1 pin2=-1
[    1.139943] clocksource: tsc-early: mask: 0xffffffffffffffff max_cycles: 0x2b2c909a7c7, max_idle_ns: 440795208498 ns
[    1.156035] Calibrating delay loop (skipped) preset value.. 5990.40 BogoMIPS (lpj=11980808)
[    1.160045] pid_max: default: 32768 minimum: 301
[    1.168064] LSM: Security Framework initializing
[    1.172081] Yama: becoming mindful.
[    1.176111] AppArmor: AppArmor initialized
[    1.180133] Mount-cache hash table entries: 8192 (order: 4, 65536 bytes, linear)
[    1.184061] Mountpoint-cache hash table entries: 8192 (order: 4, 65536 bytes, linear)
[    1.188098] *** VALIDATE tmpfs ***
[    1.196270] *** VALIDATE proc ***
[    1.200177] *** VALIDATE cgroup1 ***
[    1.204046] *** VALIDATE cgroup2 ***
[    1.212542] x86/cpu: User Mode Instruction Prevention (UMIP) activated
[    1.216807] Last level iTLB entries: 4KB 0, 2MB 0, 4MB 0
[    1.220041] Last level dTLB entries: 4KB 0, 2MB 0, 4MB 0, 1GB 0
[    1.224075] Spectre V1 : Mitigation: usercopy/swapgs barriers and __user pointer sanitization
[    1.228071] Spectre V2 : Mitigation: Enhanced IBRS
[    1.232040] Spectre V2 : Spectre v2 / SpectreRSB mitigation: Filling RSB on context switch
[    1.236045] Spectre V2 : mitigation: Enabling conditional Indirect Branch Prediction Barrier
[    1.240039] Speculative Store Bypass: Mitigation: Speculative Store Bypass disabled via prctl and seccomp
[    1.248138] Freeing SMP alternatives memory: 40K
[    1.260026] smpboot: CPU0: Intel(R) Core(TM) Ultra 5 125H (family: 0x6, model: 0xaa, stepping: 0x4)
[    1.260302] Performance Events: unsupported p6 CPU model 170 no PMU driver, software events only.
[    1.264256] rcu: Hierarchical SRCU implementation.
[    1.268553] NMI watchdog: Perf NMI watchdog permanently disabled
[    1.272241] smp: Bringing up secondary CPUs ...
[    1.276726] x86: Booting SMP configuration:
[    1.280071] .... node  #0, CPUs:      #1
[    0.872157] kvm-clock: cpu 1, msr 117c01041, secondary cpu clock
[    1.289999] KVM setup async PF for cpu 1
[    1.292026] kvm-stealtime: cpu 1, msr 13baad040
[    1.308956]  #2
[    0.872157] kvm-clock: cpu 2, msr 117c01081, secondary cpu clock
[    1.313027] KVM setup async PF for cpu 2
[    1.316026] kvm-stealtime: cpu 2, msr 13bb2d040
[    1.328993]  #3
[    0.872157] kvm-clock: cpu 3, msr 117c010c1, secondary cpu clock
[    1.335269] KVM setup async PF for cpu 3
[    1.336026] kvm-stealtime: cpu 3, msr 13bbad040
[    1.356204] smp: Brought up 1 node, 4 CPUs
[    1.360089] smpboot: Max logical packages: 1
[    1.364102] smpboot: Total of 4 processors activated (23961.61 BogoMIPS)
[    1.378419] devtmpfs: initialized
[    1.380160] x86/mm: Memory block size: 128MB
[    1.384967] clocksource: jiffies: mask: 0xffffffff max_cycles: 0xffffffff, max_idle_ns: 7645041785100000 ns
[    1.392755] futex hash table entries: 1024 (order: 4, 65536 bytes, linear)
[    1.404687] pinctrl core: initialized pinctrl subsystem
[    1.412026] PM: RTC time: 16:56:37, date: 2026-08-31
[    1.436092] NET: Registered protocol family 16
[    1.444224] audit: initializing netlink subsys (disabled)
[    1.449080] EISA bus registered
[    1.448046] audit: type=2000 audit(1788195397.466:1): state=initialized audit_enabled=0 res=1
[    1.496230] cpuidle: using governor ladder
[    1.504256] cpuidle: using governor menu
[    1.508810] KVM setup pv remote TLB flush
[    1.512085] ACPI: bus type PCI registered
[    1.520068] acpiphp: ACPI Hot Plug PCI Controller Driver version: 0.5
[    1.528720] PCI: Using configuration type 1 for base access
[    1.540499] HugeTLB registered 1.00 GiB page size, pre-allocated 0 pages
[    1.552053] HugeTLB registered 2.00 MiB page size, pre-allocated 0 pages
[    1.596175] ACPI: Added _OSI(Module Device)
[    1.600055] ACPI: Added _OSI(Processor Device)
[    1.604429] ACPI: Added _OSI(3.0 _SCP Extensions)
[    1.608604] ACPI: Added _OSI(Processor Aggregator Device)
[    1.612320] ACPI: Added _OSI(Linux-Dell-Video)
[    1.616086] ACPI: Added _OSI(Linux-Lenovo-NV-HDMI-Audio)
[    1.620225] ACPI: Added _OSI(Linux-HPI-Hybrid-Graphics)
[    1.627182] ACPI: 1 ACPI AML tables successfully acquired and loaded
[    1.631033] ACPI: Interpreter enabled
[    1.632090] ACPI: (supports S0 S3 S4 S5)
[    1.636056] ACPI: Using IOAPIC for interrupt routing
[    1.640441] PCI: Using host bridge windows from ACPI; if necessary, use "pci=nocrs" and report a bug
[    1.645302] ACPI: Enabled 2 GPEs in block 00 to 0F
[    1.656387] ACPI: PCI Root Bridge [PCI0] (domain 0000 [bus 00-ff])
[    1.660389] acpi PNP0A03:00: _OSC: OS supports [ASPM ClockPM Segments MSI HPX-Type3]
[    1.664123] acpi PNP0A03:00: fail to add MMCONFIG information, can't access extended PCI configuration space under this bridge.
[    1.669908] acpiphp: Slot [3] registered
[    1.672199] acpiphp: Slot [4] registered
[    1.676275] acpiphp: Slot [5] registered
[    1.680196] acpiphp: Slot [6] registered
[    1.684192] acpiphp: Slot [7] registered
[    1.689251] acpiphp: Slot [8] registered
[    1.692873] acpiphp: Slot [9] registered
[    1.696256] acpiphp: Slot [10] registered
[    1.700662] acpiphp: Slot [11] registered
[    1.704158] acpiphp: Slot [12] registered
[    1.708214] acpiphp: Slot [13] registered
[    1.713048] acpiphp: Slot [14] registered
[    1.716720] acpiphp: Slot [15] registered
[    1.720271] acpiphp: Slot [16] registered
[    1.724297] acpiphp: Slot [17] registered
[    1.728160] acpiphp: Slot [18] registered
[    1.732198] acpiphp: Slot [19] registered
[    1.736190] acpiphp: Slot [20] registered
[    1.740570] acpiphp: Slot [21] registered
[    1.744176] acpiphp: Slot [22] registered
[    1.748239] acpiphp: Slot [23] registered
[    1.752722] acpiphp: Slot [24] registered
[    1.756241] acpiphp: Slot [25] registered
[    1.759959] acpiphp: Slot [26] registered
[    1.760215] acpiphp: Slot [27] registered
[    1.764238] acpiphp: Slot [28] registered
[    1.768208] acpiphp: Slot [29] registered
[    1.772167] acpiphp: Slot [30] registered
[    1.776145] acpiphp: Slot [31] registered
[    1.780245] PCI host bridge to bus 0000:00
[    1.784251] pci_bus 0000:00: root bus resource [io  0x0000-0x0cf7 window]
[    1.788183] pci_bus 0000:00: root bus resource [io  0x0d00-0xffff window]
[    1.792154] pci_bus 0000:00: root bus resource [mem 0x000a0000-0x000bffff window]
[    1.796400] pci_bus 0000:00: root bus resource [mem 0xc0000000-0xfebfffff window]
[    1.800190] pci_bus 0000:00: root bus resource [mem 0xe0000000000-0xe007fffffff window]
[    1.804081] pci_bus 0000:00: root bus resource [bus 00-ff]
[    1.808357] pci 0000:00:00.0: [8086:1237] type 00 class 0x060000
[    1.819293] pci 0000:00:01.0: [8086:7000] type 00 class 0x060100
[    1.822670] pci 0000:00:01.1: [8086:7010] type 00 class 0x010180
[    1.833874] pci 0000:00:01.1: reg 0x20: [io  0xc060-0xc06f]
[    1.838229] pci 0000:00:01.1: legacy IDE quirk: reg 0x10: [io  0x01f0-0x01f7]
[    1.840055] pci 0000:00:01.1: legacy IDE quirk: reg 0x14: [io  0x03f6]
[    1.844065] pci 0000:00:01.1: legacy IDE quirk: reg 0x18: [io  0x0170-0x0177]
[    1.848078] pci 0000:00:01.1: legacy IDE quirk: reg 0x1c: [io  0x0376]
[    1.854087] pci 0000:00:01.3: [8086:7113] type 00 class 0x068000
[    1.858804] pci 0000:00:01.3: quirk: [io  0x0600-0x063f] claimed by PIIX4 ACPI
[    1.860112] pci 0000:00:01.3: quirk: [io  0x0700-0x070f] claimed by PIIX4 SMB
[    1.867115] pci 0000:00:02.0: [1234:1111] type 00 class 0x030000
[    1.871291] pci 0000:00:02.0: reg 0x10: [mem 0xfd000000-0xfdffffff pref]
[    1.877468] pci 0000:00:02.0: reg 0x18: [mem 0xfebd0000-0xfebd0fff]
[    1.892832] pci 0000:00:02.0: reg 0x30: [mem 0xfebc0000-0xfebcffff pref]
[    1.899820] pci 0000:00:03.0: [1af4:1000] type 00 class 0x020000
[    1.902307] pci 0000:00:03.0: reg 0x10: [io  0xc040-0xc05f]
[    1.906107] pci 0000:00:03.0: reg 0x14: [mem 0xfebd1000-0xfebd1fff]
[    1.914203] pci 0000:00:03.0: reg 0x20: [mem 0xe0040000000-0xe0040003fff 64bit pref]
[    1.917918] pci 0000:00:03.0: reg 0x30: [mem 0xfeb80000-0xfebbffff pref]
[    1.926423] pci 0000:00:04.0: [1af4:1004] type 00 class 0x010000
[    1.931025] pci 0000:00:04.0: reg 0x10: [io  0xc000-0xc03f]
[    1.937900] pci 0000:00:04.0: reg 0x14: [mem 0xfebd2000-0xfebd2fff]
[    1.953086] pci 0000:00:04.0: reg 0x20: [mem 0xe0040004000-0xe0040007fff 64bit pref]
[    1.966974] pci 0000:00:05.0: [1d1d:1f1f] type 00 class 0x010802
[    1.969473] pci 0000:00:05.0: reg 0x10: [mem 0xe0000000000-0xe0000001fff 64bit]
[    1.976061] pci 0000:00:05.0: reg 0x20: [mem 0xfebd3000-0xfebd3fff]
[    1.982572] pci 0000:00:05.0: enabling Extended Tags
[    2.054557] ACPI: PCI Interrupt Link [LNKA] (IRQs 5 *10 11)
[    2.056394] ACPI: PCI Interrupt Link [LNKB] (IRQs 5 *10 11)
[    2.060315] ACPI: PCI Interrupt Link [LNKC] (IRQs 5 10 *11)
[    2.064363] ACPI: PCI Interrupt Link [LNKD] (IRQs 5 10 *11)
[    2.068275] ACPI: PCI Interrupt Link [LNKS] (IRQs *9)
[    2.073139] iommu: Default domain type: Translated 
[    2.076817] SCSI subsystem initialized
[    2.080329] pci 0000:00:02.0: vgaarb: setting as boot VGA device
[    2.084026] pci 0000:00:02.0: vgaarb: VGA device added: decodes=io+mem,owns=io+mem,locks=none
[    2.084189] pci 0000:00:02.0: vgaarb: bridge control possible
[    2.088071] vgaarb: loaded
[    2.091496] ACPI: bus type USB registered
[    2.092112] usbcore: registered new interface driver usbfs
[    2.096098] usbcore: registered new interface driver hub
[    2.100711] usbcore: registered new device driver usb
[    2.104949] pps_core: LinuxPPS API ver. 1 registered
[    2.108062] pps_core: Software ver. 5.3.6 - Copyright 2005-2007 Rodolfo Giometti <giometti@linux.it>
[    2.112147] PTP clock support registered
[    2.116541] EDAC MC: Ver: 3.0.0
[    2.124407] PCI: Using ACPI for IRQ routing
[    2.137281] NetLabel: Initializing
[    2.140078] NetLabel:  domain hash size = 128
[    2.144832] NetLabel:  protocols = UNLABELED CIPSOv4 CALIPSO
[    2.152294] NetLabel:  unlabeled traffic allowed by default
[    2.181913] hpet0: at MMIO 0xfed00000, IRQs 2, 8, 0
[    2.192099] hpet0: 3 comparators, 64-bit 100.000000 MHz counter
[    2.210306] clocksource: Switched to clocksource kvm-clock
[    2.419152] *** VALIDATE bpf ***
[    2.429285] VFS: Disk quotas dquot_6.6.0
[    2.441360] VFS: Dquot-cache hash table entries: 512 (order 0, 4096 bytes)
[    2.458158] *** VALIDATE ramfs ***
[    2.473369] *** VALIDATE hugetlbfs ***
[    2.488747] AppArmor: AppArmor Filesystem Enabled
[    2.505721] pnp: PnP ACPI init
[    2.523668] pnp: PnP ACPI: found 6 devices
[    2.745579] thermal_sys: Registered thermal governor 'fair_share'
[    2.745583] thermal_sys: Registered thermal governor 'bang_bang'
[    2.755090] thermal_sys: Registered thermal governor 'step_wise'
[    2.760992] thermal_sys: Registered thermal governor 'user_space'
[    2.775263] thermal_sys: Registered thermal governor 'power_allocator'
[    2.791698] clocksource: acpi_pm: mask: 0xffffff max_cycles: 0xffffff, max_idle_ns: 2085701024 ns
[    2.836438] pci_bus 0000:00: resource 4 [io  0x0000-0x0cf7 window]
[    2.846261] pci_bus 0000:00: resource 5 [io  0x0d00-0xffff window]
[    2.857232] pci_bus 0000:00: resource 6 [mem 0x000a0000-0x000bffff window]
[    2.871385] pci_bus 0000:00: resource 7 [mem 0xc0000000-0xfebfffff window]
[    2.888888] pci_bus 0000:00: resource 8 [mem 0xe0000000000-0xe007fffffff window]
[    2.914834] NET: Registered protocol family 2
[    2.936071] tcp_listen_portaddr_hash hash table entries: 2048 (order: 3, 32768 bytes, linear)
[    2.954352] TCP established hash table entries: 32768 (order: 6, 262144 bytes, linear)
[    2.969854] TCP bind hash table entries: 32768 (order: 7, 524288 bytes, linear)
[    2.982136] TCP: Hash tables configured (established 32768 bind 32768)
[    2.990943] UDP hash table entries: 2048 (order: 4, 65536 bytes, linear)
[    3.008818] UDP-Lite hash table entries: 2048 (order: 4, 65536 bytes, linear)
[    3.025501] NET: Registered protocol family 1
[    3.034251] NET: Registered protocol family 44
[    3.043897] pci 0000:00:01.0: PIIX3: Enabling Passive Release
[    3.058887] pci 0000:00:00.0: quirk_passive_release+0x0/0x80 took 14823 usecs
[    3.067893] pci 0000:00:00.0: Limiting direct PCI/PCI transfers
[    3.078524] pci 0000:00:00.0: quirk_natoma+0x0/0x20 took 10531 usecs
[    3.090951] pci 0000:00:01.0: Activating ISA DMA hang workarounds
[    3.117924] pci 0000:00:01.0: quirk_isa_dma_hangs+0x0/0x20 took 26306 usecs
[    3.134836] pci 0000:00:02.0: Video device with shadowed ROM at [mem 0x000c0000-0x000dffff]
[    3.152486] pci 0000:00:02.0: pci_fixup_video+0x0/0xe0 took 17450 usecs
[    3.171023] PCI: CLS 0 bytes, default 64
[    3.178876] Trying to unpack rootfs image as initramfs...
[    5.109845] Freeing initrd memory: 89336K
[    5.113964] PCI-DMA: Using software bounce buffering for IO (SWIOTLB)
[    5.121766] software IO TLB: mapped [mem 0xbbfdd000-0xbffdd000] (64MB)
[    5.128695] clocksource: tsc: mask: 0xffffffffffffffff max_cycles: 0x2b2c909a7c7, max_idle_ns: 440795208498 ns
[    5.145488] check: Scanning for low memory corruption every 60 seconds
[    5.167297] Initialise system trusted keyrings
[    5.177826] Key type blacklist registered
[    5.213633] workingset: timestamp_bits=36 max_order=20 bucket_order=0
[    5.225307] zbud: loaded
[    5.239130] squashfs: version 4.0 (2009/01/31) Phillip Lougher
[    5.255678] fuse: init (API version 7.31)
[    5.260165] *** VALIDATE fuse ***
[    5.265273] *** VALIDATE fuse ***
[    5.275986] Platform Keyring initialized
[    5.287629] Key type asymmetric registered
[    5.297419] Asymmetric key parser 'x509' registered
[    5.311294] Block layer SCSI generic (bsg) driver version 0.4 loaded (major 244)
[    5.325067] io scheduler mq-deadline registered
[    5.334624] shpchp: Standard Hot Plug PCI Controller Driver version: 0.4
[    5.351187] input: Power Button as /devices/LNXSYSTM:00/LNXPWRBN:00/input/input0
[    5.388735] ACPI: Power Button [PWRF]
[    5.553119] PCI Interrupt Link [LNKC] enabled at IRQ 11
[    5.594519] PCI Interrupt Link [LNKD] enabled at IRQ 10
[    5.745858] Serial: 8250/16550 driver, 32 ports, IRQ sharing enabled
[    5.883432] 00:04: ttyS0 at I/O 0x3f8 (irq = 4, base_baud = 115200) is a 16550A
[    6.069164] Linux agpgart interface v0.103
[    6.156278] loop: module loaded
[    6.185117] scsi host0: ata_piix
[    6.200787] scsi host1: ata_piix
[    6.223315] ata1: PATA max MWDMA2 cmd 0x1f0 ctl 0x3f6 bmdma 0xc060 irq 14
[    6.263791] ata2: PATA max MWDMA2 cmd 0x170 ctl 0x376 bmdma 0xc068 irq 15
[    6.287873] libphy: Fixed MDIO Bus: probed
[    6.306543] tun: Universal TUN/TAP device driver, 1.6
[    6.329817] PPP generic driver version 2.4.2
[    6.348300] VFIO - User Level meta-driver version: 0.3
[    6.362821] ehci_hcd: USB 2.0 'Enhanced' Host Controller (EHCI) Driver
[    6.378028] ehci-pci: EHCI PCI platform driver
[    6.382999] ehci-platform: EHCI generic platform driver
[    6.387419] ohci_hcd: USB 1.1 'Open' Host Controller (OHCI) Driver
[    6.404991] ohci-pci: OHCI PCI platform driver
[    6.421524] ohci-platform: OHCI generic platform driver
[    6.435137] uhci_hcd: USB Universal Host Controller Interface driver
[    6.446394] i8042: PNP: PS/2 Controller [PNP0303:KBD,PNP0f13:MOU] at 0x60,0x64 irq 1,12
[    6.472984] serio: i8042 KBD port at 0x60,0x64 irq 1
[    6.492994] serio: i8042 AUX port at 0x60,0x64 irq 12
[    6.515064] mousedev: PS/2 mouse device common for all mice
[    6.529657] rtc_cmos 00:05: RTC can wake from S4
[    6.542948] input: AT Translated Set 2 keyboard as /devices/platform/i8042/serio0/input/input1
[    6.552675] rtc_cmos 00:05: registered as rtc0
[    6.568856] rtc_cmos 00:05: alarms up to one day, y3k, 242 bytes nvram, hpet irqs
[    6.582464] i2c /dev entries driver
[    6.591850] device-mapper: uevent: version 1.0.3
[    6.617289] device-mapper: ioctl: 4.41.0-ioctl (2019-09-16) initialised: dm-devel@redhat.com
[    6.632684] platform eisa.0: Probing EISA bus 0
[    6.642230] platform eisa.0: EISA: Cannot allocate resource for mainboard
[    6.657634] platform eisa.0: Cannot allocate resource for EISA slot 1
[    6.664807] platform eisa.0: Cannot allocate resource for EISA slot 2
[    6.676478] platform eisa.0: Cannot allocate resource for EISA slot 3
[    6.682523] platform eisa.0: Cannot allocate resource for EISA slot 4
[    6.692554] platform eisa.0: Cannot allocate resource for EISA slot 5
[    6.700584] platform eisa.0: Cannot allocate resource for EISA slot 6
[    6.714805] platform eisa.0: Cannot allocate resource for EISA slot 7
[    6.723912] platform eisa.0: Cannot allocate resource for EISA slot 8
[    6.735158] platform eisa.0: EISA: Detected 0 cards
[    6.747978] intel_pstate: CPU model not supported
[    6.766590] ledtrig-cpu: registered to indicate activity on CPUs
[    6.776506] drop_monitor: Initializing network drop monitor service
[    6.787719] NET: Registered protocol family 10
[    6.830272] Segment Routing with IPv6
[    6.835553] NET: Registered protocol family 17
[    6.845476] Key type dns_resolver registered
[    6.858025] RAS: Correctable Errors collector initialized.
[    6.868304] IPI shorthand broadcast: enabled
[    6.876922] sched_clock: Marking stable (6008318778, 868157148)->(7563933049, -687457123)
[    6.888794] registered taskstats version 1
[    6.896606] Loading compiled-in X.509 certificates
[    6.909214] Loaded X.509 cert 'Build time autogenerated kernel key: 7f1af841edfbf04e4b72462ffb6202c30b2da0bb'
[    6.929615] zswap: loaded using pool lzo/zbud
[    6.941526] Key type ._fscrypt registered
[    6.948118] Key type .fscrypt registered
[    6.985577] Key type big_key registered
[    7.006286] Key type encrypted registered
[    7.011963] AppArmor: AppArmor sha1 policy hashing enabled
[    7.026813] ima: No TPM chip found, activating TPM-bypass!
[    7.035027] ima: Allocated hash algorithm: sha1
[    7.044441] ima: No architecture policies found
[    7.049632] evm: Initialising EVM extended attributes:
[    7.058720] evm: security.selinux
[    7.064089] evm: security.SMACK64
[    7.067957] evm: security.SMACK64EXEC
[    7.073314] evm: security.SMACK64TRANSMUTE
[    7.082393] evm: security.SMACK64MMAP
[    7.086804] evm: security.apparmor
[    7.093299] evm: security.ima
[    7.099125] evm: security.capability
[    7.109415] evm: HMAC attrs: 0x1
[    7.118648] PM:   Magic number: 6:930:945
[    7.124991] tty tty2: hash matches
[    7.131054] processor cpu0: hash matches
[    7.137937] rtc_cmos 00:05: setting system clock to 2026-08-31T16:56:43 UTC (1788195403)
[    7.171847] Freeing unused decrypted memory: 2040K
[    7.189428] Freeing unused kernel image memory: 2724K
[    7.220394] Write protecting the kernel read-only data: 22528k
[    7.237592] Freeing unused kernel image memory: 2008K
[    7.246265] Freeing unused kernel image memory: 1184K
[    7.272958] x86/mm: Checked W+X mappings: passed, no W+X pages found.
[    7.284997] Run /init as init process
Loading, please wait...
Starting version 245.4-4ubuntu3.2
[    7.441812] Floppy drive(s): fd0 is 2.88M AMI BIOS
[    7.458015] piix4_smbus 0000:00:01.3: SMBus Host Controller at 0x700, revision 0
[    7.478307] cryptd: max_cpu_qlen set to 1000
[    7.479726] input: VirtualPS/2 VMware VMMouse as /devices/platform/i8042/serio1/input/input4
[    7.484488] FDC 0 is a S82078B
[    7.508022] input: VirtualPS/2 VMware VMMouse as /devices/platform/i8042/serio1/input/input3
[    7.534731] scsi host2: Virtio SCSI HBA
[    7.569170] scsi 2:0:0:0: Direct-Access     QEMU     QEMU HARDDISK    2.5+ PQ: 0 ANSI: 5
[    7.596397] AVX2 version of gcm_enc/dec engaged.
[    7.609722] AES CTR mode by8 optimization enabled
[    7.642244] nvme nvme0: pci function 0000:00:05.0
[    7.672637] PCI Interrupt Link [LNKA] enabled at IRQ 10
[    7.697265] bochs-drm 0000:00:02.0: remove_conflicting_pci_framebuffers: bar 0: 0xfd000000 -> 0xfdffffff
[    7.699493] virtio_net virtio0 ens3: renamed from eth0
[    7.724835] bochs-drm 0000:00:02.0: remove_conflicting_pci_framebuffers: bar 2: 0xfebd0000 -> 0xfebd0fff
[    7.725383] bochs-drm 0000:00:02.0: vgaarb: deactivate vga console
[    7.754964] nvme nvme0: 4/0/0 default/read/poll queues
[    7.780665] sd 2:0:0:0: Power-on or device reset occurred
[    7.790215] sd 2:0:0:0: Attached scsi generic sg0 type 0
[    7.807410] sd 2:0:0:0: [sda] 167772160 512-byte logical blocks: (85.9 GB/80.0 GiB)
[    7.835376] sd 2:0:0:0: [sda] Write Protect is off
[    7.836578] sd 2:0:0:0: [sda] Write cache: enabled, read cache: enabled, supports DPO and FUA
[    7.854575]  sda: sda1 sda2
[    7.861307] sd 2:0:0:0: [sda] Attached SCSI disk
[    7.870011] Console: switching to colour dummy device 80x25
[    7.891591] [drm] Found bochs VGA, ID 0xb0c5.
[    7.894811] [drm] Framebuffer size 16384 kB @ 0xfd000000, mmio @ 0xfebd0000.
[    7.907878] [TTM] Zone  kernel: Available graphics memory: 2015078 KiB
[    7.915985] [TTM] Initializing pool allocator
[    7.920554] [TTM] Initializing DMA pool allocator
[    7.976487] [drm] Found EDID data blob.
[    8.002966] [drm] Initialized bochs-drm 1.0.0 20130925 for 0000:00:02.0 on minor 0
[    8.062934] fbcon: bochs-drmdrmfb (fb0) is primary device
[    8.105494] Console: switching to colour frame buffer device 160x50
[    8.125333] bochs-drm 0000:00:02.0: fb0: bochs-drmdrmfb frame buffer device
Begin: Loading essential drivers ... [    8.532357] raid6: avx2x4   gen()  4512 MB/s
[    8.592845] raid6: avx2x4   xor()  3026 MB/s
[    8.656761] raid6: avx2x2   gen()  7853 MB/s
[    8.709259] raid6: avx2x2   xor()  6812 MB/s
[    8.764388] raid6: avx2x1   gen()  8618 MB/s
[    8.818819] raid6: avx2x1   xor()  5128 MB/s
[    8.872856] raid6: sse2x4   gen()  5653 MB/s
[    8.924691] raid6: sse2x4   xor()  3055 MB/s
[    8.982096] raid6: sse2x2   gen()  4510 MB/s
[    9.040361] raid6: sse2x2   xor()  2756 MB/s
[    9.092240] raid6: sse2x1   gen()  5048 MB/s
[    9.148650] raid6: sse2x1   xor()  2840 MB/s
[    9.156248] raid6: using algorithm avx2x1 gen() 8618 MB/s
[    9.160813] raid6: .... xor() 5128 MB/s, rmw enabled
[    9.166411] raid6: using avx2x2 recovery algorithm
[    9.184833] xor: automatically using best checksumming function   avx       
[    9.204620] async_tx: api initialized (async)
done.
Begin: Running /scripts/init-premount ... done.
Begin: Mounting root file system ... Begin: Running /scripts/local-top ... done.
Begin: Running /scripts/local-premount ... [    9.658777] Btrfs loaded, crc32c=crc32c-intel
Scanning for Btrfs filesystems
[    9.740677] blk_update_request: I/O error, dev fd0, sector 0 op 0x0:(READ) flags 0x0 phys_seg 1 prio class 0
[    9.746972] floppy: error 10 while reading block 0
done.
Warning: fsck not present, so skipping root file system
[    9.861225] EXT4-fs (sda2): mounted filesystem with ordered data mode. Opts: (null)
done.
Begin: Running /scripts/local-bottom ... done.
Begin: Running /scripts/init-bottom ... Internet Systems Consortium DHCP Client 4.4.1
Copyright 2004-2018 Internet Systems Consortium.
All rights reserved.
For info, please visit https://www.isc.org/software/dhcp/

Listening on LPF/ens3/52:54:00:12:34:56
Sending on   LPF/ens3/52:54:00:12:34:56
Sending on   Socket/fallback
DHCPDISCOVER on ens3 to 255.255.255.255 port 67 interval 3 (xid=0x1443db5d)
DHCPOFFER of 10.0.2.15 from 10.0.2.2
DHCPREQUEST for 10.0.2.15 on ens3 to 255.255.255.255 port 67 (xid=0x5ddb4314)
DHCPACK of 10.0.2.15 from 10.0.2.2 (xid=0x1443db5d)
bound to 10.0.2.15 -- renewal in 42628 seconds.
done.
[   10.474064] systemd[1]: Inserted module 'autofs4'
[   10.517934] systemd[1]: systemd 245.4-4ubuntu3.20 running in system mode. (+PAM +AUDIT +SELINUX +IMA +APPARMOR +SMACK +SYSVINIT +UTMP +LIBCRYPTSETUP +GCRYPT +GNUTLS +ACL +XZ +LZ4 +SECCOMP +BLKID +ELFUTILS +KMOD +IDN2 -IDN +PCRE2 default-hierarchy=hybrid)
[   10.546257] systemd[1]: Detected virtualization kvm.
[   10.552221] systemd[1]: Detected architecture x86-64.

Welcome to [1mUbuntu 20.04.1 LTS[0m!

[   10.594137] systemd[1]: Set hostname to <fvm>.
[   11.604993] systemd[1]: Created slice system-modprobe.slice.
[[0;32m  OK  [0m] Created slice [0;1;39msystem-modprobe.slice[0m.
[   11.624333] systemd[1]: Created slice system-serial\x2dgetty.slice.
[[0;32m  OK  [0m] Created slice [0;1;39msystem-serial\x2dgetty.slice[0m.
[   11.646519] systemd[1]: Created slice User and Session Slice.
[[0;32m  OK  [0m] Created slice [0;1;39mUser and Session Slice[0m.
[   11.660343] systemd[1]: Started Forward Password Requests to Wall Directory Watch.
[[0;32m  OK  [0m] Started [0;1;39mForward Password R…uests to Wall Directory Watch[0m.
[   11.673714] systemd[1]: Set up automount Arbitrary Executable File Formats File System Automount Point.
[[0;32m  OK  [0m] Set up automount [0;1;39mArbitrary…s File System Automount Point[0m.
[   11.685957] systemd[1]: Reached target User and Group Name Lookups.
[[0;32m  OK  [0m] Reached target [0;1;39mUser and Group Name Lookups[0m.
[   11.702943] systemd[1]: Reached target Slices.
[[0;32m  OK  [0m] Reached target [0;1;39mSlices[0m.
[   11.713590] systemd[1]: Listening on Device-mapper event daemon FIFOs.
[[0;32m  OK  [0m] Listening on [0;1;39mDevice-mapper event daemon FIFOs[0m.
[   11.733409] systemd[1]: Listening on LVM2 poll daemon socket.
[[0;32m  OK  [0m] Listening on [0;1;39mLVM2 poll daemon socket[0m.
[   11.743148] systemd[1]: Listening on multipathd control socket.
[[0;32m  OK  [0m] Listening on [0;1;39mmultipathd control socket[0m.
[   11.758590] systemd[1]: Listening on Syslog Socket.
[[0;32m  OK  [0m] Listening on [0;1;39mSyslog Socket[0m.
[   11.771966] systemd[1]: Listening on initctl Compatibility Named Pipe.
[[0;32m  OK  [0m] Listening on [0;1;39minitctl Compatibility Named Pipe[0m.
[   11.789419] systemd[1]: Listening on Journal Audit Socket.
[[0;32m  OK  [0m] Listening on [0;1;39mJournal Audit Socket[0m.
[   11.804743] systemd[1]: Listening on Journal Socket (/dev/log).
[[0;32m  OK  [0m] Listening on [0;1;39mJournal Socket (/dev/log)[0m.
[   11.814464] systemd[1]: Listening on Journal Socket.
[[0;32m  OK  [0m] Listening on [0;1;39mJournal Socket[0m.
[   11.831384] systemd[1]: Listening on Network Service Netlink Socket.
[[0;32m  OK  [0m] Listening on [0;1;39mNetwork Service Netlink Socket[0m.
[   11.849678] systemd[1]: Listening on udev Control Socket.
[[0;32m  OK  [0m] Listening on [0;1;39mudev Control Socket[0m.
[   11.866440] systemd[1]: Listening on udev Kernel Socket.
[[0;32m  OK  [0m] Listening on [0;1;39mudev Kernel Socket[0m.
[   11.888520] systemd[1]: Mounting Huge Pages File System...
         Mounting [0;1;39mHuge Pages File System[0m...
[   11.904675] systemd[1]: Mounting POSIX Message Queue File System...
         Mounting [0;1;39mPOSIX Message Queue File System[0m...
[   11.917811] systemd[1]: Mounting Kernel Debug File System...
         Mounting [0;1;39mKernel Debug File System[0m...
[   11.929570] systemd[1]: Mounting Kernel Trace File System...
         Mounting [0;1;39mKernel Trace File System[0m...
[   11.941406] systemd[1]: Starting Journal Service...
         Starting [0;1;39mJournal Service[0m...
[   11.952406] systemd[1]: Starting Set the console keyboard layout...
         Starting [0;1;39mSet the console keyboard layout[0m...
[   11.964270] systemd[1]: Starting Create list of static device nodes for the current kernel...
         Starting [0;1;39mCreate list of st…odes for the current kernel[0m...
[   11.989549] systemd[1]: Starting Monitoring of LVM2 mirrors, snapshots etc. using dmeventd or progress polling...
         Starting [0;1;39mMonitoring of LVM…meventd or progress polling[0m...
[   12.002801] systemd[1]: Starting Load Kernel Module chromeos_pstore...
         Starting [0;1;39mLoad Kernel Module chromeos_pstore[0m...
[   12.023407] systemd[1]: Condition check resulted in Load Kernel Module drm being skipped.
[   12.032232] systemd[1]: Starting Load Kernel Module efi_pstore...
         Starting [0;1;39mLoad Kernel Module efi_pstore[0m...
[   12.049968] systemd[1]: Starting Load Kernel Module pstore_blk...
         Starting [0;1;39mLoad Kernel Module pstore_blk[0m...
[   12.066100] systemd[1]: Starting Load Kernel Module pstore_zone...
         Starting [0;1;39mLoad Kernel Module pstore_zone[0m...
[   12.080320] systemd[1]: Starting Load Kernel Module ramoops...
         Starting [0;1;39mLoad Kernel Module ramoops[0m...
[   12.095530] systemd[1]: Condition check resulted in Set Up Additional Binary Formats being skipped.
[   12.110047] systemd[1]: Starting Load Kernel Modules...
         Starting [0;1;39mLoad Kernel Modules[0m...
[   12.124277] systemd[1]: Starting Remount Root and Kernel File Systems...
         Starting [0;1;39mRemount Root and Kernel File Systems[0m...
[   12.140859] systemd[1]: Starting udev Coldplug all Devices...
[   12.142219] EXT4-fs (sda2): re-mounted. Opts: (null)
         Starting [0;1;39mudev Coldplug all Devices[0m...
[   12.162934] systemd[1]: Starting Uncomplicated firewall...
         Starting [0;1;39mUncomplicated firewall[0m...
[   12.172779] systemd[1]: Started Journal Service.
[[0;32m  OK  [0m] Started [0;1;39mJournal Service[0m.
[[0;32m  OK  [0m] Mounted [0;1;39mHuge Pages File System[0m.
[[0;32m  OK  [0m] Mounted [0;1;39mPOSIX Message Queue File System[0m.
[[0;32m  OK  [0m] Mounted [0;1;39mKernel Debug File System[0m.
[[0;32m  OK  [0m] Mounted [0;1;39mKernel Trace File System[0m.
[[0;32m  OK  [0m] Finished [0;1;39mSet the console keyboard layout[0m.
[[0;32m  OK  [0m] Finished [0;1;39mCreate list of st… nodes for the current kernel[0m.
[[0;32m  OK  [0m] Finished [0;1;39mMonitoring of LVM… dmeventd or progress polling[0m.
[[0;32m  OK  [0m] Finished [0;1;39mLoad Kernel Module chromeos_pstore[0m.
[[0;32m  OK  [0m] Finished [0;1;39mLoad Kernel Module efi_pstore[0m.
[[0;32m  OK  [0m] Finished [0;1;39mLoad Kernel Module pstore_blk[0m.
[[0;32m  OK  [0m] Finished [0;1;39mLoad Kernel Module pstore_zone[0m.
[[0;32m  OK  [0m] Finished [0;1;39mLoad Kernel Module ramoops[0m.
[[0;32m  OK  [0m] Finished [0;1;39mLoad Kernel Modules[0m.
[[0;32m  OK  [0m] Finished [0;1;39mRemount Root and Kernel File Systems[0m.
[[0;32m  OK  [0m] Finished [0;1;39mUncomplicated firewall[0m.
         Activating swap [0;1;39m/swap.img[0m...
         Mounting [0;1;39mFUSE Control File System[0m...
         Mounting [0;1;39mKernel Configuration File System[0m...
         Starting [0;1;39mFlush Journal to Persistent Storage[0m...
         Startin[   12.309401] systemd-journald[372]: Received client request to flush runtime journal.
g [0;1;39mLoad/Save Random Seed[0m...
         Starting [0;1;39mApply Kernel Variables[0m...
         Starting [0;1;39mCreate System Users[0m...
[[0;32m  OK  [0m] Mounted [0;1;39mFUSE Control File System[0m.
[[0;32m  OK  [0m] Mounted [0;1;39mKernel Configuration File System[0m.
[[0;32m  OK  [0m] Finished [0;1;39mudev Coldplug all Devices[0m.
[[0;32m  OK  [0m] Finished [0;1;39mLoad/Save Random Seed[0m.
         Starting [0;1;39mudev Wait for Complete Device Initialization[0m...
[[0;32m  OK  [0m] Finished [0;1;39mApply Kernel Variables[0m.
[[0;32m  OK  [0m] Finished [0;1;39mCreate System Users[0m.
         Starting [0;1;39mCreate Static Device Nodes in /dev[0m...
[[0;32m  OK  [0m] Finished [0;1;39mCreate Static Device Nodes in /dev[0m.
         Starting [0;1;39mudev Kernel Device Manager[0m...
[[0;32m  OK  [0m] Activated swap [0;1;39m/swap.img[0m.
[[0;32m  OK  [0m] Reached target [0;1;39mSwap[0m.
[[0;32m  OK  [0m] Finished [0;1;39mFlush Journal to Persistent Storage[0m.
[[0;32m  OK  [0m] Started [0;1;39mudev Kernel Device Manager[0m.
[[0;32m  OK  [0m] Started [0;1;39mDispatch Password …ts to Console Directory Watch[0m.
[[0;32m  OK  [0m] Reached target [0;1;39mLocal Encrypted Volumes[0m.
         Starting [0;1;39mNetwork Service[0m...
[[0;32m  OK  [0m] Started [0;1;39mNetwork Service[0m.
         Starting [0;1;39mWait for Network to be Configured[0m...
[[0;32m  OK  [0m] Finished [0;1;39mWait for Network to be Configured[0m.
[[0;32m  OK  [0m] Found device [0;1;39m/dev/ttyS0[0m.
[[0;32m  OK  [0m] Listening on [0;1;39mLoad/Save RF …itch Status /dev/rfkill Watch[0m.
[[0;32m  OK  [0m] Finished [0;1;39mudev Wait for Complete Device Initialization[0m.
         Starting [0;1;39mDevice-Mapper Multipath Device Controller[0m...
[[0;32m  OK  [0m] Started [0;1;39mDevice-Mapper Multipath Device Controller[0m.
[[0;32m  OK  [0m] Reached target [0;1;39mLocal File Systems (Pre)[0m.
         Mounting [0;1;39mMount unit for core18, revision 1880[0m...
         Mounting [0;1;39mMount unit for lxd, revision 16099[0m...
         Mounting [0;1;39mMount unit for snapd, revision 8542[0m...
[[0;32m  OK  [0m] Mounted [0;1;39mMount unit for core18, revision 1880[0m.
[[0;32m  OK  [0m] Mounted [0;1;39mMount unit for lxd, revision 16099[0m.
[[0;32m  OK  [0m] Mounted [0;1;39mMount unit for snapd, revision 8542[0m.
[[0;32m  OK  [0m] Reached target [0;1;39mLocal File Systems[0m.
         Starting [0;1;39mLoad AppArmor profiles[0m...
         Starting [0;1;39mSet console font and keymap[0m...
         Starting [0;1;39mCreate final runt…dir for shutdown pivot root[0m...
         Starting [0;1;39mTell Plymouth To Write Out Runtime Data[0m...
         Starting [0;1;39mCreate Volatile Files and Directories[0m...
[[0;32m  OK  [0m] Finished [0;1;39mSet console font and keymap[0m.
[[0;32m  OK  [0m] Finished [0;1;39mCreate final runt…e dir for shutdown pivot root[0m.
[[0;32m  OK  [0m] Finished [0;1;39mTell Plymouth To Write Out Runtime Data[0m.
[[0;32m  OK  [0m] Finished [0;1;39mCreate Volatile Files and Directories[0m.
         Starting [0;1;39mNetwork Name Resolution[0m...
         Starting [0;1;39mNetwork Time Synchronization[0m...
         Starting [0;1;39mUpdate UTMP about System Boot/Shutdown[0m...
[[0;32m  OK  [0m] Finished [0;1;39mUpdate UTMP about System Boot/Shutdown[0m.
[[0;32m  OK  [0m] Finished [0;1;39mLoad AppArmor profiles[0m.
         Starting [0;1;39mLoad AppArmor pro…managed internally by snapd[0m...
[[0;32m  OK  [0m] Started [0;1;39mNetwork Time Synchronization[0m.
[[0;32m  OK  [0m] Finished [0;1;39mLoad AppArmor pro…s managed internally by snapd[0m.
[[0;32m  OK  [0m] Reached target [0;1;39mSystem Initialization[0m.
[[0;32m  OK  [0m] Started [0;1;39mDaily Cleanup of Temporary Directories[0m.
[[0;32m  OK  [0m] Reached target [0;1;39mPaths[0m.
[[0;32m  OK  [0m] Reached target [0;1;39mSystem Time Set[0m.
[[0;32m  OK  [0m] Reached target [0;1;39mSystem Time Synchronized[0m.
[[0;32m  OK  [0m] Started [0;1;39mDaily apt download activities[0m.
[[0;32m  OK  [0m] Started [0;1;39mDaily apt upgrade and clean activities[0m.
[[0;32m  OK  [0m] Started [0;1;39mPeriodic ext4 Onli…ata Check for All Filesystems[0m.
[[0;32m  OK  [0m] Started [0;1;39mDiscard unused blocks once a week[0m.
[[0;32m  OK  [0m] Started [0;1;39mRefresh fwupd metadata regularly[0m.
[[0;32m  OK  [0m] Started [0;1;39mDaily rotation of log files[0m.
[[0;32m  OK  [0m] Started [0;1;39mDaily man-db regeneration[0m.
[[0;32m  OK  [0m] Started [0;1;39mMessage of the Day[0m.
[[0;32m  OK  [0m] Reached target [0;1;39mTimers[0m.
[[0;32m  OK  [0m] Listening on [0;1;39mD-Bus System Message Bus Socket[0m.
[[0;32m  OK  [0m] Listening on [0;1;39mOpen-iSCSI iscsid Socket[0m.
[[0;32m  OK  [0m] Listening on [0;1;39mSocket unix for snap application lxd.daemon[0m.
         Starting [0;1;39mSocket activation for snappy daemon[0m.
[[0;32m  OK  [0m] Listening on [0;1;39mUUID daemon activation socket[0m.
[[0;32m  OK  [0m] Started [0;1;39mNetwork Name Resolution[0m.
[[0;32m  OK  [0m] Listening on [0;1;39mSocket activation for snappy daemon[0m.
[[0;32m  OK  [0m] Reached target [0;1;39mNetwork[0m.
[[0;32m  OK  [0m] Reached target [0;1;39mNetwork is Online[0m.
[[0;32m  OK  [0m] Reached target [0;1;39mHost and Network Name Lookups[0m.
[[0;32m  OK  [0m] Reached target [0;1;39mSockets[0m.
[[0;32m  OK  [0m] Reached target [0;1;39mBasic System[0m.
         Starting [0;1;39mAccounts Service[0m...
[[0;32m  OK  [0m] Started [0;1;39mD-Bus System Message Bus[0m.
[[0;32m  OK  [0m] Started [0;1;39mSave initial kernel messages after boot[0m.
         Starting [0;1;39mRemove Stale Onli…t4 Metadata Check Snapshots[0m...
         Starting [0;1;39mLSB: Record successful boot for GRUB[0m...
         Starting [0;1;39mGRUB failed boot detection[0m...
[[0;32m  OK  [0m] Started [0;1;39mirqbalance daemon[0m.
         Starting [0;1;39mDispatcher daemon for systemd-networkd[0m...
[[0;32m  OK  [0m] Reached target [0;1;39mRemote File Systems (Pre)[0m.
[[0;32m  OK  [0m] Reached target [0;1;39mRemote File Systems[0m.
         Starting [0;1;39mLSB: automatic crash report generation[0m...
         Starting [0;1;39mDeferred execution scheduler[0m...
         Starting [0;1;39mAvailability of block devices[0m...
[[0;32m  OK  [0m] Started [0;1;39mRegular background program processing daemon[0m.
         Starting [0;1;39mSystem Logging Service[0m...
         Starting [0;1;39mService for snap application lxd.activate[0m...
         Starting [0;1;39mSnap Daemon[0m...
         Starting [0;1;39mOpenBSD Secure Shell server[0m...
         Starting [0;1;39mLogin Service[0m...
         Starting [0;1;39mPermit User Sessions[0m...
         Starting [0;1;39mThermal Daemon Service[0m...
[[0;32m  OK  [0m] Finished [0;1;39mRemove Stale Onli…ext4 Metadata Check Snapshots[0m.
[[0;32m  OK  [0m] Started [0;1;39mDeferred execution scheduler[0m.
[[0;32m  OK  [0m] Finished [0;1;39mAvailability of block devices[0m.
[[0;32m  OK  [0m] Finished [0;1;39mPermit User Sessions[0m.
[[0;32m  OK  [0m] Finished [0;1;39mGRUB failed boot detection[0m.
[[0;32m  OK  [0m] Started [0;1;39mSystem Logging Service[0m.
[[0;32m  OK  [0m] Started [0;1;39mThermal Daemon Service[0m.
[[0;32m  OK  [0m] Started [0;1;39mOpenBSD Secure Shell server[0m.
[[0;32m  OK  [0m] Started [0;1;39mLogin Service[0m.
         Starting [0;1;39mHold until boot process finishes up[0m...
         Starting [0;1;39mTerminate Plymouth Boot Screen[0m...
         Starting [0;1;39mAuthorization Manager[0m...
[[0;32m  OK  [0m] Started [0;1;39mUnattended Upgrades Shutdown[0m.
[[0;32m  OK  [0m] Started [0;1;39mLSB: Record successful boot for GRUB[0m.
[[0;32m  OK  [0m] Started [0;1;39mLSB: automatic crash report generation[0m.
[[0;32m  OK  [0m] Finished [0;1;39mHold until boot process finishes up[0m.
[[0;32m  OK  [0m] Finished [0;1;39mTerminate Plymouth Boot Screen[0m.
[[0;32m  OK  [0m] Started [0;1;39mAuthorization Manager[0m.
[[0;32m  OK  [0m] Started [0;1;39mAccounts Service[0m.
[[0;32m  OK  [0m] Started [0;1;39mSerial Getty on ttyS0[0m.
         Starting [0;1;39mSet console scheme[0m...
[[0;32m  OK  [0m] Finished [0;1;39mSet console scheme[0m.
[[0;32m  OK  [0m] Created slice [0;1;39msystem-getty.slice[0m.
[[0;32m  OK  [0m] Started [0;1;39mGetty on tty1[0m.
[[0;32m  OK  [0m] Reached target [0;1;39mLogin Prompts[0m.
[[0;32m  OK  [0m] Started [0;1;39mDispatcher daemon for systemd-networkd[0m.
[[0;32m  OK  [0m] Created slice [0;1;39mUser Slice of UID 1000[0m.
         Starting [0;1;39mUser Runtime Directory /run/user/1000[0m...
[[0;32m  OK  [0m] Finished [0;1;39mUser Runtime Directory /run/user/1000[0m.
         Starting [0;1;39mUser Manager for UID 1000[0m...
[[0;32m  OK  [0m] Started [0;1;39mUser Manager for UID 1000[0m.
[[0;32m  OK  [0m] Started [0;1;39mSession 1 of user femu[0m.
[[0;32m  OK  [0m] Started [0;1;39mSnap Daemon[0m.
         Starting [0;1;39mWait until snapd is fully seeded[0m...
[[0;32m  OK  [0m] Finished [0;1;39mWait until snapd is fully seeded[0m.
[[0;32m  OK  [0m] Finished [0;1;39mService for snap application lxd.activate[0m.
[[0;32m  OK  [0m] Reached target [0;1;39mMulti-User System[0m.
[[0;32m  OK  [0m] Reached target [0;1;39mGraphical Interface[0m.
         Starting [0;1;39mUpdate UTMP about System Runlevel Changes[0m...
[[0;32m  OK  [0m] Finished [0;1;39mUpdate UTMP about System Runlevel Changes[0m.

Ubuntu 20.04.1 LTS fvm ttyS0

fvm login: [FEMU] FTL-Log: BBSSD-STATS version=V4 hot_pool_percent=20 initial_hot_lines=25 initial_cold_lines=103 frequency_window_ns=1000000000 hot_writes_per_window=4 cold_writes_per_window=1 erase_event_threshold=1 host_page_writes=1572864 nand_page_writes=1572864 gc_page_writes=0 block_erases=0 waf=1.000000 gc_count=0 average_gc_copy=N/A host_hot_writes=0 host_cold_writes=1572864 hot_write_ratio=0.000000 host_cold_low_frequency_writes=1572864 host_hot_high_frequency_writes=0 host_hot_erase_signal_writes=0 host_cold_erase_signal_writes=0 mid_frequency_erase_events_zero=0 mid_frequency_erase_events_one=0 mid_frequency_erase_events_two=0 mid_frequency_erase_events_three_plus=0 gc_hot_writes=0 gc_cold_writes=0 cold_to_hot_count=0 hot_to_cold_count=0 hot_pool_empty_count=0 cold_pool_empty_count=0 borrow_count=0 emergency_gc_count=0 counter_invariant=PASS
[FEMU] Log: vSSD0,Reset tt_late_ios/tt_ios,6360/6585
[FEMU] FTL-Log: BBSSD-STATS version=V4 hot_pool_percent=20 initial_hot_lines=25 initial_cold_lines=103 frequency_window_ns=1000000000 hot_writes_per_window=4 cold_writes_per_window=1 erase_event_threshold=1 host_page_writes=10424688 nand_page_writes=73013131 gc_page_writes=62588443 block_erases=284864 waf=7.003867 gc_count=4451 average_gc_copy=14061.658728 host_hot_writes=2843821 host_cold_writes=7580867 hot_write_ratio=0.272797 host_cold_low_frequency_writes=7437524 host_hot_high_frequency_writes=1588772 host_hot_erase_signal_writes=1255049 host_cold_erase_signal_writes=143343 mid_frequency_erase_events_zero=1255049 mid_frequency_erase_events_one=119660 mid_frequency_erase_events_two=19838 mid_frequency_erase_events_three_plus=3845 gc_hot_writes=9948911 gc_cold_writes=52639532 cold_to_hot_count=1035236 hot_to_cold_count=1009916 hot_pool_empty_count=0 cold_pool_empty_count=4 borrow_count=4 emergency_gc_count=0 counter_invariant=PASS
[FEMU] Log: vSSD0,Reset tt_late_ios/tt_ios,2166170/2606325
         Stopping [0;1;39mSession 13 of user femu[0m.
[[0;32m  OK  [0m] Removed slice [0;1;39msystem-modprobe.slice[0m.
[[0;32m  OK  [0m] Stopped target [0;1;39mGraphical Interface[0m.
[[0;32m  OK  [0m] Stopped target [0;1;39mMulti-User System[0m.
[[0;32m  OK  [0m] Stopped target [0;1;39mLogin Prompts[0m.
[[0;32m  OK  [0m] Stopped target [0;1;39mNetwork is Online[0m.
[[0;32m  OK  [0m] Stopped target [0;1;39mHost and Network Name Lookups[0m.
[[0;32m  OK  [0m] Stopped target [0;1;39mTimers[0m.
[[0;32m  OK  [0m] Stopped [0;1;39mDaily apt upgrade and clean activities[0m.
[[0;32m  OK  [0m] Stopped [0;1;39mDaily apt download activities[0m.
[[0;32m  OK  [0m] Stopped [0;1;39mPeriodic ext4 Onli…ata Check for All Filesystems[0m.
[[0;32m  OK  [0m] Stopped [0;1;39mDiscard unused blocks once a week[0m.
[[0;32m  OK  [0m] Stopped [0;1;39mRefresh fwupd metadata regularly[0m.
[[0;32m  OK  [0m] Stopped [0;1;39mDaily rotation of log files[0m.
[[0;32m  OK  [0m] Stopped [0;1;39mDaily man-db regeneration[0m.
[[0;32m  OK  [0m] Stopped [0;1;39mMessage of the Day[0m.
[[0;32m  OK  [0m] Stopped [0;1;39mDaily Cleanup of Temporary Directories[0m.
[[0;32m  OK  [0m] Stopped target [0;1;39mSystem Time Synchronized[0m.
[[0;32m  OK  [0m] Stopped target [0;1;39mSystem Time Set[0m.
[[0;32m  OK  [0m] Closed [0;1;39mLVM2 poll daemon socket[0m.
[[0;32m  OK  [0m] Closed [0;1;39mLoad/Save RF Kill Switch Status /dev/rfkill Watch[0m.
         Stopping [0;1;39mAccounts Service[0m...
         Stopping [0;1;39mLSB: automatic crash report generation[0m...
         Stopping [0;1;39mDeferred execution scheduler[0m...
         Stopping [0;1;39mAvailability of block devices[0m...
         Stopping [0;1;39mRegular background program processing daemon[0m...
         Stopping [0;1;39mCreate final runt…dir for shutdown pivot root[0m...
         Stopping [0;1;39mGetty on tty1[0m...
         Stopping [0;1;39mLSB: Record successful boot for GRUB[0m...
         Stopping [0;1;39mirqbalance daemon[0m...
         Stopping [0;1;39mDispatcher daemon for systemd-networkd[0m...
         Stopping [0;1;39mAuthorization Manager         Stopping [0;1;39mSerial Getty on ttyS0[0m...
[[0;32m  OK  [0m] Stopped [0;1;39mWait until snapd is fully seeded[0m.
         Stopping [0;1;39mSnap Daemon[0m...
         Stopping [0;1;39mOpenBSD Secure Shell server[0m...
[[0;32m  OK  [0m] Stopped [0;1;39mWait for Network to be Configured[0m.
         Stopping [0;1;39mLoad/Save Random Seed[0m...
         Stopping [0;1;39mUnattended Upgrades Shutdown[0m...
[[0;32m  OK  [0m] Stopped [0;1;39mAccounts Service[0m.
[[0;32m  OK  [0m] Stopped [0;1;39mirqbalance daemon[0m.
[[0;32m  OK  [0m] Stopped [0;1;39mDispatcher daemon for systemd-networkd[0m.
[[0;32m  OK  [0m] Stopped [0;1;39mRegular background program processing daemon[0m.
[[0;32m  OK  [0m] Stopped [0;1;39mSystem Logging Service[0m.
[[0;32m  OK  [0m] Stopped [0;1;39mSnap Daemon[0m.
[[0;32m  OK  [0m] Stopped [0;1;39mDeferred execution scheduler[0m.
[[0;32m  OK  [0m] Stopped [0;1;39mOpenBSD Secure Shell server[0m.
[[0;32m  OK  [0m] Stopped [0;1;39mAuthorization Manager[0m.
[[0;32m  OK  [0m] Stopped [0;1;39mSerial Getty on ttyS0[0m.
[[0;32m  OK  [0m] Stopped [0;1;39mGetty on tty1[0m.
[[0;32m  OK  [0m] Stopped [0;1;39mAvailability of block devices[0m.
[[0;32m  OK  [0m] Stopped [0;1;39mLoad/Save Random Seed[0m.
[[0;32m  OK  [0m] Stopped [0;1;39mSession 13 of user femu[0m.
[[0;32m  OK  [0m] Stopped [0;1;39mLSB: Record successful boot for GRUB[0m.
[[0;32m  OK  [0m] Stopped [0;1;39mLSB: automatic crash report generation[0m.
[[0;32m  OK  [0m] Removed slice [0;1;39msystem-getty.slice[0m.
[[0;32m  OK  [0m] Removed slice [0;1;39msystem-serial\x2dgetty.slice[0m.
         Stopping [0;1;39mUser Manager for UID 1000[0m...
[[0;32m  OK  [0m] Stopped [0;1;39mUser Manager for UID 1000[0m.
         Stopping [0;1;39mUser Runtime Directory /run/user/1000[0m...
[[0;32m  OK  [0m] Unmounted [0;1;39m/run/user/1000[0m.
[[0;32m  OK  [0m] Stopped [0;1;39mUser Runtime Directory /run/user/1000[0m.
[[0;32m  OK  [0m] Removed slice [0;1;39mUser Slice of UID 1000[0m.
         Stopping [0;1;39mD-Bus System Message Bus[0m...
         Stopping [0;1;39mPermit User Sessions[0m...
[[0;32m  OK  [0m] Stopped [0;1;39mD-Bus System Message Bus[0m.
[[0;32m  OK  [0m] Stopped [0;1;39mPermit User Sessions[0m.
[[0;32m  OK  [0m] Stopped target [0;1;39mRemote File Systems[0m.
[[0;32m  OK  [0m] Stopped target [0;1;39mRemote File Systems (Pre)[0m.
[[0;32m  OK  [0m] Stopped [0;1;39mUnattended Upgrades Shutdown[0m.
[[0;32m  OK  [0m] Stopped target [0;1;39mNetwork[0m.
         Stopping [0;1;39mLogin Service[0m...
         Stopping [0;1;39mNetwork Name Resolution[0m...
[[0;32m  OK  [0m] Stopped [0;1;39mNetwork Name Resolution[0m.
         Stopping [0;1;39mNetwork Service[0m...
[[0;32m  OK  [0m] Stopped [0;1;39mNetwork Service[0m.
[[0;32m  OK  [0m] Stopped [0;1;39mLogin Service[0m.
[[0;32m  OK  [0m] Stopped target [0;1;39mBasic System[0m.
[[0;32m  OK  [0m] Stopped target [0;1;39mUser and Group Name Lookups[0m.
[[0;32m  OK  [0m] Stopped target [0;1;39mPaths[0m.
[[0;32m  OK  [0m] Stopped target [0;1;39mSlices[0m.
[[0;32m  OK  [0m] Removed slice [0;1;39mUser and Session Slice[0m.
[[0;32m  OK  [0m] Stopped target [0;1;39mSockets[0m.
[[0;32m  OK  [0m] Closed [0;1;39mD-Bus System Message Bus Socket[0m.
[[0;32m  OK  [0m] Closed [0;1;39mOpen-iSCSI iscsid Socket[0m.
[[0;32m  OK  [0m] Closed [0;1;39mSocket unix for snap application lxd.daemon[0m.
[[0;32m  OK  [0m] Closed [0;1;39mSocket activation for snappy daemon[0m.
[[0;32m  OK  [0m] Closed [0;1;39mSyslog Socket[0m.
[[0;32m  OK  [0m] Closed [0;1;39mUUID daemon activation socket[0m.
[[0;32m  OK  [0m] Stopped target [0;1;39mSystem Initialization[0m.
[[0;32m  OK  [0m] Stopped target [0;1;39mLocal Encrypted Volumes[0m.
[[0;32m  OK  [0m] Stopped [0;1;39mDispatch Password …ts to Console Directory Watch[0m.
[[0;32m  OK  [0m] Stopped [0;1;39mForward Password R…uests to Wall Directory Watch[0m.
[[0;32m  OK  [0m] Stopped [0;1;39mApply Kernel Variables[0m.
[[0;32m  OK  [0m] Stopped [0;1;39mLoad Kernel Modules[0m.
         Stopping [0;1;39mNetwork Time Synchronization[0m...
         Stopping [0;1;39mUpdate UTMP about System Boot/Shutdown[0m...
[[0;32m  OK  [0m] Stopped [0;1;39mNetwork Time Synchronization[0m.
[[0;32m  OK  [0m] Stopped [0;1;39mUpdate UTMP about System Boot/Shutdown[0m.
[[0;32m  OK  [0m] Stopped [0;1;39mCreate Volatile Files and Directories[0m.
[[0;32m  OK  [0m] Stopped [0;1;39mCreate final runtime dir for shutdown pivot root[0m.
[[0;32m  OK  [0m] Stopped target [0;1;39mLocal File Systems[0m.
         Unmounting [0;1;39m/run/snapd/ns/lxd.mnt[0m...
         Unmounting [0;1;39mMount unit for core18, revision 1880[0m...
         Unmounting [0;1;39mMount unit for lxd, revision 16099[0m...
         Unmounting [0;1;39mMount unit for snapd, revision 8542[0m...
[[0;32m  OK  [0m] Unmounted [0;1;39m/run/snapd/ns/lxd.mnt[0m.
         Unmounting [0;1;39m/run/snapd/ns[0m...
[[0;32m  OK  [0m] Unmounted [0;1;39mMount unit for lxd, revision 16099[0m.
[[0;32m  OK  [0m] Unmounted [0;1;39m/run/snapd/ns[0m.
[[0;32m  OK  [0m] Stopped target [0;1;39mSwap[0m.
         Deactivating swap [0;1;39m/swap.img[0m...
[[0;32m  OK  [0m] Unmounted [0;1;39mMount unit for core18, revision 1880[0m.
[[0;32m  OK  [0m] Unmounted [0;1;39mMount unit for snapd, revision 8542[0m.
[[0;32m  OK  [0m] Stopped target [0;1;39mLocal File Systems (Pre)[0m.
         Stopping [0;1;39mMonitoring of LVM…meventd or progress polling[0m...
         Stopping [0;1;39mDevice-Mapper Multipath Device Controller[0m...
[[0;32m  OK  [0m] Stopped [0;1;39mCreate Static Device Nodes in /dev[0m.
[[0;32m  OK  [0m] Stopped [0;1;39mCreate System Users[0m.
[[0;32m  OK  [0m] Stopped [0;1;39mDevice-Mapper Multipath Device Controller[0m.
[[0;32m  OK  [0m] Deactivated swap [0;1;39m/swap.img[0m.
[[0;32m  OK  [0m] Reached target [0;1;39mUnmount All Filesystems[0m.
[[0;32m  OK  [0m] Stopped [0;1;39mRemount Root and Kernel File Systems[0m.
[[0;32m  OK  [0m] Stopped [0;1;39mMonitoring of LVM2… dmeventd or progress polling[0m.
[[0;32m  OK  [0m] Reached target [0;1;39mShutdown[0m.
[[0;32m  OK  [0m] Reached target [0;1;39mFinal Step[0m.
[[0;32m  OK  [0m] Finished [0;1;39mPower-Off[0m.
[[0;32m  OK  [0m] Reached target [0;1;39mPower-Off[0m.
[  464.125014] reboot: Power down
