-device femu,devsz_mb=6144,namespaces=1,femu_mode=1,secsz=512,secs_per_pg=8,pgs_per_blk=256,blks_per_pl=128,pls_per_lun=1,luns_per_ch=8,nchs=8,pg_rd_lat=40000,pg_wr_lat=200000,blk_er_lat=2000000,ch_xfer_lat=0,gc_thres_pcent=75,gc_thres_pcent_high=95
[FEMU] FTL-Log: LPN metadata: entries=2097152 entry_size=32 total=64 MiB T_fast=1024 T_slow=4096 R=1
[FEMU] FTL-Log: Write pointers: hot_line=64 cold_line=0 free=126 hot_free=63 cold_free=63
c[?7l[2J[0mSeaBIOS (version rel-1.17.0-0-gb52ca86e094d-prebuilt.qemu.org)


iPXE (http://ipxe.org) 00:03.0 CA00 PCI2.10 PnP PMM+BEFD1D20+BEF31D20 CA00
Press Ctrl-B to configure iPXE (PCI 00:03.0)...                                                                               


Booting from Hard Disk...
[H[J[1;1H[?25l[m[H[J[1;1H[2;30HGNU GRUB  version 2.04

[m[4;2H+----------------------------------------------------------------------------+[5;2H|[5;79H|[6;2H|[6;79H|[7;2H|[7;79H|[8;2H|[8;79H|[9;2H|[9;79H|[10;2H|[10;79H|[11;2H|[11;79H|[12;2H|[12;79H|[13;2H|[13;79H|[14;2H|[14;79H|[15;2H|[15;79H|[16;2H|[16;79H|[17;2H+----------------------------------------------------------------------------+[m[18;2H[19;2H[m     Use the ^ and v keys to select which entry is highlighted.          
      Press enter to boot the selected OS, `e' to edit the commands       
      before booting or `c' for a command-line.                           [5;80H [7m[5;3H*Ubuntu, with Linux 5.4.0-64-generic                                        [m[5;78H[m[m[6;3H                                                                            [m[6;78H[m[m[7;3H                                                                            [m[7;78H[m[m[8;3H                                                                            [m[8;78H[m[m[9;3H                                                                            [m[9;78H[m[m[10;3H                                                                            [m[10;78H[m[m[11;3H                                                                            [m[11;78H[m[m[12;3H                                                                            [m[12;78H[m[m[13;3H                                                                            [m[13;78H[m[m[14;3H                                                                            [m[14;78H[m[m[15;3H                                                                            [m[15;78H[m[m[16;3H                                                                            [m[16;78H[m[16;80H [5;78H[22;1H   The highlighted entry will be executed automatically in 3s.                 [5;78H[22;1H   The highlighted entry will be executed automatically in 2s.                 [5;78H[22;1H   The highlighted entry will be executed automatically in 1s.                 [5;78H[22;1H   The highlighted entry will be executed automatically in 0s.                 [5;78H[?25h[H[J[1;1H[H[J[1;1HLoading Linux 5.4.0-64-generic ...
Loading initial ramdisk ...
[    0.000000] Linux version 5.4.0-64-generic (buildd@lcy01-amd64-021) (gcc version 9.3.0 (Ubuntu 9.3.0-17ubuntu1~20.04)) #72-Ubuntu SMP Fri Jan 15 10:27:54 UTC 2021 (Ubuntu 5.4.0-64.72-generic 5.4.78)
[    0.000000] Command line: BOOT_IMAGE=/boot/vmlinuz-5.4.0-64-generic root=UUID=66add23f-3d34-46f1-a540-ebfdd268827e ro ip=dhcp console=ttyS0,115200 console=tty console=ttyS0 text
[    0.000000] KERNEL supported cpus:
[    0.000000]   Intel GenuineIntel
[    0.000000]   AMD AuthenticAMD
[    0.000000]   Hygon HygonGenuine
[    0.000000]   Centaur CentaurHauls
[    0.000000]   zhaoxin   Shanghai  
[    0.000000] x86/fpu: Supporting XSAVE feature 0x001: 'x87 floating point registers'
[    0.000000] x86/fpu: Supporting XSAVE feature 0x002: 'SSE registers'
[    0.000000] x86/fpu: Supporting XSAVE feature 0x004: 'AVX registers'
[    0.000000] x86/fpu: xstate_offset[2]:  576, xstate_sizes[2]:  256
[    0.000000] x86/fpu: Enabled xstate features 0x7, context size is 832 bytes, using 'compacted' format.
[    0.000000] BIOS-provided physical RAM map:
[    0.000000] BIOS-e820: [mem 0x0000000000000000-0x000000000009fbff] usable
[    0.000000] BIOS-e820: [mem 0x000000000009fc00-0x000000000009ffff] reserved
[    0.000000] BIOS-e820: [mem 0x00000000000f0000-0x00000000000fffff] reserved
[    0.000000] BIOS-e820: [mem 0x0000000000100000-0x00000000bffdcfff] usable
[    0.000000] BIOS-e820: [mem 0x00000000bffdd000-0x00000000bfffffff] reserved
[    0.000000] BIOS-e820: [mem 0x00000000feffc000-0x00000000feffffff] reserved
[    0.000000] BIOS-e820: [mem 0x00000000fffc0000-0x00000000ffffffff] reserved
[    0.000000] BIOS-e820: [mem 0x0000000100000000-0x000000013fffffff] usable
[    0.000000] NX (Execute Disable) protection: active
[    0.000000] SMBIOS 2.8 present.
[    0.000000] DMI: QEMU Standard PC (i440FX + PIIX, 1996), BIOS rel-1.17.0-0-gb52ca86e094d-prebuilt.qemu.org 04/01/2014
[    0.000000] Hypervisor detected: KVM
[    0.000000] kvm-clock: Using msrs 4b564d01 and 4b564d00
[    0.000000] kvm-clock: cpu 0, msr 10c801001, primary cpu clock
[    0.000000] kvm-clock: using sched offset of 9281361918 cycles
[    0.000003] clocksource: kvm-clock: mask: 0xffffffffffffffff max_cycles: 0x1cd42e4dffb, max_idle_ns: 881590591483 ns
[    0.000006] tsc: Detected 2995.202 MHz processor
[    0.002290] last_pfn = 0x140000 max_arch_pfn = 0x400000000
[    0.002490] x86/PAT: Configuration [0-7]: WB  WC  UC- UC  WB  WP  UC- WT  
[    0.002519] last_pfn = 0xbffdd max_arch_pfn = 0x400000000
[    0.007301] found SMP MP-table at [mem 0x000f54b0-0x000f54bf]
[    0.007449] check: Scanning 1 areas for low memory corruption
[    0.007626] Using GB pages for direct mapping
[    0.007764] RAMDISK: [mem 0x2d173000-0x328b0fff]
[    0.007815] ACPI: Early table checksum verification disabled
[    0.007840] ACPI: RSDP 0x00000000000F52B0 000014 (v00 BOCHS )
[    0.007852] ACPI: RSDT 0x00000000BFFE2458 000034 (v01 BOCHS  BXPC     00000001 BXPC 00000001)
[    0.007857] ACPI: FACP 0x00000000BFFE22F4 000074 (v01 BOCHS  BXPC     00000001 BXPC 00000001)
[    0.007861] ACPI: DSDT 0x00000000BFFE0040 0022B4 (v01 BOCHS  BXPC     00000001 BXPC 00000001)
[    0.007863] ACPI: FACS 0x00000000BFFE0000 000040
[    0.007866] ACPI: APIC 0x00000000BFFE2368 000090 (v03 BOCHS  BXPC     00000001 BXPC 00000001)
[    0.007868] ACPI: HPET 0x00000000BFFE23F8 000038 (v01 BOCHS  BXPC     00000001 BXPC 00000001)
[    0.007870] ACPI: WAET 0x00000000BFFE2430 000028 (v01 BOCHS  BXPC     00000001 BXPC 00000001)
[    0.008554] No NUMA configuration found
[    0.008556] Faking a node at [mem 0x0000000000000000-0x000000013fffffff]
[    0.008562] NODE_DATA(0) allocated [mem 0x13ffd5000-0x13fffffff]
[    0.011944] Zone ranges:
[    0.011948]   DMA      [mem 0x0000000000001000-0x0000000000ffffff]
[    0.011949]   DMA32    [mem 0x0000000001000000-0x00000000ffffffff]
[    0.011950]   Normal   [mem 0x0000000100000000-0x000000013fffffff]
[    0.011950]   Device   empty
[    0.011952] Movable zone start for each node
[    0.011953] Early memory node ranges
[    0.011953]   node   0: [mem 0x0000000000001000-0x000000000009efff]
[    0.011954]   node   0: [mem 0x0000000000100000-0x00000000bffdcfff]
[    0.011955]   node   0: [mem 0x0000000100000000-0x000000013fffffff]
[    0.014318] Zeroed struct page in unavailable ranges: 133 pages
[    0.014321] Initmem setup node 0 [mem 0x0000000000001000-0x000000013fffffff]
[    0.062064] ACPI: PM-Timer IO Port: 0x608
[    0.062092] ACPI: LAPIC_NMI (acpi_id[0xff] dfl dfl lint[0x1])
[    0.062179] IOAPIC[0]: apic_id 0, version 17, address 0xfec00000, GSI 0-23
[    0.062182] ACPI: INT_SRC_OVR (bus 0 bus_irq 0 global_irq 2 dfl dfl)
[    0.062184] ACPI: INT_SRC_OVR (bus 0 bus_irq 5 global_irq 5 high level)
[    0.062184] ACPI: INT_SRC_OVR (bus 0 bus_irq 9 global_irq 9 high level)
[    0.062185] ACPI: INT_SRC_OVR (bus 0 bus_irq 10 global_irq 10 high level)
[    0.062186] ACPI: INT_SRC_OVR (bus 0 bus_irq 11 global_irq 11 high level)
[    0.062190] Using ACPI (MADT) for SMP configuration information
[    0.062192] ACPI: HPET id: 0x8086a201 base: 0xfed00000
[    0.062198] TSC deadline timer available
[    0.062208] smpboot: Allowing 4 CPUs, 0 hotplug CPUs
[    0.062263] KVM setup pv sched yield
[    0.062272] PM: Registered nosave memory: [mem 0x00000000-0x00000fff]
[    0.062273] PM: Registered nosave memory: [mem 0x0009f000-0x0009ffff]
[    0.062273] PM: Registered nosave memory: [mem 0x000a0000-0x000effff]
[    0.062274] PM: Registered nosave memory: [mem 0x000f0000-0x000fffff]
[    0.062275] PM: Registered nosave memory: [mem 0xbffdd000-0xbfffffff]
[    0.062275] PM: Registered nosave memory: [mem 0xc0000000-0xfeffbfff]
[    0.062276] PM: Registered nosave memory: [mem 0xfeffc000-0xfeffffff]
[    0.062276] PM: Registered nosave memory: [mem 0xff000000-0xfffbffff]
[    0.062277] PM: Registered nosave memory: [mem 0xfffc0000-0xffffffff]
[    0.062279] [mem 0xc0000000-0xfeffbfff] available for PCI devices
[    0.062280] Booting paravirtualized kernel on KVM
[    0.062283] clocksource: refined-jiffies: mask: 0xffffffff max_cycles: 0xffffffff, max_idle_ns: 7645519600211568 ns
[    0.062287] setup_percpu: NR_CPUS:8192 nr_cpumask_bits:4 nr_cpu_ids:4 nr_node_ids:1
[    0.063597] percpu: Embedded 55 pages/cpu s188416 r8192 d28672 u524288
[    0.063641] KVM setup async PF for cpu 0
[    0.063658] kvm-stealtime: cpu 0, msr 13ba2d040
[    0.063670] PV qspinlock hash table entries: 256 (order: 0, 4096 bytes, linear)
[    0.063679] Built 1 zonelists, mobility grouping on.  Total pages: 1032038
[    0.063680] Policy zone: Normal
[    0.063682] Kernel command line: BOOT_IMAGE=/boot/vmlinuz-5.4.0-64-generic root=UUID=66add23f-3d34-46f1-a540-ebfdd268827e ro ip=dhcp console=ttyS0,115200 console=tty console=ttyS0 text
[    0.065740] Dentry cache hash table entries: 524288 (order: 10, 4194304 bytes, linear)
[    0.066652] Inode-cache hash table entries: 262144 (order: 9, 2097152 bytes, linear)
[    0.066745] mem auto-init: stack:off, heap alloc:on, heap free:off
[    0.100467] Memory: 3932824K/4193772K available (14339K kernel code, 2399K rwdata, 4960K rodata, 2724K init, 4980K bss, 260948K reserved, 0K cma-reserved)
[    0.100478] random: get_random_u64 called from kmem_cache_open+0x2d/0x410 with crng_init=0
[    0.101679] SLUB: HWalign=64, Order=0-3, MinObjects=0, CPUs=4, Nodes=1
[    0.101692] ftrace: allocating 44555 entries in 175 pages
[    0.115140] rcu: Hierarchical RCU implementation.
[    0.115144] rcu: 	RCU restricting CPUs from NR_CPUS=8192 to nr_cpu_ids=4.
[    0.115145] 	Tasks RCU enabled.
[    0.115147] rcu: RCU calculated value of scheduler-enlistment delay is 25 jiffies.
[    0.115148] rcu: Adjusting geometry for rcu_fanout_leaf=16, nr_cpu_ids=4
[    0.118727] NR_IRQS: 524544, nr_irqs: 456, preallocated irqs: 16
[    0.119096] random: crng done (trusting CPU's manufacturer)
[    0.154809] Console: colour VGA+ 80x25
[    0.220220] printk: console [tty0] enabled
[    0.444090] printk: console [ttyS0] enabled
[    0.446339] ACPI: Core revision 20190816
[    0.448573] clocksource: hpet: mask: 0xffffffff max_cycles: 0xffffffff, max_idle_ns: 19112604467 ns
[    0.452273] APIC: Switch to symmetric I/O mode setup
[    0.455170] x2apic enabled
[    0.457771] Switched APIC routing to physical x2apic.
[    0.459443] KVM setup pv IPIs
[    0.463903] ..TIMER: vector=0x30 apic1=0 pin1=2 apic2=-1 pin2=-1
[    0.466301] clocksource: tsc-early: mask: 0xffffffffffffffff max_cycles: 0x2b2c909a7c7, max_idle_ns: 440795208498 ns
[    0.470268] Calibrating delay loop (skipped) preset value.. 5990.40 BogoMIPS (lpj=11980808)
[    0.474269] pid_max: default: 32768 minimum: 301
[    0.476244] LSM: Security Framework initializing
[    0.478282] Yama: becoming mindful.
[    0.482290] AppArmor: AppArmor initialized
[    0.483953] Mount-cache hash table entries: 8192 (order: 4, 65536 bytes, linear)
[    0.486275] Mountpoint-cache hash table entries: 8192 (order: 4, 65536 bytes, linear)
[    0.489156] *** VALIDATE tmpfs ***
[    0.490395] *** VALIDATE proc ***
[    0.492779] *** VALIDATE cgroup1 ***
[    0.494269] *** VALIDATE cgroup2 ***
[    0.496870] x86/cpu: User Mode Instruction Prevention (UMIP) activated
[    0.498531] Last level iTLB entries: 4KB 0, 2MB 0, 4MB 0
[    0.502266] Last level dTLB entries: 4KB 0, 2MB 0, 4MB 0, 1GB 0
[    0.504342] Spectre V1 : Mitigation: usercopy/swapgs barriers and __user pointer sanitization
[    0.506275] Spectre V2 : Mitigation: Enhanced IBRS
[    0.510265] Spectre V2 : Spectre v2 / SpectreRSB mitigation: Filling RSB on context switch
[    0.514270] Spectre V2 : mitigation: Enabling conditional Indirect Branch Prediction Barrier
[    0.518267] Speculative Store Bypass: Mitigation: Speculative Store Bypass disabled via prctl and seccomp
[    0.522601] Freeing SMP alternatives memory: 40K
[    0.529804] smpboot: CPU0: Intel(R) Core(TM) Ultra 5 125H (family: 0x6, model: 0xaa, stepping: 0x4)
[    0.530347] Performance Events: unsupported p6 CPU model 170 no PMU driver, software events only.
[    0.534115] rcu: Hierarchical SRCU implementation.
[    0.534447] NMI watchdog: Perf NMI watchdog permanently disabled
[    0.536596] smp: Bringing up secondary CPUs ...
[    0.538404] x86: Booting SMP configuration:
[    0.540397] .... node  #0, CPUs:      #1
[    0.339251] kvm-clock: cpu 1, msr 10c801041, secondary cpu clock
[    0.543118] KVM setup async PF for cpu 1
[    0.546263] kvm-stealtime: cpu 1, msr 13baad040
[    0.546429]  #2
[    0.339251] kvm-clock: cpu 2, msr 10c801081, secondary cpu clock
[    0.552752] KVM setup async PF for cpu 2
[    0.554263] kvm-stealtime: cpu 2, msr 13bb2d040
[    0.558412]  #3
[    0.339251] kvm-clock: cpu 3, msr 10c8010c1, secondary cpu clock
[    0.560447] KVM setup async PF for cpu 3
[    0.562263] kvm-stealtime: cpu 3, msr 13bbad040
[    0.566542] smp: Brought up 1 node, 4 CPUs
[    0.568396] smpboot: Max logical packages: 1
[    0.570276] smpboot: Total of 4 processors activated (23961.61 BogoMIPS)
[    0.574389] devtmpfs: initialized
[    0.577292] x86/mm: Memory block size: 128MB
[    0.578547] clocksource: jiffies: mask: 0xffffffff max_cycles: 0xffffffff, max_idle_ns: 7645041785100000 ns
[    0.582283] futex hash table entries: 1024 (order: 4, 65536 bytes, linear)
[    0.585167] pinctrl core: initialized pinctrl subsystem
[    0.586487] PM: RTC time: 12:51:26, date: 2026-08-27
[    0.589298] NET: Registered protocol family 16
[    0.590327] audit: initializing netlink subsys (disabled)
[    0.592954] audit: type=2000 audit(1787835087.210:1): state=initialized audit_enabled=0 res=1
[    0.592954] EISA bus registered
[    0.596089] cpuidle: using governor ladder
[    0.598278] cpuidle: using governor menu
[    0.600487] KVM setup pv remote TLB flush
[    0.602088] ACPI: bus type PCI registered
[    0.602273] acpiphp: ACPI Hot Plug PCI Controller Driver version: 0.5
[    0.606409] PCI: Using configuration type 1 for base access
[    0.610390] HugeTLB registered 1.00 GiB page size, pre-allocated 0 pages
[    0.614273] HugeTLB registered 2.00 MiB page size, pre-allocated 0 pages
[    0.618505] ACPI: Added _OSI(Module Device)
[    0.619970] ACPI: Added _OSI(Processor Device)
[    0.622271] ACPI: Added _OSI(3.0 _SCP Extensions)
[    0.624085] ACPI: Added _OSI(Processor Aggregator Device)
[    0.626182] ACPI: Added _OSI(Linux-Dell-Video)
[    0.630283] ACPI: Added _OSI(Linux-Lenovo-NV-HDMI-Audio)
[    0.632615] ACPI: Added _OSI(Linux-HPI-Hybrid-Graphics)
[    0.635008] ACPI: 1 ACPI AML tables successfully acquired and loaded
[    0.639575] ACPI: Interpreter enabled
[    0.641140] ACPI: (supports S0 S3 S4 S5)
[    0.642271] ACPI: Using IOAPIC for interrupt routing
[    0.644167] PCI: Using host bridge windows from ACPI; if necessary, use "pci=nocrs" and report a bug
[    0.646387] ACPI: Enabled 2 GPEs in block 00 to 0F
[    0.651547] ACPI: PCI Root Bridge [PCI0] (domain 0000 [bus 00-ff])
[    0.654283] acpi PNP0A03:00: _OSC: OS supports [ASPM ClockPM Segments MSI HPX-Type3]
[    0.658308] acpi PNP0A03:00: fail to add MMCONFIG information, can't access extended PCI configuration space under this bridge.
[    0.662829] acpiphp: Slot [3] registered
[    0.664432] acpiphp: Slot [4] registered
[    0.666043] acpiphp: Slot [5] registered
[    0.670307] acpiphp: Slot [6] registered
[    0.672448] acpiphp: Slot [7] registered
[    0.674067] acpiphp: Slot [8] registered
[    0.674295] acpiphp: Slot [9] registered
[    0.675899] acpiphp: Slot [10] registered
[    0.677483] acpiphp: Slot [11] registered
[    0.678310] acpiphp: Slot [12] registered
[    0.680172] acpiphp: Slot [13] registered
[    0.681828] acpiphp: Slot [14] registered
[    0.686317] acpiphp: Slot [15] registered
[    0.688246] acpiphp: Slot [16] registered
[    0.690048] acpiphp: Slot [17] registered
[    0.690348] acpiphp: Slot [18] registered
[    0.693585] acpiphp: Slot [19] registered
[    0.698320] acpiphp: Slot [20] registered
[    0.701071] acpiphp: Slot [21] registered
[    0.702309] acpiphp: Slot [22] registered
[    0.704455] acpiphp: Slot [23] registered
[    0.706286] acpiphp: Slot [24] registered
[    0.708081] acpiphp: Slot [25] registered
[    0.709808] acpiphp: Slot [26] registered
[    0.714300] acpiphp: Slot [27] registered
[    0.715854] acpiphp: Slot [28] registered
[    0.717650] acpiphp: Slot [29] registered
[    0.718300] acpiphp: Slot [30] registered
[    0.720398] acpiphp: Slot [31] registered
[    0.721852] PCI host bridge to bus 0000:00
[    0.722274] pci_bus 0000:00: root bus resource [io  0x0000-0x0cf7 window]
[    0.725246] pci_bus 0000:00: root bus resource [io  0x0d00-0xffff window]
[    0.730308] pci_bus 0000:00: root bus resource [mem 0x000a0000-0x000bffff window]
[    0.733260] pci_bus 0000:00: root bus resource [mem 0xc0000000-0xfebfffff window]
[    0.734295] pci_bus 0000:00: root bus resource [mem 0xe0000000000-0xe007fffffff window]
[    0.737778] pci_bus 0000:00: root bus resource [bus 00-ff]
[    0.742418] pci 0000:00:00.0: [8086:1237] type 00 class 0x060000
[    0.747001] pci 0000:00:01.0: [8086:7000] type 00 class 0x060100
[    0.750629] pci 0000:00:01.1: [8086:7010] type 00 class 0x010180
[    0.756123] pci 0000:00:01.1: reg 0x20: [io  0xc060-0xc06f]
[    0.759715] pci 0000:00:01.1: legacy IDE quirk: reg 0x10: [io  0x01f0-0x01f7]
[    0.762277] pci 0000:00:01.1: legacy IDE quirk: reg 0x14: [io  0x03f6]
[    0.765710] pci 0000:00:01.1: legacy IDE quirk: reg 0x18: [io  0x0170-0x0177]
[    0.770273] pci 0000:00:01.1: legacy IDE quirk: reg 0x1c: [io  0x0376]
[    0.774695] pci 0000:00:01.3: [8086:7113] type 00 class 0x068000
[    0.778527] pci 0000:00:01.3: quirk: [io  0x0600-0x063f] claimed by PIIX4 ACPI
[    0.781188] pci 0000:00:01.3: quirk: [io  0x0700-0x070f] claimed by PIIX4 SMB
[    0.787872] pci 0000:00:02.0: [1234:1111] type 00 class 0x030000
[    0.792934] pci 0000:00:02.0: reg 0x10: [mem 0xfd000000-0xfdffffff pref]
[    0.801066] pci 0000:00:02.0: reg 0x18: [mem 0xfebd0000-0xfebd0fff]
[    0.807010] pci 0000:00:02.0: reg 0x30: [mem 0xfebc0000-0xfebcffff pref]
[    0.811052] pci 0000:00:03.0: [1af4:1000] type 00 class 0x020000
[    0.814648] pci 0000:00:03.0: reg 0x10: [io  0xc040-0xc05f]
[    0.818154] pci 0000:00:03.0: reg 0x14: [mem 0xfebd1000-0xfebd1fff]
[    0.825771] pci 0000:00:03.0: reg 0x20: [mem 0xe0040000000-0xe0040003fff 64bit pref]
[    0.826941] pci 0000:00:03.0: reg 0x30: [mem 0xfeb80000-0xfebbffff pref]
[    0.831495] pci 0000:00:04.0: [1af4:1004] type 00 class 0x010000
[    0.836493] pci 0000:00:04.0: reg 0x10: [io  0xc000-0xc03f]
[    0.841581] pci 0000:00:04.0: reg 0x14: [mem 0xfebd2000-0xfebd2fff]
[    0.866759] pci 0000:00:04.0: reg 0x20: [mem 0xe0040004000-0xe0040007fff 64bit pref]
[    0.876919] pci 0000:00:05.0: [1d1d:1f1f] type 00 class 0x010802
[    0.878895] pci 0000:00:05.0: reg 0x10: [mem 0xe0000000000-0xe0000001fff 64bit]
[    0.883702] pci 0000:00:05.0: reg 0x20: [mem 0xfebd3000-0xfebd3fff]
[    0.887572] pci 0000:00:05.0: enabling Extended Tags
[    0.924601] ACPI: PCI Interrupt Link [LNKA] (IRQs 5 *10 11)
[    0.926396] ACPI: PCI Interrupt Link [LNKB] (IRQs 5 *10 11)
[    0.928482] ACPI: PCI Interrupt Link [LNKC] (IRQs 5 10 *11)
[    0.934438] ACPI: PCI Interrupt Link [LNKD] (IRQs 5 10 *11)
[    0.936309] ACPI: PCI Interrupt Link [LNKS] (IRQs *9)
[    0.938846] iommu: Default domain type: Translated 
[    0.942542] SCSI subsystem initialized
[    0.946359] pci 0000:00:02.0: vgaarb: setting as boot VGA device
[    0.949359] pci 0000:00:02.0: vgaarb: VGA device added: decodes=io+mem,owns=io+mem,locks=none
[    0.954296] pci 0000:00:02.0: vgaarb: bridge control possible
[    0.956874] vgaarb: loaded
[    0.958252] ACPI: bus type USB registered
[    0.958302] usbcore: registered new interface driver usbfs
[    0.960250] usbcore: registered new interface driver hub
[    0.962355] usbcore: registered new device driver usb
[    0.964014] pps_core: LinuxPPS API ver. 1 registered
[    0.965701] pps_core: Software ver. 5.3.6 - Copyright 2005-2007 Rodolfo Giometti <giometti@linux.it>
[    0.970277] PTP clock support registered
[    0.971840] EDAC MC: Ver: 3.0.0
[    0.974337] PCI: Using ACPI for IRQ routing
[    0.976650] NetLabel: Initializing
[    0.977925] NetLabel:  domain hash size = 128
[    0.978271] NetLabel:  protocols = UNLABELED CIPSOv4 CALIPSO
[    0.980552] NetLabel:  unlabeled traffic allowed by default
[    0.983094] hpet0: at MMIO 0xfed00000, IRQs 2, 8, 0
[    0.985514] hpet0: 3 comparators, 64-bit 100.000000 MHz counter
[    0.995552] clocksource: Switched to clocksource kvm-clock
[    1.008583] *** VALIDATE bpf ***
[    1.010002] VFS: Disk quotas dquot_6.6.0
[    1.011634] VFS: Dquot-cache hash table entries: 512 (order 0, 4096 bytes)
[    1.016276] *** VALIDATE ramfs ***
[    1.017679] *** VALIDATE hugetlbfs ***
[    1.019486] AppArmor: AppArmor Filesystem Enabled
[    1.021616] pnp: PnP ACPI init
[    1.023181] pnp: PnP ACPI: found 6 devices
[    1.027316] thermal_sys: Registered thermal governor 'fair_share'
[    1.027316] thermal_sys: Registered thermal governor 'bang_bang'
[    1.029907] thermal_sys: Registered thermal governor 'step_wise'
[    1.032332] thermal_sys: Registered thermal governor 'user_space'
[    1.035433] thermal_sys: Registered thermal governor 'power_allocator'
[    1.043001] clocksource: acpi_pm: mask: 0xffffff max_cycles: 0xffffff, max_idle_ns: 2085701024 ns
[    1.048439] pci_bus 0000:00: resource 4 [io  0x0000-0x0cf7 window]
[    1.051189] pci_bus 0000:00: resource 5 [io  0x0d00-0xffff window]
[    1.053828] pci_bus 0000:00: resource 6 [mem 0x000a0000-0x000bffff window]
[    1.056662] pci_bus 0000:00: resource 7 [mem 0xc0000000-0xfebfffff window]
[    1.059321] pci_bus 0000:00: resource 8 [mem 0xe0000000000-0xe007fffffff window]
[    1.061928] NET: Registered protocol family 2
[    1.064079] tcp_listen_portaddr_hash hash table entries: 2048 (order: 3, 32768 bytes, linear)
[    1.069060] TCP established hash table entries: 32768 (order: 6, 262144 bytes, linear)
[    1.072713] TCP bind hash table entries: 32768 (order: 7, 524288 bytes, linear)
[    1.077176] TCP: Hash tables configured (established 32768 bind 32768)
[    1.079732] UDP hash table entries: 2048 (order: 4, 65536 bytes, linear)
[    1.082288] UDP-Lite hash table entries: 2048 (order: 4, 65536 bytes, linear)
[    1.085029] NET: Registered protocol family 1
[    1.086940] NET: Registered protocol family 44
[    1.089177] pci 0000:00:01.0: PIIX3: Enabling Passive Release
[    1.091395] pci 0000:00:00.0: Limiting direct PCI/PCI transfers
[    1.093778] pci 0000:00:01.0: Activating ISA DMA hang workarounds
[    1.097017] pci 0000:00:02.0: Video device with shadowed ROM at [mem 0x000c0000-0x000dffff]
[    1.100008] PCI: CLS 0 bytes, default 64
[    1.101553] Trying to unpack rootfs image as initramfs...
[    1.384236] Freeing initrd memory: 89336K
[    1.386691] PCI-DMA: Using software bounce buffering for IO (SWIOTLB)
[    1.391118] software IO TLB: mapped [mem 0xbbfdd000-0xbffdd000] (64MB)
[    1.395363] clocksource: tsc: mask: 0xffffffffffffffff max_cycles: 0x2b2c909a7c7, max_idle_ns: 440795208498 ns
[    1.399207] check: Scanning for low memory corruption every 60 seconds
[    1.402208] Initialise system trusted keyrings
[    1.404865] Key type blacklist registered
[    1.407455] workingset: timestamp_bits=36 max_order=20 bucket_order=0
[    1.410502] zbud: loaded
[    1.411744] squashfs: version 4.0 (2009/01/31) Phillip Lougher
[    1.414134] fuse: init (API version 7.31)
[    1.419799] *** VALIDATE fuse ***
[    1.421622] *** VALIDATE fuse ***
[    1.424404] Platform Keyring initialized
[    1.429112] Key type asymmetric registered
[    1.430830] Asymmetric key parser 'x509' registered
[    1.432573] Block layer SCSI generic (bsg) driver version 0.4 loaded (major 244)
[    1.436440] io scheduler mq-deadline registered
[    1.438955] shpchp: Standard Hot Plug PCI Controller Driver version: 0.4
[    1.442057] input: Power Button as /devices/LNXSYSTM:00/LNXPWRBN:00/input/input0
[    1.446016] ACPI: Power Button [PWRF]
[    1.448926] PCI Interrupt Link [LNKC] enabled at IRQ 11
[    1.453430] PCI Interrupt Link [LNKD] enabled at IRQ 10
[    1.459257] Serial: 8250/16550 driver, 32 ports, IRQ sharing enabled
[    1.489557] 00:04: ttyS0 at I/O 0x3f8 (irq = 4, base_baud = 115200) is a 16550A
[    1.494464] Linux agpgart interface v0.103
[    1.497425] loop: module loaded
[    1.501577] scsi host0: ata_piix
[    1.504149] scsi host1: ata_piix
[    1.505926] ata1: PATA max MWDMA2 cmd 0x1f0 ctl 0x3f6 bmdma 0xc060 irq 14
[    1.508952] ata2: PATA max MWDMA2 cmd 0x170 ctl 0x376 bmdma 0xc068 irq 15
[    1.514765] libphy: Fixed MDIO Bus: probed
[    1.519365] tun: Universal TUN/TAP device driver, 1.6
[    1.521498] PPP generic driver version 2.4.2
[    1.523335] VFIO - User Level meta-driver version: 0.3
[    1.525467] ehci_hcd: USB 2.0 'Enhanced' Host Controller (EHCI) Driver
[    1.529501] ehci-pci: EHCI PCI platform driver
[    1.531362] ehci-platform: EHCI generic platform driver
[    1.533534] ohci_hcd: USB 1.1 'Open' Host Controller (OHCI) Driver
[    1.536348] ohci-pci: OHCI PCI platform driver
[    1.538130] ohci-platform: OHCI generic platform driver
[    1.540149] uhci_hcd: USB Universal Host Controller Interface driver
[    1.543316] i8042: PNP: PS/2 Controller [PNP0303:KBD,PNP0f13:MOU] at 0x60,0x64 irq 1,12
[    1.547842] serio: i8042 KBD port at 0x60,0x64 irq 1
[    1.549800] serio: i8042 AUX port at 0x60,0x64 irq 12
[    1.553469] mousedev: PS/2 mouse device common for all mice
[    1.557923] rtc_cmos 00:05: RTC can wake from S4
[    1.558564] input: AT Translated Set 2 keyboard as /devices/platform/i8042/serio0/input/input1
[    1.563632] rtc_cmos 00:05: registered as rtc0
[    1.571139] rtc_cmos 00:05: alarms up to one day, y3k, 242 bytes nvram, hpet irqs
[    1.574338] i2c /dev entries driver
[    1.576214] device-mapper: uevent: version 1.0.3
[    1.579142] device-mapper: ioctl: 4.41.0-ioctl (2019-09-16) initialised: dm-devel@redhat.com
[    1.583771] platform eisa.0: Probing EISA bus 0
[    1.585770] platform eisa.0: EISA: Cannot allocate resource for mainboard
[    1.590251] platform eisa.0: Cannot allocate resource for EISA slot 1
[    1.593318] platform eisa.0: Cannot allocate resource for EISA slot 2
[    1.596512] platform eisa.0: Cannot allocate resource for EISA slot 3
[    1.599795] platform eisa.0: Cannot allocate resource for EISA slot 4
[    1.603452] platform eisa.0: Cannot allocate resource for EISA slot 5
[    1.607544] platform eisa.0: Cannot allocate resource for EISA slot 6
[    1.611853] platform eisa.0: Cannot allocate resource for EISA slot 7
[    1.617389] platform eisa.0: Cannot allocate resource for EISA slot 8
[    1.622299] platform eisa.0: EISA: Detected 0 cards
[    1.627086] intel_pstate: CPU model not supported
[    1.631780] ledtrig-cpu: registered to indicate activity on CPUs
[    1.634606] drop_monitor: Initializing network drop monitor service
[    1.637314] NET: Registered protocol family 10
[    1.646879] Segment Routing with IPv6
[    1.649044] NET: Registered protocol family 17
[    1.651420] Key type dns_resolver registered
[    1.655929] RAS: Correctable Errors collector initialized.
[    1.659468] IPI shorthand broadcast: enabled
[    1.661590] sched_clock: Marking stable (1324163267, 335251060)->(1693670627, -34256300)
[    1.666654] registered taskstats version 1
[    1.668223] Loading compiled-in X.509 certificates
[    1.671029] Loaded X.509 cert 'Build time autogenerated kernel key: 7f1af841edfbf04e4b72462ffb6202c30b2da0bb'
[    1.674957] zswap: loaded using pool lzo/zbud
[    1.678199] Key type ._fscrypt registered
[    1.680391] Key type .fscrypt registered
[    1.690069] Key type big_key registered
[    1.694567] Key type encrypted registered
[    1.696151] AppArmor: AppArmor sha1 policy hashing enabled
[    1.698714] ima: No TPM chip found, activating TPM-bypass!
[    1.701990] ima: Allocated hash algorithm: sha1
[    1.704317] ima: No architecture policies found
[    1.706250] evm: Initialising EVM extended attributes:
[    1.708965] evm: security.selinux
[    1.710757] evm: security.SMACK64
[    1.712329] evm: security.SMACK64EXEC
[    1.715164] evm: security.SMACK64TRANSMUTE
[    1.717794] evm: security.SMACK64MMAP
[    1.720141] evm: security.apparmor
[    1.722121] evm: security.ima
[    1.723761] evm: security.capability
[    1.725305] evm: HMAC attrs: 0x1
[    1.727655] PM:   Magic number: 6:653:886
[    1.729471] rtc_cmos 00:05: setting system clock to 2026-08-27T12:51:28 UTC (1787835088)
[    1.737571] Freeing unused decrypted memory: 2040K
[    1.740993] Freeing unused kernel image memory: 2724K
[    1.758497] Write protecting the kernel read-only data: 22528k
[    1.762732] Freeing unused kernel image memory: 2008K
[    1.764883] Freeing unused kernel image memory: 1184K
[    1.772784] x86/mm: Checked W+X mappings: passed, no W+X pages found.
[    1.776842] Run /init as init process
Loading, please wait...
Starting version 245.4-4ubuntu3.2
[    1.837027] Floppy drive(s): fd0 is 2.88M AMI BIOS
[    1.853989] piix4_smbus 0000:00:01.3: SMBus Host Controller at 0x700, revision 0
[    1.860515] input: VirtualPS/2 VMware VMMouse as /devices/platform/i8042/serio1/input/input4
[    1.868287] FDC 0 is a S82078B
[    1.869828] input: VirtualPS/2 VMware VMMouse as /devices/platform/i8042/serio1/input/input3
[    1.875660] cryptd: max_cpu_qlen set to 1000
[    1.883715] AVX2 version of gcm_enc/dec engaged.
[    1.888770] AES CTR mode by8 optimization enabled
[    1.912406] nvme nvme0: pci function 0000:00:05.0
[    1.919676] PCI Interrupt Link [LNKA] enabled at IRQ 10
[    1.920927] scsi host2: Virtio SCSI HBA
[    1.922704] virtio_net virtio0 ens3: renamed from eth0
[    1.934924] scsi 2:0:0:0: Direct-Access     QEMU     QEMU HARDDISK    2.5+ PQ: 0 ANSI: 5
[    1.939726] nvme nvme0: 4/0/0 default/read/poll queues
[    1.955752] bochs-drm 0000:00:02.0: remove_conflicting_pci_framebuffers: bar 0: 0xfd000000 -> 0xfdffffff
[    1.967390] bochs-drm 0000:00:02.0: remove_conflicting_pci_framebuffers: bar 2: 0xfebd0000 -> 0xfebd0fff
[    1.975046] scsi 2:0:0:0: Attached scsi generic sg0 type 0
[    1.975232] sd 2:0:0:0: Power-on or device reset occurred
[    1.975727] sd 2:0:0:0: [sda] 167772160 512-byte logical blocks: (85.9 GB/80.0 GiB)
[    1.975766] sd 2:0:0:0: [sda] Write Protect is off
[    1.975839] sd 2:0:0:0: [sda] Write cache: enabled, read cache: enabled, supports DPO and FUA
[    1.976928] bochs-drm 0000:00:02.0: vgaarb: deactivate vga console
[    1.989982]  sda: sda1 sda2
[    1.999495] sd 2:0:0:0: [sda] Attached SCSI disk
[    2.007211] Console: switching to colour dummy device 80x25
[    2.015577] [drm] Found bochs VGA, ID 0xb0c5.
[    2.016952] [drm] Framebuffer size 16384 kB @ 0xfd000000, mmio @ 0xfebd0000.
[    2.019674] [TTM] Zone  kernel: Available graphics memory: 2015078 KiB
[    2.022116] [TTM] Initializing pool allocator
[    2.025134] [TTM] Initializing DMA pool allocator
[    2.033289] [drm] Found EDID data blob.
[    2.036771] [drm] Initialized bochs-drm 1.0.0 20130925 for 0000:00:02.0 on minor 0
[    2.043877] fbcon: bochs-drmdrmfb (fb0) is primary device
[    2.059134] Console: switching to colour frame buffer device 160x50
[    2.065418] bochs-drm 0000:00:02.0: fb0: bochs-drmdrmfb frame buffer device
Begin: Loading essential drivers ... [    2.186307] raid6: avx2x4   gen() 35917 MB/s
[    2.234353] raid6: avx2x4   xor() 14791 MB/s
[    2.282333] raid6: avx2x2   gen() 35089 MB/s
[    2.330318] raid6: avx2x2   xor() 21571 MB/s
[    2.378334] raid6: avx2x1   gen() 28252 MB/s
[    2.426317] raid6: avx2x1   xor() 18412 MB/s
[    2.474335] raid6: sse2x4   gen() 18210 MB/s
[    2.522360] raid6: sse2x4   xor() 10099 MB/s
[    2.570327] raid6: sse2x2   gen() 17405 MB/s
[    2.618778] raid6: sse2x2   xor()  8723 MB/s
[    2.670659] raid6: sse2x1   gen()  8679 MB/s
[    2.722955] raid6: sse2x1   xor()  4739 MB/s
[    2.725097] raid6: using algorithm avx2x4 gen() 35917 MB/s
[    2.729602] raid6: .... xor() 14791 MB/s, rmw enabled
[    2.733927] raid6: using avx2x2 recovery algorithm
[    2.750768] xor: automatically using best checksumming function   avx       
[    2.764959] async_tx: api initialized (async)
done.
Begin: Running /scripts/init-premount ... done.
Begin: Mounting root file system ... Begin: Running /scripts/local-top ... done.
Begin: Running /scripts/local-premount ... [    2.964809] Btrfs loaded, crc32c=crc32c-intel
Scanning for Btrfs filesystems
[    3.055693] blk_update_request: I/O error, dev fd0, sector 0 op 0x0:(READ) flags 0x0 phys_seg 1 prio class 0
[    3.062965] floppy: error 10 while reading block 0
done.
Warning: fsck not present, so skipping root file system
[    3.371514] EXT4-fs (sda2): mounted filesystem with ordered data mode. Opts: (null)
done.
Begin: Running /scripts/local-bottom ... done.
Begin: Running /scripts/init-bottom ... Internet Systems Consortium DHCP Client 4.4.1
Copyright 2004-2018 Internet Systems Consortium.
All rights reserved.
For info, please visit https://www.isc.org/software/dhcp/

Listening on LPF/ens3/52:54:00:12:34:56
Sending on   LPF/ens3/52:54:00:12:34:56
Sending on   Socket/fallback
DHCPDISCOVER on ens3 to 255.255.255.255 port 67 interval 3 (xid=0xd295677)
DHCPOFFER of 10.0.2.15 from 10.0.2.2
DHCPREQUEST for 10.0.2.15 on ens3 to 255.255.255.255 port 67 (xid=0x7756290d)
DHCPACK of 10.0.2.15 from 10.0.2.2 (xid=0xd295677)
bound to 10.0.2.15 -- renewal in 33867 seconds.
done.
[    3.834442] systemd[1]: Inserted module 'autofs4'
[    3.873868] systemd[1]: systemd 245.4-4ubuntu3.20 running in system mode. (+PAM +AUDIT +SELINUX +IMA +APPARMOR +SMACK +SYSVINIT +UTMP +LIBCRYPTSETUP +GCRYPT +GNUTLS +ACL +XZ +LZ4 +SECCOMP +BLKID +ELFUTILS +KMOD +IDN2 -IDN +PCRE2 default-hierarchy=hybrid)
[    3.893022] systemd[1]: Detected virtualization kvm.
[    3.901444] systemd[1]: Detected architecture x86-64.

Welcome to [1mUbuntu 20.04.1 LTS[0m!

[    3.936844] systemd[1]: Set hostname to <fvm>.
[    4.261034] systemd[1]: Created slice system-modprobe.slice.
[[0;32m  OK  [0m] Created slice [0;1;39msystem-modprobe.slice[0m.
[    4.269328] systemd[1]: Created slice system-serial\x2dgetty.slice.
[[0;32m  OK  [0m] Created slice [0;1;39msystem-serial\x2dgetty.slice[0m.
[    4.280609] systemd[1]: Created slice User and Session Slice.
[[0;32m  OK  [0m] Created slice [0;1;39mUser and Session Slice[0m.
[    4.288599] systemd[1]: Started Forward Password Requests to Wall Directory Watch.
[[0;32m  OK  [0m] Started [0;1;39mForward Password R…uests to Wall Directory Watch[0m.
[    4.299729] systemd[1]: Set up automount Arbitrary Executable File Formats File System Automount Point.
[[0;32m  OK  [0m] Set up automount [0;1;39mArbitrary…s File System Automount Point[0m.
[    4.310443] systemd[1]: Reached target User and Group Name Lookups.
[[0;32m  OK  [0m] Reached target [0;1;39mUser and Group Name Lookups[0m.
[    4.322066] systemd[1]: Reached target Slices.
[[0;32m  OK  [0m] Reached target [0;1;39mSlices[0m.
[    4.328828] systemd[1]: Listening on Device-mapper event daemon FIFOs.
[[0;32m  OK  [0m] Listening on [0;1;39mDevice-mapper event daemon FIFOs[0m.
[    4.338794] systemd[1]: Listening on LVM2 poll daemon socket.
[[0;32m  OK  [0m] Listening on [0;1;39mLVM2 poll daemon socket[0m.
[    4.346052] systemd[1]: Listening on multipathd control socket.
[[0;32m  OK  [0m] Listening on [0;1;39mmultipathd control socket[0m.
[    4.354658] systemd[1]: Listening on Syslog Socket.
[[0;32m  OK  [0m] Listening on [0;1;39mSyslog Socket[0m.
[    4.362024] systemd[1]: Listening on initctl Compatibility Named Pipe.
[[0;32m  OK  [0m] Listening on [0;1;39minitctl Compatibility Named Pipe[0m.
[    4.373163] systemd[1]: Listening on Journal Audit Socket.
[[0;32m  OK  [0m] Listening on [0;1;39mJournal Audit Socket[0m.
[    4.381596] systemd[1]: Listening on Journal Socket (/dev/log).
[[0;32m  OK  [0m] Listening on [0;1;39mJournal Socket (/dev/log)[0m.
[    4.390688] systemd[1]: Listening on Journal Socket.
[[0;32m  OK  [0m] Listening on [0;1;39mJournal Socket[0m.
[    4.398747] systemd[1]: Listening on Network Service Netlink Socket.
[[0;32m  OK  [0m] Listening on [0;1;39mNetwork Service Netlink Socket[0m.
[    4.409221] systemd[1]: Listening on udev Control Socket.
[[0;32m  OK  [0m] Listening on [0;1;39mudev Control Socket[0m.
[    4.417585] systemd[1]: Listening on udev Kernel Socket.
[[0;32m  OK  [0m] Listening on [0;1;39mudev Kernel Socket[0m.
[    4.427706] systemd[1]: Mounting Huge Pages File System...
         Mounting [0;1;39mHuge Pages File System[0m...
[    4.441050] systemd[1]: Mounting POSIX Message Queue File System...
         Mounting [0;1;39mPOSIX Message Queue File System[0m...
[    4.457629] systemd[1]: Mounting Kernel Debug File System...
         Mounting [0;1;39mKernel Debug File System[0m...
[    4.471448] systemd[1]: Mounting Kernel Trace File System...
         Mounting [0;1;39mKernel Trace File System[0m...
[    4.492026] systemd[1]: Starting Journal Service...
         Starting [0;1;39mJournal Service[0m...
[    4.502755] systemd[1]: Starting Set the console keyboard layout...
         Starting [0;1;39mSet the console keyboard layout[0m...
[    4.519103] systemd[1]: Starting Create list of static device nodes for the current kernel...
         Starting [0;1;39mCreate list of st…odes for the current kernel[0m...
[    4.537359] systemd[1]: Starting Monitoring of LVM2 mirrors, snapshots etc. using dmeventd or progress polling...
         Starting [0;1;39mMonitoring of LVM…meventd or progress polling[0m...
[    4.559874] systemd[1]: Starting Load Kernel Module chromeos_pstore...
         Starting [0;1;39mLoad Kernel Module chromeos_pstore[0m...
[    4.584783] systemd[1]: Condition check resulted in Load Kernel Module drm being skipped.
[    4.598197] systemd[1]: Starting Load Kernel Module efi_pstore...
         Starting [0;1;39mLoad Kernel Module efi_pstore[0m...
[    4.626474] systemd[1]: Starting Load Kernel Module pstore_blk...
         Starting [0;1;39mLoad Kernel Module pstore_blk[0m...
[    4.660811] systemd[1]: Starting Load Kernel Module pstore_zone...
         Starting [0;1;39mLoad Kernel Module pstore_zone[0m...
[    4.674905] systemd[1]: Starting Load Kernel Module ramoops...
         Starting [0;1;39mLoad Kernel Module ramoops[0m...
[    4.691794] systemd[1]: Condition check resulted in Set Up Additional Binary Formats being skipped.
[    4.712058] systemd[1]: Starting Load Kernel Modules...
         Starting [0;1;39mLoad Kernel Modules[0m...
[    4.726966] systemd[1]: Starting Remount Root and Kernel File Systems...
         Starting [0;1;39mRemount Root and Kernel File Systems[0m...
[    4.741492] systemd[1]: Starting udev Coldplug all Devices...
[    4.746860] EXT4-fs (sda2): re-mounted. Opts: (null)
         Starting [0;1;39mudev Coldplug all Devices[0m...
[    4.763620] systemd[1]: Starting Uncomplicated firewall...
         Starting [0;1;39mUncomplicated firewall[0m...
[    4.778118] systemd[1]: Started Journal Service.
[[0;32m  OK  [0m] Started [0;1;39mJournal Service[0m.
[[0;32m  OK  [0m] Mounted [0;1;39mHuge Pages File System[0m.
[[0;32m  OK  [0m] Mounted [0;1;39mPOSIX Message Queue File System[0m.
[[0;32m  OK  [0m] Mounted [0;1;39mKernel Debug File System[0m.
[[0;32m  OK  [0m] Mounted [0;1;39mKernel Trace File System[0m.
[[0;32m  OK  [0m] Finished [0;1;39mSet the console keyboard layout[0m.
[[0;32m  OK  [0m] Finished [0;1;39mCreate list of st… nodes for the current kernel[0m.
[[0;32m  OK  [0m] Finished [0;1;39mMonitoring of LVM… dmeventd or progress polling[0m.
[[0;32m  OK  [0m] Finished [0;1;39mLoad Kernel Module chromeos_pstore[0m.
[[0;32m  OK  [0m] Finished [0;1;39mLoad Kernel Module efi_pstore[0m.
[[0;32m  OK  [0m] Finished [0;1;39mLoad Kernel Module pstore_blk[0m.
[[0;32m  OK  [0m] Finished [0;1;39mLoad Kernel Module pstore_zone[0m.
[[0;32m  OK  [0m] Finished [0;1;39mLoad Kernel Module ramoops[0m.
[[0;32m  OK  [0m] Finished [0;1;39mLoad Kernel Modules[0m.
[[0;32m  OK  [0m] Finished [0;1;39mRemount Root and Kernel File Systems[0m.
[[0;32m  OK  [0m] Finished [0;1;39mUncomplicated firewall[0m.
         Activating swap [0;1;39m/swap.img[0m...
         Mounting [0;1;39mFUSE Control File System[0m...
         Mounting [0;1;39mKernel Configuration File System[0m...
         Starting [0;1;39mFlush Journal to Persistent Storage[0m...
[    4.904094] systemd-journald[372]: Received client request to flush runtime journal.
         Starting [0;1;39mLoad/Save Random Seed[0m...
         Starting [0;1;39mApply Kernel Variables[0m...
         Starting [0;1;39mCreate System Users[0m...
[[0;32m  OK  [0m] Mounted [0;1;39mFUSE Control File System[0m.
[[0;32m  OK  [0m] Finished [0;1;39mudev Coldplug all Devices[0m.
[[0;32m  OK  [0m] Mounted [0;1;39mKernel Configuration File System[0m.
[[0;32m  OK  [0m] Finished [0;1;39mLoad/Save Random Seed[0m.
         Starting [0;1;39mudev Wait for Complete Device Initialization[0m...
[[0;32m  OK  [0m] Finished [0;1;39mApply Kernel Variables[0m.
[[0;32m  OK  [0m] Finished [0;1;39mCreate System Users[0m.
         Starting [0;1;39mCreate Static Device Nodes in /dev[0m...
[[0;32m  OK  [0m] Activated swap [0;1;39m/swap.img[0m.
[[0;32m  OK  [0m] Finished [0;1;39mCreate Static Device Nodes in /dev[0m.
[[0;32m  OK  [0m] Reached target [0;1;39mSwap[0m.
         Starting [0;1;39mudev Kernel Device Manager[0m...
[[0;32m  OK  [0m] Finished [0;1;39mFlush Journal to Persistent Storage[0m.
[[0;32m  OK  [0m] Started [0;1;39mudev Kernel Device Manager[0m.
[[0;32m  OK  [0m] Started [0;1;39mDispatch Password …ts to Console Directory Watch[0m.
[[0;32m  OK  [0m] Reached target [0;1;39mLocal Encrypted Volumes[0m.
         Starting [0;1;39mNetwork Service[0m...
[[0;32m  OK  [0m] Started [0;1;39mNetwork Service[0m.
         Starting [0;1;39mWait for Network to be Configured[0m...
[[0;32m  OK  [0m] Finished [0;1;39mWait for Network to be Configured[0m.
[[0;32m  OK  [0m] Found device [0;1;39m/dev/ttyS0[0m.
[[0;32m  OK  [0m] Listening on [0;1;39mLoad/Save RF …itch Status /dev/rfkill Watch[0m.
[[0;32m  OK  [0m] Finished [0;1;39mudev Wait for Complete Device Initialization[0m.
         Starting [0;1;39mDevice-Mapper Multipath Device Controller[0m...
[[0;32m  OK  [0m] Started [0;1;39mDevice-Mapper Multipath Device Controller[0m.
[[0;32m  OK  [0m] Reached target [0;1;39mLocal File Systems (Pre)[0m.
         Mounting [0;1;39mMount unit for core18, revision 1880[0m...
         Mounting [0;1;39mMount unit for lxd, revision 16099[0m...
         Mounting [0;1;39mMount unit for snapd, revision 8542[0m...
[[0;32m  OK  [0m] Mounted [0;1;39mMount unit for core18, revision 1880[0m.
[[0;32m  OK  [0m] Mounted [0;1;39mMount unit for lxd, revision 16099[0m.
[[0;32m  OK  [0m] Mounted [0;1;39mMount unit for snapd, revision 8542[0m.
[[0;32m  OK  [0m] Reached target [0;1;39mLocal File Systems[0m.
         Starting [0;1;39mLoad AppArmor profiles[0m...
         Starting [0;1;39mSet console font and keymap[0m...
         Starting [0;1;39mCreate final runt…dir for shutdown pivot root[0m...
         Starting [0;1;39mTell Plymouth To Write Out Runtime Data[0m...
         Starting [0;1;39mCreate Volatile Files and Directories[0m...
[[0;32m  OK  [0m] Finished [0;1;39mSet console font and keymap[0m.
[[0;32m  OK  [0m] Finished [0;1;39mCreate final runt…e dir for shutdown pivot root[0m.
[[0;32m  OK  [0m] Finished [0;1;39mTell Plymouth To Write Out Runtime Data[0m.
[[0;32m  OK  [0m] Finished [0;1;39mCreate Volatile Files and Directories[0m.
         Starting [0;1;39mNetwork Name Resolution[0m...
         Starting [0;1;39mNetwork Time Synchronization[0m...
         Starting [0;1;39mUpdate UTMP about System Boot/Shutdown[0m...
[[0;32m  OK  [0m] Finished [0;1;39mLoad AppArmor profiles[0m.
         Starting [0;1;39mLoad AppArmor pro…managed internally by snapd[0m...
[[0;32m  OK  [0m] Finished [0;1;39mUpdate UTMP about System Boot/Shutdown[0m.
[[0;32m  OK  [0m] Finished [0;1;39mLoad AppArmor pro…s managed internally by snapd[0m.
[[0;32m  OK  [0m] Started [0;1;39mNetwork Time Synchronization[0m.
[[0;32m  OK  [0m] Reached target [0;1;39mSystem Initialization[0m.
[[0;32m  OK  [0m] Started [0;1;39mDaily Cleanup of Temporary Directories[0m.
[[0;32m  OK  [0m] Reached target [0;1;39mPaths[0m.
[[0;32m  OK  [0m] Reached target [0;1;39mSystem Time Set[0m.
[[0;32m  OK  [0m] Reached target [0;1;39mSystem Time Synchronized[0m.
[[0;32m  OK  [0m] Started [0;1;39mDaily apt download activities[0m.
[[0;32m  OK  [0m] Started [0;1;39mDaily apt upgrade and clean activities[0m.
[[0;32m  OK  [0m] Started [0;1;39mPeriodic ext4 Onli…ata Check for All Filesystems[0m.
[[0;32m  OK  [0m] Started [0;1;39mDiscard unused blocks once a week[0m.
[[0;32m  OK  [0m] Started [0;1;39mRefresh fwupd metadata regularly[0m.
[[0;32m  OK  [0m] Started [0;1;39mDaily rotation of log files[0m.
[[0;32m  OK  [0m] Started [0;1;39mDaily man-db regeneration[0m.
[[0;32m  OK  [0m] Started [0;1;39mMessage of the Day[0m.
[[0;32m  OK  [0m] Reached target [0;1;39mTimers[0m.
[[0;32m  OK  [0m] Listening on [0;1;39mD-Bus System Message Bus Socket[0m.
[[0;32m  OK  [0m] Listening on [0;1;39mOpen-iSCSI iscsid Socket[0m.
[[0;32m  OK  [0m] Listening on [0;1;39mSocket unix for snap application lxd.daemon[0m.
         Starting [0;1;39mSocket activation for snappy daemon[0m.
[[0;32m  OK  [0m] Listening on [0;1;39mUUID daemon activation socket[0m.
[[0;32m  OK  [0m] Started [0;1;39mNetwork Name Resolution[0m.
[[0;32m  OK  [0m] Listening on [0;1;39mSocket activation for snappy daemon[0m.
[[0;32m  OK  [0m] Reached target [0;1;39mNetwork[0m.
[[0;32m  OK  [0m] Reached target [0;1;39mNetwork is Online[0m.
[[0;32m  OK  [0m] Reached target [0;1;39mHost and Network Name Lookups[0m.
[[0;32m  OK  [0m] Reached target [0;1;39mSockets[0m.
[[0;32m  OK  [0m] Reached target [0;1;39mBasic System[0m.
         Starting [0;1;39mAccounts Service[0m...
[[0;32m  OK  [0m] Started [0;1;39mD-Bus System Message Bus[0m.
[[0;32m  OK  [0m] Started [0;1;39mSave initial kernel messages after boot[0m.
         Starting [0;1;39mRemove Stale Onli…t4 Metadata Check Snapshots[0m...
         Starting [0;1;39mLSB: Record successful boot for GRUB[0m...
         Starting [0;1;39mGRUB failed boot detection[0m...
[[0;32m  OK  [0m] Started [0;1;39mirqbalance daemon[0m.
         Starting [0;1;39mDispatcher daemon for systemd-networkd[0m...
[[0;32m  OK  [0m] Reached target [0;1;39mRemote File Systems (Pre)[0m.
[[0;32m  OK  [0m] Reached target [0;1;39mRemote File Systems[0m.
         Starting [0;1;39mLSB: automatic crash report generation[0m...
         Starting [0;1;39mDeferred execution scheduler[0m...
         Starting [0;1;39mAvailability of block devices[0m...
[[0;32m  OK  [0m] Started [0;1;39mRegular background program processing daemon[0m.
         Starting [0;1;39mSystem Logging Service[0m...
         Starting [0;1;39mService for snap application lxd.activate[0m...
         Starting [0;1;39mSnap Daemon[0m...
         Starting [0;1;39mOpenBSD Secure Shell server[0m...
         Starting [0;1;39mLogin Service[0m...
         Starting [0;1;39mPermit User Sessions[0m...
         Starting [0;1;39mThermal Daemon Service[0m...
[[0;32m  OK  [0m] Finished [0;1;39mRemove Stale Onli…ext4 Metadata Check Snapshots[0m.
[[0;32m  OK  [0m] Started [0;1;39mDeferred execution scheduler[0m.
[[0;32m  OK  [0m] Finished [0;1;39mAvailability of block devices[0m.
[[0;32m  OK  [0m] Finished [0;1;39mPermit User Sessions[0m.
[[0;32m  OK  [0m] Finished [0;1;39mGRUB failed boot detection[0m.
[[0;32m  OK  [0m] Started [0;1;39mSystem Logging Service[0m.
[[0;32m  OK  [0m] Started [0;1;39mThermal Daemon Service[0m.
[[0;32m  OK  [0m] Started [0;1;39mOpenBSD Secure Shell server[0m.
         Starting [0;1;39mHold until boot process finishes up[0m...
         Starting [0;1;39mTerminate Plymouth Boot Screen[0m...
         Starting [0;1;39mAuthorization Manager[0m...
[[0;32m  OK  [0m] Started [0;1;39mLSB: Record successful boot for GRUB[0m.
[[0;32m  OK  [0m] Finished [0;1;39mHold until boot process finishes up[0m.
[[0;32m  OK  [0m] Started [0;1;39mLSB: automatic crash report generation[0m.
[[0;32m  OK  [0m] Finished [0;1;39mTerminate Plymouth Boot Screen[0m.
[[0;32m  OK  [0m] Started [0;1;39mLogin Service[0m.
[[0;32m  OK  [0m] Started [0;1;39mSerial Getty on ttyS0[0m.
         Starting [0;1;39mSet console scheme[0m...
[[0;32m  OK  [0m] Started [0;1;39mUnattended Upgrades Shutdown[0m.
[[0;32m  OK  [0m] Finished [0;1;39mSet console scheme[0m.
[[0;32m  OK  [0m] Started [0;1;39mAuthorization Manager[0m.
[[0;32m  OK  [0m] Started [0;1;39mAccounts Service[0m.
[[0;32m  OK  [0m] Created slice [0;1;39msystem-getty.slice[0m.
[[0;32m  OK  [0m] Started [0;1;39mGetty on tty1[0m.
[[0;32m  OK  [0m] Reached target [0;1;39mLogin Prompts[0m.
[[0;32m  OK  [0m] Started [0;1;39mDispatcher daemon for systemd-networkd[0m.
[[0;32m  OK  [0m] Created slice [0;1;39mUser Slice of UID 1000[0m.
         Starting [0;1;39mUser Runtime Directory /run/user/1000[0m...
[[0;32m  OK  [0m] Finished [0;1;39mUser Runtime Directory /run/user/1000[0m.
         Starting [0;1;39mUser Manager for UID 1000[0m...
[[0;32m  OK  [0m] Started [0;1;39mUser Manager for UID 1000[0m.
[[0;32m  OK  [0m] Started [0;1;39mSession 1 of user femu[0m.
[[0;32m  OK  [0m] Started [0;1;39mSnap Daemon[0m.
         Starting [0;1;39mWait until snapd is fully seeded[0m...
[[0;32m  OK  [0m] Finished [0;1;39mWait until snapd is fully seeded[0m.
[[0;32m  OK  [0m] Finished [0;1;39mService for snap application lxd.activate[0m.
[[0;32m  OK  [0m] Reached target [0;1;39mMulti-User System[0m.
[[0;32m  OK  [0m] Reached target [0;1;39mGraphical Interface[0m.
         Starting [0;1;39mUpdate UTMP about System Runlevel Changes[0m...
[[0;32m  OK  [0m] Finished [0;1;39mUpdate UTMP about System Runlevel Changes[0m.

Ubuntu 20.04.1 LTS fvm ttyS0

fvm login: [FEMU] FTL-Log: BBSSD-STATS version=V3 hot_rewrite_window=1024 hot_boundary_window=4096 erase_survival_threshold=1 host_page_writes=1572864 nand_page_writes=1572864 gc_page_writes=0 block_erases=0 waf=1.000000 gc_count=0 average_gc_copy=N/A host_hot_writes=0 host_cold_writes=1572864 hot_write_ratio=0.000000 host_cold_first_writes=1572864 host_hot_fast_writes=0 host_hot_boundary_writes=0 host_cold_survival_writes=0 host_cold_slow_writes=0 boundary_survival_zero=0 boundary_survival_one=0 boundary_survival_two=0 boundary_survival_three_plus=0 gc_hot_writes=0 gc_cold_writes=0 cold_to_hot_count=0 hot_to_cold_count=0 hot_pool_empty_count=0 cold_pool_empty_count=33 borrow_count=33 emergency_gc_count=0 counter_invariant=PASS
[FEMU] Log: vSSD0,Reset tt_late_ios/tt_ios,510/6394
[FEMU] FTL-Log: BBSSD-STATS version=V3 hot_rewrite_window=1024 hot_boundary_window=4096 erase_survival_threshold=1 host_page_writes=11487160 nand_page_writes=79419449 gc_page_writes=67932289 block_erases=309824 waf=6.913758 gc_count=4841 average_gc_copy=14032.697583 host_hot_writes=1745764 host_cold_writes=9741396 hot_write_ratio=0.151975 host_cold_first_writes=0 host_hot_fast_writes=872572 host_hot_boundary_writes=873192 host_cold_survival_writes=13820 host_cold_slow_writes=9727576 boundary_survival_zero=873192 boundary_survival_one=13820 boundary_survival_two=0 boundary_survival_three_plus=0 gc_hot_writes=470056 gc_cold_writes=67462233 cold_to_hot_count=696228 hot_to_cold_count=692500 hot_pool_empty_count=0 cold_pool_empty_count=10 borrow_count=10 emergency_gc_count=0 counter_invariant=PASS
[FEMU] Log: vSSD0,Reset tt_late_ios/tt_ios,629632/2871991
         Stopping [0;1;39mSession 11 of user femu[0m.
[[0;32m  OK  [0m] Removed slice [0;1;39msystem-modprobe.slice[0m.
[[0;32m  OK  [0m] Stopped target [0;1;39mGraphical Interface[0m.
[[0;32m  OK  [0m] Stopped target [0;1;39mMulti-User System[0m.
[[0;32m  OK  [0m] Stopped target [0;1;39mLogin Prompts[0m.
[[0;32m  OK  [0m] Stopped target [0;1;39mNetwork is Online[0m.
[[0;32m  OK  [0m] Stopped target [0;1;39mHost and Network Name Lookups[0m.
[[0;32m  OK  [0m] Stopped target [0;1;39mTimers[0m.
[[0;32m  OK  [0m] Stopped [0;1;39mDaily apt upgrade and clean activities[0m.
[[0;32m  OK  [0m] Stopped [0;1;39mDaily apt download activities[0m.
[[0;32m  OK  [0m] Stopped [0;1;39mPeriodic ext4 Onli…ata Check for All Filesystems[0m.
[[0;32m  OK  [0m] Stopped [0;1;39mDiscard unused blocks once a week[0m.
[[0;32m  OK  [0m] Stopped [0;1;39mRefresh fwupd metadata regularly[0m.
[[0;32m  OK  [0m] Stopped [0;1;39mDaily rotation of log files[0m.
[[0;32m  OK  [0m] Stopped [0;1;39mDaily man-db regeneration[0m.
[[0;32m  OK  [0m] Stopped [0;1;39mMessage of the Day[0m.
[[0;32m  OK  [0m] Stopped [0;1;39mDaily Cleanup of Temporary Directories[0m.
[[0;32m  OK  [0m] Stopped target [0;1;39mSystem Time Synchronized[0m.
[[0;32m  OK  [0m] Stopped target [0;1;39mSystem Time Set[0m.
[[0;32m  OK  [0m] Closed [0;1;39mLVM2 poll daemon socket[0m.
[[0;32m  OK  [0m] Closed [0;1;39mLoad/Save RF Kill Switch Status /dev/rfkill Watch[0m.
         Stopping [0;1;39mAccounts Service[0m...
         Stopping [0         Stopping [0;1;39mOpenBSD Secure Shell server[0m...
[[0;32m  OK  [0m] Stopped [0;1;39mWait for Network to be Configured[0m.
         Stopping [0;1;39mLoad/Save Random Seed[0m...
         Stopping [0;1;39mUnattended Upgrades Shutdown[0m...
[[0;32m  OK  [0m] Stopped [0;1;39mAccounts Service[0m.
[[0;32m  OK  [0m] Stopped [0;1;39mirqbalance daemon[0m.
[[0;32m  OK  [0m] Stopped [0;1;39mDispatcher daemon for systemd-networkd[0m.
[[0;32m  OK  [0m] Stopped [0;1;39mRegular background program processing daemon[0m.
[[0;32m  OK  [0m] Stopped [0;1;39mSystem Logging Service[0m.
[[0;32m  OK  [0m] Stopped [0;1;39mSnap Daemon[0m.
[[0;32m  OK  [0m] Stopped [0;1;39mDeferred execution scheduler[0m.
[[0;32m  OK  [0m] Stopped [0;1;39mOpenBSD Secure Shell server[0m.
[[0;32m  OK  [0m] Stopped [0;1;39mAuthorization Manager[0m.
[[0;32m  OK  [0m] Stopped [0;1;39mSerial Getty on ttyS0[0m.
[[0;32m  OK  [0m] Stopped [0;1;39mUnattended Upgrades Shutdown[0m.
[[0;32m  OK  [0m] Stopped [0;1;39mGetty on tty1[0m.
[[0;32m  OK  [0m] Stopped [0;1;39mAvailability of block devices[0m.
[[0;32m  OK  [0m] Stopped [0;1;39mLoad/Save Random Seed[0m.
[[0;32m  OK  [0m] Stopped [0;1;39mSession 11 of user femu[0m.
[[0;32m  OK  [0m] Removed slice [0;1;39msystem-getty.slice[0m.
[[0;32m  OK  [0m] Removed slice [0;1;39msystem-serial\x2dgetty.slice[0m.
         Stopping [0;1;39mLogin Service[0m...
         Stopping [0;1;39mUser Manager for UID 1000[0m...
[[0;32m  OK  [0m] Stopped [0;1;39mLSB: automatic crash report generation[0m.
[[0;32m  OK  [0m] Stopped [0;1;39mUser Manager for UID 1000[0m.
[[0;32m  OK  [0m] Stopped [0;1;39mLSB: Record successful boot for GRUB[0m.
         Stopping [0;1;39mUser Runtime Directory /run/user/1000[0m...
[[0;32m  OK  [0m] Unmounted [0;1;39m/run/user/1000[0m.
[[0;32m  OK  [0m] Stopped [0;1;39mUser Runtime Directory /run/user/1000[0m.
[[0;32m  OK  [0m] Removed slice [0;1;39mUser Slice of UID 1000[0m.
         Stopping [0;1;39mD-Bus System Message Bus[0m...
         Stopping [0;1;39mPermit User Sessions[0m...
[[0;32m  OK  [0m] Stopped [0;1;39mD-Bus System Message Bus[0m.
[[0;32m  OK  [0m] Stopped [0;1;39mPermit User Sessions[0m.
[[0;32m  OK  [0m] Stopped target [0;1;39mNetwork[0m.
[[0;32m  OK  [0m] Stopped target [0;1;39mRemote File Systems[0m.
[[0;32m  OK  [0m] Stopped target [0;1;39mRemote File Systems (Pre)[0m.
         Stopping [0;1;39mNetwork Name Resolution[0m...
[[0;32m  OK  [0m] Stopped [0;1;39mNetwork Name Resolution[0m.
         Stopping [0;1;39mNetwork Service[0m...
[[0;32m  OK  [0m] Stopped [0;1;39mNetwork Service[0m.
[[0;32m  OK  [0m] Stopped [0;1;39mLogin Service[0m.
[[0;32m  OK  [0m] Stopped target [0;1;39mBasic System[0m.
[[0;32m  OK  [0m] Stopped target [0;1;39mUser and Group Name Lookups[0m.
[[0;32m  OK  [0m] Stopped target [0;1;39mPaths[0m.
[[0;32m  OK  [0m] Stopped target [0;1;39mSlices[0m.
[[0;32m  OK  [0m] Removed slice [0;1;39mUser and Session Slice[0m.
[[0;32m  OK  [0m] Stopped target [0;1;39mSockets[0m.
[[0;32m  OK  [0m] Closed [0;1;39mD-Bus System Message Bus Socket[0m.
[[0;32m  OK  [0m] Closed [0;1;39mOpen-iSCSI iscsid Socket[0m.
[[0;32m  OK  [0m] Closed [0;1;39mSocket unix for snap application lxd.daemon[0m.
[[0;32m  OK  [0m] Closed [0;1;39mSocket activation for snappy daemon[0m.
[[0;32m  OK  [0m] Closed [0;1;39mSyslog Socket[0m.
[[0;32m  OK  [0m] Closed [0;1;39mUUID daemon activation socket[0m.
[[0;32m  OK  [0m] Stopped target [0;1;39mSystem Initialization[0m.
[[0;32m  OK  [0m] Stopped target [0;1;39mLocal Encrypted Volumes[0m.
[[0;32m  OK  [0m] Stopped [0;1;39mDispatch Password …ts to Console Directory Watch[0m.
[[0;32m  OK  [0m] Stopped [0;1;39mForward Password R…uests to Wall Directory Watch[0m.
[[0;32m  OK  [0m] Stopped [0;1;39mApply Kernel Variables[0m.
[[0;32m  OK  [0m] Stopped [0;1;39mLoad Kernel Modules[0m.
         Stopping [0;1;39mNetwork Time Synchronization[0m...
         Stopping [0;1;39mUpdate UTMP about System Boot/Shutdown[0m...
[[0;32m  OK  [0m] Stopped [0;1;39mUpdate UTMP about System Boot/Shutdown[0m.
[[0;32m  OK  [0m] Stopped [0;1;39mNetwork Time Synchronization[0m.
[[0;32m  OK  [0m] Stopped [0;1;39mCreate Volatile Files and Directories[0m.
[[0;32m  OK  [0m] Stopped [0;1;39mCreate final runtime dir for shutdown pivot root[0m.
[[0;32m  OK  [0m] Stopped target [0;1;39mLocal File Systems[0m.
         Unmounting [0;1;39m/run/snapd/ns/lxd.mnt[0m...
         Unmounting [0;1;39mMount unit for core18, revision 1880[0m...
         Unmounting [0;1;39mMount unit for lxd, revision 16099[0m...
         Unmounting [0;1;39mMount unit for snapd, revision 8542[0m...
[[0;32m  OK  [0m] Unmounted [0;1;39m/run/snapd/ns/lxd.mnt[0m.
         Unmounting [0;1;39m/run/snapd/ns[0m...
[[0;32m  OK  [0m] Unmounted [0;1;39mMount unit for core18, revision 1880[0m.
[[0;32m  OK  [0m] Unmounted [0;1;39m/run/snapd/ns[0m.
[[0;32m  OK  [0m] Stopped target [0;1;39mSwap[0m.
         Deactivating swap [0;1;39m/swap.img[0m...
[[0;32m  OK  [0m] Deactivated swap [0;1;39m/swap.img[0m.
[[0;32m  OK  [0m] Unmounted [0;1;39mMount unit for lxd, revision 16099[0m.
[[0;32m  OK  [0m] Unmounted [0;1;39mMount unit for snapd, revision 8542[0m.
[[0;32m  OK  [0m] Stopped target [0;1;39mLocal File Systems (Pre)[0m.
[[0;32m  OK  [0m] Reached target [0;1;39mUnmount All Filesystems[0m.
         Stopping [0;1;39mMonitoring of LVM…meventd or progress polling[0m...
         Stopping [0;1;39mDevice-Mapper Multipath Device Controller[0m...
[[0;32m  OK  [0m] Stopped [0;1;39mCreate Static Device Nodes in /dev[0m.
[[0;32m  OK  [0m] Stopped [0;1;39mCreate System Users[0m.
[[0;32m  OK  [0m] Stopped [0;1;39mRemount Root and Kernel File Systems[0m.
[[0;32m  OK  [0m] Stopped [0;1;39mDevice-Mapper Multipath Device Controller[0m.
[[0;32m  OK  [0m] Stopped [0;1;39mMonitoring of LVM2… dmeventd or progress polling[0m.
[[0;32m  OK  [0m] Reached target [0;1;39mShutdown[0m.
[[0;32m  OK  [0m] Reached target [0;1;39mFinal Step[0m.
[[0;32m  OK  [0m] Finished [0;1;39mPower-Off[0m.
[[0;32m  OK  [0m] Reached target [0;1;39mPower-Off[0m.
[  406.209427] reboot: Power down
