[FEMU] FTL-Log: LPN metadata: entries=2097152 entry_size=40 total=80 MiB T=1024 A=3 C=2 D=65536 decay=on
[FEMU] FTL-Log: Write pointers: hot_line=64 cold_line=0 free=126 hot_free=63 cold_free=63
c[?7l[2J[0mSeaBIOS (version rel-1.17.0-0-gb52ca86e094d-prebuilt.qemu.org)


iPXE (http://ipxe.org) 00:03.0 CA00 PCI2.10 PnP PMM+BEFD1D20+BEF31D20 CA00
Press Ctrl-B to configure iPXE (PCI 00:03.0)...                                                                               


Booting from Hard Disk...
[H[J[1;1H[?25l[m[H[J[1;1H[2;30HGNU GRUB  version 2.04

[m[4;2H+----------------------------------------------------------------------------+[5;2H|[5;79H|[6;2H|[6;79H|[7;2H|[7;79H|[8;2H|[8;79H|[9;2H|[9;79H|[10;2H|[10;79H|[11;2H|[11;79H|[12;2H|[12;79H|[13;2H|[13;79H|[14;2H|[14;79H|[15;2H|[15;79H|[16;2H|[16;79H|[17;2H+----------------------------------------------------------------------------+[m[18;2H[19;2H[m     Use the ^ and v keys to select which entry is highlighted.          
      Press enter to boot the selected OS, `e' to edit the commands       
      before booting or `c' for a command-line.                           [5;80H [7m[5;3H*Ubuntu, with Linux 5.4.0-64-generic                                        [m[5;78H[m[m[6;3H                                                                            [m[6;78H[m[m[7;3H                                                                            [m[7;78H[m[m[8;3H                                                                            [m[8;78H[m[m[9;3H                                                                            [m[9;78H[m[m[10;3H                                                                            [m[10;78H[m[m[11;3H                                                                            [m[11;78H[m[m[12;3H                                                                            [m[12;78H[m[m[13;3H                                                                            [m[13;78H[m[m[14;3H                                                                            [m[14;78H[m[m[15;3H                                                                            [m[15;78H[m[m[16;3H                                                                            [m[16;78H[m[16;80H [5;78H[22;1H   The highlighted entry will be executed automatically in 3s.                 [5;78H[22;1H   The highlighted entry will be executed automatically in 2s.                 [5;78H[22;1H   The highlighted entry will be executed automatically in 1s.                 [5;78H[22;1H   The highlighted entry will be executed automatically in 0s.                 [5;78H[?25h[H[J[1;1H[H[J[1;1HLoading Linux 5.4.0-64-generic ...
Loading initial ramdisk ...
[    0.000000] Linux version 5.4.0-64-generic (buildd@lcy01-amd64-021) (gcc version 9.3.0 (Ubuntu 9.3.0-17ubuntu1~20.04)) #72-Ubuntu SMP Fri Jan 15 10:27:54 UTC 2021 (Ubuntu 5.4.0-64.72-generic 5.4.78)
[    0.000000] Command line: BOOT_IMAGE=/boot/vmlinuz-5.4.0-64-generic root=UUID=66add23f-3d34-46f1-a540-ebfdd268827e ro ip=dhcp console=ttyS0,115200 console=tty console=ttyS0 text
[    0.000000] KERNEL supported cpus:
[    0.000000]   Intel GenuineIntel
[    0.000000]   AMD AuthenticAMD
[    0.000000]   Hygon HygonGenuine
[    0.000000]   Centaur CentaurHauls
[    0.000000]   zhaoxin   Shanghai  
[    0.000000] x86/fpu: Supporting XSAVE feature 0x001: 'x87 floating point registers'
[    0.000000] x86/fpu: Supporting XSAVE feature 0x002: 'SSE registers'
[    0.000000] x86/fpu: Supporting XSAVE feature 0x004: 'AVX registers'
[    0.000000] x86/fpu: xstate_offset[2]:  576, xstate_sizes[2]:  256
[    0.000000] x86/fpu: Enabled xstate features 0x7, context size is 832 bytes, using 'compacted' format.
[    0.000000] BIOS-provided physical RAM map:
[    0.000000] BIOS-e820: [mem 0x0000000000000000-0x000000000009fbff] usable
[    0.000000] BIOS-e820: [mem 0x000000000009fc00-0x000000000009ffff] reserved
[    0.000000] BIOS-e820: [mem 0x00000000000f0000-0x00000000000fffff] reserved
[    0.000000] BIOS-e820: [mem 0x0000000000100000-0x00000000bffdcfff] usable
[    0.000000] BIOS-e820: [mem 0x00000000bffdd000-0x00000000bfffffff] reserved
[    0.000000] BIOS-e820: [mem 0x00000000feffc000-0x00000000feffffff] reserved
[    0.000000] BIOS-e820: [mem 0x00000000fffc0000-0x00000000ffffffff] reserved
[    0.000000] BIOS-e820: [mem 0x0000000100000000-0x000000013fffffff] usable
[    0.000000] NX (Execute Disable) protection: active
[    0.000000] SMBIOS 2.8 present.
[    0.000000] DMI: QEMU Standard PC (i440FX + PIIX, 1996), BIOS rel-1.17.0-0-gb52ca86e094d-prebuilt.qemu.org 04/01/2014
[    0.000000] Hypervisor detected: KVM
[    0.000000] kvm-clock: Using msrs 4b564d01 and 4b564d00
[    0.000000] kvm-clock: cpu 0, msr 23a01001, primary cpu clock
[    0.000000] kvm-clock: using sched offset of 8869331574 cycles
[    0.000002] clocksource: kvm-clock: mask: 0xffffffffffffffff max_cycles: 0x1cd42e4dffb, max_idle_ns: 881590591483 ns
[    0.000004] tsc: Detected 2995.202 MHz processor
[    0.002186] last_pfn = 0x140000 max_arch_pfn = 0x400000000
[    0.002454] x86/PAT: Configuration [0-7]: WB  WC  UC- UC  WB  WP  UC- WT  
[    0.002491] last_pfn = 0xbffdd max_arch_pfn = 0x400000000
[    0.009158] found SMP MP-table at [mem 0x000f54b0-0x000f54bf]
[    0.009303] check: Scanning 1 areas for low memory corruption
[    0.009598] Using GB pages for direct mapping
[    0.010046] RAMDISK: [mem 0x2d173000-0x328b0fff]
[    0.010113] ACPI: Early table checksum verification disabled
[    0.010140] ACPI: RSDP 0x00000000000F52B0 000014 (v00 BOCHS )
[    0.010153] ACPI: RSDT 0x00000000BFFE2458 000034 (v01 BOCHS  BXPC     00000001 BXPC 00000001)
[    0.010158] ACPI: FACP 0x00000000BFFE22F4 000074 (v01 BOCHS  BXPC     00000001 BXPC 00000001)
[    0.010163] ACPI: DSDT 0x00000000BFFE0040 0022B4 (v01 BOCHS  BXPC     00000001 BXPC 00000001)
[    0.010165] ACPI: FACS 0x00000000BFFE0000 000040
[    0.010167] ACPI: APIC 0x00000000BFFE2368 000090 (v03 BOCHS  BXPC     00000001 BXPC 00000001)
[    0.010169] ACPI: HPET 0x00000000BFFE23F8 000038 (v01 BOCHS  BXPC     00000001 BXPC 00000001)
[    0.010170] ACPI: WAET 0x00000000BFFE2430 000028 (v01 BOCHS  BXPC     00000001 BXPC 00000001)
[    0.010786] No NUMA configuration found
[    0.010787] Faking a node at [mem 0x0000000000000000-0x000000013fffffff]
[    0.010792] NODE_DATA(0) allocated [mem 0x13ffd3000-0x13fffdfff]
[    0.011412] Zone ranges:
[    0.011413]   DMA      [mem 0x0000000000001000-0x0000000000ffffff]
[    0.011415]   DMA32    [mem 0x0000000001000000-0x00000000ffffffff]
[    0.011415]   Normal   [mem 0x0000000100000000-0x000000013fffffff]
[    0.011416]   Device   empty
[    0.011417] Movable zone start for each node
[    0.011418] Early memory node ranges
[    0.011419]   node   0: [mem 0x0000000000001000-0x000000000009efff]
[    0.011420]   node   0: [mem 0x0000000000100000-0x00000000bffdcfff]
[    0.011420]   node   0: [mem 0x0000000100000000-0x000000013fffffff]
[    0.011698] Zeroed struct page in unavailable ranges: 133 pages
[    0.011699] Initmem setup node 0 [mem 0x0000000000001000-0x000000013fffffff]
[    0.182642] ACPI: PM-Timer IO Port: 0x608
[    0.182718] ACPI: LAPIC_NMI (acpi_id[0xff] dfl dfl lint[0x1])
[    0.182857] IOAPIC[0]: apic_id 0, version 17, address 0xfec00000, GSI 0-23
[    0.182859] ACPI: INT_SRC_OVR (bus 0 bus_irq 0 global_irq 2 dfl dfl)
[    0.182861] ACPI: INT_SRC_OVR (bus 0 bus_irq 5 global_irq 5 high level)
[    0.182861] ACPI: INT_SRC_OVR (bus 0 bus_irq 9 global_irq 9 high level)
[    0.182862] ACPI: INT_SRC_OVR (bus 0 bus_irq 10 global_irq 10 high level)
[    0.182863] ACPI: INT_SRC_OVR (bus 0 bus_irq 11 global_irq 11 high level)
[    0.182866] Using ACPI (MADT) for SMP configuration information
[    0.182900] ACPI: HPET id: 0x8086a201 base: 0xfed00000
[    0.182911] TSC deadline timer available
[    0.182919] smpboot: Allowing 4 CPUs, 0 hotplug CPUs
[    0.182968] KVM setup pv sched yield
[    0.183002] PM: Registered nosave memory: [mem 0x00000000-0x00000fff]
[    0.183003] PM: Registered nosave memory: [mem 0x0009f000-0x0009ffff]
[    0.183003] PM: Registered nosave memory: [mem 0x000a0000-0x000effff]
[    0.183004] PM: Registered nosave memory: [mem 0x000f0000-0x000fffff]
[    0.183004] PM: Registered nosave memory: [mem 0xbffdd000-0xbfffffff]
[    0.183005] PM: Registered nosave memory: [mem 0xc0000000-0xfeffbfff]
[    0.183005] PM: Registered nosave memory: [mem 0xfeffc000-0xfeffffff]
[    0.183005] PM: Registered nosave memory: [mem 0xff000000-0xfffbffff]
[    0.183006] PM: Registered nosave memory: [mem 0xfffc0000-0xffffffff]
[    0.183007] [mem 0xc0000000-0xfeffbfff] available for PCI devices
[    0.183013] Booting paravirtualized kernel on KVM
[    0.183016] clocksource: refined-jiffies: mask: 0xffffffff max_cycles: 0xffffffff, max_idle_ns: 7645519600211568 ns
[    0.183025] setup_percpu: NR_CPUS:8192 nr_cpumask_bits:4 nr_cpu_ids:4 nr_node_ids:1
[    0.186452] percpu: Embedded 55 pages/cpu s188416 r8192 d28672 u524288
[    0.186523] KVM setup async PF for cpu 0
[    0.186539] kvm-stealtime: cpu 0, msr 13ba2d040
[    0.186551] PV qspinlock hash table entries: 256 (order: 0, 4096 bytes, linear)
[    0.186581] Built 1 zonelists, mobility grouping on.  Total pages: 1032038
[    0.186582] Policy zone: Normal
[    0.186589] Kernel command line: BOOT_IMAGE=/boot/vmlinuz-5.4.0-64-generic root=UUID=66add23f-3d34-46f1-a540-ebfdd268827e ro ip=dhcp console=ttyS0,115200 console=tty console=ttyS0 text
[    0.193221] Dentry cache hash table entries: 524288 (order: 10, 4194304 bytes, linear)
[    0.196538] Inode-cache hash table entries: 262144 (order: 9, 2097152 bytes, linear)
[    0.196676] mem auto-init: stack:off, heap alloc:on, heap free:off
[    0.280409] Memory: 3932816K/4193772K available (14339K kernel code, 2399K rwdata, 4960K rodata, 2724K init, 4980K bss, 260956K reserved, 0K cma-reserved)
[    0.280461] random: get_random_u64 called from kmem_cache_open+0x2d/0x410 with crng_init=0
[    0.280833] SLUB: HWalign=64, Order=0-3, MinObjects=0, CPUs=4, Nodes=1
[    0.280895] ftrace: allocating 44555 entries in 175 pages
[    0.297289] rcu: Hierarchical RCU implementation.
[    0.297292] rcu: 	RCU restricting CPUs from NR_CPUS=8192 to nr_cpu_ids=4.
[    0.297297] 	Tasks RCU enabled.
[    0.297298] rcu: RCU calculated value of scheduler-enlistment delay is 25 jiffies.
[    0.297299] rcu: Adjusting geometry for rcu_fanout_leaf=16, nr_cpu_ids=4
[    0.299924] NR_IRQS: 524544, nr_irqs: 456, preallocated irqs: 16
[    0.300257] random: crng done (trusting CPU's manufacturer)
[    0.329162] Console: colour VGA+ 80x25
[    0.396991] printk: console [tty0] enabled
[    0.619915] printk: console [ttyS0] enabled
[    0.621806] ACPI: Core revision 20190816
[    0.623584] clocksource: hpet: mask: 0xffffffff max_cycles: 0xffffffff, max_idle_ns: 19112604467 ns
[    0.630199] APIC: Switch to symmetric I/O mode setup
[    0.633228] x2apic enabled
[    0.634911] Switched APIC routing to physical x2apic.
[    0.636452] KVM setup pv IPIs
[    0.639874] ..TIMER: vector=0x30 apic1=0 pin1=2 apic2=-1 pin2=-1
[    0.641972] clocksource: tsc-early: mask: 0xffffffffffffffff max_cycles: 0x2b2c909a7c7, max_idle_ns: 440795208498 ns
[    0.648374] Calibrating delay loop (skipped) preset value.. 5990.40 BogoMIPS (lpj=11980808)
[    0.652364] pid_max: default: 32768 minimum: 301
[    0.654468] LSM: Security Framework initializing
[    0.656382] Yama: becoming mindful.
[    0.657701] AppArmor: AppArmor initialized
[    0.660519] Mount-cache hash table entries: 8192 (order: 4, 65536 bytes, linear)
[    0.663712] Mountpoint-cache hash table entries: 8192 (order: 4, 65536 bytes, linear)
[    0.664508] *** VALIDATE tmpfs ***
[    0.668790] *** VALIDATE proc ***
[    0.670040] *** VALIDATE cgroup1 ***
[    0.672362] *** VALIDATE cgroup2 ***
[    0.674236] x86/cpu: User Mode Instruction Prevention (UMIP) activated
[    0.676614] Last level iTLB entries: 4KB 0, 2MB 0, 4MB 0
[    0.678490] Last level dTLB entries: 4KB 0, 2MB 0, 4MB 0, 1GB 0
[    0.680373] Spectre V1 : Mitigation: usercopy/swapgs barriers and __user pointer sanitization
[    0.684371] Spectre V2 : Mitigation: Enhanced IBRS
[    0.688359] Spectre V2 : Spectre v2 / SpectreRSB mitigation: Filling RSB on context switch
[    0.692365] Spectre V2 : mitigation: Enabling conditional Indirect Branch Prediction Barrier
[    0.696383] Speculative Store Bypass: Mitigation: Speculative Store Bypass disabled via prctl and seccomp
[    0.700743] Freeing SMP alternatives memory: 40K
[    0.705453] smpboot: CPU0: Intel(R) Core(TM) Ultra 5 125H (family: 0x6, model: 0xaa, stepping: 0x4)
[    0.708752] Performance Events: unsupported p6 CPU model 170 no PMU driver, software events only.
[    0.712484] rcu: Hierarchical SRCU implementation.
[    0.715204] NMI watchdog: Perf NMI watchdog permanently disabled
[    0.716624] smp: Bringing up secondary CPUs ...
[    0.718706] x86: Booting SMP configuration:
[    0.720372] .... node  #0, CPUs:      #1
[    0.340183] kvm-clock: cpu 1, msr 23a01041, secondary cpu clock
[    0.723111] KVM setup async PF for cpu 1
[    0.724353] kvm-stealtime: cpu 1, msr 13baad040
[    0.728825]  #2
[    0.340183] kvm-clock: cpu 2, msr 23a01081, secondary cpu clock
[    0.730665] KVM setup async PF for cpu 2
[    0.731750] kvm-stealtime: cpu 2, msr 13bb2d040
[    0.737034]  #3
[    0.340183] kvm-clock: cpu 3, msr 23a010c1, secondary cpu clock
[    0.738703] KVM setup async PF for cpu 3
[    0.739886] kvm-stealtime: cpu 3, msr 13bbad040
[    0.744573] smp: Brought up 1 node, 4 CPUs
[    0.746145] smpboot: Max logical packages: 1
[    0.747631] smpboot: Total of 4 processors activated (23961.61 BogoMIPS)
[    0.750399] devtmpfs: initialized
[    0.752463] x86/mm: Memory block size: 128MB
[    0.756628] clocksource: jiffies: mask: 0xffffffff max_cycles: 0xffffffff, max_idle_ns: 7645041785100000 ns
[    0.760520] futex hash table entries: 1024 (order: 4, 65536 bytes, linear)
[    0.763059] pinctrl core: initialized pinctrl subsystem
[    0.765080] PM: RTC time: 18:37:01, date: 2026-08-22
[    0.769931] NET: Registered protocol family 16
[    0.772780] audit: initializing netlink subsys (disabled)
[    0.774737] audit: type=2000 audit(1787423822.184:1): state=initialized audit_enabled=0 res=1
[    0.774737] EISA bus registered
[    0.778921] cpuidle: using governor ladder
[    0.780445] cpuidle: using governor menu
[    0.782692] KVM setup pv remote TLB flush
[    0.784273] ACPI: bus type PCI registered
[    0.784378] acpiphp: ACPI Hot Plug PCI Controller Driver version: 0.5
[    0.787272] PCI: Using configuration type 1 for base access
[    0.792434] HugeTLB registered 1.00 GiB page size, pre-allocated 0 pages
[    0.794679] HugeTLB registered 2.00 MiB page size, pre-allocated 0 pages
[    0.812852] ACPI: Added _OSI(Module Device)
[    0.816564] ACPI: Added _OSI(Processor Device)
[    0.820517] ACPI: Added _OSI(3.0 _SCP Extensions)
[    0.823199] ACPI: Added _OSI(Processor Aggregator Device)
[    0.824368] ACPI: Added _OSI(Linux-Dell-Video)
[    0.825768] ACPI: Added _OSI(Linux-Lenovo-NV-HDMI-Audio)
[    0.832375] ACPI: Added _OSI(Linux-HPI-Hybrid-Graphics)
[    0.838481] ACPI: 1 ACPI AML tables successfully acquired and loaded
[    0.846548] ACPI: Interpreter enabled
[    0.848353] ACPI: (supports S0 S3 S4 S5)
[    0.856405] ACPI: Using IOAPIC for interrupt routing
[    0.859972] PCI: Using host bridge windows from ACPI; if necessary, use "pci=nocrs" and report a bug
[    0.864838] ACPI: Enabled 2 GPEs in block 00 to 0F
[    0.879774] ACPI: PCI Root Bridge [PCI0] (domain 0000 [bus 00-ff])
[    0.880379] acpi PNP0A03:00: _OSC: OS supports [ASPM ClockPM Segments MSI HPX-Type3]
[    0.888533] acpi PNP0A03:00: fail to add MMCONFIG information, can't access extended PCI configuration space under this bridge.
[    0.892972] acpiphp: Slot [3] registered
[    0.894427] acpiphp: Slot [4] registered
[    0.895970] acpiphp: Slot [5] registered
[    0.900433] acpiphp: Slot [6] registered
[    0.903249] acpiphp: Slot [7] registered
[    0.904446] acpiphp: Slot [8] registered
[    0.906755] acpiphp: Slot [9] registered
[    0.908338] acpiphp: Slot [10] registered
[    0.908407] acpiphp: Slot [11] registered
[    0.909736] acpiphp: Slot [12] registered
[    0.911173] acpiphp: Slot [13] registered
[    0.912447] acpiphp: Slot [14] registered
[    0.913880] acpiphp: Slot [15] registered
[    0.915994] acpiphp: Slot [16] registered
[    0.920486] acpiphp: Slot [17] registered
[    0.924675] acpiphp: Slot [18] registered
[    0.927255] acpiphp: Slot [19] registered
[    0.928715] acpiphp: Slot [20] registered
[    0.930186] acpiphp: Slot [21] registered
[    0.932070] acpiphp: Slot [22] registered
[    0.936668] acpiphp: Slot [23] registered
[    0.941406] acpiphp: Slot [24] registered
[    0.943754] acpiphp: Slot [25] registered
[    0.948417] acpiphp: Slot [26] registered
[    0.950150] acpiphp: Slot [27] registered
[    0.952070] acpiphp: Slot [28] registered
[    0.952422] acpiphp: Slot [29] registered
[    0.954393] acpiphp: Slot [30] registered
[    0.956257] acpiphp: Slot [31] registered
[    0.960406] PCI host bridge to bus 0000:00
[    0.961944] pci_bus 0000:00: root bus resource [io  0x0000-0x0cf7 window]
[    0.964366] pci_bus 0000:00: root bus resource [io  0x0d00-0xffff window]
[    0.966580] pci_bus 0000:00: root bus resource [mem 0x000a0000-0x000bffff window]
[    0.968368] pci_bus 0000:00: root bus resource [mem 0xc0000000-0xfebfffff window]
[    0.972370] pci_bus 0000:00: root bus resource [mem 0xe0000000000-0xe007fffffff window]
[    0.976369] pci_bus 0000:00: root bus resource [bus 00-ff]
[    0.978544] pci 0000:00:00.0: [8086:1237] type 00 class 0x060000
[    0.982502] pci 0000:00:01.0: [8086:7000] type 00 class 0x060100
[    0.989579] pci 0000:00:01.1: [8086:7010] type 00 class 0x010180
[    0.999432] pci 0000:00:01.1: reg 0x20: [io  0xc060-0xc06f]
[    1.001848] pci 0000:00:01.1: legacy IDE quirk: reg 0x10: [io  0x01f0-0x01f7]
[    1.004365] pci 0000:00:01.1: legacy IDE quirk: reg 0x14: [io  0x03f6]
[    1.008433] pci 0000:00:01.1: legacy IDE quirk: reg 0x18: [io  0x0170-0x0177]
[    1.011916] pci 0000:00:01.1: legacy IDE quirk: reg 0x1c: [io  0x0376]
[    1.017077] pci 0000:00:01.3: [8086:7113] type 00 class 0x068000
[    1.021247] pci 0000:00:01.3: quirk: [io  0x0600-0x063f] claimed by PIIX4 ACPI
[    1.024466] pci 0000:00:01.3: quirk: [io  0x0700-0x070f] claimed by PIIX4 SMB
[    1.029922] pci 0000:00:02.0: [1234:1111] type 00 class 0x030000
[    1.037245] pci 0000:00:02.0: reg 0x10: [mem 0xfd000000-0xfdffffff pref]
[    1.044569] pci 0000:00:02.0: reg 0x18: [mem 0xfebd0000-0xfebd0fff]
[    1.056277] pci 0000:00:02.0: reg 0x30: [mem 0xfebc0000-0xfebcffff pref]
[    1.060958] pci 0000:00:03.0: [1af4:1000] type 00 class 0x020000
[    1.065683] pci 0000:00:03.0: reg 0x10: [io  0xc040-0xc05f]
[    1.066295] pci 0000:00:03.0: reg 0x14: [mem 0xfebd1000-0xfebd1fff]
[    1.068353] pci 0000:00:03.0: reg 0x20: [mem 0xe0040000000-0xe0040003fff 64bit pref]
[    1.076353] pci 0000:00:03.0: reg 0x30: [mem 0xfeb80000-0xfebbffff pref]
[    1.081000] pci 0000:00:04.0: [1af4:1004] type 00 class 0x010000
[    1.099156] pci 0000:00:04.0: reg 0x10: [io  0xc000-0xc03f]
[    1.100353] pci 0000:00:04.0: reg 0x14: [mem 0xfebd2000-0xfebd2fff]
[    1.133836] pci 0000:00:04.0: reg 0x20: [mem 0xe0040004000-0xe0040007fff 64bit pref]
[    1.148687] pci 0000:00:05.0: [1d1d:1f1f] type 00 class 0x010802
[    1.159861] pci 0000:00:05.0: reg 0x10: [mem 0xe0000000000-0xe0000001fff 64bit]
[    1.166853] pci 0000:00:05.0: reg 0x20: [mem 0xfebd3000-0xfebd3fff]
[    1.170055] pci 0000:00:05.0: enabling Extended Tags
[    1.214890] ACPI: PCI Interrupt Link [LNKA] (IRQs 5 *10 11)
[    1.220582] ACPI: PCI Interrupt Link [LNKB] (IRQs 5 *10 11)
[    1.222844] ACPI: PCI Interrupt Link [LNKC] (IRQs 5 10 *11)
[    1.224657] ACPI: PCI Interrupt Link [LNKD] (IRQs 5 10 *11)
[    1.236735] ACPI: PCI Interrupt Link [LNKS] (IRQs *9)
[    1.241472] iommu: Default domain type: Translated 
[    1.246644] SCSI subsystem initialized
[    1.248657] pci 0000:00:02.0: vgaarb: setting as boot VGA device
[    1.251550] pci 0000:00:02.0: vgaarb: VGA device added: decodes=io+mem,owns=io+mem,locks=none
[    1.252374] pci 0000:00:02.0: vgaarb: bridge control possible
[    1.255606] vgaarb: loaded
[    1.260668] ACPI: bus type USB registered
[    1.262784] usbcore: registered new interface driver usbfs
[    1.264559] usbcore: registered new interface driver hub
[    1.268494] usbcore: registered new device driver usb
[    1.272207] pps_core: LinuxPPS API ver. 1 registered
[    1.276366] pps_core: Software ver. 5.3.6 - Copyright 2005-2007 Rodolfo Giometti <giometti@linux.it>
[    1.279255] PTP clock support registered
[    1.280630] EDAC MC: Ver: 3.0.0
[    1.285036] PCI: Using ACPI for IRQ routing
[    1.290002] NetLabel: Initializing
[    1.291762] NetLabel:  domain hash size = 128
[    1.292367] NetLabel:  protocols = UNLABELED CIPSOv4 CALIPSO
[    1.295481] NetLabel:  unlabeled traffic allowed by default
[    1.298587] hpet0: at MMIO 0xfed00000, IRQs 2, 8, 0
[    1.300375] hpet0: 3 comparators, 64-bit 100.000000 MHz counter
[    1.307439] clocksource: Switched to clocksource kvm-clock
[    1.345680] *** VALIDATE bpf ***
[    1.348135] VFS: Disk quotas dquot_6.6.0
[    1.349671] VFS: Dquot-cache hash table entries: 512 (order 0, 4096 bytes)
[    1.352294] *** VALIDATE ramfs ***
[    1.354098] *** VALIDATE hugetlbfs ***
[    1.356388] AppArmor: AppArmor Filesystem Enabled
[    1.358375] pnp: PnP ACPI init
[    1.361016] pnp: PnP ACPI: found 6 devices
[    1.367485] thermal_sys: Registered thermal governor 'fair_share'
[    1.367486] thermal_sys: Registered thermal governor 'bang_bang'
[    1.370391] thermal_sys: Registered thermal governor 'step_wise'
[    1.372775] thermal_sys: Registered thermal governor 'user_space'
[    1.375076] thermal_sys: Registered thermal governor 'power_allocator'
[    1.382354] clocksource: acpi_pm: mask: 0xffffff max_cycles: 0xffffff, max_idle_ns: 2085701024 ns
[    1.389098] pci_bus 0000:00: resource 4 [io  0x0000-0x0cf7 window]
[    1.391434] pci_bus 0000:00: resource 5 [io  0x0d00-0xffff window]
[    1.393590] pci_bus 0000:00: resource 6 [mem 0x000a0000-0x000bffff window]
[    1.398231] pci_bus 0000:00: resource 7 [mem 0xc0000000-0xfebfffff window]
[    1.403153] pci_bus 0000:00: resource 8 [mem 0xe0000000000-0xe007fffffff window]
[    1.406480] NET: Registered protocol family 2
[    1.408849] tcp_listen_portaddr_hash hash table entries: 2048 (order: 3, 32768 bytes, linear)
[    1.412183] TCP established hash table entries: 32768 (order: 6, 262144 bytes, linear)
[    1.417868] TCP bind hash table entries: 32768 (order: 7, 524288 bytes, linear)
[    1.421577] TCP: Hash tables configured (established 32768 bind 32768)
[    1.429018] UDP hash table entries: 2048 (order: 4, 65536 bytes, linear)
[    1.432044] UDP-Lite hash table entries: 2048 (order: 4, 65536 bytes, linear)
[    1.437210] NET: Registered protocol family 1
[    1.439007] NET: Registered protocol family 44
[    1.441121] pci 0000:00:01.0: PIIX3: Enabling Passive Release
[    1.443085] pci 0000:00:00.0: Limiting direct PCI/PCI transfers
[    1.445475] pci 0000:00:01.0: Activating ISA DMA hang workarounds
[    1.447582] pci 0000:00:02.0: Video device with shadowed ROM at [mem 0x000c0000-0x000dffff]
[    1.452408] PCI: CLS 0 bytes, default 64
[    1.454869] Trying to unpack rootfs image as initramfs...
[    4.145052] Freeing initrd memory: 89336K
[    4.149868] PCI-DMA: Using software bounce buffering for IO (SWIOTLB)
[    4.161947] software IO TLB: mapped [mem 0xbbfdd000-0xbffdd000] (64MB)
[    4.191087] clocksource: tsc: mask: 0xffffffffffffffff max_cycles: 0x2b2c909a7c7, max_idle_ns: 440795208498 ns
[    4.216000] check: Scanning for low memory corruption every 60 seconds
[    4.239198] Initialise system trusted keyrings
[    4.247441] Key type blacklist registered
[    4.257622] workingset: timestamp_bits=36 max_order=20 bucket_order=0
[    4.267898] zbud: loaded
[    4.281515] squashfs: version 4.0 (2009/01/31) Phillip Lougher
[    4.291757] fuse: init (API version 7.31)
[    4.305576] *** VALIDATE fuse ***
[    4.310242] *** VALIDATE fuse ***
[    4.318415] Platform Keyring initialized
[    4.327954] Key type asymmetric registered
[    4.335436] Asymmetric key parser 'x509' registered
[    4.340482] Block layer SCSI generic (bsg) driver version 0.4 loaded (major 244)
[    4.355833] io scheduler mq-deadline registered
[    4.361760] shpchp: Standard Hot Plug PCI Controller Driver version: 0.4
[    4.374640] input: Power Button as /devices/LNXSYSTM:00/LNXPWRBN:00/input/input0
[    4.382197] ACPI: Power Button [PWRF]
[    4.398311] PCI Interrupt Link [LNKC] enabled at IRQ 11
[    4.424966] PCI Interrupt Link [LNKD] enabled at IRQ 10
[    4.454875] Serial: 8250/16550 driver, 32 ports, IRQ sharing enabled
[    4.507009] 00:04: ttyS0 at I/O 0x3f8 (irq = 4, base_baud = 115200) is a 16550A
[    4.525904] Linux agpgart interface v0.103
[    4.570879] loop: module loaded
[    4.593307] scsi host0: ata_piix
[    4.601522] scsi host1: ata_piix
[    4.605761] ata1: PATA max MWDMA2 cmd 0x1f0 ctl 0x3f6 bmdma 0xc060 irq 14
[    4.612111] ata2: PATA max MWDMA2 cmd 0x170 ctl 0x376 bmdma 0xc068 irq 15
[    4.624987] libphy: Fixed MDIO Bus: probed
[    4.629689] tun: Universal TUN/TAP device driver, 1.6
[    4.634668] PPP generic driver version 2.4.2
[    4.641678] VFIO - User Level meta-driver version: 0.3
[    4.647927] ehci_hcd: USB 2.0 'Enhanced' Host Controller (EHCI) Driver
[    4.653249] ehci-pci: EHCI PCI platform driver
[    4.660957] ehci-platform: EHCI generic platform driver
[    4.665648] ohci_hcd: USB 1.1 'Open' Host Controller (OHCI) Driver
[    4.670314] ohci-pci: OHCI PCI platform driver
[    4.677298] ohci-platform: OHCI generic platform driver
[    4.683329] uhci_hcd: USB Universal Host Controller Interface driver
[    4.690314] i8042: PNP: PS/2 Controller [PNP0303:KBD,PNP0f13:MOU] at 0x60,0x64 irq 1,12
[    4.700940] serio: i8042 KBD port at 0x60,0x64 irq 1
[    4.707881] serio: i8042 AUX port at 0x60,0x64 irq 12
[    4.713615] mousedev: PS/2 mouse device common for all mice
[    4.722931] rtc_cmos 00:05: RTC can wake from S4
[    4.738260] input: AT Translated Set 2 keyboard as /devices/platform/i8042/serio0/input/input1
[    4.746011] rtc_cmos 00:05: registered as rtc0
[    4.763016] rtc_cmos 00:05: alarms up to one day, y3k, 242 bytes nvram, hpet irqs
[    4.769456] i2c /dev entries driver
[    4.773314] device-mapper: uevent: version 1.0.3
[    4.781191] device-mapper: ioctl: 4.41.0-ioctl (2019-09-16) initialised: dm-devel@redhat.com
[    4.788996] platform eisa.0: Probing EISA bus 0
[    4.797288] platform eisa.0: EISA: Cannot allocate resource for mainboard
[    4.803242] platform eisa.0: Cannot allocate resource for EISA slot 1
[    4.811843] platform eisa.0: Cannot allocate resource for EISA slot 2
[    4.818681] platform eisa.0: Cannot allocate resource for EISA slot 3
[    4.823902] platform eisa.0: Cannot allocate resource for EISA slot 4
[    4.834944] platform eisa.0: Cannot allocate resource for EISA slot 5
[    4.839904] platform eisa.0: Cannot allocate resource for EISA slot 6
[    4.848802] platform eisa.0: Cannot allocate resource for EISA slot 7
[    4.853602] platform eisa.0: Cannot allocate resource for EISA slot 8
[    4.860348] platform eisa.0: EISA: Detected 0 cards
[    4.868797] intel_pstate: CPU model not supported
[    4.873090] ledtrig-cpu: registered to indicate activity on CPUs
[    4.883463] drop_monitor: Initializing network drop monitor service
[    4.890763] NET: Registered protocol family 10
[    4.945358] Segment Routing with IPv6
[    4.948035] NET: Registered protocol family 17
[    4.954066] Key type dns_resolver registered
[    4.965213] RAS: Correctable Errors collector initialized.
[    4.973504] IPI shorthand broadcast: enabled
[    4.981195] sched_clock: Marking stable (4644528755, 336183053)->(5114137626, -133425818)
[    4.987904] registered taskstats version 1
[    4.992177] Loading compiled-in X.509 certificates
[    5.003694] Loaded X.509 cert 'Build time autogenerated kernel key: 7f1af841edfbf04e4b72462ffb6202c30b2da0bb'
[    5.010574] zswap: loaded using pool lzo/zbud
[    5.019515] Key type ._fscrypt registered
[    5.022815] Key type .fscrypt registered
[    5.042379] Key type big_key registered
[    5.050085] Key type encrypted registered
[    5.053237] AppArmor: AppArmor sha1 policy hashing enabled
[    5.059385] ima: No TPM chip found, activating TPM-bypass!
[    5.067204] ima: Allocated hash algorithm: sha1
[    5.071432] ima: No architecture policies found
[    5.077435] evm: Initialising EVM extended attributes:
[    5.084764] evm: security.selinux
[    5.087113] evm: security.SMACK64
[    5.089574] evm: security.SMACK64EXEC
[    5.092156] evm: security.SMACK64TRANSMUTE
[    5.098169] evm: security.SMACK64MMAP
[    5.103423] evm: security.apparmor
[    5.106714] evm: security.ima
[    5.109215] evm: security.capability
[    5.114191] evm: HMAC attrs: 0x1
[    5.140116] PM:   Magic number: 6:158:646
[    5.144188] scsi_host host0: hash matches
[    5.147100] scsi host0: hash matches
[    5.151006] rtc_cmos 00:05: setting system clock to 2026-08-22T18:37:06 UTC (1787423826)
[    5.184149] Freeing unused decrypted memory: 2040K
[    5.219557] Freeing unused kernel image memory: 2724K
[    5.236878] Write protecting the kernel read-only data: 22528k
[    5.250725] Freeing unused kernel image memory: 2008K
[    5.296060] Freeing unused kernel image memory: 1184K
[    5.309735] x86/mm: Checked W+X mappings: passed, no W+X pages found.
[    5.315728] Run /init as init process
Loading, please wait...
Starting version 245.4-4ubuntu3.2
[    5.530620] piix4_smbus 0000:00:01.3: SMBus Host Controller at 0x700, revision 0
[    5.543380] Floppy drive(s): fd0 is 2.88M AMI BIOS
[    5.550388] input: VirtualPS/2 VMware VMMouse as /devices/platform/i8042/serio1/input/input4
[    5.578970] input: VirtualPS/2 VMware VMMouse as /devices/platform/i8042/serio1/input/input3
[    5.599972] FDC 0 is a S82078B
[    5.600155] nvme nvme0: pci function 0000:00:05.0
[    5.612104] PCI Interrupt Link [LNKA] enabled at IRQ 10
[    5.615397] cryptd: max_cpu_qlen set to 1000
[    5.655257] scsi host2: Virtio SCSI HBA
[    5.664455] nvme nvme0: 4/0/0 default/read/poll queues
[    5.674680] AVX2 version of gcm_enc/dec engaged.
[    5.686290] AES CTR mode by8 optimization enabled
[    5.711815] virtio_net virtio0 ens3: renamed from eth0
[    5.718864] scsi 2:0:0:0: Direct-Access     QEMU     QEMU HARDDISK    2.5+ PQ: 0 ANSI: 5
[    5.758722] bochs-drm 0000:00:02.0: remove_conflicting_pci_framebuffers: bar 0: 0xfd000000 -> 0xfdffffff
[    5.773312] bochs-drm 0000:00:02.0: remove_conflicting_pci_framebuffers: bar 2: 0xfebd0000 -> 0xfebd0fff
[    5.792985] bochs-drm 0000:00:02.0: vgaarb: deactivate vga console
[    5.841693] Console: switching to colour dummy device 80x25
[    5.849480] [drm] Found bochs VGA, ID 0xb0c5.
[    5.852825] [drm] Framebuffer size 16384 kB @ 0xfd000000, mmio @ 0xfebd0000.
[    5.867486] [TTM] Zone  kernel: Available graphics memory: 2015074 KiB
[    5.886096] [TTM] Initializing pool allocator
[    5.896768] [TTM] Initializing DMA pool allocator
[    5.919046] [drm] Found EDID data blob.
[    5.927503] [drm] Initialized bochs-drm 1.0.0 20130925 for 0000:00:02.0 on minor 0
[    5.994172] sd 2:0:0:0: Attached scsi generic sg0 type 0
[    5.995436] sd 2:0:0:0: Power-on or device reset occurred
[    6.018359] fbcon: bochs-drmdrmfb (fb0) is primary device
[    6.022529] sd 2:0:0:0: [sda] 167772160 512-byte logical blocks: (85.9 GB/80.0 GiB)
[    6.022881] sd 2:0:0:0: [sda] Write Protect is off
[    6.023325] sd 2:0:0:0: [sda] Write cache: enabled, read cache: enabled, supports DPO and FUA
[    6.057533] Console: switching to colour frame buffer device 160x50
[    6.067980]  sda: sda1 sda2
[    6.077457] bochs-drm 0000:00:02.0: fb0: bochs-drmdrmfb frame buffer device
[    6.130599] sd 2:0:0:0: [sda] Attached SCSI disk
Begin: Loading essential drivers ... [    6.492616] raid6: avx2x4   gen()  4566 MB/s
[    6.552811] raid6: avx2x4   xor()  5147 MB/s
[    6.608623] raid6: avx2x2   gen() 16951 MB/s
[    6.660514] raid6: avx2x2   xor() 10712 MB/s
[    6.712576] raid6: avx2x1   gen() 12908 MB/s
[    6.760775] raid6: avx2x1   xor()  8495 MB/s
[    6.816603] raid6: sse2x4   gen()  9249 MB/s
[    6.872902] raid6: sse2x4   xor()  5159 MB/s
[    6.933750] raid6: sse2x2   gen()  5653 MB/s
[    7.000712] raid6: sse2x2   xor()  2105 MB/s
[    7.066637] raid6: sse2x1   gen()  2467 MB/s
[    7.140930] raid6: sse2x1   xor()  1993 MB/s
[    7.151247] raid6: using algorithm avx2x2 gen() 16951 MB/s
[    7.167217] raid6: .... xor() 10712 MB/s, rmw enabled
[    7.195335] raid6: using avx2x2 recovery algorithm
[    7.257677] xor: automatically using best checksumming function   avx       
[    7.300740] async_tx: api initialized (async)
done.
Begin: Running /scripts/init-premount ... done.
Begin: Mounting root file system ... Begin: Running /scripts/local-top ... done.
Begin: Running /scripts/local-premount ... [    7.876043] Btrfs loaded, crc32c=crc32c-intel
Scanning for Btrfs filesystems
[    7.976878] blk_update_request: I/O error, dev fd0, sector 0 op 0x0:(READ) flags 0x0 phys_seg 1 prio class 0
[    7.984295] floppy: error 10 while reading block 0
done.
Warning: fsck not present, so skipping root file system
[    8.114314] EXT4-fs (sda2): mounted filesystem with ordered data mode. Opts: (null)
done.
Begin: Running /scripts/local-bottom ... done.
Begin: Running /scripts/init-bottom ... Internet Systems Consortium DHCP Client 4.4.1
Copyright 2004-2018 Internet Systems Consortium.
All rights reserved.
For info, please visit https://www.isc.org/software/dhcp/

Listening on LPF/ens3/52:54:00:12:34:56
Sending on   LPF/ens3/52:54:00:12:34:56
Sending on   Socket/fallback
DHCPDISCOVER on ens3 to 255.255.255.255 port 67 interval 3 (xid=0x7c1062b)
DHCPOFFER of 10.0.2.15 from 10.0.2.2
DHCPREQUEST for 10.0.2.15 on ens3 to 255.255.255.255 port 67 (xid=0x2b06c107)
DHCPACK of 10.0.2.15 from 10.0.2.2 (xid=0x7c1062b)
bound to 10.0.2.15 -- renewal in 39717 seconds.
done.
[    8.964118] systemd[1]: Inserted module 'autofs4'
[    9.042694] systemd[1]: systemd 245.4-4ubuntu3.2 running in system mode. (+PAM +AUDIT +SELINUX +IMA +APPARMOR +SMACK +SYSVINIT +UTMP +LIBCRYPTSETUP +GCRYPT +GNUTLS +ACL +XZ +LZ4 +SECCOMP +BLKID +ELFUTILS +KMOD +IDN2 -IDN +PCRE2 default-hierarchy=hybrid)
[    9.066554] systemd[1]: Detected virtualization kvm.
[    9.073061] systemd[1]: Detected architecture x86-64.

Welcome to [1mUbuntu 20.04.1 LTS[0m!

[    9.126947] systemd[1]: Set hostname to <fvm>.
[    9.532742] systemd[1]: /lib/systemd/system/dbus.socket:5: ListenStream= references a path below legacy directory /var/run/, updating /var/run/dbus/system_bus_socket → /run/dbus/system_bus_socket; please update the unit file accordingly.
[    9.807131] systemd[1]: Created slice system-modprobe.slice.
[[0;32m  OK  [0m] Created slice [0;1;39msystem-modprobe.slice[0m.
[    9.820814] systemd[1]: Created slice system-serial\x2dgetty.slice.
[[0;32m  OK  [0m] Created slice [0;1;39msystem-serial\x2dgetty.slice[0m.
[    9.837202] systemd[1]: Created slice User and Session Slice.
[[0;32m  OK  [0m] Created slice [0;1;39mUser and Session Slice[0m.
[    9.855500] systemd[1]: Started Forward Password Requests to Wall Directory Watch.
[[0;32m  OK  [0m] Started [0;1;39mForward Password R…uests to Wall Directory Watch[0m.
[    9.879059] systemd[1]: Set up automount Arbitrary Executable File Formats File System Automount Point.
[[0;32m  OK  [0m] Set up automount [0;1;39mArbitrary…s File System Automount Point[0m.
[    9.900558] systemd[1]: Reached target User and Group Name Lookups.
[[0;32m  OK  [0m] Reached target [0;1;39mUser and Group Name Lookups[0m.
[    9.917013] systemd[1]: Reached target Slices.
[[0;32m  OK  [0m] Reached target [0;1;39mSlices[0m.
[    9.929246] systemd[1]: Listening on Device-mapper event daemon FIFOs.
[[0;32m  OK  [0m] Listening on [0;1;39mDevice-mapper event daemon FIFOs[0m.
[    9.946760] systemd[1]: Listening on LVM2 poll daemon socket.
[[0;32m  OK  [0m] Listening on [0;1;39mLVM2 poll daemon socket[0m.
[    9.960935] systemd[1]: Listening on multipathd control socket.
[[0;32m  OK  [0m] Listening on [0;1;39mmultipathd control socket[0m.
[    9.981946] systemd[1]: Listening on Syslog Socket.
[[0;32m  OK  [0m] Listening on [0;1;39mSyslog Socket[0m.
[    9.998669] systemd[1]: Listening on initctl Compatibility Named Pipe.
[[0;32m  OK  [0m] Listening on [0;1;39minitctl Compatibility Named Pipe[0m.
[   10.025419] systemd[1]: Listening on Journal Audit Socket.
[[0;32m  OK  [0m] Listening on [0;1;39mJournal Audit Socket[0m.
[   10.042040] systemd[1]: Listening on Journal Socket (/dev/log).
[[0;32m  OK  [0m] Listening on [0;1;39mJournal Socket (/dev/log)[0m.
[   10.070206] systemd[1]: Listening on Journal Socket.
[[0;32m  OK  [0m] Listening on [0;1;39mJournal Socket[0m.
[   10.094130] systemd[1]: Listening on Network Service Netlink Socket.
[[0;32m  OK  [0m] Listening on [0;1;39mNetwork Service Netlink Socket[0m.
[   10.113909] systemd[1]: Listening on udev Control Socket.
[[0;32m  OK  [0m] Listening on [0;1;39mudev Control Socket[0m.
[   10.133982] systemd[1]: Listening on udev Kernel Socket.
[[0;32m  OK  [0m] Listening on [0;1;39mudev Kernel Socket[0m.
[   10.153762] systemd[1]: Mounting Huge Pages File System...
         Mounting [0;1;39mHuge Pages File System[0m...
[   10.178898] systemd[1]: Mounting POSIX Message Queue File System...
         Mounting [0;1;39mPOSIX Message Queue File System[0m...
[   10.207779] systemd[1]: Mounting Kernel Debug File System...
         Mounting [0;1;39mKernel Debug File System[0m...
[   10.226281] systemd[1]: Mounting Kernel Trace File System...
         Mounting [0;1;39mKernel Trace File System[0m...
[   10.250006] systemd[1]: Starting Journal Service...
         Starting [0;1;39mJournal Service[0m...
[   10.266053] systemd[1]: Starting Set the console keyboard layout...
         Starting [0;1;39mSet the console keyboard layout[0m...
[   10.289910] systemd[1]: Starting Create list of static device nodes for the current kernel...
         Starting [0;1;39mCreate list of st…odes for the current kernel[0m...
[   10.312884] systemd[1]: Starting Monitoring of LVM2 mirrors, snapshots etc. using dmeventd or progress polling...
         Starting [0;1;39mMonitoring of LVM…meventd or progress polling[0m...
[   10.330790] systemd[1]: Condition check resulted in Load Kernel Module drm being skipped.
[   10.345942] systemd[1]: Condition check resulted in Set Up Additional Binary Formats being skipped.
[   10.350079] systemd[1]: Starting Load Kernel Modules...
         Starting [0;1;39mLoad Kernel Modules[0m...
[   10.400917] systemd[1]: Starting Remount Root and Kernel File Systems...
         Starting [0;1;39mRemount Root and Kernel File Systems[0m...
[   10.430337] systemd[1]: Starting udev Coldplug all Devices...
[   10.440846] EXT4-fs (sda2): re-mounted. Opts: (null)
         Starting [0;1;39mudev Coldplug all Devices[0m...
[   10.457576] systemd[1]: Starting Uncomplicated firewall...
         Starting [0;1;39mUncomplicated firewall[0m...
[   10.480249] systemd[1]: Mounted Huge Pages File System.
[[0;32m  OK  [0m] Mounted [0;1;39mHuge Pages File System[0m.
[   10.497608] systemd[1]: Mounted POSIX Message Queue File System.
[[0;32m  OK  [0m] Mounted [0;1;39mPOSIX Message Queue File System[0m.
[   10.508455] systemd[1]: Started Journal Service.
[[0;32m  OK  [0m] Started [0;1;39mJournal Service[0m.
[[0;32m  OK  [0m] Mounted [0;1;39mKernel Debug File System[0m.
[[0;32m  OK  [0m] Mounted [0;1;39mKernel Trace File System[0m.
[[0;32m  OK  [0m] Finished [0;1;39mCreate list of st… nodes for the current kernel[0m.
[[0;32m  OK  [0m] Finished [0;1;39mMonitoring of LVM… dmeventd or progress polling[0m.
[[0;32m  OK  [0m] Finished [0;1;39mSet the console keyboard layout[0m.
[[0;32m  OK  [0m] Finished [0;1;39mLoad Kernel Modules[0m.
[[0;32m  OK  [0m] Finished [0;1;39mRemount Root and Kernel File Systems[0m.
[[0;32m  OK  [0m] Finished [0;1;39mUncomplicated firewall[0m.
         Activating swap [0;1;39m/swap.img[0m...
         Mounting [0;1;39mFUSE Control File System[0m...
         Mounting [0;1;39mKernel Configuration File System[0m...
         Starting [0;1;39mFlush Journal to Persistent Storage[0m...
[   10.607718] systemd-journald[372]: Received client request to flush runtime journal.
         Starting [0;1;39mLoad/Save Random Seed[0m...
         Starting [0;1;39mApply Kernel Variables[0m...
         Starting [0;1;39mCreate System Users[0m...
[[0;32m  OK  [0m] Finished [0;1;39mudev Coldplug all Devices[0m.
[[0;32m  OK  [0m] Mounted [0;1;39mFUSE Control File System[0m.
[[0;32m  OK  [0m] Mounted [0;1;39mKernel Configuration File System[0m.
[[0;32m  OK  [0m] Finished [0;1;39mLoad/Save Random Seed[0m.
         Starting [0;1;39mudev Wait for Complete Device Initialization[0m...
[[0;32m  OK  [0m] Finished [0;1;39mCreate System Users[0m.
         Starting [0;1;39mCreate Static Device Nodes in /dev[0m...
[[0;32m  OK  [0m] Activated swap [0;1;39m/swap.img[0m.
[[0;32m  OK  [0m] Finished [0;1;39mApply Kernel Variables[0m.
[[0;32m  OK  [0m] Reached target [0;1;39mSwap[0m.
[[0;32m  OK  [0m] Finished [0;1;39mCreate Static Device Nodes in /dev[0m.
         Starting [0;1;39mudev Kernel Device Manager[0m...
[[0;32m  OK  [0m] Finished [0;1;39mFlush Journal to Persistent Storage[0m.
[[0;32m  OK  [0m] Started [0;1;39mudev Kernel Device Manager[0m.
[[0;32m  OK  [0m] Started [0;1;39mDispatch Password …ts to Console Directory Watch[0m.
[[0;32m  OK  [0m] Reached target [0;1;39mLocal Encrypted Volumes[0m.
         Starting [0;1;39mNetwork Service[0m...
[[0;32m  OK  [0m] Started [0;1;39mNetwork Service[0m.
         Starting [0;1;39mWait for Network to be Configured[0m...
[[0;32m  OK  [0m] Finished [0;1;39mWait for Network to be Configured[0m.
[[0;32m  OK  [0m] Found device [0;1;39m/dev/ttyS0[0m.
[[0;32m  OK  [0m] Listening on [0;1;39mLoad/Save RF …itch Status /dev/rfkill Watch[0m.
[[0;32m  OK  [0m] Finished [0;1;39mudev Wait for Complete Device Initialization[0m.
         Starting [0;1;39mDevice-Mapper Multipath Device Controller[0m...
[[0;32m  OK  [0m] Started [0;1;39mDevice-Mapper Multipath Device Controller[0m.
[[0;32m  OK  [0m] Reached target [0;1;39mLocal File Systems (Pre)[0m.
         Mounting [0;1;39mMount unit for core18, revision 1880[0m...
         Mounting [0;1;39mMount unit for lxd, revision 16099[0m...
         Mounting [0;1;39mMount unit for snapd, revision 8542[0m...
[[0;32m  OK  [0m] Mounted [0;1;39mMount unit for core18, revision 1880[0m.
[[0;32m  OK  [0m] Mounted [0;1;39mMount unit for lxd, revision 16099[0m.
[[0;32m  OK  [0m] Mounted [0;1;39mMount unit for snapd, revision 8542[0m.
[[0;32m  OK  [0m] Reached target [0;1;39mLocal File Systems[0m.
         Starting [0;1;39mLoad AppArmor profiles[0m...
         Starting [0;1;39mSet console font and keymap[0m...
         Starting [0;1;39mCreate final runt…dir for shutdown pivot root[0m...
         Starting [0;1;39mTell Plymouth To Write Out Runtime Data[0m...
         Starting [0;1;39mCreate Volatile Files and Directories[0m...
[[0;32m  OK  [0m] Finished [0;1;39mSet console font and keymap[0m.
[[0;32m  OK  [0m] Finished [0;1;39mCreate final runt…e dir for shutdown pivot root[0m.
[[0;32m  OK  [0m] Finished [0;1;39mTell Plymouth To Write Out Runtime Data[0m.
[[0;32m  OK  [0m] Finished [0;1;39mCreate Volatile Files and Directories[0m.
         Starting [0;1;39mNetwork Name Resolution[0m...
         Starting [0;1;39mNetwork Time Synchronization[0m...
         Starting [0;1;39mUpdate UTMP about System Boot/Shutdown[0m...
[[0;32m  OK  [0m] Finished [0;1;39mLoad AppArmor profiles[0m.
         Starting [0;1;39mLoad AppArmor pro…managed internally by snapd[0m...
[[0;32m  OK  [0m] Finished [0;1;39mUpdate UTMP about System Boot/Shutdown[0m.
[[0;32m  OK  [0m] Finished [0;1;39mLoad AppArmor pro…s managed internally by snapd[0m.
[[0;32m  OK  [0m] Started [0;1;39mNetwork Time Synchronization[0m.
[[0;32m  OK  [0m] Reached target [0;1;39mSystem Initialization[0m.
[[0;32m  OK  [0m] Started [0;1;39mDaily Cleanup of Temporary Directories[0m.
[[0;32m  OK  [0m] Reached target [0;1;39mPaths[0m.
[[0;32m  OK  [0m] Reached target [0;1;39mSystem Time Set[0m.
[[0;32m  OK  [0m] Reached target [0;1;39mSystem Time Synchronized[0m.
[[0;32m  OK  [0m] Started [0;1;39mDaily apt download activities[0m.
[[0;32m  OK  [0m] Started [0;1;39mDaily apt upgrade and clean activities[0m.
[[0;32m  OK  [0m] Started [0;1;39mPeriodic ext4 Onli…ata Check for All Filesystems[0m.
[[0;32m  OK  [0m] Started [0;1;39mDiscard unused blocks once a week[0m.
[[0;32m  OK  [0m] Started [0;1;39mRefresh fwupd metadata regularly[0m.
[[0;32m  OK  [0m] Started [0;1;39mDaily rotation of log files[0m.
[[0;32m  OK  [0m] Started [0;1;39mDaily man-db regeneration[0m.
[[0;32m  OK  [0m] Started [0;1;39mMessage of the Day[0m.
[[0;32m  OK  [0m] Reached target [0;1;39mTimers[0m.
[[0;32m  OK  [0m] Listening on [0;1;39mD-Bus System Message Bus Socket[0m.
[[0;32m  OK  [0m] Listening on [0;1;39mOpen-iSCSI iscsid Socket[0m.
[[0;32m  OK  [0m] Listening on [0;1;39mSocket unix for snap application lxd.daemon[0m.
         Starting [0;1;39mSocket activation for snappy daemon[0m.
[[0;32m  OK  [0m] Listening on [0;1;39mUUID daemon activation socket[0m.
[[0;32m  OK  [0m] Listening on [0;1;39mSocket activation for snappy daemon[0m.
[[0;32m  OK  [0m] Started [0;1;39mNetwork Name Resolution[0m.
[[0;32m  OK  [0m] Reached target [0;1;39mNetwork[0m.
[[0;32m  OK  [0m] Reached target [0;1;39mNetwork is Online[0m.
[[0;32m  OK  [0m] Reached target [0;1;39mHost and Network Name Lookups[0m.
[[0;32m  OK  [0m] Reached target [0;1;39mSockets[0m.
[[0;32m  OK  [0m] Reached target [0;1;39mBasic System[0m.
         Starting [0;1;39mAccounts Service[0m...
[[0;32m  OK  [0m] Started [0;1;39mD-Bus System Message Bus[0m.
[[0;32m  OK  [0m] Started [0;1;39mSave initial kernel messages after boot[0m.
         Starting [0;1;39mRemove Stale Onli…t4 Metadata Check Snapshots[0m...
         Starting [0;1;39mLSB: Record successful boot for GRUB[0m...
         Starting [0;1;39mGRUB failed boot detection[0m...
[[0;32m  OK  [0m] Started [0;1;39mirqbalance daemon[0m.
         Starting [0;1;39mDispatcher daemon for systemd-networkd[0m...
[[0;32m  OK  [0m] Reached target [0;1;39mRemote File Systems (Pre)[0m.
[[0;32m  OK  [0m] Reached target [0;1;39mRemote File Systems[0m.
         Starting [0;1;39mLSB: automatic crash report generation[0m...
         Starting [0;1;39mDeferred execution scheduler[0m...
         Starting [0;1;39mAvailability of block devices[0m...
[[0;32m  OK  [0m] Started [0;1;39mRegular background program processing daemon[0m.
         Starting [0;1;39mSystem Logging Service[0m...
         Starting [0;1;39mService for snap application lxd.activate[0m...
         Starting [0;1;39mSnap Daemon[0m...
         Starting [0;1;39mOpenBSD Secure Shell server[0m...
         Starting [0;1;39mLogin Service[0m...
         Starting [0;1;39mPermit User Sessions[0m...
         Starting [0;1;39mThermal Daemon Service[0m...
[[0;32m  OK  [0m] Finished [0;1;39mRemove Stale Onli…ext4 Metadata Check Snapshots[0m.
[[0;32m  OK  [0m] Started [0;1;39mDeferred execution scheduler[0m.
[[0;32m  OK  [0m] Finished [0;1;39mAvailability of block devices[0m.
[[0;32m  OK  [0m] Finished [0;1;39mPermit User Sessions[0m.
[[0;32m  OK  [0m] Finished [0;1;39mGRUB failed boot detection[0m.
[[0;32m  OK  [0m] Started [0;1;39mSystem Logging Service[0m.
[[0;32m  OK  [0m] Started [0;1;39mOpenBSD Secure Shell server[0m.
         Starting [0;1;39mHold until boot process finishes up[0m...
         Starting [0;1;39mTerminate Plymouth Boot Screen[0m...
[[0;32m  OK  [0m] Started [0;1;39mLSB: Record successful boot for GRUB[0m.
[[0;32m  OK  [0m] Finished [0;1;39mHold until boot process finishes up[0m.
[[0;32m  OK  [0m] Finished [0;1;39mTerminate Plymouth Boot Screen[0m.
[[0;32m  OK  [0m] Started [0;1;39mSerial Getty on ttyS0[0m.
         Starting [0;1;39mSet console scheme[0m...
[[0;32m  OK  [0m] Started [0;1;39mLSB: automatic crash report generation[0m.
[[0;32m  OK  [0m] Finished [0;1;39mSet console scheme[0m.
[[0;32m  OK  [0m] Created slice [0;1;39msystem-getty.slice[0m.
[[0;32m  OK  [0m] Started [0;1;39mGetty on tty1[0m.
[[0;32m  OK  [0m] Reached target [0;1;39mLogin Prompts[0m.
[[0;32m  OK  [0m] Started [0;1;39mLogin Service[0m.
[[0;32m  OK  [0m] Started [0;1;39mThermal Daemon Service[0m.
[[0;32m  OK  [0m] Started [0;1;39mUnattended Upgrades Shutdown[0m.
[[0;32m  OK  [0m] Started [0;1;39mDispatcher daemon for systemd-networkd[0m.
         Starting [0;1;39mAuthorization Manager[0m...
[[0;32m  OK  [0m] Started [0;1;39mAuthorization Manager[0m.
[[0;32m  OK  [0m] Started [0;1;39mAccounts Service[0m.
[[0;32m  OK  [0m] Created slice [0;1;39mUser Slice of UID 1000[0m.
         Starting [0;1;39mUser Runtime Directory /run/user/1000[0m...
[[0;32m  OK  [0m] Finished [0;1;39mUser Runtime Directory /run/user/1000[0m.
         Starting [0;1;39mUser Manager for UID 1000[0m...
[[0;32m  OK  [0m] Started [0;1;39mUser Manager for UID 1000[0m.
[[0;32m  OK  [0m] Started [0;1;39mSession 1 of user femu[0m.
[[0;32m  OK  [0m] Started [0;1;39mSnap Daemon[0m.
         Starting [0;1;39mWait until snapd is fully seeded[0m...
[[0;32m  OK  [0m] Finished [0;1;39mWait until snapd is fully seeded[0m.
[[0;32m  OK  [0m] Finished [0;1;39mService for snap application lxd.activate[0m.
[[0;32m  OK  [0m] Reached target [0;1;39mMulti-User System[0m.
[[0;32m  OK  [0m] Reached target [0;1;39mGraphical Interface[0m.
         Starting [0;1;39mUpdate UTMP about System Runlevel Changes[0m...
[[0;32m  OK  [0m] Finished [0;1;39mUpdate UTMP about System Runlevel Changes[0m.

Ubuntu 20.04.1 LTS fvm ttyS0

fvm login: [FEMU] FTL-Log: BBSSD-STATS version=V2 hot_rewrite_window=1024 hot_access_threshold=3 hot_confirmation_threshold=2 hot_decay_window=65536 hot_decay_enabled=on host_page_writes=1572866 nand_page_writes=1572866 gc_page_writes=0 block_erases=0 waf=1.000000 gc_count=0 average_gc_copy=N/A host_hot_writes=0 host_cold_writes=1572866 hot_write_ratio=0.000000 gc_hot_writes=0 gc_cold_writes=0 stale_hot_gc_candidates_gt_t=0 stale_hot_gc_candidates_gt_2t=0 stale_hot_gc_candidates_gt_4t=0 stale_hot_gc_candidates_gt_8t=0 cold_to_hot_count=0 hot_to_cold_count=0 hot_pool_empty_count=0 cold_pool_empty_count=33 borrow_count=33 emergency_gc_count=0 decay_application_count=1 counter_invariant=PASS
[FEMU] Log: vSSD0,Reset tt_late_ios/tt_ios,5901/6448
[FEMU] FTL-Log: BBSSD-STATS version=V2 hot_rewrite_window=1024 hot_access_threshold=3 hot_confirmation_threshold=2 hot_decay_window=65536 hot_decay_enabled=on host_page_writes=10645628 nand_page_writes=79451074 gc_page_writes=68805446 block_erases=310080 waf=7.463259 gc_count=4845 average_gc_copy=14201.330444 host_hot_writes=746936 host_cold_writes=9898692 hot_write_ratio=0.070164 gc_hot_writes=12220 gc_cold_writes=68793226 stale_hot_gc_candidates_gt_t=9767 stale_hot_gc_candidates_gt_2t=8186 stale_hot_gc_candidates_gt_4t=5825 stale_hot_gc_candidates_gt_8t=3244 cold_to_hot_count=434660 hot_to_cold_count=434104 hot_pool_empty_count=0 cold_pool_empty_count=6 borrow_count=6 emergency_gc_count=0 decay_application_count=7238694 counter_invariant=PASS
[FEMU] Log: vSSD0,Reset tt_late_ios/tt_ios,443029/2661557
