[FEMU] FTL-Log: LPN metadata: entries=2097152 entry_size=40 total=80 MiB T=1024 A=3 C=2 D=65536 decay=on E=4096
[FEMU] FTL-Log: Write pointers: hot_line=64 cold_line=0 free=126 hot_free=63 cold_free=63
c[?7l[2J[0mSeaBIOS (version rel-1.17.0-0-gb52ca86e094d-prebuilt.qemu.org)


iPXE (http://ipxe.org) 00:03.0 CA00 PCI2.10 PnP PMM+BEFD1D20+BEF31D20 CA00
Press Ctrl-B to configure iPXE (PCI 00:03.0)...                                                                               


Booting from Hard Disk...
[H[J[1;1H[?25l[m[H[J[1;1H[2;30HGNU GRUB  version 2.04

[m[4;2H+----------------------------------------------------------------------------+[5;2H|[5;79H|[6;2H|[6;79H|[7;2H|[7;79H|[8;2H|[8;79H|[9;2H|[9;79H|[10;2H|[10;79H|[11;2H|[11;79H|[12;2H|[12;79H|[13;2H|[13;79H|[14;2H|[14;79H|[15;2H|[15;79H|[16;2H|[16;79H|[17;2H+----------------------------------------------------------------------------+[m[18;2H[19;2H[m     Use the ^ and v keys to select which entry is highlighted.          
      Press enter to boot the selected OS, `e' to edit the commands       
      before booting or `c' for a command-line.                           [5;80H [7m[5;3H*Ubuntu, with Linux 5.4.0-64-generic                                        [m[5;78H[m[m[6;3H                                                                            [m[6;78H[m[m[7;3H                                                                            [m[7;78H[m[m[8;3H                                                                            [m[8;78H[m[m[9;3H                                                                            [m[9;78H[m[m[10;3H                                                                            [m[10;78H[m[m[11;3H                                                                            [m[11;78H[m[m[12;3H                                                                            [m[12;78H[m[m[13;3H                                                                            [m[13;78H[m[m[14;3H                                                                            [m[14;78H[m[m[15;3H                                                                            [m[15;78H[m[m[16;3H                                                                            [m[16;78H[m[16;80H [5;78H[22;1H   The highlighted entry will be executed automatically in 3s.                 [5;78H[22;1H   The highlighted entry will be executed automatically in 2s.                 [5;78H[22;1H   The highlighted entry will be executed automatically in 1s.                 [5;78H[22;1H   The highlighted entry will be executed automatically in 0s.                 [5;78H[?25h[H[J[1;1H[H[J[1;1HLoading Linux 5.4.0-64-generic ...
Loading initial ramdisk ...
[    0.000000] Linux version 5.4.0-64-generic (buildd@lcy01-amd64-021) (gcc version 9.3.0 (Ubuntu 9.3.0-17ubuntu1~20.04)) #72-Ubuntu SMP Fri Jan 15 10:27:54 UTC 2021 (Ubuntu 5.4.0-64.72-generic 5.4.78)
[    0.000000] Command line: BOOT_IMAGE=/boot/vmlinuz-5.4.0-64-generic root=UUID=66add23f-3d34-46f1-a540-ebfdd268827e ro ip=dhcp console=ttyS0,115200 console=tty console=ttyS0 text
[    0.000000] KERNEL supported cpus:
[    0.000000]   Intel GenuineIntel
[    0.000000]   AMD AuthenticAMD
[    0.000000]   Hygon HygonGenuine
[    0.000000]   Centaur CentaurHauls
[    0.000000]   zhaoxin   Shanghai  
[    0.000000] x86/fpu: Supporting XSAVE feature 0x001: 'x87 floating point registers'
[    0.000000] x86/fpu: Supporting XSAVE feature 0x002: 'SSE registers'
[    0.000000] x86/fpu: Supporting XSAVE feature 0x004: 'AVX registers'
[    0.000000] x86/fpu: xstate_offset[2]:  576, xstate_sizes[2]:  256
[    0.000000] x86/fpu: Enabled xstate features 0x7, context size is 832 bytes, using 'compacted' format.
[    0.000000] BIOS-provided physical RAM map:
[    0.000000] BIOS-e820: [mem 0x0000000000000000-0x000000000009fbff] usable
[    0.000000] BIOS-e820: [mem 0x000000000009fc00-0x000000000009ffff] reserved
[    0.000000] BIOS-e820: [mem 0x00000000000f0000-0x00000000000fffff] reserved
[    0.000000] BIOS-e820: [mem 0x0000000000100000-0x00000000bffdcfff] usable
[    0.000000] BIOS-e820: [mem 0x00000000bffdd000-0x00000000bfffffff] reserved
[    0.000000] BIOS-e820: [mem 0x00000000feffc000-0x00000000feffffff] reserved
[    0.000000] BIOS-e820: [mem 0x00000000fffc0000-0x00000000ffffffff] reserved
[    0.000000] BIOS-e820: [mem 0x0000000100000000-0x000000013fffffff] usable
[    0.000000] NX (Execute Disable) protection: active
[    0.000000] SMBIOS 2.8 present.
[    0.000000] DMI: QEMU Standard PC (i440FX + PIIX, 1996), BIOS rel-1.17.0-0-gb52ca86e094d-prebuilt.qemu.org 04/01/2014
[    0.000000] Hypervisor detected: KVM
[    0.000000] kvm-clock: Using msrs 4b564d01 and 4b564d00
[    0.000000] kvm-clock: cpu 0, msr 69201001, primary cpu clock
[    0.000000] kvm-clock: using sched offset of 9687247480 cycles
[    0.000002] clocksource: kvm-clock: mask: 0xffffffffffffffff max_cycles: 0x1cd42e4dffb, max_idle_ns: 881590591483 ns
[    0.000005] tsc: Detected 2995.202 MHz processor
[    0.002115] last_pfn = 0x140000 max_arch_pfn = 0x400000000
[    0.002306] x86/PAT: Configuration [0-7]: WB  WC  UC- UC  WB  WP  UC- WT  
[    0.002464] last_pfn = 0xbffdd max_arch_pfn = 0x400000000
[    0.008702] found SMP MP-table at [mem 0x000f54b0-0x000f54bf]
[    0.008873] check: Scanning 1 areas for low memory corruption
[    0.009410] Using GB pages for direct mapping
[    0.009923] RAMDISK: [mem 0x2d173000-0x328b0fff]
[    0.010012] ACPI: Early table checksum verification disabled
[    0.010093] ACPI: RSDP 0x00000000000F52B0 000014 (v00 BOCHS )
[    0.010110] ACPI: RSDT 0x00000000BFFE2458 000034 (v01 BOCHS  BXPC     00000001 BXPC 00000001)
[    0.010116] ACPI: FACP 0x00000000BFFE22F4 000074 (v01 BOCHS  BXPC     00000001 BXPC 00000001)
[    0.010121] ACPI: DSDT 0x00000000BFFE0040 0022B4 (v01 BOCHS  BXPC     00000001 BXPC 00000001)
[    0.010124] ACPI: FACS 0x00000000BFFE0000 000040
[    0.010126] ACPI: APIC 0x00000000BFFE2368 000090 (v03 BOCHS  BXPC     00000001 BXPC 00000001)
[    0.010129] ACPI: HPET 0x00000000BFFE23F8 000038 (v01 BOCHS  BXPC     00000001 BXPC 00000001)
[    0.010132] ACPI: WAET 0x00000000BFFE2430 000028 (v01 BOCHS  BXPC     00000001 BXPC 00000001)
[    0.010935] No NUMA configuration found
[    0.010936] Faking a node at [mem 0x0000000000000000-0x000000013fffffff]
[    0.010943] NODE_DATA(0) allocated [mem 0x13ffd3000-0x13fffdfff]
[    0.011526] Zone ranges:
[    0.011528]   DMA      [mem 0x0000000000001000-0x0000000000ffffff]
[    0.011529]   DMA32    [mem 0x0000000001000000-0x00000000ffffffff]
[    0.011530]   Normal   [mem 0x0000000100000000-0x000000013fffffff]
[    0.011530]   Device   empty
[    0.011531] Movable zone start for each node
[    0.011533] Early memory node ranges
[    0.011534]   node   0: [mem 0x0000000000001000-0x000000000009efff]
[    0.011535]   node   0: [mem 0x0000000000100000-0x00000000bffdcfff]
[    0.011535]   node   0: [mem 0x0000000100000000-0x000000013fffffff]
[    0.011661] Zeroed struct page in unavailable ranges: 133 pages
[    0.011662] Initmem setup node 0 [mem 0x0000000000001000-0x000000013fffffff]
[    0.186671] ACPI: PM-Timer IO Port: 0x608
[    0.186821] ACPI: LAPIC_NMI (acpi_id[0xff] dfl dfl lint[0x1])
[    0.186962] IOAPIC[0]: apic_id 0, version 17, address 0xfec00000, GSI 0-23
[    0.186966] ACPI: INT_SRC_OVR (bus 0 bus_irq 0 global_irq 2 dfl dfl)
[    0.186970] ACPI: INT_SRC_OVR (bus 0 bus_irq 5 global_irq 5 high level)
[    0.186971] ACPI: INT_SRC_OVR (bus 0 bus_irq 9 global_irq 9 high level)
[    0.186974] ACPI: INT_SRC_OVR (bus 0 bus_irq 10 global_irq 10 high level)
[    0.186975] ACPI: INT_SRC_OVR (bus 0 bus_irq 11 global_irq 11 high level)
[    0.186980] Using ACPI (MADT) for SMP configuration information
[    0.186990] ACPI: HPET id: 0x8086a201 base: 0xfed00000
[    0.187002] TSC deadline timer available
[    0.187022] smpboot: Allowing 4 CPUs, 0 hotplug CPUs
[    0.187136] KVM setup pv sched yield
[    0.187150] PM: Registered nosave memory: [mem 0x00000000-0x00000fff]
[    0.187151] PM: Registered nosave memory: [mem 0x0009f000-0x0009ffff]
[    0.187152] PM: Registered nosave memory: [mem 0x000a0000-0x000effff]
[    0.187152] PM: Registered nosave memory: [mem 0x000f0000-0x000fffff]
[    0.187153] PM: Registered nosave memory: [mem 0xbffdd000-0xbfffffff]
[    0.187154] PM: Registered nosave memory: [mem 0xc0000000-0xfeffbfff]
[    0.187154] PM: Registered nosave memory: [mem 0xfeffc000-0xfeffffff]
[    0.187155] PM: Registered nosave memory: [mem 0xff000000-0xfffbffff]
[    0.187155] PM: Registered nosave memory: [mem 0xfffc0000-0xffffffff]
[    0.187158] [mem 0xc0000000-0xfeffbfff] available for PCI devices
[    0.187208] Booting paravirtualized kernel on KVM
[    0.187220] clocksource: refined-jiffies: mask: 0xffffffff max_cycles: 0xffffffff, max_idle_ns: 7645519600211568 ns
[    0.187224] setup_percpu: NR_CPUS:8192 nr_cpumask_bits:4 nr_cpu_ids:4 nr_node_ids:1
[    0.194261] percpu: Embedded 55 pages/cpu s188416 r8192 d28672 u524288
[    0.194333] KVM setup async PF for cpu 0
[    0.194351] kvm-stealtime: cpu 0, msr 13ba2d040
[    0.194371] PV qspinlock hash table entries: 256 (order: 0, 4096 bytes, linear)
[    0.194388] Built 1 zonelists, mobility grouping on.  Total pages: 1032038
[    0.194389] Policy zone: Normal
[    0.194392] Kernel command line: BOOT_IMAGE=/boot/vmlinuz-5.4.0-64-generic root=UUID=66add23f-3d34-46f1-a540-ebfdd268827e ro ip=dhcp console=ttyS0,115200 console=tty console=ttyS0 text
[    0.202842] Dentry cache hash table entries: 524288 (order: 10, 4194304 bytes, linear)
[    0.207913] Inode-cache hash table entries: 262144 (order: 9, 2097152 bytes, linear)
[    0.208107] mem auto-init: stack:off, heap alloc:on, heap free:off
[    0.304816] Memory: 3932816K/4193772K available (14339K kernel code, 2399K rwdata, 4960K rodata, 2724K init, 4980K bss, 260956K reserved, 0K cma-reserved)
[    0.304971] random: get_random_u64 called from kmem_cache_open+0x2d/0x410 with crng_init=0
[    0.305539] SLUB: HWalign=64, Order=0-3, MinObjects=0, CPUs=4, Nodes=1
[    0.305632] ftrace: allocating 44555 entries in 175 pages
[    0.324709] rcu: Hierarchical RCU implementation.
[    0.324713] rcu: 	RCU restricting CPUs from NR_CPUS=8192 to nr_cpu_ids=4.
[    0.324720] 	Tasks RCU enabled.
[    0.324721] rcu: RCU calculated value of scheduler-enlistment delay is 25 jiffies.
[    0.324722] rcu: Adjusting geometry for rcu_fanout_leaf=16, nr_cpu_ids=4
[    0.327000] NR_IRQS: 524544, nr_irqs: 456, preallocated irqs: 16
[    0.327363] random: crng done (trusting CPU's manufacturer)
[    0.382279] Console: colour VGA+ 80x25
[    0.462712] printk: console [tty0] enabled
[    0.856059] printk: console [ttyS0] enabled
[    0.859005] ACPI: Core revision 20190816
[    0.861541] clocksource: hpet: mask: 0xffffffff max_cycles: 0xffffffff, max_idle_ns: 19112604467 ns
[    0.871089] APIC: Switch to symmetric I/O mode setup
[    0.879711] x2apic enabled
[    0.882141] Switched APIC routing to physical x2apic.
[    0.885641] KVM setup pv IPIs
[    0.894427] ..TIMER: vector=0x30 apic1=0 pin1=2 apic2=-1 pin2=-1
[    0.897840] clocksource: tsc-early: mask: 0xffffffffffffffff max_cycles: 0x2b2c909a7c7, max_idle_ns: 440795208498 ns
[    0.905540] Calibrating delay loop (skipped) preset value.. 5990.40 BogoMIPS (lpj=11980808)
[    0.909546] pid_max: default: 32768 minimum: 301
[    0.913631] LSM: Security Framework initializing
[    0.916132] Yama: becoming mindful.
[    0.917732] AppArmor: AppArmor initialized
[    0.921769] Mount-cache hash table entries: 8192 (order: 4, 65536 bytes, linear)
[    0.925721] Mountpoint-cache hash table entries: 8192 (order: 4, 65536 bytes, linear)
[    0.929649] *** VALIDATE tmpfs ***
[    0.933992] *** VALIDATE proc ***
[    0.937702] *** VALIDATE cgroup1 ***
[    0.941542] *** VALIDATE cgroup2 ***
[    0.947016] x86/cpu: User Mode Instruction Prevention (UMIP) activated
[    0.950020] Last level iTLB entries: 4KB 0, 2MB 0, 4MB 0
[    0.953541] Last level dTLB entries: 4KB 0, 2MB 0, 4MB 0, 1GB 0
[    0.957558] Spectre V1 : Mitigation: usercopy/swapgs barriers and __user pointer sanitization
[    0.965550] Spectre V2 : Mitigation: Enhanced IBRS
[    0.968442] Spectre V2 : Spectre v2 / SpectreRSB mitigation: Filling RSB on context switch
[    0.969546] Spectre V2 : mitigation: Enabling conditional Indirect Branch Prediction Barrier
[    0.973544] Speculative Store Bypass: Mitigation: Speculative Store Bypass disabled via prctl and seccomp
[    0.978012] Freeing SMP alternatives memory: 40K
[    0.989058] smpboot: CPU0: Intel(R) Core(TM) Ultra 5 125H (family: 0x6, model: 0xaa, stepping: 0x4)
[    0.990004] Performance Events: unsupported p6 CPU model 170 no PMU driver, software events only.
[    0.993719] rcu: Hierarchical SRCU implementation.
[    0.997448] NMI watchdog: Perf NMI watchdog permanently disabled
[    0.997650] smp: Bringing up secondary CPUs ...
[    1.001776] x86: Booting SMP configuration:
[    1.005049] .... node  #0, CPUs:      #1
[    0.562264] kvm-clock: cpu 1, msr 69201041, secondary cpu clock
[    1.009170] KVM setup async PF for cpu 1
[    1.009533] kvm-stealtime: cpu 1, msr 13baad040
[    1.025980]  #2
[    0.562264] kvm-clock: cpu 2, msr 69201081, secondary cpu clock
[    1.029418] KVM setup async PF for cpu 2
[    1.029533] kvm-stealtime: cpu 2, msr 13bb2d040
[    1.046465]  #3
[    0.562264] kvm-clock: cpu 3, msr 692010c1, secondary cpu clock
[    1.052906] KVM setup async PF for cpu 3
[    1.053533] kvm-stealtime: cpu 3, msr 13bbad040
[    1.066117] smp: Brought up 1 node, 4 CPUs
[    1.069553] smpboot: Max logical packages: 1
[    1.073627] smpboot: Total of 4 processors activated (23961.61 BogoMIPS)
[    1.082851] devtmpfs: initialized
[    1.086111] x86/mm: Memory block size: 128MB
[    1.090512] clocksource: jiffies: mask: 0xffffffff max_cycles: 0xffffffff, max_idle_ns: 7645041785100000 ns
[    1.097844] futex hash table entries: 1024 (order: 4, 65536 bytes, linear)
[    1.106463] pinctrl core: initialized pinctrl subsystem
[    1.110014] PM: RTC time: 18:58:51, date: 2026-08-22
[    1.119042] NET: Registered protocol family 16
[    1.121859] audit: initializing netlink subsys (disabled)
[    1.125727] audit: type=2000 audit(1787425131.200:1): state=initialized audit_enabled=0 res=1
[    1.125827] EISA bus registered
[    1.145783] cpuidle: using governor ladder
[    1.153632] cpuidle: using governor menu
[    1.158750] KVM setup pv remote TLB flush
[    1.161799] ACPI: bus type PCI registered
[    1.164457] acpiphp: ACPI Hot Plug PCI Controller Driver version: 0.5
[    1.174682] PCI: Using configuration type 1 for base access
[    1.182139] HugeTLB registered 1.00 GiB page size, pre-allocated 0 pages
[    1.189684] HugeTLB registered 2.00 MiB page size, pre-allocated 0 pages
[    1.221553] ACPI: Added _OSI(Module Device)
[    1.221557] ACPI: Added _OSI(Processor Device)
[    1.232292] ACPI: Added _OSI(3.0 _SCP Extensions)
[    1.241566] ACPI: Added _OSI(Processor Aggregator Device)
[    1.249568] ACPI: Added _OSI(Linux-Dell-Video)
[    1.261570] ACPI: Added _OSI(Linux-Lenovo-NV-HDMI-Audio)
[    1.273577] ACPI: Added _OSI(Linux-HPI-Hybrid-Graphics)
[    1.283278] ACPI: 1 ACPI AML tables successfully acquired and loaded
[    1.296647] ACPI: Interpreter enabled
[    1.297570] ACPI: (supports S0 S3 S4 S5)
[    1.301564] ACPI: Using IOAPIC for interrupt routing
[    1.314052] PCI: Using host bridge windows from ACPI; if necessary, use "pci=nocrs" and report a bug
[    1.322303] ACPI: Enabled 2 GPEs in block 00 to 0F
[    1.337427] ACPI: PCI Root Bridge [PCI0] (domain 0000 [bus 00-ff])
[    1.361533] acpi PNP0A03:00: _OSC: OS supports [ASPM ClockPM Segments MSI HPX-Type3]
[    1.375656] acpi PNP0A03:00: fail to add MMCONFIG information, can't access extended PCI configuration space under this bridge.
[    1.399597] acpiphp: Slot [3] registered
[    1.406330] acpiphp: Slot [4] registered
[    1.409607] acpiphp: Slot [5] registered
[    1.422552] acpiphp: Slot [6] registered
[    1.426263] acpiphp: Slot [7] registered
[    1.430456] acpiphp: Slot [8] registered
[    1.438481] acpiphp: Slot [9] registered
[    1.442341] acpiphp: Slot [10] registered
[    1.450287] acpiphp: Slot [11] registered
[    1.458334] acpiphp: Slot [12] registered
[    1.462396] acpiphp: Slot [13] registered
[    1.474791] acpiphp: Slot [14] registered
[    1.478299] acpiphp: Slot [15] registered
[    1.486255] acpiphp: Slot [16] registered
[    1.494233] acpiphp: Slot [17] registered
[    1.497304] acpiphp: Slot [18] registered
[    1.502873] acpiphp: Slot [19] registered
[    1.510253] acpiphp: Slot [20] registered
[    1.513659] acpiphp: Slot [21] registered
[    1.517652] acpiphp: Slot [22] registered
[    1.526361] acpiphp: Slot [23] registered
[    1.529558] acpiphp: Slot [24] registered
[    1.542245] acpiphp: Slot [25] registered
[    1.545698] acpiphp: Slot [26] registered
[    1.549442] acpiphp: Slot [27] registered
[    1.558273] acpiphp: Slot [28] registered
[    1.566246] acpiphp: Slot [29] registered
[    1.573775] acpiphp: Slot [30] registered
[    1.577679] acpiphp: Slot [31] registered
[    1.585725] PCI host bridge to bus 0000:00
[    1.597734] pci_bus 0000:00: root bus resource [io  0x0000-0x0cf7 window]
[    1.607070] pci_bus 0000:00: root bus resource [io  0x0d00-0xffff window]
[    1.617739] pci_bus 0000:00: root bus resource [mem 0x000a0000-0x000bffff window]
[    1.633717] pci_bus 0000:00: root bus resource [mem 0xc0000000-0xfebfffff window]
[    1.641865] pci_bus 0000:00: root bus resource [mem 0xe0000000000-0xe007fffffff window]
[    1.650007] pci_bus 0000:00: root bus resource [bus 00-ff]
[    1.662225] pci 0000:00:00.0: [8086:1237] type 00 class 0x060000
[    1.676589] pci 0000:00:01.0: [8086:7000] type 00 class 0x060100
[    1.688711] pci 0000:00:01.1: [8086:7010] type 00 class 0x010180
[    1.702330] pci 0000:00:01.1: reg 0x20: [io  0xc060-0xc06f]
[    1.711791] pci 0000:00:01.1: legacy IDE quirk: reg 0x10: [io  0x01f0-0x01f7]
[    1.725606] pci 0000:00:01.1: legacy IDE quirk: reg 0x14: [io  0x03f6]
[    1.729605] pci 0000:00:01.1: legacy IDE quirk: reg 0x18: [io  0x0170-0x0177]
[    1.741604] pci 0000:00:01.1: legacy IDE quirk: reg 0x1c: [io  0x0376]
[    1.747066] pci 0000:00:01.3: [8086:7113] type 00 class 0x068000
[    1.764943] pci 0000:00:01.3: quirk: [io  0x0600-0x063f] claimed by PIIX4 ACPI
[    1.773762] pci 0000:00:01.3: quirk: [io  0x0700-0x070f] claimed by PIIX4 SMB
[    1.781966] pci 0000:00:01.3: quirk_piix4_acpi+0x0/0x170 took 15625 usecs
[    1.806276] pci 0000:00:02.0: [1234:1111] type 00 class 0x030000
[    1.850337] pci 0000:00:02.0: reg 0x10: [mem 0xfd000000-0xfdffffff pref]
[    1.871541] pci 0000:00:02.0: reg 0x18: [mem 0xfebd0000-0xfebd0fff]
[    1.903455] pci 0000:00:02.0: reg 0x30: [mem 0xfebc0000-0xfebcffff pref]
[    1.917884] pci 0000:00:03.0: [1af4:1000] type 00 class 0x020000
[    1.933639] pci 0000:00:03.0: reg 0x10: [io  0xc040-0xc05f]
[    1.941533] pci 0000:00:03.0: reg 0x14: [mem 0xfebd1000-0xfebd1fff]
[    1.963584] pci 0000:00:03.0: reg 0x20: [mem 0xe0040000000-0xe0040003fff 64bit pref]
[    1.975902] pci 0000:00:03.0: reg 0x30: [mem 0xfeb80000-0xfebbffff pref]
[    1.999161] pci 0000:00:04.0: [1af4:1004] type 00 class 0x010000
[    2.010622] pci 0000:00:04.0: reg 0x10: [io  0xc000-0xc03f]
[    2.022849] pci 0000:00:04.0: reg 0x14: [mem 0xfebd2000-0xfebd2fff]
[    2.058645] pci 0000:00:04.0: reg 0x20: [mem 0xe0040004000-0xe0040007fff 64bit pref]
[    2.079985] pci 0000:00:05.0: [1d1d:1f1f] type 00 class 0x010802
[    2.087310] pci 0000:00:05.0: reg 0x10: [mem 0xe0000000000-0xe0000001fff 64bit]
[    2.121615] pci 0000:00:05.0: reg 0x20: [mem 0xfebd3000-0xfebd3fff]
[    2.136081] pci 0000:00:05.0: enabling Extended Tags
[    2.227369] ACPI: PCI Interrupt Link [LNKA] (IRQs 5 *10 11)
[    2.229991] ACPI: PCI Interrupt Link [LNKB] (IRQs 5 *10 11)
[    2.238958] ACPI: PCI Interrupt Link [LNKC] (IRQs 5 10 *11)
[    2.252073] ACPI: PCI Interrupt Link [LNKD] (IRQs 5 10 *11)
[    2.266032] ACPI: PCI Interrupt Link [LNKS] (IRQs *9)
[    2.287412] iommu: Default domain type: Translated 
[    2.307141] SCSI subsystem initialized
[    2.313968] pci 0000:00:02.0: vgaarb: setting as boot VGA device
[    2.317533] pci 0000:00:02.0: vgaarb: VGA device added: decodes=io+mem,owns=io+mem,locks=none
[    2.333636] pci 0000:00:02.0: vgaarb: bridge control possible
[    2.341586] vgaarb: loaded
[    2.344077] ACPI: bus type USB registered
[    2.354014] usbcore: registered new interface driver usbfs
[    2.358094] usbcore: registered new interface driver hub
[    2.370141] usbcore: registered new device driver usb
[    2.373871] pps_core: LinuxPPS API ver. 1 registered
[    2.377564] pps_core: Software ver. 5.3.6 - Copyright 2005-2007 Rodolfo Giometti <giometti@linux.it>
[    2.389721] PTP clock support registered
[    2.393853] EDAC MC: Ver: 3.0.0
[    2.405890] PCI: Using ACPI for IRQ routing
[    2.412115] NetLabel: Initializing
[    2.413573] NetLabel:  domain hash size = 128
[    2.417565] NetLabel:  protocols = UNLABELED CIPSOv4 CALIPSO
[    2.421856] NetLabel:  unlabeled traffic allowed by default
[    2.464579] hpet0: at MMIO 0xfed00000, IRQs 2, 8, 0
[    2.465553] hpet0: 3 comparators, 64-bit 100.000000 MHz counter
[    2.473981] clocksource: Switched to clocksource kvm-clock
[    2.548027] *** VALIDATE bpf ***
[    2.554145] VFS: Disk quotas dquot_6.6.0
[    2.561180] VFS: Dquot-cache hash table entries: 512 (order 0, 4096 bytes)
[    2.566959] *** VALIDATE ramfs ***
[    2.578817] *** VALIDATE hugetlbfs ***
[    2.596852] AppArmor: AppArmor Filesystem Enabled
[    2.600852] pnp: PnP ACPI init
[    2.614189] pnp: PnP ACPI: found 6 devices
[    2.640793] thermal_sys: Registered thermal governor 'fair_share'
[    2.640795] thermal_sys: Registered thermal governor 'bang_bang'
[    2.655228] thermal_sys: Registered thermal governor 'step_wise'
[    2.661767] thermal_sys: Registered thermal governor 'user_space'
[    2.672719] thermal_sys: Registered thermal governor 'power_allocator'
[    2.682911] clocksource: acpi_pm: mask: 0xffffff max_cycles: 0xffffff, max_idle_ns: 2085701024 ns
[    2.703587] pci_bus 0000:00: resource 4 [io  0x0000-0x0cf7 window]
[    2.713338] pci_bus 0000:00: resource 5 [io  0x0d00-0xffff window]
[    2.721573] pci_bus 0000:00: resource 6 [mem 0x000a0000-0x000bffff window]
[    2.734258] pci_bus 0000:00: resource 7 [mem 0xc0000000-0xfebfffff window]
[    2.740565] pci_bus 0000:00: resource 8 [mem 0xe0000000000-0xe007fffffff window]
[    2.755346] NET: Registered protocol family 2
[    2.766698] tcp_listen_portaddr_hash hash table entries: 2048 (order: 3, 32768 bytes, linear)
[    2.776974] TCP established hash table entries: 32768 (order: 6, 262144 bytes, linear)
[    2.795686] TCP bind hash table entries: 32768 (order: 7, 524288 bytes, linear)
[    2.808787] TCP: Hash tables configured (established 32768 bind 32768)
[    2.817357] UDP hash table entries: 2048 (order: 4, 65536 bytes, linear)
[    2.828384] UDP-Lite hash table entries: 2048 (order: 4, 65536 bytes, linear)
[    2.837329] NET: Registered protocol family 1
[    2.845706] NET: Registered protocol family 44
[    2.849817] pci 0000:00:01.0: PIIX3: Enabling Passive Release
[    2.862739] pci 0000:00:00.0: quirk_passive_release+0x0/0x80 took 12057 usecs
[    2.870364] pci 0000:00:00.0: Limiting direct PCI/PCI transfers
[    2.883912] pci 0000:00:00.0: quirk_natoma+0x0/0x20 took 13257 usecs
[    2.890616] pci 0000:00:01.0: Activating ISA DMA hang workarounds
[    2.903882] pci 0000:00:01.0: quirk_isa_dma_hangs+0x0/0x20 took 12838 usecs
[    2.912832] pci 0000:00:02.0: Video device with shadowed ROM at [mem 0x000c0000-0x000dffff]
[    2.923933] pci 0000:00:02.0: pci_fixup_video+0x0/0xe0 took 10799 usecs
[    2.939191] PCI: CLS 0 bytes, default 64
[    2.947183] Trying to unpack rootfs image as initramfs...
[   12.276998] Freeing initrd memory: 89336K
[   12.317262] PCI-DMA: Using software bounce buffering for IO (SWIOTLB)
[   12.324007] software IO TLB: mapped [mem 0xbbfdd000-0xbffdd000] (64MB)
[   12.353983] clocksource: tsc: mask: 0xffffffffffffffff max_cycles: 0x2b2c909a7c7, max_idle_ns: 440795208498 ns
[   12.447736] check: Scanning for low memory corruption every 60 seconds
[   12.582266] Initialise system trusted keyrings
[   12.653269] Key type blacklist registered
[   12.683502] workingset: timestamp_bits=36 max_order=20 bucket_order=0
[   12.730392] zbud: loaded
[   12.756018] squashfs: version 4.0 (2009/01/31) Phillip Lougher
[   12.769254] fuse: init (API version 7.31)
[   12.773048] *** VALIDATE fuse ***
[   12.776067] *** VALIDATE fuse ***
[   12.799744] Platform Keyring initialized
[   12.809922] Key type asymmetric registered
[   12.817858] Asymmetric key parser 'x509' registered
[   12.824518] Block layer SCSI generic (bsg) driver version 0.4 loaded (major 244)
[   12.840470] io scheduler mq-deadline registered
[   12.852855] shpchp: Standard Hot Plug PCI Controller Driver version: 0.4
[   12.878392] input: Power Button as /devices/LNXSYSTM:00/LNXPWRBN:00/input/input0
[   12.890696] ACPI: Power Button [PWRF]
[   12.964448] PCI Interrupt Link [LNKC] enabled at IRQ 11
[   13.052735] PCI Interrupt Link [LNKD] enabled at IRQ 10
[   13.089194] Serial: 8250/16550 driver, 32 ports, IRQ sharing enabled
[   13.147218] 00:04: ttyS0 at I/O 0x3f8 (irq = 4, base_baud = 115200) is a 16550A
[   13.191352] Linux agpgart interface v0.103
[   13.269850] loop: module loaded
[   13.301618] scsi host0: ata_piix
[   13.308432] scsi host1: ata_piix
[   13.315335] ata1: PATA max MWDMA2 cmd 0x1f0 ctl 0x3f6 bmdma 0xc060 irq 14
[   13.326772] ata2: PATA max MWDMA2 cmd 0x170 ctl 0x376 bmdma 0xc068 irq 15
[   13.349246] libphy: Fixed MDIO Bus: probed
[   13.352748] tun: Universal TUN/TAP device driver, 1.6
[   13.360417] PPP generic driver version 2.4.2
[   13.373126] VFIO - User Level meta-driver version: 0.3
[   13.382886] ehci_hcd: USB 2.0 'Enhanced' Host Controller (EHCI) Driver
[   13.390318] ehci-pci: EHCI PCI platform driver
[   13.396561] ehci-platform: EHCI generic platform driver
[   13.406875] ohci_hcd: USB 1.1 'Open' Host Controller (OHCI) Driver
[   13.412937] ohci-pci: OHCI PCI platform driver
[   13.422271] ohci-platform: OHCI generic platform driver
[   13.426562] uhci_hcd: USB Universal Host Controller Interface driver
[   13.442828] i8042: PNP: PS/2 Controller [PNP0303:KBD,PNP0f13:MOU] at 0x60,0x64 irq 1,12
[   13.469867] serio: i8042 KBD port at 0x60,0x64 irq 1
[   13.474648] serio: i8042 AUX port at 0x60,0x64 irq 12
[   13.489711] mousedev: PS/2 mouse device common for all mice
[   13.512041] rtc_cmos 00:05: RTC can wake from S4
[   13.517990] input: AT Translated Set 2 keyboard as /devices/platform/i8042/serio0/input/input1
[   13.542442] rtc_cmos 00:05: registered as rtc0
[   13.543089] rtc_cmos 00:05: alarms up to one day, y3k, 242 bytes nvram, hpet irqs
[   13.543574] i2c /dev entries driver
[   13.571150] device-mapper: uevent: version 1.0.3
[   13.581233] device-mapper: ioctl: 4.41.0-ioctl (2019-09-16) initialised: dm-devel@redhat.com
[   13.594052] platform eisa.0: Probing EISA bus 0
[   13.601292] platform eisa.0: EISA: Cannot allocate resource for mainboard
[   13.609778] platform eisa.0: Cannot allocate resource for EISA slot 1
[   13.618197] platform eisa.0: Cannot allocate resource for EISA slot 2
[   13.623152] platform eisa.0: Cannot allocate resource for EISA slot 3
[   13.633834] platform eisa.0: Cannot allocate resource for EISA slot 4
[   13.639259] platform eisa.0: Cannot allocate resource for EISA slot 5
[   13.645240] platform eisa.0: Cannot allocate resource for EISA slot 6
[   13.656678] platform eisa.0: Cannot allocate resource for EISA slot 7
[   13.662512] platform eisa.0: Cannot allocate resource for EISA slot 8
[   13.674529] platform eisa.0: EISA: Detected 0 cards
[   13.679097] intel_pstate: CPU model not supported
[   13.685021] ledtrig-cpu: registered to indicate activity on CPUs
[   13.710046] drop_monitor: Initializing network drop monitor service
[   13.735840] NET: Registered protocol family 10
[   13.814831] Segment Routing with IPv6
[   13.824335] NET: Registered protocol family 17
[   13.830241] Key type dns_resolver registered
[   13.844388] RAS: Correctable Errors collector initialized.
[   13.852746] IPI shorthand broadcast: enabled
[   13.867846] sched_clock: Marking stable (13307567909, 558264152)->(14083961210, -218129149)
[   13.900983] registered taskstats version 1
[   13.910735] Loading compiled-in X.509 certificates
[   13.930866] Loaded X.509 cert 'Build time autogenerated kernel key: 7f1af841edfbf04e4b72462ffb6202c30b2da0bb'
[   13.949498] zswap: loaded using pool lzo/zbud
[   13.969250] Key type ._fscrypt registered
[   13.972875] Key type .fscrypt registered
[   13.995426] Key type big_key registered
[   14.008637] Key type encrypted registered
[   14.012623] AppArmor: AppArmor sha1 policy hashing enabled
[   14.023145] ima: No TPM chip found, activating TPM-bypass!
[   14.036930] ima: Allocated hash algorithm: sha1
[   14.058901] ima: No architecture policies found
[   14.068248] evm: Initialising EVM extended attributes:
[   14.077343] evm: security.selinux
[   14.080779] evm: security.SMACK64
[   14.094395] evm: security.SMACK64EXEC
[   14.101996] evm: security.SMACK64TRANSMUTE
[   14.109339] evm: security.SMACK64MMAP
[   14.112523] evm: security.apparmor
[   14.115297] evm: security.ima
[   14.129503] evm: security.capability
[   14.132692] evm: HMAC attrs: 0x1
[   14.168031] PM:   Magic number: 6:20:1000
[   14.173041] pnp 00:02: hash matches
[   14.185948] rtc_cmos 00:05: setting system clock to 2026-08-22T18:59:04 UTC (1787425144)
[   14.239982] Freeing unused decrypted memory: 2040K
[   14.301622] Freeing unused kernel image memory: 2724K
[   14.321815] Write protecting the kernel read-only data: 22528k
[   14.338432] Freeing unused kernel image memory: 2008K
[   14.401019] Freeing unused kernel image memory: 1184K
[   14.420388] x86/mm: Checked W+X mappings: passed, no W+X pages found.
[   14.425159] Run /init as init process
Loading, please wait...
Starting version 245.4-4ubuntu3.2
[   14.700575] Floppy drive(s): fd0 is 2.88M AMI BIOS
[   14.703122] piix4_smbus 0000:00:01.3: SMBus Host Controller at 0x700, revision 0
[   14.749717] input: VirtualPS/2 VMware VMMouse as /devices/platform/i8042/serio1/input/input4
[   14.768832] scsi host2: Virtio SCSI HBA
[   14.773653] FDC 0 is a S82078B
[   14.788398] nvme nvme0: pci function 0000:00:05.0
[   14.796015] PCI Interrupt Link [LNKA] enabled at IRQ 10
[   14.820881] input: VirtualPS/2 VMware VMMouse as /devices/platform/i8042/serio1/input/input3
[   14.849725] scsi 2:0:0:0: Direct-Access     QEMU     QEMU HARDDISK    2.5+ PQ: 0 ANSI: 5
[   14.872956] nvme nvme0: 4/0/0 default/read/poll queues
[   14.892755] cryptd: max_cpu_qlen set to 1000
[   14.922592] AVX2 version of gcm_enc/dec engaged.
[   14.928394] AES CTR mode by8 optimization enabled
[   14.953310] bochs-drm 0000:00:02.0: remove_conflicting_pci_framebuffers: bar 0: 0xfd000000 -> 0xfdffffff
[   14.968086] bochs-drm 0000:00:02.0: remove_conflicting_pci_framebuffers: bar 2: 0xfebd0000 -> 0xfebd0fff
[   14.977253] virtio_net virtio0 ens3: renamed from eth0
[   14.979573] bochs-drm 0000:00:02.0: vgaarb: deactivate vga console
[   15.019934] Console: switching to colour dummy device 80x25
[   15.030770] [drm] Found bochs VGA, ID 0xb0c5.
[   15.042620] [drm] Framebuffer size 16384 kB @ 0xfd000000, mmio @ 0xfebd0000.
[   15.054376] sd 2:0:0:0: Power-on or device reset occurred
[   15.058296] sd 2:0:0:0: Attached scsi generic sg0 type 0
[   15.105733] [TTM] Zone  kernel: Available graphics memory: 2015074 KiB
[   15.109909] [TTM] Initializing pool allocator
[   15.116100] sd 2:0:0:0: [sda] 167772160 512-byte logical blocks: (85.9 GB/80.0 GiB)
[   15.121000] [TTM] Initializing DMA pool allocator
[   15.132760] sd 2:0:0:0: [sda] Write Protect is off
[   15.133311] sd 2:0:0:0: [sda] Write cache: enabled, read cache: enabled, supports DPO and FUA
[   15.171465]  sda: sda1 sda2
[   15.176142] [drm] Found EDID data blob.
[   15.182747] [drm] Initialized bochs-drm 1.0.0 20130925 for 0000:00:02.0 on minor 0
[   15.187288] sd 2:0:0:0: [sda] Attached SCSI disk
[   15.219327] fbcon: bochs-drmdrmfb (fb0) is primary device
[   15.283143] Console: switching to colour frame buffer device 160x50
[   15.308392] bochs-drm 0000:00:02.0: fb0: bochs-drmdrmfb frame buffer device
Begin: Loading essential drivers ... [   15.541709] raid6: avx2x4   gen() 23125 MB/s
[   15.593679] raid6: avx2x4   xor() 10045 MB/s
[   15.651575] raid6: avx2x2   gen()  6571 MB/s
[   15.721184] raid6: avx2x2   xor()  4498 MB/s
[   15.777839] raid6: avx2x1   gen() 16004 MB/s
[   15.837748] raid6: avx2x1   xor()  9919 MB/s
[   15.893712] raid6: sse2x4   gen() 10652 MB/s
[   15.949712] raid6: sse2x4   xor()  6111 MB/s
[   15.997699] raid6: sse2x2   gen() 11128 MB/s
[   16.045696] raid6: sse2x2   xor()  6063 MB/s
[   16.101857] raid6: sse2x1   gen()  7869 MB/s
[   16.161730] raid6: sse2x1   xor()  5340 MB/s
[   16.176438] raid6: using algorithm avx2x4 gen() 23125 MB/s
[   16.189961] raid6: .... xor() 10045 MB/s, rmw enabled
[   16.195994] raid6: using avx2x2 recovery algorithm
[   16.207603] xor: automatically using best checksumming function   avx       
[   16.231799] async_tx: api initialized (async)
done.
Begin: Running /scripts/init-premount ... done.
Begin: Mounting root file system ... Begin: Running /scripts/local-top ... done.
Begin: Running /scripts/local-premount ... [   16.511153] Btrfs loaded, crc32c=crc32c-intel
Scanning for Btrfs filesystems
[   16.605920] blk_update_request: I/O error, dev fd0, sector 0 op 0x0:(READ) flags 0x0 phys_seg 1 prio class 0
[   16.611969] floppy: error 10 while reading block 0
done.
Warning: fsck not present, so skipping root file system
[   16.759235] EXT4-fs (sda2): mounted filesystem with ordered data mode. Opts: (null)
done.
Begin: Running /scripts/local-bottom ... done.
Begin: Running /scripts/init-bottom ... Internet Systems Consortium DHCP Client 4.4.1
Copyright 2004-2018 Internet Systems Consortium.
All rights reserved.
For info, please visit https://www.isc.org/software/dhcp/

Listening on LPF/ens3/52:54:00:12:34:56
Sending on   LPF/ens3/52:54:00:12:34:56
Sending on   Socket/fallback
DHCPDISCOVER on ens3 to 255.255.255.255 port 67 interval 3 (xid=0x5b477e04)
DHCPOFFER of 10.0.2.15 from 10.0.2.2
DHCPREQUEST for 10.0.2.15 on ens3 to 255.255.255.255 port 67 (xid=0x47e475b)
DHCPACK of 10.0.2.15 from 10.0.2.2 (xid=0x5b477e04)
bound to 10.0.2.15 -- renewal in 39888 seconds.
done.
[   17.571600] systemd[1]: Inserted module 'autofs4'
[   17.625932] systemd[1]: systemd 245.4-4ubuntu3.2 running in system mode. (+PAM +AUDIT +SELINUX +IMA +APPARMOR +SMACK +SYSVINIT +UTMP +LIBCRYPTSETUP +GCRYPT +GNUTLS +ACL +XZ +LZ4 +SECCOMP +BLKID +ELFUTILS +KMOD +IDN2 -IDN +PCRE2 default-hierarchy=hybrid)
[   17.665242] systemd[1]: Detected virtualization kvm.
[   17.672295] systemd[1]: Detected architecture x86-64.

Welcome to [1mUbuntu 20.04.1 LTS[0m!

[   17.721581] systemd[1]: Set hostname to <fvm>.
[   17.975524] systemd[1]: /lib/systemd/system/dbus.socket:5: ListenStream= references a path below legacy directory /var/run/, updating /var/run/dbus/system_bus_socket → /run/dbus/system_bus_socket; please update the unit file accordingly.
[   18.192430] systemd[1]: Created slice system-modprobe.slice.
[[0;32m  OK  [0m] Created slice [0;1;39msystem-modprobe.slice[0m.
[   18.213635] systemd[1]: Created slice system-serial\x2dgetty.slice.
[[0;32m  OK  [0m] Created slice [0;1;39msystem-serial\x2dgetty.slice[0m.
[   18.243060] systemd[1]: Created slice User and Session Slice.
[[0;32m  OK  [0m] Created slice [0;1;39mUser and Session Slice[0m.
[   18.268122] systemd[1]: Started Forward Password Requests to Wall Directory Watch.
[[0;32m  OK  [0m] Started [0;1;39mForward Password R…uests to Wall Directory Watch[0m.
[   18.298942] systemd[1]: Set up automount Arbitrary Executable File Formats File System Automount Point.
[[0;32m  OK  [0m] Set up automount [0;1;39mArbitrary…s File System Automount Point[0m.
[   18.314628] systemd[1]: Reached target User and Group Name Lookups.
[[0;32m  OK  [0m] Reached target [0;1;39mUser and Group Name Lookups[0m.
[   18.331478] systemd[1]: Reached target Slices.
[[0;32m  OK  [0m] Reached target [0;1;39mSlices[0m.
[   18.344647] systemd[1]: Listening on Device-mapper event daemon FIFOs.
[[0;32m  OK  [0m] Listening on [0;1;39mDevice-mapper event daemon FIFOs[0m.
[   18.360726] systemd[1]: Listening on LVM2 poll daemon socket.
[[0;32m  OK  [0m] Listening on [0;1;39mLVM2 poll daemon socket[0m.
[   18.375417] systemd[1]: Listening on multipathd control socket.
[[0;32m  OK  [0m] Listening on [0;1;39mmultipathd control socket[0m.
[   18.391690] systemd[1]: Listening on Syslog Socket.
[[0;32m  OK  [0m] Listening on [0;1;39mSyslog Socket[0m.
[   18.414083] systemd[1]: Listening on initctl Compatibility Named Pipe.
[[0;32m  OK  [0m] Listening on [0;1;39minitctl Compatibility Named Pipe[0m.
[   18.438451] systemd[1]: Listening on Journal Audit Socket.
[[0;32m  OK  [0m] Listening on [0;1;39mJournal Audit Socket[0m.
[   18.456744] systemd[1]: Listening on Journal Socket (/dev/log).
[[0;32m  OK  [0m] Listening on [0;1;39mJournal Socket (/dev/log)[0m.
[   18.468931] systemd[1]: Listening on Journal Socket.
[[0;32m  OK  [0m] Listening on [0;1;39mJournal Socket[0m.
[   18.481901] systemd[1]: Listening on Network Service Netlink Socket.
[[0;32m  OK  [0m] Listening on [0;1;39mNetwork Service Netlink Socket[0m.
[   18.499051] systemd[1]: Listening on udev Control Socket.
[[0;32m  OK  [0m] Listening on [0;1;39mudev Control Socket[0m.
[   18.514305] systemd[1]: Listening on udev Kernel Socket.
[[0;32m  OK  [0m] Listening on [0;1;39mudev Kernel Socket[0m.
[   18.537337] systemd[1]: Mounting Huge Pages File System...
         Mounting [0;1;39mHuge Pages File System[0m...
[   18.555200] systemd[1]: Mounting POSIX Message Queue File System...
         Mounting [0;1;39mPOSIX Message Queue File System[0m...
[   18.579488] systemd[1]: Mounting Kernel Debug File System...
         Mounting [0;1;39mKernel Debug File System[0m...
[   18.643225] systemd[1]: Mounting Kernel Trace File System...
         Mounting [0;1;39mKernel Trace File System[0m...
[   18.672296] systemd[1]: Starting Journal Service...
         Starting [0;1;39mJournal Service[0m...
[   18.690908] systemd[1]: Starting Set the console keyboard layout...
         Starting [0;1;39mSet the console keyboard layout[0m...
[   18.713772] systemd[1]: Starting Create list of static device nodes for the current kernel...
         Starting [0;1;39mCreate list of st…odes for the current kernel[0m...
[   18.735546] systemd[1]: Starting Monitoring of LVM2 mirrors, snapshots etc. using dmeventd or progress polling...
         Starting [0;1;39mMonitoring of LVM…meventd or progress polling[0m...
[   18.758846] systemd[1]: Condition check resulted in Load Kernel Module drm being skipped.
[   18.773145] systemd[1]: Condition check resulted in Set Up Additional Binary Formats being skipped.
[   18.794169] systemd[1]: Starting Load Kernel Modules...
         Starting [0;1;39mLoad Kernel Modules[0m...
[   18.814921] systemd[1]: Starting Remount Root and Kernel File Systems...
         Starting [0;1;39mRemount Root and Kernel File Systems[0m...
[   18.848650] systemd[1]: Starting udev Coldplug all Devices...
         Starting [0;1;39mudev Coldplug all Devices[0m...
[   18.865694] EXT4-fs (sda2): re-mounted. Opts: (null)
[   18.881991] systemd[1]: Starting Uncomplicated firewall...
         Starting [0;1;39mUncomplicated firewall[0m...
[   18.905754] systemd[1]: Mounted Huge Pages File System.
[[0;32m  OK  [0m] Mounted [0;1;39mHuge Pages File System[0m.
[   18.921252] systemd[1]: Started Journal Service.
[[0;32m  OK  [0m] Started [0;1;39mJournal Service[0m.
[[0;32m  OK  [0m] Mounted [0;1;39mPOSIX Message Queue File System[0m.
[[0;32m  OK  [0m] Mounted [0;1;39mKernel Debug File System[0m.
[[0;32m  OK  [0m] Mounted [0;1;39mKernel Trace File System[0m.
[[0;32m  OK  [0m] Finished [0;1;39mSet the console keyboard layout[0m.
[[0;32m  OK  [0m] Finished [0;1;39mCreate list of st… nodes for the current kernel[0m.
[[0;32m  OK  [0m] Finished [0;1;39mMonitoring of LVM… dmeventd or progress polling[0m.
[[0;32m  OK  [0m] Finished [0;1;39mLoad Kernel Modules[0m.
[[0;32m  OK  [0m] Finished [0;1;39mRemount Root and Kernel File Systems[0m.
[[0;32m  OK  [0m] Finished [0;1;39mUncomplicated firewall[0m.
         Activating swap [0;1;39m/swap.img[0m...
         Mounting [0;1;39mFUSE Control File System[0m...
         Mounting [0;1;39mKernel Configuration File System[0m...
         Starting [0;1;39mFlush Journal to Persistent Storage[0m...
         [   19.107280] systemd-journald[373]: Received client request to flush runtime journal.
Starting [0;1;39mLoad/Save Random Seed[0m...
         Starting [0;1;39mApply Kernel Variables[0m...
         Starting [0;1;39mCreate System Users[0m...
[[0;32m  OK  [0m] Finished [0;1;39mudev Coldplug all Devices[0m.
[[0;32m  OK  [0m] Mounted [0;1;39mFUSE Control File System[0m.
[[0;32m  OK  [0m] Mounted [0;1;39mKernel Configuration File System[0m.
         Starting [0;1;39mudev Wait for Complete Device Initialization[0m...
[[0;32m  OK  [0m] Finished [0;1;39mLoad/Save Random Seed[0m.
[[0;32m  OK  [0m] Finished [0;1;39mApply Kernel Variables[0m.
[[0;32m  OK  [0m] Finished [0;1;39mCreate System Users[0m.
         Starting [0;1;39mCreate Static Device Nodes in /dev[0m...
[[0;32m  OK  [0m] Activated swap [0;1;39m/swap.img[0m.
[[0;32m  OK  [0m] Reached target [0;1;39mSwap[0m.
[[0;32m  OK  [0m] Finished [0;1;39mCreate Static Device Nodes in /dev[0m.
         Starting [0;1;39mudev Kernel Device Manager[0m...
[[0;32m  OK  [0m] Started [0;1;39mudev Kernel Device Manager[0m.
[[0;32m  OK  [0m] Started [0;1;39mDispatch Password …ts to Console Directory Watch[0m.
[[0;32m  OK  [0m] Reached target [0;1;39mLocal Encrypted Volumes[0m.
         Starting [0;1;39mNetwork Service[0m...
[[0;32m  OK  [0m] Finished [0;1;39mFlush Journal to Persistent Storage[0m.
[[0;32m  OK  [0m] Started [0;1;39mNetwork Service[0m.
         Starting [0;1;39mWait for Network to be Configured[0m...
[[0;32m  OK  [0m] Finished [0;1;39mWait for Network to be Configured[0m.
[[0;32m  OK  [0m] Found device [0;1;39m/dev/ttyS0[0m.
[[0;32m  OK  [0m] Listening on [0;1;39mLoad/Save RF …itch Status /dev/rfkill Watch[0m.
[[0;32m  OK  [0m] Finished [0;1;39mudev Wait for Complete Device Initialization[0m.
         Starting [0;1;39mDevice-Mapper Multipath Device Controller[0m...
[[0;32m  OK  [0m] Started [0;1;39mDevice-Mapper Multipath Device Controller[0m.
[[0;32m  OK  [0m] Reached target [0;1;39mLocal File Systems (Pre)[0m.
         Mounting [0;1;39mMount unit for core18, revision 1880[0m...
         Mounting [0;1;39mMount unit for lxd, revision 16099[0m...
         Mounting [0;1;39mMount unit for snapd, revision 8542[0m...
[[0;32m  OK  [0m] Mounted [0;1;39mMount unit for core18, revision 1880[0m.
[[0;32m  OK  [0m] Mounted [0;1;39mMount unit for lxd, revision 16099[0m.
[[0;32m  OK  [0m] Mounted [0;1;39mMount unit for snapd, revision 8542[0m.
[[0;32m  OK  [0m] Reached target [0;1;39mLocal File Systems[0m.
         Starting [0;1;39mLoad AppArmor profiles[0m...
         Starting [0;1;39mSet console font and keymap[0m...
         Starting [0;1;39mCreate final runt…dir for shutdown pivot root[0m...
         Starting [0;1;39mTell Plymouth To Write Out Runtime Data[0m...
         Starting [0;1;39mCreate Volatile Files and Directories[0m...
[[0;32m  OK  [0m] Finished [0;1;39mCreate final runt…e dir for shutdown pivot root[0m.
[[0;32m  OK  [0m] Finished [0;1;39mTell Plymouth To Write Out Runtime Data[0m.
[[0;32m  OK  [0m] Finished [0;1;39mSet console font and keymap[0m.
[[0;32m  OK  [0m] Finished [0;1;39mCreate Volatile Files and Directories[0m.
         Starting [0;1;39mNetwork Name Resolution[0m...
         Starting [0;1;39mNetwork Time Synchronization[0m...
         Starting [0;1;39mUpdate UTMP about System Boot/Shutdown[0m...
[[0;32m  OK  [0m] Finished [0;1;39mLoad AppArmor profiles[0m.
         Starting [0;1;39mLoad AppArmor pro…managed internally by snapd[0m...
[[0;32m  OK  [0m] Finished [0;1;39mUpdate UTMP about System Boot/Shutdown[0m.
[[0;32m  OK  [0m] Started [0;1;39mNetwork Time Synchronization[0m.
[[0;32m  OK  [0m] Reached target [0;1;39mSystem Time Set[0m.
[[0;32m  OK  [0m] Reached target [0;1;39mSystem Time Synchronized[0m.
[[0;32m  OK  [0m] Finished [0;1;39mLoad AppArmor pro…s managed internally by snapd[0m.
[[0;32m  OK  [0m] Reached target [0;1;39mSystem Initialization[0m.
[[0;32m  OK  [0m] Started [0;1;39mDaily apt download activities[0m.
[[0;32m  OK  [0m] Started [0;1;39mDaily apt upgrade and clean activities[0m.
[[0;32m  OK  [0m] Started [0;1;39mPeriodic ext4 Onli…ata Check for All Filesystems[0m.
[[0;32m  OK  [0m] Started [0;1;39mDiscard unused blocks once a week[0m.
[[0;32m  OK  [0m] Started [0;1;39mRefresh fwupd metadata regularly[0m.
[[0;32m  OK  [0m] Started [0;1;39mDaily rotation of log files[0m.
[[0;32m  OK  [0m] Started [0;1;39mDaily man-db regeneration[0m.
[[0;32m  OK  [0m] Started [0;1;39mMessage of the Day[0m.
[[0;32m  OK  [0m] Started [0;1;39mDaily Cleanup of Temporary Directories[0m.
[[0;32m  OK  [0m] Reached target [0;1;39mPaths[0m.
[[0;32m  OK  [0m] Reached target [0;1;39mTimers[0m.
[[0;32m  OK  [0m] Listening on [0;1;39mD-Bus System Message Bus Socket[0m.
[[0;32m  OK  [0m] Listening on [0;1;39mOpen-iSCSI iscsid Socket[0m.
[[0;32m  OK  [0m] Listening on [0;1;39mSocket unix for snap application lxd.daemon[0m.
         Starting [0;1;39mSocket activation for snappy daemon[0m.
[[0;32m  OK  [0m] Listening on [0;1;39mUUID daemon activation socket[0m.
[[0;32m  OK  [0m] Started [0;1;39mNetwork Name Resolution[0m.
[[0;32m  OK  [0m] Listening on [0;1;39mSocket activation for snappy daemon[0m.
[[0;32m  OK  [0m] Reached target [0;1;39mNetwork[0m.
[[0;32m  OK  [0m] Reached target [0;1;39mNetwork is Online[0m.
[[0;32m  OK  [0m] Reached target [0;1;39mHost and Network Name Lookups[0m.
[[0;32m  OK  [0m] Reached target [0;1;39mSockets[0m.
[[0;32m  OK  [0m] Reached target [0;1;39mBasic System[0m.
         Starting [0;1;39mAccounts Service[0m...
[[0;32m  OK  [0m] Started [0;1;39mD-Bus System Message Bus[0m.
[[0;32m  OK  [0m] Started [0;1;39mSave initial kernel messages after boot[0m.
         Starting [0;1;39mRemove Stale Onli…t4 Metadata Check Snapshots[0m...
         Starting [0;1;39mLSB: Record successful boot for GRUB[0m...
         Starting [0;1;39mGRUB failed boot detection[0m...
[[0;32m  OK  [0m] Started [0;1;39mirqbalance daemon[0m.
         Starting [0;1;39mDispatcher daemon for systemd-networkd[0m...
[[0;32m  OK  [0m] Reached target [0;1;39mRemote File Systems (Pre)[0m.
[[0;32m  OK  [0m] Reached target [0;1;39mRemote File Systems[0m.
         Starting [0;1;39mLSB: automatic crash report generation[0m...
         Starting [0;1;39mDeferred execution scheduler[0m...
         Starting [0;1;39mAvailability of block devices[0m...
[[0;32m  OK  [0m] Started [0;1;39mRegular background program processing daemon[0m.
         Starting [0;1;39mSystem Logging Service[0m...
         Starting [0;1;39mService for snap application lxd.activate[0m...
         Starting [0;1;39mSnap Daemon[0m...
         Starting [0;1;39mOpenBSD Secure Shell server[0m...
         Starting [0;1;39mLogin Service[0m...
         Starting [0;1;39mPermit User Sessions[0m...
         Starting [0;1;39mThermal Daemon Service[0m...
[[0;32m  OK  [0m] Finished [0;1;39mRemove Stale Onli…ext4 Metadata Check Snapshots[0m.
[[0;32m  OK  [0m] Started [0;1;39mDeferred execution scheduler[0m.
[[0;32m  OK  [0m] Finished [0;1;39mAvailability of block devices[0m.
[[0;32m  OK  [0m] Finished [0;1;39mPermit User Sessions[0m.
[[0;32m  OK  [0m] Finished [0;1;39mGRUB failed boot detection[0m.
[[0;32m  OK  [0m] Started [0;1;39mOpenBSD Secure Shell server[0m.
[[0;32m  OK  [0m] Started [0;1;39mSystem Logging Service[0m.
         Starting [0;1;39mHold until boot process finishes up[0m...
         Starting [0;1;39mTerminate Plymouth Boot Screen[0m...
[[0;32m  OK  [0m] Finished [0;1;39mHold until boot process finishes up[0m.
[[0;32m  OK  [0m] Started [0;1;39mLSB: Record successful boot for GRUB[0m.
[[0;32m  OK  [0m] Started [0;1;39mLSB: automatic crash report generation[0m.
[[0;32m  OK  [0m] Finished [0;1;39mTerminate Plymouth Boot Screen[0m.
[[0;32m  OK  [0m] Started [0;1;39mSerial Getty on ttyS0[0m.
         Starting [0;1;39mSet console scheme[0m...
[[0;32m  OK  [0m] Finished [0;1;39mSet console scheme[0m.
[[0;32m  OK  [0m] Created slice [0;1;39msystem-getty.slice[0m.
[[0;32m  OK  [0m] Started [0;1;39mGetty on tty1[0m.
[[0;32m  OK  [0m] Reached target [0;1;39mLogin Prompts[0m.
[[0;32m  OK  [0m] Started [0;1;39mLogin Service[0m.
[[0;32m  OK  [0m] Started [0;1;39mThermal Daemon Service[0m.
[[0;32m  OK  [0m] Started [0;1;39mUnattended Upgrades Shutdown[0m.
[[0;32m  OK  [0m] Started [0;1;39mDispatcher daemon for systemd-networkd[0m.
         Starting [0;1;39mAuthorization Manager[0m...
[[0;32m  OK  [0m] Started [0;1;39mAuthorization Manager[0m.
[[0;32m  OK  [0m] Started [0;1;39mAccounts Service[0m.

Ubuntu 20.04.1 LTS fvm ttyS0

fvm login: [FEMU] FTL-Log: BBSSD-STATS version=V2.5 hot_rewrite_window=1024 hot_access_threshold=3 hot_confirmation_threshold=2 hot_decay_window=65536 hot_decay_enabled=on hot_idle_expiration_window=4096 host_page_writes=1572866 nand_page_writes=1572866 gc_page_writes=0 block_erases=0 waf=1.000000 gc_count=0 average_gc_copy=N/A host_hot_writes=0 host_cold_writes=1572866 hot_write_ratio=0.000000 gc_hot_writes=0 gc_cold_writes=0 stale_hot_gc_candidates_gt_t=0 stale_hot_gc_candidates_gt_2t=0 stale_hot_gc_candidates_gt_4t=0 stale_hot_gc_candidates_gt_8t=0 stale_hot_gc_demotions=0 cold_to_hot_count=0 hot_to_cold_count=0 hot_pool_empty_count=0 cold_pool_empty_count=33 borrow_count=33 emergency_gc_count=0 decay_application_count=1 counter_invariant=PASS
[FEMU] Log: vSSD0,Reset tt_late_ios/tt_ios,5500/6640
[FEMU] FTL-Log: BBSSD-STATS version=V2.5 hot_rewrite_window=1024 hot_access_threshold=3 hot_confirmation_threshold=2 hot_decay_window=65536 hot_decay_enabled=on hot_idle_expiration_window=4096 host_page_writes=10637884 nand_page_writes=79543278 gc_page_writes=68905394 block_erases=310400 waf=7.477359 gc_count=4850 average_gc_copy=14207.297732 host_hot_writes=730824 host_cold_writes=9907060 hot_write_ratio=0.068700 gc_hot_writes=6008 gc_cold_writes=68899386 stale_hot_gc_candidates_gt_t=9493 stale_hot_gc_candidates_gt_2t=7912 stale_hot_gc_candidates_gt_4t=5772 stale_hot_gc_candidates_gt_8t=3252 stale_hot_gc_demotions=5772 cold_to_hot_count=427088 hot_to_cold_count=426400 hot_pool_empty_count=0 cold_pool_empty_count=7 borrow_count=7 emergency_gc_count=0 decay_application_count=7244526 counter_invariant=PASS
[FEMU] Log: vSSD0,Reset tt_late_ios/tt_ios,421129/2659734
