[FEMU] FTL-Log: LPN metadata: entries=2097152 entry_size=40 total=80 MiB T=1024 A=3 C=2 D=65536 decay=on E=2048
[FEMU] FTL-Log: Write pointers: hot_line=64 cold_line=0 free=126 hot_free=63 cold_free=63
c[?7l[2J[0mSeaBIOS (version rel-1.17.0-0-gb52ca86e094d-prebuilt.qemu.org)


iPXE (http://ipxe.org) 00:03.0 CA00 PCI2.10 PnP PMM+BEFD1D20+BEF31D20 CA00
Press Ctrl-B to configure iPXE (PCI 00:03.0)...                                                                               


Booting from Hard Disk...
[H[J[1;1H[?25l[m[H[J[1;1H[2;30HGNU GRUB  version 2.04

[m[4;2H+----------------------------------------------------------------------------+[5;2H|[5;79H|[6;2H|[6;79H|[7;2H|[7;79H|[8;2H|[8;79H|[9;2H|[9;79H|[10;2H|[10;79H|[11;2H|[11;79H|[12;2H|[12;79H|[13;2H|[13;79H|[14;2H|[14;79H|[15;2H|[15;79H|[16;2H|[16;79H|[17;2H+----------------------------------------------------------------------------+[m[18;2H[19;2H[m     Use the ^ and v keys to select which entry is highlighted.          
      Press enter to boot the selected OS, `e' to edit the commands       
      before booting or `c' for a command-line.                           [5;80H [7m[5;3H*Ubuntu, with Linux 5.4.0-64-generic                                        [m[5;78H[m[m[6;3H                                                                            [m[6;78H[m[m[7;3H                                                                            [m[7;78H[m[m[8;3H                                                                            [m[8;78H[m[m[9;3H                                                                            [m[9;78H[m[m[10;3H                                                                            [m[10;78H[m[m[11;3H                                                                            [m[11;78H[m[m[12;3H                                                                            [m[12;78H[m[m[13;3H                                                                            [m[13;78H[m[m[14;3H                                                                            [m[14;78H[m[m[15;3H                                                                            [m[15;78H[m[m[16;3H                                                                            [m[16;78H[m[16;80H [5;78H[22;1H   The highlighted entry will be executed automatically in 3s.                 [5;78H[22;1H   The highlighted entry will be executed automatically in 2s.                 [5;78H[22;1H   The highlighted entry will be executed automatically in 1s.                 [5;78H[22;1H   The highlighted entry will be executed automatically in 0s.                 [5;78H[?25h[H[J[1;1H[H[J[1;1HLoading Linux 5.4.0-64-generic ...
Loading initial ramdisk ...
[    0.000000] Linux version 5.4.0-64-generic (buildd@lcy01-amd64-021) (gcc version 9.3.0 (Ubuntu 9.3.0-17ubuntu1~20.04)) #72-Ubuntu SMP Fri Jan 15 10:27:54 UTC 2021 (Ubuntu 5.4.0-64.72-generic 5.4.78)
[    0.000000] Command line: BOOT_IMAGE=/boot/vmlinuz-5.4.0-64-generic root=UUID=66add23f-3d34-46f1-a540-ebfdd268827e ro ip=dhcp console=ttyS0,115200 console=tty console=ttyS0 text
[    0.000000] KERNEL supported cpus:
[    0.000000]   Intel GenuineIntel
[    0.000000]   AMD AuthenticAMD
[    0.000000]   Hygon HygonGenuine
[    0.000000]   Centaur CentaurHauls
[    0.000000]   zhaoxin   Shanghai  
[    0.000000] x86/fpu: Supporting XSAVE feature 0x001: 'x87 floating point registers'
[    0.000000] x86/fpu: Supporting XSAVE feature 0x002: 'SSE registers'
[    0.000000] x86/fpu: Supporting XSAVE feature 0x004: 'AVX registers'
[    0.000000] x86/fpu: xstate_offset[2]:  576, xstate_sizes[2]:  256
[    0.000000] x86/fpu: Enabled xstate features 0x7, context size is 832 bytes, using 'compacted' format.
[    0.000000] BIOS-provided physical RAM map:
[    0.000000] BIOS-e820: [mem 0x0000000000000000-0x000000000009fbff] usable
[    0.000000] BIOS-e820: [mem 0x000000000009fc00-0x000000000009ffff] reserved
[    0.000000] BIOS-e820: [mem 0x00000000000f0000-0x00000000000fffff] reserved
[    0.000000] BIOS-e820: [mem 0x0000000000100000-0x00000000bffdcfff] usable
[    0.000000] BIOS-e820: [mem 0x00000000bffdd000-0x00000000bfffffff] reserved
[    0.000000] BIOS-e820: [mem 0x00000000feffc000-0x00000000feffffff] reserved
[    0.000000] BIOS-e820: [mem 0x00000000fffc0000-0x00000000ffffffff] reserved
[    0.000000] BIOS-e820: [mem 0x0000000100000000-0x000000013fffffff] usable
[    0.000000] NX (Execute Disable) protection: active
[    0.000000] SMBIOS 2.8 present.
[    0.000000] DMI: QEMU Standard PC (i440FX + PIIX, 1996), BIOS rel-1.17.0-0-gb52ca86e094d-prebuilt.qemu.org 04/01/2014
[    0.000000] Hypervisor detected: KVM
[    0.000000] kvm-clock: Using msrs 4b564d01 and 4b564d00
[    0.000000] kvm-clock: cpu 0, msr aa01001, primary cpu clock
[    0.000000] kvm-clock: using sched offset of 9048774390 cycles
[    0.000004] clocksource: kvm-clock: mask: 0xffffffffffffffff max_cycles: 0x1cd42e4dffb, max_idle_ns: 881590591483 ns
[    0.000006] tsc: Detected 2995.202 MHz processor
[    0.001792] last_pfn = 0x140000 max_arch_pfn = 0x400000000
[    0.001947] x86/PAT: Configuration [0-7]: WB  WC  UC- UC  WB  WP  UC- WT  
[    0.001969] last_pfn = 0xbffdd max_arch_pfn = 0x400000000
[    0.006500] found SMP MP-table at [mem 0x000f54b0-0x000f54bf]
[    0.006638] check: Scanning 1 areas for low memory corruption
[    0.006884] Using GB pages for direct mapping
[    0.008050] RAMDISK: [mem 0x2d173000-0x328b0fff]
[    0.008138] ACPI: Early table checksum verification disabled
[    0.008205] ACPI: RSDP 0x00000000000F52B0 000014 (v00 BOCHS )
[    0.008237] ACPI: RSDT 0x00000000BFFE2458 000034 (v01 BOCHS  BXPC     00000001 BXPC 00000001)
[    0.008242] ACPI: FACP 0x00000000BFFE22F4 000074 (v01 BOCHS  BXPC     00000001 BXPC 00000001)
[    0.008256] ACPI: DSDT 0x00000000BFFE0040 0022B4 (v01 BOCHS  BXPC     00000001 BXPC 00000001)
[    0.008259] ACPI: FACS 0x00000000BFFE0000 000040
[    0.008261] ACPI: APIC 0x00000000BFFE2368 000090 (v03 BOCHS  BXPC     00000001 BXPC 00000001)
[    0.008263] ACPI: HPET 0x00000000BFFE23F8 000038 (v01 BOCHS  BXPC     00000001 BXPC 00000001)
[    0.008265] ACPI: WAET 0x00000000BFFE2430 000028 (v01 BOCHS  BXPC     00000001 BXPC 00000001)
[    0.008971] No NUMA configuration found
[    0.008972] Faking a node at [mem 0x0000000000000000-0x000000013fffffff]
[    0.008978] NODE_DATA(0) allocated [mem 0x13ffd3000-0x13fffdfff]
[    0.010557] Zone ranges:
[    0.010560]   DMA      [mem 0x0000000000001000-0x0000000000ffffff]
[    0.010561]   DMA32    [mem 0x0000000001000000-0x00000000ffffffff]
[    0.010562]   Normal   [mem 0x0000000100000000-0x000000013fffffff]
[    0.010562]   Device   empty
[    0.010563] Movable zone start for each node
[    0.010565] Early memory node ranges
[    0.010565]   node   0: [mem 0x0000000000001000-0x000000000009efff]
[    0.010566]   node   0: [mem 0x0000000000100000-0x00000000bffdcfff]
[    0.010567]   node   0: [mem 0x0000000100000000-0x000000013fffffff]
[    0.010978] Zeroed struct page in unavailable ranges: 133 pages
[    0.010980] Initmem setup node 0 [mem 0x0000000000001000-0x000000013fffffff]
[    0.198849] ACPI: PM-Timer IO Port: 0x608
[    0.198971] ACPI: LAPIC_NMI (acpi_id[0xff] dfl dfl lint[0x1])
[    0.199091] IOAPIC[0]: apic_id 0, version 17, address 0xfec00000, GSI 0-23
[    0.199094] ACPI: INT_SRC_OVR (bus 0 bus_irq 0 global_irq 2 dfl dfl)
[    0.199099] ACPI: INT_SRC_OVR (bus 0 bus_irq 5 global_irq 5 high level)
[    0.199099] ACPI: INT_SRC_OVR (bus 0 bus_irq 9 global_irq 9 high level)
[    0.199101] ACPI: INT_SRC_OVR (bus 0 bus_irq 10 global_irq 10 high level)
[    0.199102] ACPI: INT_SRC_OVR (bus 0 bus_irq 11 global_irq 11 high level)
[    0.199107] Using ACPI (MADT) for SMP configuration information
[    0.199109] ACPI: HPET id: 0x8086a201 base: 0xfed00000
[    0.199123] TSC deadline timer available
[    0.199134] smpboot: Allowing 4 CPUs, 0 hotplug CPUs
[    0.199189] KVM setup pv sched yield
[    0.199202] PM: Registered nosave memory: [mem 0x00000000-0x00000fff]
[    0.199203] PM: Registered nosave memory: [mem 0x0009f000-0x0009ffff]
[    0.199204] PM: Registered nosave memory: [mem 0x000a0000-0x000effff]
[    0.199204] PM: Registered nosave memory: [mem 0x000f0000-0x000fffff]
[    0.199205] PM: Registered nosave memory: [mem 0xbffdd000-0xbfffffff]
[    0.199205] PM: Registered nosave memory: [mem 0xc0000000-0xfeffbfff]
[    0.199206] PM: Registered nosave memory: [mem 0xfeffc000-0xfeffffff]
[    0.199206] PM: Registered nosave memory: [mem 0xff000000-0xfffbffff]
[    0.199207] PM: Registered nosave memory: [mem 0xfffc0000-0xffffffff]
[    0.199209] [mem 0xc0000000-0xfeffbfff] available for PCI devices
[    0.199219] Booting paravirtualized kernel on KVM
[    0.199224] clocksource: refined-jiffies: mask: 0xffffffff max_cycles: 0xffffffff, max_idle_ns: 7645519600211568 ns
[    0.199228] setup_percpu: NR_CPUS:8192 nr_cpumask_bits:4 nr_cpu_ids:4 nr_node_ids:1
[    0.204047] percpu: Embedded 55 pages/cpu s188416 r8192 d28672 u524288
[    0.204108] KVM setup async PF for cpu 0
[    0.204125] kvm-stealtime: cpu 0, msr 13ba2d040
[    0.204137] PV qspinlock hash table entries: 256 (order: 0, 4096 bytes, linear)
[    0.204171] Built 1 zonelists, mobility grouping on.  Total pages: 1032038
[    0.204173] Policy zone: Normal
[    0.204175] Kernel command line: BOOT_IMAGE=/boot/vmlinuz-5.4.0-64-generic root=UUID=66add23f-3d34-46f1-a540-ebfdd268827e ro ip=dhcp console=ttyS0,115200 console=tty console=ttyS0 text
[    0.211026] Dentry cache hash table entries: 524288 (order: 10, 4194304 bytes, linear)
[    0.217343] Inode-cache hash table entries: 262144 (order: 9, 2097152 bytes, linear)
[    0.217470] mem auto-init: stack:off, heap alloc:on, heap free:off
[    0.301560] Memory: 3932816K/4193772K available (14339K kernel code, 2399K rwdata, 4960K rodata, 2724K init, 4980K bss, 260956K reserved, 0K cma-reserved)
[    0.301570] random: get_random_u64 called from kmem_cache_open+0x2d/0x410 with crng_init=0
[    0.301973] SLUB: HWalign=64, Order=0-3, MinObjects=0, CPUs=4, Nodes=1
[    0.302008] ftrace: allocating 44555 entries in 175 pages
[    0.315178] rcu: Hierarchical RCU implementation.
[    0.315180] rcu: 	RCU restricting CPUs from NR_CPUS=8192 to nr_cpu_ids=4.
[    0.315181] 	Tasks RCU enabled.
[    0.315182] rcu: RCU calculated value of scheduler-enlistment delay is 25 jiffies.
[    0.315182] rcu: Adjusting geometry for rcu_fanout_leaf=16, nr_cpu_ids=4
[    0.316904] NR_IRQS: 524544, nr_irqs: 456, preallocated irqs: 16
[    0.317200] random: crng done (trusting CPU's manufacturer)
[    0.362821] Console: colour VGA+ 80x25
[    0.430583] printk: console [tty0] enabled
[    0.721192] printk: console [ttyS0] enabled
[    0.722595] ACPI: Core revision 20190816
[    0.735535] clocksource: hpet: mask: 0xffffffff max_cycles: 0xffffffff, max_idle_ns: 19112604467 ns
[    0.742254] APIC: Switch to symmetric I/O mode setup
[    0.744692] x2apic enabled
[    0.753543] Switched APIC routing to physical x2apic.
[    0.755967] KVM setup pv IPIs
[    0.760726] ..TIMER: vector=0x30 apic1=0 pin1=2 apic2=-1 pin2=-1
[    0.764305] clocksource: tsc-early: mask: 0xffffffffffffffff max_cycles: 0x2b2c909a7c7, max_idle_ns: 440795208498 ns
[    0.774465] Calibrating delay loop (skipped) preset value.. 5990.40 BogoMIPS (lpj=11980808)
[    0.778452] pid_max: default: 32768 minimum: 301
[    0.781009] LSM: Security Framework initializing
[    0.782496] Yama: becoming mindful.
[    0.784828] AppArmor: AppArmor initialized
[    0.786654] Mount-cache hash table entries: 8192 (order: 4, 65536 bytes, linear)
[    0.790557] Mountpoint-cache hash table entries: 8192 (order: 4, 65536 bytes, linear)
[    0.794534] *** VALIDATE tmpfs ***
[    0.796062] *** VALIDATE proc ***
[    0.798591] *** VALIDATE cgroup1 ***
[    0.801460] *** VALIDATE cgroup2 ***
[    0.803389] x86/cpu: User Mode Instruction Prevention (UMIP) activated
[    0.806784] Last level iTLB entries: 4KB 0, 2MB 0, 4MB 0
[    0.808500] Last level dTLB entries: 4KB 0, 2MB 0, 4MB 0, 1GB 0
[    0.810468] Spectre V1 : Mitigation: usercopy/swapgs barriers and __user pointer sanitization
[    0.813133] Spectre V2 : Mitigation: Enhanced IBRS
[    0.814453] Spectre V2 : Spectre v2 / SpectreRSB mitigation: Filling RSB on context switch
[    0.818505] Spectre V2 : mitigation: Enabling conditional Indirect Branch Prediction Barrier
[    0.822444] Speculative Store Bypass: Mitigation: Speculative Store Bypass disabled via prctl and seccomp
[    0.826861] Freeing SMP alternatives memory: 40K
[    0.835015] smpboot: CPU0: Intel(R) Core(TM) Ultra 5 125H (family: 0x6, model: 0xaa, stepping: 0x4)
[    0.838845] Performance Events: unsupported p6 CPU model 170 no PMU driver, software events only.
[    0.842348] rcu: Hierarchical SRCU implementation.
[    0.843059] NMI watchdog: Perf NMI watchdog permanently disabled
[    0.847720] smp: Bringing up secondary CPUs ...
[    0.850890] x86: Booting SMP configuration:
[    0.852243] .... node  #0, CPUs:      #1
[    0.445311] kvm-clock: cpu 1, msr aa01041, secondary cpu clock
[    0.858667] KVM setup async PF for cpu 1
[    0.862434] kvm-stealtime: cpu 1, msr 13baad040
[    0.867405]  #2
[    0.445311] kvm-clock: cpu 2, msr aa01081, secondary cpu clock
[    0.869561] KVM setup async PF for cpu 2
[    0.870434] kvm-stealtime: cpu 2, msr 13bb2d040
[    0.875064]  #3
[    0.445311] kvm-clock: cpu 3, msr aa010c1, secondary cpu clock
[    0.878845] KVM setup async PF for cpu 3
[    0.882434] kvm-stealtime: cpu 3, msr 13bbad040
[    0.882940] smp: Brought up 1 node, 4 CPUs
[    0.886503] smpboot: Max logical packages: 1
[    0.890456] smpboot: Total of 4 processors activated (23961.61 BogoMIPS)
[    0.898577] devtmpfs: initialized
[    0.900645] x86/mm: Memory block size: 128MB
[    0.903039] clocksource: jiffies: mask: 0xffffffff max_cycles: 0xffffffff, max_idle_ns: 7645041785100000 ns
[    0.905695] futex hash table entries: 1024 (order: 4, 65536 bytes, linear)
[    0.906674] pinctrl core: initialized pinctrl subsystem
[    0.911025] PM: RTC time: 18:13:58, date: 2026-08-22
[    0.915111] NET: Registered protocol family 16
[    0.918169] audit: initializing netlink subsys (disabled)
[    0.918542] audit: type=2000 audit(1787422437.678:1): state=initialized audit_enabled=0 res=1
[    0.922825] EISA bus registered
[    0.928024] cpuidle: using governor ladder
[    0.930485] cpuidle: using governor menu
[    0.935123] KVM setup pv remote TLB flush
[    0.937707] ACPI: bus type PCI registered
[    0.939133] acpiphp: ACPI Hot Plug PCI Controller Driver version: 0.5
[    0.943037] PCI: Using configuration type 1 for base access
[    0.950665] HugeTLB registered 1.00 GiB page size, pre-allocated 0 pages
[    0.954474] HugeTLB registered 2.00 MiB page size, pre-allocated 0 pages
[    0.962712] ACPI: Added _OSI(Module Device)
[    0.964098] ACPI: Added _OSI(Processor Device)
[    0.964098] ACPI: Added _OSI(3.0 _SCP Extensions)
[    0.966434] ACPI: Added _OSI(Processor Aggregator Device)
[    0.966434] ACPI: Added _OSI(Linux-Dell-Video)
[    0.974443] ACPI: Added _OSI(Linux-Lenovo-NV-HDMI-Audio)
[    0.976320] ACPI: Added _OSI(Linux-HPI-Hybrid-Graphics)
[    0.979577] ACPI: 1 ACPI AML tables successfully acquired and loaded
[    0.985742] ACPI: Interpreter enabled
[    0.990557] ACPI: (supports S0 S3 S4 S5)
[    0.991984] ACPI: Using IOAPIC for interrupt routing
[    0.993686] PCI: Using host bridge windows from ACPI; if necessary, use "pci=nocrs" and report a bug
[    0.998615] ACPI: Enabled 2 GPEs in block 00 to 0F
[    1.004208] ACPI: PCI Root Bridge [PCI0] (domain 0000 [bus 00-ff])
[    1.010465] acpi PNP0A03:00: _OSC: OS supports [ASPM ClockPM Segments MSI HPX-Type3]
[    1.013246] acpi PNP0A03:00: fail to add MMCONFIG information, can't access extended PCI configuration space under this bridge.
[    1.019073] acpiphp: Slot [3] registered
[    1.020865] acpiphp: Slot [4] registered
[    1.022689] acpiphp: Slot [5] registered
[    1.024092] acpiphp: Slot [6] registered
[    1.031275] acpiphp: Slot [7] registered
[    1.034506] acpiphp: Slot [8] registered
[    1.037241] acpiphp: Slot [9] registered
[    1.038499] acpiphp: Slot [10] registered
[    1.039870] acpiphp: Slot [11] registered
[    1.041346] acpiphp: Slot [12] registered
[    1.051049] acpiphp: Slot [13] registered
[    1.054505] acpiphp: Slot [14] registered
[    1.056233] acpiphp: Slot [15] registered
[    1.057623] acpiphp: Slot [16] registered
[    1.058528] acpiphp: Slot [17] registered
[    1.060057] acpiphp: Slot [18] registered
[    1.062518] acpiphp: Slot [19] registered
[    1.065647] acpiphp: Slot [20] registered
[    1.070516] acpiphp: Slot [21] registered
[    1.072624] acpiphp: Slot [22] registered
[    1.074242] acpiphp: Slot [23] registered
[    1.074536] acpiphp: Slot [24] registered
[    1.077704] acpiphp: Slot [25] registered
[    1.086748] acpiphp: Slot [26] registered
[    1.090734] acpiphp: Slot [27] registered
[    1.092301] acpiphp: Slot [28] registered
[    1.093849] acpiphp: Slot [29] registered
[    1.094501] acpiphp: Slot [30] registered
[    1.096250] acpiphp: Slot [31] registered
[    1.110683] PCI host bridge to bus 0000:00
[    1.114084] pci_bus 0000:00: root bus resource [io  0x0000-0x0cf7 window]
[    1.114465] pci_bus 0000:00: root bus resource [io  0x0d00-0xffff window]
[    1.118486] pci_bus 0000:00: root bus resource [mem 0x000a0000-0x000bffff window]
[    1.126488] pci_bus 0000:00: root bus resource [mem 0xc0000000-0xfebfffff window]
[    1.130491] pci_bus 0000:00: root bus resource [mem 0xe0000000000-0xe007fffffff window]
[    1.133485] pci_bus 0000:00: root bus resource [bus 00-ff]
[    1.134630] pci 0000:00:00.0: [8086:1237] type 00 class 0x060000
[    1.139407] pci 0000:00:01.0: [8086:7000] type 00 class 0x060100
[    1.144046] pci 0000:00:01.1: [8086:7010] type 00 class 0x010180
[    1.153284] pci 0000:00:01.1: reg 0x20: [io  0xc060-0xc06f]
[    1.155439] pci 0000:00:01.1: legacy IDE quirk: reg 0x10: [io  0x01f0-0x01f7]
[    1.162481] pci 0000:00:01.1: legacy IDE quirk: reg 0x14: [io  0x03f6]
[    1.165516] pci 0000:00:01.1: legacy IDE quirk: reg 0x18: [io  0x0170-0x0177]
[    1.170472] pci 0000:00:01.1: legacy IDE quirk: reg 0x1c: [io  0x0376]
[    1.173257] pci 0000:00:01.3: [8086:7113] type 00 class 0x068000
[    1.175565] pci 0000:00:01.3: quirk: [io  0x0600-0x063f] claimed by PIIX4 ACPI
[    1.178116] pci 0000:00:01.3: quirk: [io  0x0700-0x070f] claimed by PIIX4 SMB
[    1.184006] pci 0000:00:02.0: [1234:1111] type 00 class 0x030000
[    1.190110] pci 0000:00:02.0: reg 0x10: [mem 0xfd000000-0xfdffffff pref]
[    1.194048] pci 0000:00:02.0: reg 0x18: [mem 0xfebd0000-0xfebd0fff]
[    1.206585] pci 0000:00:02.0: reg 0x30: [mem 0xfebc0000-0xfebcffff pref]
[    1.212147] pci 0000:00:03.0: [1af4:1000] type 00 class 0x020000
[    1.219945] pci 0000:00:03.0: reg 0x10: [io  0xc040-0xc05f]
[    1.222800] pci 0000:00:03.0: reg 0x14: [mem 0xfebd1000-0xfebd1fff]
[    1.228542] pci 0000:00:03.0: reg 0x20: [mem 0xe0040000000-0xe0040003fff 64bit pref]
[    1.235290] pci 0000:00:03.0: reg 0x30: [mem 0xfeb80000-0xfebbffff pref]
[    1.241137] pci 0000:00:04.0: [1af4:1004] type 00 class 0x010000
[    1.249528] pci 0000:00:04.0: reg 0x10: [io  0xc000-0xc03f]
[    1.257782] pci 0000:00:04.0: reg 0x14: [mem 0xfebd2000-0xfebd2fff]
[    1.279606] pci 0000:00:04.0: reg 0x20: [mem 0xe0040004000-0xe0040007fff 64bit pref]
[    1.295665] pci 0000:00:05.0: [1d1d:1f1f] type 00 class 0x010802
[    1.299154] pci 0000:00:05.0: reg 0x10: [mem 0xe0000000000-0xe0000001fff 64bit]
[    1.307878] pci 0000:00:05.0: reg 0x20: [mem 0xfebd3000-0xfebd3fff]
[    1.312644] pci 0000:00:05.0: enabling Extended Tags
[    1.352961] ACPI: PCI Interrupt Link [LNKA] (IRQs 5 *10 11)
[    1.358946] ACPI: PCI Interrupt Link [LNKB] (IRQs 5 *10 11)
[    1.366721] ACPI: PCI Interrupt Link [LNKC] (IRQs 5 10 *11)
[    1.370758] ACPI: PCI Interrupt Link [LNKD] (IRQs 5 10 *11)
[    1.372863] ACPI: PCI Interrupt Link [LNKS] (IRQs *9)
[    1.377716] iommu: Default domain type: Translated 
[    1.383438] SCSI subsystem initialized
[    1.386686] pci 0000:00:02.0: vgaarb: setting as boot VGA device
[    1.388691] pci 0000:00:02.0: vgaarb: VGA device added: decodes=io+mem,owns=io+mem,locks=none
[    1.394476] pci 0000:00:02.0: vgaarb: bridge control possible
[    1.397765] vgaarb: loaded
[    1.398658] ACPI: bus type USB registered
[    1.400299] usbcore: registered new interface driver usbfs
[    1.402479] usbcore: registered new interface driver hub
[    1.404549] usbcore: registered new device driver usb
[    1.406422] pps_core: LinuxPPS API ver. 1 registered
[    1.410460] pps_core: Software ver. 5.3.6 - Copyright 2005-2007 Rodolfo Giometti <giometti@linux.it>
[    1.418599] PTP clock support registered
[    1.422613] EDAC MC: Ver: 3.0.0
[    1.423131] PCI: Using ACPI for IRQ routing
[    1.428069] NetLabel: Initializing
[    1.430153] NetLabel:  domain hash size = 128
[    1.430444] NetLabel:  protocols = UNLABELED CIPSOv4 CALIPSO
[    1.432712] NetLabel:  unlabeled traffic allowed by default
[    1.462694] hpet0: at MMIO 0xfed00000, IRQs 2, 8, 0
[    1.466352] hpet0: 3 comparators, 64-bit 100.000000 MHz counter
[    1.471025] clocksource: Switched to clocksource kvm-clock
[    1.507790] *** VALIDATE bpf ***
[    1.509772] VFS: Disk quotas dquot_6.6.0
[    1.511942] VFS: Dquot-cache hash table entries: 512 (order 0, 4096 bytes)
[    1.516006] *** VALIDATE ramfs ***
[    1.517260] *** VALIDATE hugetlbfs ***
[    1.518778] AppArmor: AppArmor Filesystem Enabled
[    1.520438] pnp: PnP ACPI init
[    1.522779] pnp: PnP ACPI: found 6 devices
[    1.531024] thermal_sys: Registered thermal governor 'fair_share'
[    1.531025] thermal_sys: Registered thermal governor 'bang_bang'
[    1.533962] thermal_sys: Registered thermal governor 'step_wise'
[    1.536179] thermal_sys: Registered thermal governor 'user_space'
[    1.538260] thermal_sys: Registered thermal governor 'power_allocator'
[    1.546222] clocksource: acpi_pm: mask: 0xffffff max_cycles: 0xffffff, max_idle_ns: 2085701024 ns
[    1.552867] pci_bus 0000:00: resource 4 [io  0x0000-0x0cf7 window]
[    1.554905] pci_bus 0000:00: resource 5 [io  0x0d00-0xffff window]
[    1.556847] pci_bus 0000:00: resource 6 [mem 0x000a0000-0x000bffff window]
[    1.560061] pci_bus 0000:00: resource 7 [mem 0xc0000000-0xfebfffff window]
[    1.563656] pci_bus 0000:00: resource 8 [mem 0xe0000000000-0xe007fffffff window]
[    1.566564] NET: Registered protocol family 2
[    1.569007] tcp_listen_portaddr_hash hash table entries: 2048 (order: 3, 32768 bytes, linear)
[    1.571908] TCP established hash table entries: 32768 (order: 6, 262144 bytes, linear)
[    1.576053] TCP bind hash table entries: 32768 (order: 7, 524288 bytes, linear)
[    1.580161] TCP: Hash tables configured (established 32768 bind 32768)
[    1.583797] UDP hash table entries: 2048 (order: 4, 65536 bytes, linear)
[    1.586092] UDP-Lite hash table entries: 2048 (order: 4, 65536 bytes, linear)
[    1.588570] NET: Registered protocol family 1
[    1.590069] NET: Registered protocol family 44
[    1.592487] pci 0000:00:01.0: PIIX3: Enabling Passive Release
[    1.594714] pci 0000:00:00.0: Limiting direct PCI/PCI transfers
[    1.597237] pci 0000:00:01.0: Activating ISA DMA hang workarounds
[    1.600234] pci 0000:00:02.0: Video device with shadowed ROM at [mem 0x000c0000-0x000dffff]
[    1.602932] PCI: CLS 0 bytes, default 64
[    1.604452] Trying to unpack rootfs image as initramfs...
[    3.540437] Freeing initrd memory: 89336K
[    3.564467] PCI-DMA: Using software bounce buffering for IO (SWIOTLB)
[    3.566656] software IO TLB: mapped [mem 0xbbfdd000-0xbffdd000] (64MB)
[    3.574541] clocksource: tsc: mask: 0xffffffffffffffff max_cycles: 0x2b2c909a7c7, max_idle_ns: 440795208498 ns
[    3.578479] check: Scanning for low memory corruption every 60 seconds
[    3.594571] Initialise system trusted keyrings
[    3.596192] Key type blacklist registered
[    3.601824] workingset: timestamp_bits=36 max_order=20 bucket_order=0
[    3.604557] zbud: loaded
[    3.605910] squashfs: version 4.0 (2009/01/31) Phillip Lougher
[    3.633295] fuse: init (API version 7.31)
[    3.640156] *** VALIDATE fuse ***
[    3.641511] *** VALIDATE fuse ***
[    3.650225] Platform Keyring initialized
[    3.662685] Key type asymmetric registered
[    3.667798] Asymmetric key parser 'x509' registered
[    3.679089] Block layer SCSI generic (bsg) driver version 0.4 loaded (major 244)
[    3.718717] io scheduler mq-deadline registered
[    3.726041] shpchp: Standard Hot Plug PCI Controller Driver version: 0.4
[    3.746233] input: Power Button as /devices/LNXSYSTM:00/LNXPWRBN:00/input/input0
[    3.751560] ACPI: Power Button [PWRF]
[    3.765679] PCI Interrupt Link [LNKC] enabled at IRQ 11
[    3.775924] PCI Interrupt Link [LNKD] enabled at IRQ 10
[    3.800472] Serial: 8250/16550 driver, 32 ports, IRQ sharing enabled
[    3.845547] 00:04: ttyS0 at I/O 0x3f8 (irq = 4, base_baud = 115200) is a 16550A
[    3.860218] Linux agpgart interface v0.103
[    3.888962] loop: module loaded
[    3.905467] scsi host0: ata_piix
[    3.908336] scsi host1: ata_piix
[    3.909913] ata1: PATA max MWDMA2 cmd 0x1f0 ctl 0x3f6 bmdma 0xc060 irq 14
[    3.912165] ata2: PATA max MWDMA2 cmd 0x170 ctl 0x376 bmdma 0xc068 irq 15
[    3.918194] libphy: Fixed MDIO Bus: probed
[    3.927335] tun: Universal TUN/TAP device driver, 1.6
[    3.929913] PPP generic driver version 2.4.2
[    3.932458] VFIO - User Level meta-driver version: 0.3
[    3.935607] ehci_hcd: USB 2.0 'Enhanced' Host Controller (EHCI) Driver
[    3.938116] ehci-pci: EHCI PCI platform driver
[    3.949015] ehci-platform: EHCI generic platform driver
[    3.950768] ohci_hcd: USB 1.1 'Open' Host Controller (OHCI) Driver
[    3.952769] ohci-pci: OHCI PCI platform driver
[    3.954859] ohci-platform: OHCI generic platform driver
[    3.957205] uhci_hcd: USB Universal Host Controller Interface driver
[    3.961672] i8042: PNP: PS/2 Controller [PNP0303:KBD,PNP0f13:MOU] at 0x60,0x64 irq 1,12
[    3.971695] serio: i8042 KBD port at 0x60,0x64 irq 1
[    3.973886] serio: i8042 AUX port at 0x60,0x64 irq 12
[    3.977896] mousedev: PS/2 mouse device common for all mice
[    3.991753] rtc_cmos 00:05: RTC can wake from S4
[    3.995622] input: AT Translated Set 2 keyboard as /devices/platform/i8042/serio0/input/input1
[    4.003897] rtc_cmos 00:05: registered as rtc0
[    4.016271] rtc_cmos 00:05: alarms up to one day, y3k, 242 bytes nvram, hpet irqs
[    4.023432] i2c /dev entries driver
[    4.031209] device-mapper: uevent: version 1.0.3
[    4.036368] device-mapper: ioctl: 4.41.0-ioctl (2019-09-16) initialised: dm-devel@redhat.com
[    4.051016] platform eisa.0: Probing EISA bus 0
[    4.053309] platform eisa.0: EISA: Cannot allocate resource for mainboard
[    4.069967] platform eisa.0: Cannot allocate resource for EISA slot 1
[    4.085190] platform eisa.0: Cannot allocate resource for EISA slot 2
[    4.090992] platform eisa.0: Cannot allocate resource for EISA slot 3
[    4.105970] platform eisa.0: Cannot allocate resource for EISA slot 4
[    4.121864] platform eisa.0: Cannot allocate resource for EISA slot 5
[    4.128065] platform eisa.0: Cannot allocate resource for EISA slot 6
[    4.138050] platform eisa.0: Cannot allocate resource for EISA slot 7
[    4.145763] platform eisa.0: Cannot allocate resource for EISA slot 8
[    4.150703] platform eisa.0: EISA: Detected 0 cards
[    4.158495] intel_pstate: CPU model not supported
[    4.162309] ledtrig-cpu: registered to indicate activity on CPUs
[    4.166678] drop_monitor: Initializing network drop monitor service
[    4.170496] NET: Registered protocol family 10
[    4.241064] Segment Routing with IPv6
[    4.242749] NET: Registered protocol family 17
[    4.246248] Key type dns_resolver registered
[    4.258861] RAS: Correctable Errors collector initialized.
[    4.261014] IPI shorthand broadcast: enabled
[    4.262777] sched_clock: Marking stable (3821291449, 441311608)->(4351813793, -89210736)
[    4.270296] registered taskstats version 1
[    4.275801] Loading compiled-in X.509 certificates
[    4.285821] Loaded X.509 cert 'Build time autogenerated kernel key: 7f1af841edfbf04e4b72462ffb6202c30b2da0bb'
[    4.290212] zswap: loaded using pool lzo/zbud
[    4.296336] Key type ._fscrypt registered
[    4.300164] Key type .fscrypt registered
[    4.323154] Key type big_key registered
[    4.333197] Key type encrypted registered
[    4.337644] AppArmor: AppArmor sha1 policy hashing enabled
[    4.339733] ima: No TPM chip found, activating TPM-bypass!
[    4.344037] ima: Allocated hash algorithm: sha1
[    4.348720] ima: No architecture policies found
[    4.351297] evm: Initialising EVM extended attributes:
[    4.354602] evm: security.selinux
[    4.355782] evm: security.SMACK64
[    4.357265] evm: security.SMACK64EXEC
[    4.358804] evm: security.SMACK64TRANSMUTE
[    4.360517] evm: security.SMACK64MMAP
[    4.365451] evm: security.apparmor
[    4.370089] evm: security.ima
[    4.375583] evm: security.capability
[    4.379328] evm: HMAC attrs: 0x1
[    4.389375] PM:   Magic number: 6:743:241
[    4.393362] rtc_cmos 00:05: setting system clock to 2026-08-22T18:14:01 UTC (1787422441)
[    4.412649] Freeing unused decrypted memory: 2040K
[    4.415532] Freeing unused kernel image memory: 2724K
[    4.435281] Write protecting the kernel read-only data: 22528k
[    4.439860] Freeing unused kernel image memory: 2008K
[    4.442152] Freeing unused kernel image memory: 1184K
[    4.452586] x86/mm: Checked W+X mappings: passed, no W+X pages found.
[    4.456655] Run /init as init process
Loading, please wait...
Starting version 245.4-4ubuntu3.2
[    4.974404] Floppy drive(s): fd0 is 2.88M AMI BIOS
[    4.990516] piix4_smbus 0000:00:01.3: SMBus Host Controller at 0x700, revision 0
[    5.011110] FDC 0 is a S82078B
[    5.037510] nvme nvme0: pci function 0000:00:05.0
[    5.044831] PCI Interrupt Link [LNKA] enabled at IRQ 10
[    5.112382] input: VirtualPS/2 VMware VMMouse as /devices/platform/i8042/serio1/input/input4
[    5.129211] input: VirtualPS/2 VMware VMMouse as /devices/platform/i8042/serio1/input/input3
[    5.139971] scsi host2: Virtio SCSI HBA
[    5.150186] nvme nvme0: 4/0/0 default/read/poll queues
[    5.152179] scsi 2:0:0:0: Direct-Access     QEMU     QEMU HARDDISK    2.5+ PQ: 0 ANSI: 5
[    5.202911] cryptd: max_cpu_qlen set to 1000
[    5.238719] AVX2 version of gcm_enc/dec engaged.
[    5.244616] AES CTR mode by8 optimization enabled
[    5.265671] bochs-drm 0000:00:02.0: remove_conflicting_pci_framebuffers: bar 0: 0xfd000000 -> 0xfdffffff
[    5.277706] bochs-drm 0000:00:02.0: remove_conflicting_pci_framebuffers: bar 2: 0xfebd0000 -> 0xfebd0fff
[    5.304804] bochs-drm 0000:00:02.0: vgaarb: deactivate vga console
[    5.324204] Console: switching to colour dummy device 80x25
[    5.337730] [drm] Found bochs VGA, ID 0xb0c5.
[    5.342921] [drm] Framebuffer size 16384 kB @ 0xfd000000, mmio @ 0xfebd0000.
[    5.362751] [TTM] Zone  kernel: Available graphics memory: 2015074 KiB
[    5.371517] [TTM] Initializing pool allocator
[    5.375178] [TTM] Initializing DMA pool allocator
[    5.384898] [drm] Found EDID data blob.
[    5.395155] [drm] Initialized bochs-drm 1.0.0 20130925 for 0000:00:02.0 on minor 0
[    5.399881] sd 2:0:0:0: Attached scsi generic sg0 type 0
[    5.403088] sd 2:0:0:0: Power-on or device reset occurred
[    5.420782] sd 2:0:0:0: [sda] 167772160 512-byte logical blocks: (85.9 GB/80.0 GiB)
[    5.428522] virtio_net virtio0 ens3: renamed from eth0
[    5.433839] sd 2:0:0:0: [sda] Write Protect is off
[    5.440476] fbcon: bochs-drmdrmfb (fb0) is primary device
[    5.441374] sd 2:0:0:0: [sda] Write cache: enabled, read cache: enabled, supports DPO and FUA
[    5.456542]  sda: sda1 sda2
[    5.463759] Console: switching to colour frame buffer device 160x50
[    5.473372] sd 2:0:0:0: [sda] Attached SCSI disk
[    5.478208] bochs-drm 0000:00:02.0: fb0: bochs-drmdrmfb frame buffer device
Begin: Loading essential drivers ... [    5.750469] raid6: avx2x4   gen() 45128 MB/s
[    5.798487] raid6: avx2x4   xor() 10355 MB/s
[    5.846485] raid6: avx2x2   gen() 37261 MB/s
[    5.898520] raid6: avx2x2   xor() 24880 MB/s
[    5.946628] raid6: avx2x1   gen() 30825 MB/s
[    5.994526] raid6: avx2x1   xor() 21227 MB/s
[    6.046507] raid6: sse2x4   gen() 23323 MB/s
[    6.094480] raid6: sse2x4   xor()  6405 MB/s
[    6.142661] raid6: sse2x2   gen() 20444 MB/s
[    6.192353] raid6: sse2x2   xor()  7846 MB/s
[    6.238558] raid6: sse2x1   gen() 13695 MB/s
[    6.290499] raid6: sse2x1   xor() 11783 MB/s
[    6.297231] raid6: using algorithm avx2x4 gen() 45128 MB/s
[    6.302173] raid6: .... xor() 10355 MB/s, rmw enabled
[    6.303371] raid6: using avx2x2 recovery algorithm
[    6.307299] xor: automatically using best checksumming function   avx       
[    6.311528] async_tx: api initialized (async)
done.
Begin: Running /scripts/init-premount ... done.
Begin: Mounting root file system ... Begin: Running /scripts/local-top ... done.
Begin: Running /scripts/local-premount ... [    6.386684] Btrfs loaded, crc32c=crc32c-intel
Scanning for Btrfs filesystems
[    6.474753] blk_update_request: I/O error, dev fd0, sector 0 op 0x0:(READ) flags 0x0 phys_seg 1 prio class 0
[    6.480689] floppy: error 10 while reading block 0
done.
Warning: fsck not present, so skipping root file system
[    6.553925] EXT4-fs (sda2): mounted filesystem with ordered data mode. Opts: (null)
done.
Begin: Running /scripts/local-bottom ... done.
Begin: Running /scripts/init-bottom ... Internet Systems Consortium DHCP Client 4.4.1
Copyright 2004-2018 Internet Systems Consortium.
All rights reserved.
For info, please visit https://www.isc.org/software/dhcp/

Listening on LPF/ens3/52:54:00:12:34:56
Sending on   LPF/ens3/52:54:00:12:34:56
Sending on   Socket/fallback
DHCPDISCOVER on ens3 to 255.255.255.255 port 67 interval 3 (xid=0x77193f4e)
DHCPOFFER of 10.0.2.15 from 10.0.2.2
DHCPREQUEST for 10.0.2.15 on ens3 to 255.255.255.255 port 67 (xid=0x4e3f1977)
DHCPACK of 10.0.2.15 from 10.0.2.2 (xid=0x77193f4e)
bound to 10.0.2.15 -- renewal in 33322 seconds.
done.
[    6.899218] systemd[1]: Inserted module 'autofs4'
[    6.921775] systemd[1]: systemd 245.4-4ubuntu3.2 running in system mode. (+PAM +AUDIT +SELINUX +IMA +APPARMOR +SMACK +SYSVINIT +UTMP +LIBCRYPTSETUP +GCRYPT +GNUTLS +ACL +XZ +LZ4 +SECCOMP +BLKID +ELFUTILS +KMOD +IDN2 -IDN +PCRE2 default-hierarchy=hybrid)
[    6.932341] systemd[1]: Detected virtualization kvm.
[    6.941572] systemd[1]: Detected architecture x86-64.

Welcome to [1mUbuntu 20.04.1 LTS[0m!

[    6.976229] systemd[1]: Set hostname to <fvm>.
[    7.115587] systemd[1]: /lib/systemd/system/dbus.socket:5: ListenStream= references a path below legacy directory /var/run/, updating /var/run/dbus/system_bus_socket → /run/dbus/system_bus_socket; please update the unit file accordingly.
[    7.223945] systemd[1]: Created slice system-modprobe.slice.
[[0;32m  OK  [0m] Created slice [0;1;39msystem-modprobe.slice[0m.
[    7.237257] systemd[1]: Created slice system-serial\x2dgetty.slice.
[[0;32m  OK  [0m] Created slice [0;1;39msystem-serial\x2dgetty.slice[0m.
[    7.248262] systemd[1]: Created slice User and Session Slice.
[[0;32m  OK  [0m] Created slice [0;1;39mUser and Session Slice[0m.
[    7.256985] systemd[1]: Started Forward Password Requests to Wall Directory Watch.
[[0;32m  OK  [0m] Started [0;1;39mForward Password R…uests to Wall Directory Watch[0m.
[    7.265973] systemd[1]: Set up automount Arbitrary Executable File Formats File System Automount Point.
[[0;32m  OK  [0m] Set up automount [0;1;39mArbitrary…s File System Automount Point[0m.
[    7.277920] systemd[1]: Reached target User and Group Name Lookups.
[[0;32m  OK  [0m] Reached target [0;1;39mUser and Group Name Lookups[0m.
[    7.284263] systemd[1]: Reached target Slices.
[[0;32m  OK  [0m] Reached target [0;1;39mSlices[0m.
[    7.297596] systemd[1]: Listening on Device-mapper event daemon FIFOs.
[[0;32m  OK  [0m] Listening on [0;1;39mDevice-mapper event daemon FIFOs[0m.
[    7.309675] systemd[1]: Listening on LVM2 poll daemon socket.
[[0;32m  OK  [0m] Listening on [0;1;39mLVM2 poll daemon socket[0m.
[    7.320672] systemd[1]: Listening on multipathd control socket.
[[0;32m  OK  [0m] Listening on [0;1;39mmultipathd control socket[0m.
[    7.329018] systemd[1]: Listening on Syslog Socket.
[[0;32m  OK  [0m] Listening on [0;1;39mSyslog Socket[0m.
[    7.343004] systemd[1]: Listening on initctl Compatibility Named Pipe.
[[0;32m  OK  [0m] Listening on [0;1;39minitctl Compatibility Named Pipe[0m.
[    7.353206] systemd[1]: Listening on Journal Audit Socket.
[[0;32m  OK  [0m] Listening on [0;1;39mJournal Audit Socket[0m.
[    7.364365] systemd[1]: Listening on Journal Socket (/dev/log).
[[0;32m  OK  [0m] Listening on [0;1;39mJournal Socket (/dev/log)[0m.
[    7.374698] systemd[1]: Listening on Journal Socket.
[[0;32m  OK  [0m] Listening on [0;1;39mJournal Socket[0m.
[    7.384442] systemd[1]: Listening on Network Service Netlink Socket.
[[0;32m  OK  [0m] Listening on [0;1;39mNetwork Service Netlink Socket[0m.
[    7.397120] systemd[1]: Listening on udev Control Socket.
[[0;32m  OK  [0m] Listening on [0;1;39mudev Control Socket[0m.
[    7.404616] systemd[1]: Listening on udev Kernel Socket.
[[0;32m  OK  [0m] Listening on [0;1;39mudev Kernel Socket[0m.
[    7.422666] systemd[1]: Mounting Huge Pages File System...
         Mounting [0;1;39mHuge Pages File System[0m...
[    7.429682] systemd[1]: Mounting POSIX Message Queue File System...
         Mounting [0;1;39mPOSIX Message Queue File System[0m...
[    7.442305] systemd[1]: Mounting Kernel Debug File System...
         Mounting [0;1;39mKernel Debug File System[0m...
[    7.450830] systemd[1]: Mounting Kernel Trace File System...
         Mounting [0;1;39mKernel Trace File System[0m...
[    7.473921] systemd[1]: Starting Journal Service...
         Starting [0;1;39mJournal Service[0m...
[    7.491086] systemd[1]: Starting Set the console keyboard layout...
         Starting [0;1;39mSet the console keyboard layout[0m...
[    7.506386] systemd[1]: Starting Create list of static device nodes for the current kernel...
         Starting [0;1;39mCreate list of st…odes for the current kernel[0m...
[    7.528071] systemd[1]: Starting Monitoring of LVM2 mirrors, snapshots etc. using dmeventd or progress polling...
         Starting [0;1;39mMonitoring of LVM…meventd or progress polling[0m...
[    7.546210] systemd[1]: Condition check resulted in Load Kernel Module drm being skipped.
[    7.559715] systemd[1]: Condition check resulted in Set Up Additional Binary Formats being skipped.
[    7.573438] systemd[1]: Starting Load Kernel Modules...
         Starting [0;1;39mLoad Kernel Modules[0m...
[    7.592243] systemd[1]: Starting Remount Root and Kernel File Systems...
         Starting [0;1;39mRemount Root and Kernel File Systems[0m...
[    7.605612] systemd[1]: Starting udev Coldplug all Devices...
         Starting [0;1;39mudev Coldplug all Devices[0m...
[    7.624851] EXT4-fs (sda2): re-mounted. Opts: (null)
[    7.635757] systemd[1]: Starting Uncomplicated firewall...
         Starting [0;1;39mUncomplicated firewall[0m...
[    7.661470] systemd[1]: Mounted Huge Pages File System.
[[0;32m  OK  [0m] Mounted [0;1;39mHuge Pages File System[0m.
[    7.681547] systemd[1]: Mounted POSIX Message Queue File System.
[[0;32m  OK  [0m] Mounted [0;1;39mPOSIX Message Queue File System[0m.
[    7.701936] systemd[1]: Started Journal Service.
[[0;32m  OK  [0m] Started [0;1;39mJournal Service[0m.
[[0;32m  OK  [0m] Mounted [0;1;39mKernel Debug File System[0m.
[[0;32m  OK  [0m] Mounted [0;1;39mKernel Trace File System[0m.
[[0;32m  OK  [0m] Finished [0;1;39mSet the console keyboard layout[0m.
[[0;32m  OK  [0m] Finished [0;1;39mCreate list of st… nodes for the current kernel[0m.
[[0;32m  OK  [0m] Finished [0;1;39mMonitoring of LVM… dmeventd or progress polling[0m.
[[0;32m  OK  [0m] Finished [0;1;39mLoad Kernel Modules[0m.
[[0;32m  OK  [0m] Finished [0;1;39mRemount Root and Kernel File Systems[0m.
[[0;32m  OK  [0m] Finished [0;1;39mUncomplicated firewall[0m.
         Activating swap [0;1;39m/swap.img[0m...
         Mounting [0;1;39mFUSE Control File System[0m...
         Mounting [0;1;39mKernel Configuration File System[0m...
         Starting [0;1;39mFlush Journal to Persistent Storage[0m...
[    7.820970] systemd-journald[373]: Received client request to flush runtime journal.
         Starting [0;1;39mLoad/Save Random Seed[0m...
         Starting [0;1;39mApply Kernel Variables[0m...
         Starting [0;1;39mCreate System Users[0m...
[[0;32m  OK  [0m] Finished [0;1;39mudev Coldplug all Devices[0m.
[[0;32m  OK  [0m] Mounted [0;1;39mFUSE Control File System[0m.
[[0;32m  OK  [0m] Mounted [0;1;39mKernel Configuration File System[0m.
[[0;32m  OK  [0m] Finished [0;1;39mLoad/Save Random Seed[0m.
         Starting [0;1;39mudev Wait for Complete Device Initialization[0m...
[[0;32m  OK  [0m] Finished [0;1;39mApply Kernel Variables[0m.
[[0;32m  OK  [0m] Finished [0;1;39mCreate System Users[0m.
         Starting [0;1;39mCreate Static Device Nodes in /dev[0m...
[[0;32m  OK  [0m] Activated swap [0;1;39m/swap.img[0m.
[[0;32m  OK  [0m] Reached target [0;1;39mSwap[0m.
[[0;32m  OK  [0m] Finished [0;1;39mCreate Static Device Nodes in /dev[0m.
         Starting [0;1;39mudev Kernel Device Manager[0m...
[[0;32m  OK  [0m] Finished [0;1;39mFlush Journal to Persistent Storage[0m.
[[0;32m  OK  [0m] Started [0;1;39mudev Kernel Device Manager[0m.
[[0;32m  OK  [0m] Started [0;1;39mDispatch Password …ts to Console Directory Watch[0m.
[[0;32m  OK  [0m] Reached target [0;1;39mLocal Encrypted Volumes[0m.
         Starting [0;1;39mNetwork Service[0m...
[[0;32m  OK  [0m] Started [0;1;39mNetwork Service[0m.
         Starting [0;1;39mWait for Network to be Configured[0m...
[[0;32m  OK  [0m] Finished [0;1;39mWait for Network to be Configured[0m.
[[0;32m  OK  [0m] Found device [0;1;39m/dev/ttyS0[0m.
[[0;32m  OK  [0m] Listening on [0;1;39mLoad/Save RF …itch Status /dev/rfkill Watch[0m.
[[0;32m  OK  [0m] Finished [0;1;39mudev Wait for Complete Device Initialization[0m.
         Starting [0;1;39mDevice-Mapper Multipath Device Controller[0m...
[[0;32m  OK  [0m] Started [0;1;39mDevice-Mapper Multipath Device Controller[0m.
[[0;32m  OK  [0m] Reached target [0;1;39mLocal File Systems (Pre)[0m.
         Mounting [0;1;39mMount unit for core18, revision 1880[0m...
         Mounting [0;1;39mMount unit for lxd, revision 16099[0m...
         Mounting [0;1;39mMount unit for snapd, revision 8542[0m...
[[0;32m  OK  [0m] Mounted [0;1;39mMount unit for core18, revision 1880[0m.
[[0;32m  OK  [0m] Mounted [0;1;39mMount unit for snapd, revision 8542[0m.
[[0;32m  OK  [0m] Mounted [0;1;39mMount unit for lxd, revision 16099[0m.
[[0;32m  OK  [0m] Reached target [0;1;39mLocal File Systems[0m.
         Starting [0;1;39mLoad AppArmor profiles[0m...
         Starting [0;1;39mSet console font and keymap[0m...
         Starting [0;1;39mCreate final runt…dir for shutdown pivot root[0m...
         Starting [0;1;39mTell Plymouth To Write Out Runtime Data[0m...
         Starting [0;1;39mCreate Volatile Files and Directories[0m...
[[0;32m  OK  [0m] Finished [0;1;39mSet console font and keymap[0m.
[[0;32m  OK  [0m] Finished [0;1;39mCreate final runt…e dir for shutdown pivot root[0m.
[[0;32m  OK  [0m] Finished [0;1;39mTell Plymouth To Write Out Runtime Data[0m.
[[0;32m  OK  [0m] Finished [0;1;39mCreate Volatile Files and Directories[0m.
         Starting [0;1;39mNetwork Name Resolution[0m...
         Starting [0;1;39mNetwork Time Synchronization[0m...
         Starting [0;1;39mUpdate UTMP about System Boot/Shutdown[0m...
[[0;32m  OK  [0m] Finished [0;1;39mLoad AppArmor profiles[0m.
         Starting [0;1;39mLoad AppArmor pro…managed internally by snapd[0m...
[[0;32m  OK  [0m] Finished [0;1;39mUpdate UTMP about System Boot/Shutdown[0m.
[[0;32m  OK  [0m] Finished [0;1;39mLoad AppArmor pro…s managed internally by snapd[0m.
[[0;32m  OK  [0m] Started [0;1;39mNetwork Time Synchronization[0m.
[[0;32m  OK  [0m] Reached target [0;1;39mSystem Initialization[0m.
[[0;32m  OK  [0m] Started [0;1;39mDaily Cleanup of Temporary Directories[0m.
[[0;32m  OK  [0m] Reached target [0;1;39mPaths[0m.
[[0;32m  OK  [0m] Reached target [0;1;39mSystem Time Set[0m.
[[0;32m  OK  [0m] Reached target [0;1;39mSystem Time Synchronized[0m.
[[0;32m  OK  [0m] Started [0;1;39mDaily apt download activities[0m.
[[0;32m  OK  [0m] Started [0;1;39mDaily apt upgrade and clean activities[0m.
[[0;32m  OK  [0m] Started [0;1;39mPeriodic ext4 Onli…ata Check for All Filesystems[0m.
[[0;32m  OK  [0m] Started [0;1;39mDiscard unused blocks once a week[0m.
[[0;32m  OK  [0m] Started [0;1;39mRefresh fwupd metadata regularly[0m.
[[0;32m  OK  [0m] Started [0;1;39mDaily rotation of log files[0m.
[[0;32m  OK  [0m] Started [0;1;39mDaily man-db regeneration[0m.
[[0;32m  OK  [0m] Started [0;1;39mMessage of the Day[0m.
[[0;32m  OK  [0m] Reached target [0;1;39mTimers[0m.
[[0;32m  OK  [0m] Listening on [0;1;39mD-Bus System Message Bus Socket[0m.
[[0;32m  OK  [0m] Listening on [0;1;39mOpen-iSCSI iscsid Socket[0m.
[[0;32m  OK  [0m] Listening on [0;1;39mSocket unix for snap application lxd.daemon[0m.
         Starting [0;1;39mSocket activation for snappy daemon[0m.
[[0;32m  OK  [0m] Listening on [0;1;39mUUID daemon activation socket[0m.
[[0;32m  OK  [0m] Started [0;1;39mNetwork Name Resolution[0m.
[[0;32m  OK  [0m] Listening on [0;1;39mSocket activation for snappy daemon[0m.
[[0;32m  OK  [0m] Reached target [0;1;39mNetwork[0m.
[[0;32m  OK  [0m] Reached target [0;1;39mNetwork is Online[0m.
[[0;32m  OK  [0m] Reached target [0;1;39mHost and Network Name Lookups[0m.
[[0;32m  OK  [0m] Reached target [0;1;39mSockets[0m.
[[0;32m  OK  [0m] Reached target [0;1;39mBasic System[0m.
         Starting [0;1;39mAccounts Service[0m...
[[0;32m  OK  [0m] Started [0;1;39mD-Bus System Message Bus[0m.
[[0;32m  OK  [0m] Started [0;1;39mSave initial kernel messages after boot[0m.
         Starting [0;1;39mRemove Stale Onli…t4 Metadata Check Snapshots[0m...
         Starting [0;1;39mLSB: Record successful boot for GRUB[0m...
         Starting [0;1;39mGRUB failed boot detection[0m...
[[0;32m  OK  [0m] Started [0;1;39mirqbalance daemon[0m.
         Starting [0;1;39mDispatcher daemon for systemd-networkd[0m...
[[0;32m  OK  [0m] Reached target [0;1;39mRemote File Systems (Pre)[0m.
[[0;32m  OK  [0m] Reached target [0;1;39mRemote File Systems[0m.
         Starting [0;1;39mLSB: automatic crash report generation[0m...
         Starting [0;1;39mDeferred execution scheduler[0m...
         Starting [0;1;39mAvailability of block devices[0m...
[[0;32m  OK  [0m] Started [0;1;39mRegular background program processing daemon[0m.
         Starting [0;1;39mSystem Logging Service[0m...
         Starting [0;1;39mService for snap application lxd.activate[0m...
         Starting [0;1;39mSnap Daemon[0m...
         Starting [0;1;39mOpenBSD Secure Shell server[0m...
         Starting [0;1;39mLogin Service[0m...
         Starting [0;1;39mPermit User Sessions[0m...
         Starting [0;1;39mThermal Daemon Service[0m...
[[0;32m  OK  [0m] Finished [0;1;39mRemove Stale Onli…ext4 Metadata Check Snapshots[0m.
[[0;32m  OK  [0m] Started [0;1;39mDeferred execution scheduler[0m.
[[0;32m  OK  [0m] Finished [0;1;39mAvailability of block devices[0m.
[[0;32m  OK  [0m] Finished [0;1;39mPermit User Sessions[0m.
[[0;32m  OK  [0m] Finished [0;1;39mGRUB failed boot detection[0m.
[[0;32m  OK  [0m] Started [0;1;39mSystem Logging Service[0m.
[[0;32m  OK  [0m] Started [0;1;39mOpenBSD Secure Shell server[0m.
         Starting [0;1;39mHold until boot process finishes up[0m...
         Starting [0;1;39mTerminate Plymouth Boot Screen[0m...
[[0;32m  OK  [0m] Started [0;1;39mLSB: Record successful boot for GRUB[0m.
[[0;32m  OK  [0m] Started [0;1;39mLSB: automatic crash report generation[0m.
[[0;32m  OK  [0m] Finished [0;1;39mHold until boot process finishes up[0m.
[[0;32m  OK  [0m] Finished [0;1;39mTerminate Plymouth Boot Screen[0m.
[[0;32m  OK  [0m] Started [0;1;39mSerial Getty on ttyS0[0m.
         Starting [0;1;39mSet console scheme[0m...
[[0;32m  OK  [0m] Finished [0;1;39mSet console scheme[0m.
[[0;32m  OK  [0m] Created slice [0;1;39msystem-getty.slice[0m.
[[0;32m  OK  [0m] Started [0;1;39mGetty on tty1[0m.
[[0;32m  OK  [0m] Reached target [0;1;39mLogin Prompts[0m.
[[0;32m  OK  [0m] Started [0;1;39mThermal Daemon Service[0m.
[[0;32m  OK  [0m] Started [0;1;39mLogin Service[0m.
[[0;32m  OK  [0m] Started [0;1;39mUnattended Upgrades Shutdown[0m.
         Starting [0;1;39mAuthorization Manager[0m...
[[0;32m  OK  [0m] Started [0;1;39mAuthorization Manager[0m.
[[0;32m  OK  [0m] Started [0;1;39mAccounts Service[0m.
[[0;32m  OK  [0m] Started [0;1;39mDispatcher daemon for systemd-networkd[0m.
[[0;32m  OK  [0m] Created slice [0;1;39mUser Slice of UID 1000[0m.
         Starting [0;1;39mUser Runtime Directory /run/user/1000[0m...
[[0;32m  OK  [0m] Finished [0;1;39mUser Runtime Directory /run/user/1000[0m.
         Starting [0;1;39mUser Manager for UID 1000[0m...

Ubuntu 20.04.1 LTS fvm ttyS0

fvm login: [FEMU] FTL-Log: BBSSD-STATS version=V2.5 hot_rewrite_window=1024 hot_access_threshold=3 hot_confirmation_threshold=2 hot_decay_window=65536 hot_decay_enabled=on hot_idle_expiration_window=2048 host_page_writes=1572866 nand_page_writes=1572866 gc_page_writes=0 block_erases=0 waf=1.000000 gc_count=0 average_gc_copy=N/A host_hot_writes=0 host_cold_writes=1572866 hot_write_ratio=0.000000 gc_hot_writes=0 gc_cold_writes=0 stale_hot_gc_candidates_gt_t=0 stale_hot_gc_candidates_gt_2t=0 stale_hot_gc_candidates_gt_4t=0 stale_hot_gc_candidates_gt_8t=0 stale_hot_gc_demotions=0 cold_to_hot_count=0 hot_to_cold_count=0 hot_pool_empty_count=0 cold_pool_empty_count=33 borrow_count=33 emergency_gc_count=0 decay_application_count=1 counter_invariant=PASS
[FEMU] Log: vSSD0,Reset tt_late_ios/tt_ios,5184/6640
[FEMU] FTL-Log: BBSSD-STATS version=V2.5 hot_rewrite_window=1024 hot_access_threshold=3 hot_confirmation_threshold=2 hot_decay_window=65536 hot_decay_enabled=on hot_idle_expiration_window=2048 host_page_writes=10641852 nand_page_writes=79405257 gc_page_writes=68763405 block_erases=309952 waf=7.461601 gc_count=4843 average_gc_copy=14198.514351 host_hot_writes=770360 host_cold_writes=9871492 hot_write_ratio=0.072390 gc_hot_writes=4308 gc_cold_writes=68759097 stale_hot_gc_candidates_gt_t=11399 stale_hot_gc_candidates_gt_2t=9611 stale_hot_gc_candidates_gt_4t=7240 stale_hot_gc_candidates_gt_8t=4535 stale_hot_gc_demotions=9611 cold_to_hot_count=438604 hot_to_cold_count=438296 hot_pool_empty_count=0 cold_pool_empty_count=6 borrow_count=6 emergency_gc_count=0 decay_application_count=7262246 counter_invariant=PASS
[FEMU] Log: vSSD0,Reset tt_late_ios/tt_ios,464814/2660664
