[FEMU] FTL-Log: LPN metadata: entries=2097152 entry_size=40 total=80 MiB T=1024 A=3 C=2 D=65536 decay=on E=4096
[FEMU] FTL-Log: Write pointers: hot_line=64 cold_line=0 free=126 hot_free=63 cold_free=63
c[?7l[2J[0mSeaBIOS (version rel-1.17.0-0-gb52ca86e094d-prebuilt.qemu.org)


iPXE (http://ipxe.org) 00:03.0 CA00 PCI2.10 PnP PMM+BEFD1D20+BEF31D20 CA00
Press Ctrl-B to configure iPXE (PCI 00:03.0)...                                                                               


Booting from Hard Disk...
[H[J[1;1H[?25l[m[H[J[1;1H[2;30HGNU GRUB  version 2.04

[m[4;2H+----------------------------------------------------------------------------+[5;2H|[5;79H|[6;2H|[6;79H|[7;2H|[7;79H|[8;2H|[8;79H|[9;2H|[9;79H|[10;2H|[10;79H|[11;2H|[11;79H|[12;2H|[12;79H|[13;2H|[13;79H|[14;2H|[14;79H|[15;2H|[15;79H|[16;2H|[16;79H|[17;2H+----------------------------------------------------------------------------+[m[18;2H[19;2H[m     Use the ^ and v keys to select which entry is highlighted.          
      Press enter to boot the selected OS, `e' to edit the commands       
      before booting or `c' for a command-line.                           [5;80H [7m[5;3H*Ubuntu, with Linux 5.4.0-64-generic                                        [m[5;78H[m[m[6;3H                                                                            [m[6;78H[m[m[7;3H                                                                            [m[7;78H[m[m[8;3H                                                                            [m[8;78H[m[m[9;3H                                                                            [m[9;78H[m[m[10;3H                                                                            [m[10;78H[m[m[11;3H                                                                            [m[11;78H[m[m[12;3H                                                                            [m[12;78H[m[m[13;3H                                                                            [m[13;78H[m[m[14;3H                                                                            [m[14;78H[m[m[15;3H                                                                            [m[15;78H[m[m[16;3H                                                                            [m[16;78H[m[16;80H [5;78H[22;1H   The highlighted entry will be executed automatically in 3s.                 [5;78H[22;1H   The highlighted entry will be executed automatically in 2s.                 [5;78H[22;1H   The highlighted entry will be executed automatically in 1s.                 [5;78H[22;1H   The highlighted entry will be executed automatically in 0s.                 [5;78H[?25h[H[J[1;1H[H[J[1;1HLoading Linux 5.4.0-64-generic ...
Loading initial ramdisk ...
[    0.000000] Linux version 5.4.0-64-generic (buildd@lcy01-amd64-021) (gcc version 9.3.0 (Ubuntu 9.3.0-17ubuntu1~20.04)) #72-Ubuntu SMP Fri Jan 15 10:27:54 UTC 2021 (Ubuntu 5.4.0-64.72-generic 5.4.78)
[    0.000000] Command line: BOOT_IMAGE=/boot/vmlinuz-5.4.0-64-generic root=UUID=66add23f-3d34-46f1-a540-ebfdd268827e ro ip=dhcp console=ttyS0,115200 console=tty console=ttyS0 text
[    0.000000] KERNEL supported cpus:
[    0.000000]   Intel GenuineIntel
[    0.000000]   AMD AuthenticAMD
[    0.000000]   Hygon HygonGenuine
[    0.000000]   Centaur CentaurHauls
[    0.000000]   zhaoxin   Shanghai  
[    0.000000] x86/fpu: Supporting XSAVE feature 0x001: 'x87 floating point registers'
[    0.000000] x86/fpu: Supporting XSAVE feature 0x002: 'SSE registers'
[    0.000000] x86/fpu: Supporting XSAVE feature 0x004: 'AVX registers'
[    0.000000] x86/fpu: xstate_offset[2]:  576, xstate_sizes[2]:  256
[    0.000000] x86/fpu: Enabled xstate features 0x7, context size is 832 bytes, using 'compacted' format.
[    0.000000] BIOS-provided physical RAM map:
[    0.000000] BIOS-e820: [mem 0x0000000000000000-0x000000000009fbff] usable
[    0.000000] BIOS-e820: [mem 0x000000000009fc00-0x000000000009ffff] reserved
[    0.000000] BIOS-e820: [mem 0x00000000000f0000-0x00000000000fffff] reserved
[    0.000000] BIOS-e820: [mem 0x0000000000100000-0x00000000bffdcfff] usable
[    0.000000] BIOS-e820: [mem 0x00000000bffdd000-0x00000000bfffffff] reserved
[    0.000000] BIOS-e820: [mem 0x00000000feffc000-0x00000000feffffff] reserved
[    0.000000] BIOS-e820: [mem 0x00000000fffc0000-0x00000000ffffffff] reserved
[    0.000000] BIOS-e820: [mem 0x0000000100000000-0x000000013fffffff] usable
[    0.000000] NX (Execute Disable) protection: active
[    0.000000] SMBIOS 2.8 present.
[    0.000000] DMI: QEMU Standard PC (i440FX + PIIX, 1996), BIOS rel-1.17.0-0-gb52ca86e094d-prebuilt.qemu.org 04/01/2014
[    0.000000] Hypervisor detected: KVM
[    0.000000] kvm-clock: Using msrs 4b564d01 and 4b564d00
[    0.000000] kvm-clock: cpu 0, msr d601001, primary cpu clock
[    0.000000] kvm-clock: using sched offset of 10226575375 cycles
[    0.000003] clocksource: kvm-clock: mask: 0xffffffffffffffff max_cycles: 0x1cd42e4dffb, max_idle_ns: 881590591483 ns
[    0.000005] tsc: Detected 2995.202 MHz processor
[    0.002285] last_pfn = 0x140000 max_arch_pfn = 0x400000000
[    0.002476] x86/PAT: Configuration [0-7]: WB  WC  UC- UC  WB  WP  UC- WT  
[    0.002514] last_pfn = 0xbffdd max_arch_pfn = 0x400000000
[    0.008470] found SMP MP-table at [mem 0x000f54b0-0x000f54bf]
[    0.008732] check: Scanning 1 areas for low memory corruption
[    0.009290] Using GB pages for direct mapping
[    0.010597] RAMDISK: [mem 0x2d173000-0x328b0fff]
[    0.010725] ACPI: Early table checksum verification disabled
[    0.010781] ACPI: RSDP 0x00000000000F52B0 000014 (v00 BOCHS )
[    0.010799] ACPI: RSDT 0x00000000BFFE2458 000034 (v01 BOCHS  BXPC     00000001 BXPC 00000001)
[    0.010805] ACPI: FACP 0x00000000BFFE22F4 000074 (v01 BOCHS  BXPC     00000001 BXPC 00000001)
[    0.010810] ACPI: DSDT 0x00000000BFFE0040 0022B4 (v01 BOCHS  BXPC     00000001 BXPC 00000001)
[    0.010812] ACPI: FACS 0x00000000BFFE0000 000040
[    0.010815] ACPI: APIC 0x00000000BFFE2368 000090 (v03 BOCHS  BXPC     00000001 BXPC 00000001)
[    0.010817] ACPI: HPET 0x00000000BFFE23F8 000038 (v01 BOCHS  BXPC     00000001 BXPC 00000001)
[    0.010820] ACPI: WAET 0x00000000BFFE2430 000028 (v01 BOCHS  BXPC     00000001 BXPC 00000001)
[    0.011624] No NUMA configuration found
[    0.011626] Faking a node at [mem 0x0000000000000000-0x000000013fffffff]
[    0.011632] NODE_DATA(0) allocated [mem 0x13ffd3000-0x13fffdfff]
[    0.016612] Zone ranges:
[    0.016652]   DMA      [mem 0x0000000000001000-0x0000000000ffffff]
[    0.016653]   DMA32    [mem 0x0000000001000000-0x00000000ffffffff]
[    0.016654]   Normal   [mem 0x0000000100000000-0x000000013fffffff]
[    0.016655]   Device   empty
[    0.016656] Movable zone start for each node
[    0.016658] Early memory node ranges
[    0.016658]   node   0: [mem 0x0000000000001000-0x000000000009efff]
[    0.016659]   node   0: [mem 0x0000000000100000-0x00000000bffdcfff]
[    0.016660]   node   0: [mem 0x0000000100000000-0x000000013fffffff]
[    0.021492] Zeroed struct page in unavailable ranges: 133 pages
[    0.021530] Initmem setup node 0 [mem 0x0000000000001000-0x000000013fffffff]
[    0.197029] ACPI: PM-Timer IO Port: 0x608
[    0.197071] ACPI: LAPIC_NMI (acpi_id[0xff] dfl dfl lint[0x1])
[    0.197195] IOAPIC[0]: apic_id 0, version 17, address 0xfec00000, GSI 0-23
[    0.197198] ACPI: INT_SRC_OVR (bus 0 bus_irq 0 global_irq 2 dfl dfl)
[    0.197200] ACPI: INT_SRC_OVR (bus 0 bus_irq 5 global_irq 5 high level)
[    0.197200] ACPI: INT_SRC_OVR (bus 0 bus_irq 9 global_irq 9 high level)
[    0.197201] ACPI: INT_SRC_OVR (bus 0 bus_irq 10 global_irq 10 high level)
[    0.197202] ACPI: INT_SRC_OVR (bus 0 bus_irq 11 global_irq 11 high level)
[    0.197225] Using ACPI (MADT) for SMP configuration information
[    0.197226] ACPI: HPET id: 0x8086a201 base: 0xfed00000
[    0.197231] TSC deadline timer available
[    0.197242] smpboot: Allowing 4 CPUs, 0 hotplug CPUs
[    0.197296] KVM setup pv sched yield
[    0.197305] PM: Registered nosave memory: [mem 0x00000000-0x00000fff]
[    0.197306] PM: Registered nosave memory: [mem 0x0009f000-0x0009ffff]
[    0.197307] PM: Registered nosave memory: [mem 0x000a0000-0x000effff]
[    0.197307] PM: Registered nosave memory: [mem 0x000f0000-0x000fffff]
[    0.197308] PM: Registered nosave memory: [mem 0xbffdd000-0xbfffffff]
[    0.197309] PM: Registered nosave memory: [mem 0xc0000000-0xfeffbfff]
[    0.197309] PM: Registered nosave memory: [mem 0xfeffc000-0xfeffffff]
[    0.197310] PM: Registered nosave memory: [mem 0xff000000-0xfffbffff]
[    0.197310] PM: Registered nosave memory: [mem 0xfffc0000-0xffffffff]
[    0.197312] [mem 0xc0000000-0xfeffbfff] available for PCI devices
[    0.197313] Booting paravirtualized kernel on KVM
[    0.197316] clocksource: refined-jiffies: mask: 0xffffffff max_cycles: 0xffffffff, max_idle_ns: 7645519600211568 ns
[    0.197320] setup_percpu: NR_CPUS:8192 nr_cpumask_bits:4 nr_cpu_ids:4 nr_node_ids:1
[    0.200960] percpu: Embedded 55 pages/cpu s188416 r8192 d28672 u524288
[    0.200999] KVM setup async PF for cpu 0
[    0.201018] kvm-stealtime: cpu 0, msr 13ba2d040
[    0.201031] PV qspinlock hash table entries: 256 (order: 0, 4096 bytes, linear)
[    0.201041] Built 1 zonelists, mobility grouping on.  Total pages: 1032038
[    0.201042] Policy zone: Normal
[    0.201044] Kernel command line: BOOT_IMAGE=/boot/vmlinuz-5.4.0-64-generic root=UUID=66add23f-3d34-46f1-a540-ebfdd268827e ro ip=dhcp console=ttyS0,115200 console=tty console=ttyS0 text
[    0.209287] Dentry cache hash table entries: 524288 (order: 10, 4194304 bytes, linear)
[    0.213467] Inode-cache hash table entries: 262144 (order: 9, 2097152 bytes, linear)
[    0.213575] mem auto-init: stack:off, heap alloc:on, heap free:off
[    0.305402] Memory: 3932816K/4193772K available (14339K kernel code, 2399K rwdata, 4960K rodata, 2724K init, 4980K bss, 260956K reserved, 0K cma-reserved)
[    0.305437] random: get_random_u64 called from kmem_cache_open+0x2d/0x410 with crng_init=0
[    0.306169] SLUB: HWalign=64, Order=0-3, MinObjects=0, CPUs=4, Nodes=1
[    0.306218] ftrace: allocating 44555 entries in 175 pages
[    0.324952] rcu: Hierarchical RCU implementation.
[    0.324955] rcu: 	RCU restricting CPUs from NR_CPUS=8192 to nr_cpu_ids=4.
[    0.324956] 	Tasks RCU enabled.
[    0.324957] rcu: RCU calculated value of scheduler-enlistment delay is 25 jiffies.
[    0.324958] rcu: Adjusting geometry for rcu_fanout_leaf=16, nr_cpu_ids=4
[    0.327170] NR_IRQS: 524544, nr_irqs: 456, preallocated irqs: 16
[    0.327518] random: crng done (trusting CPU's manufacturer)
[    0.365744] Console: colour VGA+ 80x25
[    0.465240] printk: console [tty0] enabled
[    0.761141] printk: console [ttyS0] enabled
[    0.763500] ACPI: Core revision 20190816
[    0.765864] clocksource: hpet: mask: 0xffffffff max_cycles: 0xffffffff, max_idle_ns: 19112604467 ns
[    0.776124] APIC: Switch to symmetric I/O mode setup
[    0.780398] x2apic enabled
[    0.782553] Switched APIC routing to physical x2apic.
[    0.784928] KVM setup pv IPIs
[    0.792235] ..TIMER: vector=0x30 apic1=0 pin1=2 apic2=-1 pin2=-1
[    0.796596] clocksource: tsc-early: mask: 0xffffffffffffffff max_cycles: 0x2b2c909a7c7, max_idle_ns: 440795208498 ns
[    0.801960] Calibrating delay loop (skipped) preset value.. 5990.40 BogoMIPS (lpj=11980808)
[    0.805964] pid_max: default: 32768 minimum: 301
[    0.810049] LSM: Security Framework initializing
[    0.814017] Yama: becoming mindful.
[    0.818213] AppArmor: AppArmor initialized
[    0.822132] Mount-cache hash table entries: 8192 (order: 4, 65536 bytes, linear)
[    0.825588] Mountpoint-cache hash table entries: 8192 (order: 4, 65536 bytes, linear)
[    0.826042] *** VALIDATE tmpfs ***
[    0.830263] *** VALIDATE proc ***
[    0.832080] *** VALIDATE cgroup1 ***
[    0.833965] *** VALIDATE cgroup2 ***
[    0.837119] x86/cpu: User Mode Instruction Prevention (UMIP) activated
[    0.838474] Last level iTLB entries: 4KB 0, 2MB 0, 4MB 0
[    0.841964] Last level dTLB entries: 4KB 0, 2MB 0, 4MB 0, 1GB 0
[    0.845987] Spectre V1 : Mitigation: usercopy/swapgs barriers and __user pointer sanitization
[    0.849976] Spectre V2 : Mitigation: Enhanced IBRS
[    0.853961] Spectre V2 : Spectre v2 / SpectreRSB mitigation: Filling RSB on context switch
[    0.857986] Spectre V2 : mitigation: Enabling conditional Indirect Branch Prediction Barrier
[    0.861966] Speculative Store Bypass: Mitigation: Speculative Store Bypass disabled via prctl and seccomp
[    0.870274] Freeing SMP alternatives memory: 40K
[    0.882477] smpboot: CPU0: Intel(R) Core(TM) Ultra 5 125H (family: 0x6, model: 0xaa, stepping: 0x4)
[    0.886606] Performance Events: unsupported p6 CPU model 170 no PMU driver, software events only.
[    0.890566] rcu: Hierarchical SRCU implementation.
[    0.894864] NMI watchdog: Perf NMI watchdog permanently disabled
[    0.898139] smp: Bringing up secondary CPUs ...
[    0.900692] x86: Booting SMP configuration:
[    0.901973] .... node  #0, CPUs:      #1
[    0.462518] kvm-clock: cpu 1, msr d601041, secondary cpu clock
[    0.909692] KVM setup async PF for cpu 1
[    0.909955] kvm-stealtime: cpu 1, msr 13baad040
[    0.914203]  #2
[    0.462518] kvm-clock: cpu 2, msr d601081, secondary cpu clock
[    0.919255] KVM setup async PF for cpu 2
[    0.921955] kvm-stealtime: cpu 2, msr 13bb2d040
[    0.934453]  #3
[    0.462518] kvm-clock: cpu 3, msr d6010c1, secondary cpu clock
[    0.940680] KVM setup async PF for cpu 3
[    0.941955] kvm-stealtime: cpu 3, msr 13bbad040
[    0.959330] smp: Brought up 1 node, 4 CPUs
[    0.962018] smpboot: Max logical packages: 1
[    0.964941] smpboot: Total of 4 processors activated (23961.61 BogoMIPS)
[    0.986315] devtmpfs: initialized
[    0.990132] x86/mm: Memory block size: 128MB
[    0.998196] clocksource: jiffies: mask: 0xffffffff max_cycles: 0xffffffff, max_idle_ns: 7645041785100000 ns
[    1.002248] futex hash table entries: 1024 (order: 4, 65536 bytes, linear)
[    1.006469] pinctrl core: initialized pinctrl subsystem
[    1.009955] PM: RTC time: 18:20:58, date: 2026-08-22
[    1.015185] NET: Registered protocol family 16
[    1.018063] audit: initializing netlink subsys (disabled)
[    1.026075] audit: type=2000 audit(1787422858.279:1): state=initialized audit_enabled=0 res=1
[    1.026163] EISA bus registered
[    1.042035] cpuidle: using governor ladder
[    1.046042] cpuidle: using governor menu
[    1.051703] KVM setup pv remote TLB flush
[    1.058291] ACPI: bus type PCI registered
[    1.066040] acpiphp: ACPI Hot Plug PCI Controller Driver version: 0.5
[    1.071024] PCI: Using configuration type 1 for base access
[    1.078266] HugeTLB registered 1.00 GiB page size, pre-allocated 0 pages
[    1.085982] HugeTLB registered 2.00 MiB page size, pre-allocated 0 pages
[    1.161982] ACPI: Added _OSI(Module Device)
[    1.166002] ACPI: Added _OSI(Processor Device)
[    1.169511] ACPI: Added _OSI(3.0 _SCP Extensions)
[    1.173971] ACPI: Added _OSI(Processor Aggregator Device)
[    1.177985] ACPI: Added _OSI(Linux-Dell-Video)
[    1.186226] ACPI: Added _OSI(Linux-Lenovo-NV-HDMI-Audio)
[    1.189979] ACPI: Added _OSI(Linux-HPI-Hybrid-Graphics)
[    1.199452] ACPI: 1 ACPI AML tables successfully acquired and loaded
[    1.208800] ACPI: Interpreter enabled
[    1.214243] ACPI: (supports S0 S3 S4 S5)
[    1.222091] ACPI: Using IOAPIC for interrupt routing
[    1.225878] PCI: Using host bridge windows from ACPI; if necessary, use "pci=nocrs" and report a bug
[    1.238741] ACPI: Enabled 2 GPEs in block 00 to 0F
[    1.250284] ACPI: PCI Root Bridge [PCI0] (domain 0000 [bus 00-ff])
[    1.262197] acpi PNP0A03:00: _OSC: OS supports [ASPM ClockPM Segments MSI HPX-Type3]
[    1.274307] acpi PNP0A03:00: fail to add MMCONFIG information, can't access extended PCI configuration space under this bridge.
[    1.283662] acpiphp: Slot [3] registered
[    1.294653] acpiphp: Slot [4] registered
[    1.297657] acpiphp: Slot [5] registered
[    1.298055] acpiphp: Slot [6] registered
[    1.310623] acpiphp: Slot [7] registered
[    1.313394] acpiphp: Slot [8] registered
[    1.318135] acpiphp: Slot [9] registered
[    1.326059] acpiphp: Slot [10] registered
[    1.330628] acpiphp: Slot [11] registered
[    1.339403] acpiphp: Slot [12] registered
[    1.351039] acpiphp: Slot [13] registered
[    1.363580] acpiphp: Slot [14] registered
[    1.371027] acpiphp: Slot [15] registered
[    1.383118] acpiphp: Slot [16] registered
[    1.386063] acpiphp: Slot [17] registered
[    1.389337] acpiphp: Slot [18] registered
[    1.394082] acpiphp: Slot [19] registered
[    1.403136] acpiphp: Slot [20] registered
[    1.406488] acpiphp: Slot [21] registered
[    1.409820] acpiphp: Slot [22] registered
[    1.418079] acpiphp: Slot [23] registered
[    1.426564] acpiphp: Slot [24] registered
[    1.430013] acpiphp: Slot [25] registered
[    1.438153] acpiphp: Slot [26] registered
[    1.442064] acpiphp: Slot [27] registered
[    1.445207] acpiphp: Slot [28] registered
[    1.458078] acpiphp: Slot [29] registered
[    1.460764] acpiphp: Slot [30] registered
[    1.470737] acpiphp: Slot [31] registered
[    1.478043] PCI host bridge to bus 0000:00
[    1.481612] pci_bus 0000:00: root bus resource [io  0x0000-0x0cf7 window]
[    1.490029] pci_bus 0000:00: root bus resource [io  0x0d00-0xffff window]
[    1.498075] pci_bus 0000:00: root bus resource [mem 0x000a0000-0x000bffff window]
[    1.510270] pci_bus 0000:00: root bus resource [mem 0xc0000000-0xfebfffff window]
[    1.521981] pci_bus 0000:00: root bus resource [mem 0xe0000000000-0xe007fffffff window]
[    1.538042] pci_bus 0000:00: root bus resource [bus 00-ff]
[    1.546800] pci 0000:00:00.0: [8086:1237] type 00 class 0x060000
[    1.559655] pci 0000:00:01.0: [8086:7000] type 00 class 0x060100
[    1.571721] pci 0000:00:01.1: [8086:7010] type 00 class 0x010180
[    1.585847] pci 0000:00:01.1: reg 0x20: [io  0xc060-0xc06f]
[    1.596048] pci 0000:00:01.1: legacy IDE quirk: reg 0x10: [io  0x01f0-0x01f7]
[    1.606017] pci 0000:00:01.1: legacy IDE quirk: reg 0x14: [io  0x03f6]
[    1.618089] pci 0000:00:01.1: legacy IDE quirk: reg 0x18: [io  0x0170-0x0177]
[    1.630038] pci 0000:00:01.1: legacy IDE quirk: reg 0x1c: [io  0x0376]
[    1.636892] pci 0000:00:01.3: [8086:7113] type 00 class 0x068000
[    1.647989] pci 0000:00:01.3: quirk: [io  0x0600-0x063f] claimed by PIIX4 ACPI
[    1.654158] pci 0000:00:01.3: quirk: [io  0x0700-0x070f] claimed by PIIX4 SMB
[    1.666422] pci 0000:00:01.3: quirk_piix4_acpi+0x0/0x170 took 19531 usecs
[    1.680126] pci 0000:00:02.0: [1234:1111] type 00 class 0x030000
[    1.692113] pci 0000:00:02.0: reg 0x10: [mem 0xfd000000-0xfdffffff pref]
[    1.712441] pci 0000:00:02.0: reg 0x18: [mem 0xfebd0000-0xfebd0fff]
[    1.729955] pci 0000:00:02.0: reg 0x30: [mem 0xfebc0000-0xfebcffff pref]
[    1.747426] pci 0000:00:03.0: [1af4:1000] type 00 class 0x020000
[    1.756326] pci 0000:00:03.0: reg 0x10: [io  0xc040-0xc05f]
[    1.763411] pci 0000:00:03.0: reg 0x14: [mem 0xfebd1000-0xfebd1fff]
[    1.777542] pci 0000:00:03.0: reg 0x20: [mem 0xe0040000000-0xe0040003fff 64bit pref]
[    1.787343] pci 0000:00:03.0: reg 0x30: [mem 0xfeb80000-0xfebbffff pref]
[    1.803753] pci 0000:00:04.0: [1af4:1004] type 00 class 0x010000
[    1.819470] pci 0000:00:04.0: reg 0x10: [io  0xc000-0xc03f]
[    1.829841] pci 0000:00:04.0: reg 0x14: [mem 0xfebd2000-0xfebd2fff]
[    1.859475] pci 0000:00:04.0: reg 0x20: [mem 0xe0040004000-0xe0040007fff 64bit pref]
[    1.879670] pci 0000:00:05.0: [1d1d:1f1f] type 00 class 0x010802
[    1.887562] pci 0000:00:05.0: reg 0x10: [mem 0xe0000000000-0xe0000001fff 64bit]
[    1.901996] pci 0000:00:05.0: reg 0x20: [mem 0xfebd3000-0xfebd3fff]
[    1.917110] pci 0000:00:05.0: enabling Extended Tags
[    1.992169] ACPI: PCI Interrupt Link [LNKA] (IRQs 5 *10 11)
[    2.002299] ACPI: PCI Interrupt Link [LNKB] (IRQs 5 *10 11)
[    2.010496] ACPI: PCI Interrupt Link [LNKC] (IRQs 5 10 *11)
[    2.018728] ACPI: PCI Interrupt Link [LNKD] (IRQs 5 10 *11)
[    2.026322] ACPI: PCI Interrupt Link [LNKS] (IRQs *9)
[    2.038707] iommu: Default domain type: Translated 
[    2.048150] SCSI subsystem initialized
[    2.057266] pci 0000:00:02.0: vgaarb: setting as boot VGA device
[    2.057955] pci 0000:00:02.0: vgaarb: VGA device added: decodes=io+mem,owns=io+mem,locks=none
[    2.078043] pci 0000:00:02.0: vgaarb: bridge control possible
[    2.086006] vgaarb: loaded
[    2.090693] ACPI: bus type USB registered
[    2.098200] usbcore: registered new interface driver usbfs
[    2.102229] usbcore: registered new interface driver hub
[    2.106440] usbcore: registered new device driver usb
[    2.122478] pps_core: LinuxPPS API ver. 1 registered
[    2.129993] pps_core: Software ver. 5.3.6 - Copyright 2005-2007 Rodolfo Giometti <giometti@linux.it>
[    2.146162] PTP clock support registered
[    2.150298] EDAC MC: Ver: 3.0.0
[    2.159380] PCI: Using ACPI for IRQ routing
[    2.165974] NetLabel: Initializing
[    2.169975] NetLabel:  domain hash size = 128
[    2.177994] NetLabel:  protocols = UNLABELED CIPSOv4 CALIPSO
[    2.186227] NetLabel:  unlabeled traffic allowed by default
[    2.201540] hpet0: at MMIO 0xfed00000, IRQs 2, 8, 0
[    2.202034] hpet0: 3 comparators, 64-bit 100.000000 MHz counter
[    2.211932] clocksource: Switched to clocksource kvm-clock
[    2.303849] *** VALIDATE bpf ***
[    2.310506] VFS: Disk quotas dquot_6.6.0
[    2.314436] VFS: Dquot-cache hash table entries: 512 (order 0, 4096 bytes)
[    2.325189] *** VALIDATE ramfs ***
[    2.328356] *** VALIDATE hugetlbfs ***
[    2.333513] AppArmor: AppArmor Filesystem Enabled
[    2.341641] pnp: PnP ACPI init
[    2.346677] pnp: PnP ACPI: found 6 devices
[    2.378096] thermal_sys: Registered thermal governor 'fair_share'
[    2.378097] thermal_sys: Registered thermal governor 'bang_bang'
[    2.384205] thermal_sys: Registered thermal governor 'step_wise'
[    2.396179] thermal_sys: Registered thermal governor 'user_space'
[    2.402223] thermal_sys: Registered thermal governor 'power_allocator'
[    2.418868] clocksource: acpi_pm: mask: 0xffffff max_cycles: 0xffffff, max_idle_ns: 2085701024 ns
[    2.441878] pci_bus 0000:00: resource 4 [io  0x0000-0x0cf7 window]
[    2.452676] pci_bus 0000:00: resource 5 [io  0x0d00-0xffff window]
[    2.459900] pci_bus 0000:00: resource 6 [mem 0x000a0000-0x000bffff window]
[    2.473129] pci_bus 0000:00: resource 7 [mem 0xc0000000-0xfebfffff window]
[    2.487238] pci_bus 0000:00: resource 8 [mem 0xe0000000000-0xe007fffffff window]
[    2.495808] NET: Registered protocol family 2
[    2.510247] tcp_listen_portaddr_hash hash table entries: 2048 (order: 3, 32768 bytes, linear)
[    2.521924] TCP established hash table entries: 32768 (order: 6, 262144 bytes, linear)
[    2.535437] TCP bind hash table entries: 32768 (order: 7, 524288 bytes, linear)
[    2.549069] TCP: Hash tables configured (established 32768 bind 32768)
[    2.558878] UDP hash table entries: 2048 (order: 4, 65536 bytes, linear)
[    2.567146] UDP-Lite hash table entries: 2048 (order: 4, 65536 bytes, linear)
[    2.583244] NET: Registered protocol family 1
[    2.588241] NET: Registered protocol family 44
[    2.603259] pci 0000:00:01.0: PIIX3: Enabling Passive Release
[    2.622454] pci 0000:00:00.0: quirk_passive_release+0x0/0x80 took 18599 usecs
[    2.639129] pci 0000:00:00.0: Limiting direct PCI/PCI transfers
[    2.645435] pci 0000:00:01.0: Activating ISA DMA hang workarounds
[    2.663739] pci 0000:00:01.0: quirk_isa_dma_hangs+0x0/0x20 took 17754 usecs
[    2.681835] pci 0000:00:02.0: Video device with shadowed ROM at [mem 0x000c0000-0x000dffff]
[    2.708046] pci 0000:00:02.0: pci_fixup_video+0x0/0xe0 took 25513 usecs
[    2.720365] PCI: CLS 0 bytes, default 64
[    2.727885] Trying to unpack rootfs image as initramfs...
[    8.793344] Freeing initrd memory: 89336K
[    8.830490] PCI-DMA: Using software bounce buffering for IO (SWIOTLB)
[    8.838462] software IO TLB: mapped [mem 0xbbfdd000-0xbffdd000] (64MB)
[    8.890509] clocksource: tsc: mask: 0xffffffffffffffff max_cycles: 0x2b2c909a7c7, max_idle_ns: 440795208498 ns
[    8.995439] check: Scanning for low memory corruption every 60 seconds
[    9.087850] Initialise system trusted keyrings
[    9.105079] Key type blacklist registered
[    9.125940] workingset: timestamp_bits=36 max_order=20 bucket_order=0
[    9.148543] zbud: loaded
[    9.167934] squashfs: version 4.0 (2009/01/31) Phillip Lougher
[    9.176913] fuse: init (API version 7.31)
[    9.185634] *** VALIDATE fuse ***
[    9.189628] *** VALIDATE fuse ***
[    9.199934] Platform Keyring initialized
[    9.209245] Key type asymmetric registered
[    9.213521] Asymmetric key parser 'x509' registered
[    9.219468] Block layer SCSI generic (bsg) driver version 0.4 loaded (major 244)
[    9.231641] io scheduler mq-deadline registered
[    9.244039] shpchp: Standard Hot Plug PCI Controller Driver version: 0.4
[    9.265832] input: Power Button as /devices/LNXSYSTM:00/LNXPWRBN:00/input/input0
[    9.277849] ACPI: Power Button [PWRF]
[    9.328377] PCI Interrupt Link [LNKC] enabled at IRQ 11
[    9.394102] PCI Interrupt Link [LNKD] enabled at IRQ 10
[    9.429491] Serial: 8250/16550 driver, 32 ports, IRQ sharing enabled
[    9.522628] 00:04: ttyS0 at I/O 0x3f8 (irq = 4, base_baud = 115200) is a 16550A
[    9.580467] Linux agpgart interface v0.103
[    9.639118] loop: module loaded
[    9.686614] scsi host0: ata_piix
[    9.695637] scsi host1: ata_piix
[    9.699269] ata1: PATA max MWDMA2 cmd 0x1f0 ctl 0x3f6 bmdma 0xc060 irq 14
[    9.709157] ata2: PATA max MWDMA2 cmd 0x170 ctl 0x376 bmdma 0xc068 irq 15
[    9.727119] libphy: Fixed MDIO Bus: probed
[    9.731626] tun: Universal TUN/TAP device driver, 1.6
[    9.738998] PPP generic driver version 2.4.2
[    9.749129] VFIO - User Level meta-driver version: 0.3
[    9.759684] ehci_hcd: USB 2.0 'Enhanced' Host Controller (EHCI) Driver
[    9.775971] ehci-pci: EHCI PCI platform driver
[    9.781243] ehci-platform: EHCI generic platform driver
[    9.786685] ohci_hcd: USB 1.1 'Open' Host Controller (OHCI) Driver
[    9.798598] ohci-pci: OHCI PCI platform driver
[    9.805339] ohci-platform: OHCI generic platform driver
[    9.816607] uhci_hcd: USB Universal Host Controller Interface driver
[    9.833336] i8042: PNP: PS/2 Controller [PNP0303:KBD,PNP0f13:MOU] at 0x60,0x64 irq 1,12
[    9.852339] serio: i8042 KBD port at 0x60,0x64 irq 1
[    9.858999] serio: i8042 AUX port at 0x60,0x64 irq 12
[    9.872360] mousedev: PS/2 mouse device common for all mice
[    9.900402] rtc_cmos 00:05: RTC can wake from S4
[    9.900510] input: AT Translated Set 2 keyboard as /devices/platform/i8042/serio0/input/input1
[    9.929305] rtc_cmos 00:05: registered as rtc0
[    9.939490] rtc_cmos 00:05: alarms up to one day, y3k, 242 bytes nvram, hpet irqs
[    9.950652] i2c /dev entries driver
[    9.956412] device-mapper: uevent: version 1.0.3
[    9.972559] device-mapper: ioctl: 4.41.0-ioctl (2019-09-16) initialised: dm-devel@redhat.com
[    9.981246] platform eisa.0: Probing EISA bus 0
[    9.990948] platform eisa.0: EISA: Cannot allocate resource for mainboard
[    9.998977] platform eisa.0: Cannot allocate resource for EISA slot 1
[   10.007479] platform eisa.0: Cannot allocate resource for EISA slot 2
[   10.014473] platform eisa.0: Cannot allocate resource for EISA slot 3
[   10.027714] platform eisa.0: Cannot allocate resource for EISA slot 4
[   10.039882] platform eisa.0: Cannot allocate resource for EISA slot 5
[   10.047684] platform eisa.0: Cannot allocate resource for EISA slot 6
[   10.059071] platform eisa.0: Cannot allocate resource for EISA slot 7
[   10.065567] platform eisa.0: Cannot allocate resource for EISA slot 8
[   10.075200] platform eisa.0: EISA: Detected 0 cards
[   10.085592] intel_pstate: CPU model not supported
[   10.097323] ledtrig-cpu: registered to indicate activity on CPUs
[   10.110621] drop_monitor: Initializing network drop monitor service
[   10.129067] NET: Registered protocol family 10
[   10.270944] Segment Routing with IPv6
[   10.275023] NET: Registered protocol family 17
[   10.282588] Key type dns_resolver registered
[   10.296780] RAS: Correctable Errors collector initialized.
[   10.308446] IPI shorthand broadcast: enabled
[   10.313934] sched_clock: Marking stable (9853773909, 458518989)->(10427758001, -115465103)
[   10.332764] registered taskstats version 1
[   10.338964] Loading compiled-in X.509 certificates
[   10.356001] Loaded X.509 cert 'Build time autogenerated kernel key: 7f1af841edfbf04e4b72462ffb6202c30b2da0bb'
[   10.371916] zswap: loaded using pool lzo/zbud
[   10.384195] Key type ._fscrypt registered
[   10.388317] Key type .fscrypt registered
[   10.412330] Key type big_key registered
[   10.424932] Key type encrypted registered
[   10.429407] AppArmor: AppArmor sha1 policy hashing enabled
[   10.441265] ima: No TPM chip found, activating TPM-bypass!
[   10.451147] ima: Allocated hash algorithm: sha1
[   10.459261] ima: No architecture policies found
[   10.465137] evm: Initialising EVM extended attributes:
[   10.474781] evm: security.selinux
[   10.481923] evm: security.SMACK64
[   10.487771] evm: security.SMACK64EXEC
[   10.496272] evm: security.SMACK64TRANSMUTE
[   10.499871] evm: security.SMACK64MMAP
[   10.508252] evm: security.apparmor
[   10.515934] evm: security.ima
[   10.523424] evm: security.capability
[   10.534168] evm: HMAC attrs: 0x1
[   10.560027] PM:   Magic number: 6:846:342
[   10.567375] rtc_cmos 00:05: setting system clock to 2026-08-22T18:21:08 UTC (1787422868)
[   10.616845] Freeing unused decrypted memory: 2040K
[   10.670439] Freeing unused kernel image memory: 2724K
[   10.682860] Write protecting the kernel read-only data: 22528k
[   10.708081] Freeing unused kernel image memory: 2008K
[   10.790855] Freeing unused kernel image memory: 1184K
[   10.809049] x86/mm: Checked W+X mappings: passed, no W+X pages found.
[   10.815752] Run /init as init process
Loading, please wait...
Starting version 245.4-4ubuntu3.2
[   11.190352] Floppy drive(s): fd0 is 2.88M AMI BIOS
[   11.225039] piix4_smbus 0000:00:01.3: SMBus Host Controller at 0x700, revision 0
[   11.228270] input: VirtualPS/2 VMware VMMouse as /devices/platform/i8042/serio1/input/input4
[   11.231632] scsi host2: Virtio SCSI HBA
[   11.266935] FDC 0 is a S82078B
[   11.268281] nvme nvme0: pci function 0000:00:05.0
[   11.284930] scsi 2:0:0:0: Direct-Access     QEMU     QEMU HARDDISK    2.5+ PQ: 0 ANSI: 5
[   11.289009] PCI Interrupt Link [LNKA] enabled at IRQ 10
[   11.311484] input: VirtualPS/2 VMware VMMouse as /devices/platform/i8042/serio1/input/input3
[   11.345928] cryptd: max_cpu_qlen set to 1000
[   11.347500] nvme nvme0: 4/0/0 default/read/poll queues
[   11.428785] AVX2 version of gcm_enc/dec engaged.
[   11.437461] AES CTR mode by8 optimization enabled
[   11.480318] virtio_net virtio0 ens3: renamed from eth0
[   11.495481] sd 2:0:0:0: Attached scsi generic sg0 type 0
[   11.501716] sd 2:0:0:0: Power-on or device reset occurred
[   11.517298] bochs-drm 0000:00:02.0: remove_conflicting_pci_framebuffers: bar 0: 0xfd000000 -> 0xfdffffff
[   11.520526] sd 2:0:0:0: [sda] 167772160 512-byte logical blocks: (85.9 GB/80.0 GiB)
[   11.520710] sd 2:0:0:0: [sda] Write Protect is off
[   11.520945] sd 2:0:0:0: [sda] Write cache: enabled, read cache: enabled, supports DPO and FUA
[   11.545304]  sda: sda1 sda2
[   11.552497] bochs-drm 0000:00:02.0: remove_conflicting_pci_framebuffers: bar 2: 0xfebd0000 -> 0xfebd0fff
[   11.576973] sd 2:0:0:0: [sda] Attached SCSI disk
[   11.606892] bochs-drm 0000:00:02.0: vgaarb: deactivate vga console
[   11.681737] Console: switching to colour dummy device 80x25
[   11.692171] [drm] Found bochs VGA, ID 0xb0c5.
[   11.697845] [drm] Framebuffer size 16384 kB @ 0xfd000000, mmio @ 0xfebd0000.
[   11.704739] [TTM] Zone  kernel: Available graphics memory: 2015074 KiB
[   11.710444] [TTM] Initializing pool allocator
[   11.714569] [TTM] Initializing DMA pool allocator
[   11.738575] [drm] Found EDID data blob.
[   11.749204] [drm] Initialized bochs-drm 1.0.0 20130925 for 0000:00:02.0 on minor 0
[   11.777916] fbcon: bochs-drmdrmfb (fb0) is primary device
[   11.806205] Console: switching to colour frame buffer device 160x50
[   11.837009] bochs-drm 0000:00:02.0: fb0: bochs-drmdrmfb frame buffer device
Begin: Loading essential drivers ... [   12.094377] raid6: avx2x4   gen()  8700 MB/s
[   12.142316] raid6: avx2x4   xor()  4800 MB/s
[   12.190331] raid6: avx2x2   gen() 12511 MB/s
[   12.246126] raid6: avx2x2   xor() 11468 MB/s
[   12.294226] raid6: avx2x1   gen() 17786 MB/s
[   12.346260] raid6: avx2x1   xor()  9058 MB/s
[   12.398170] raid6: sse2x4   gen() 11657 MB/s
[   12.450147] raid6: sse2x4   xor()  6950 MB/s
[   12.506321] raid6: sse2x2   gen()  9550 MB/s
[   12.562217] raid6: sse2x2   xor()  6668 MB/s
[   12.614188] raid6: sse2x1   gen()  7914 MB/s
[   12.666235] raid6: sse2x1   xor()  5598 MB/s
[   12.676175] raid6: using algorithm avx2x1 gen() 17786 MB/s
[   12.679489] raid6: .... xor() 9058 MB/s, rmw enabled
[   12.682222] raid6: using avx2x2 recovery algorithm
[   12.701842] xor: automatically using best checksumming function   avx       
[   12.735094] async_tx: api initialized (async)
done.
Begin: Running /scripts/init-premount ... done.
Begin: Mounting root file system ... Begin: Running /scripts/local-top ... done.
Begin: Running /scripts/local-premount ... [   12.930620] Btrfs loaded, crc32c=crc32c-intel
Scanning for Btrfs filesystems
[   13.038279] blk_update_request: I/O error, dev fd0, sector 0 op 0x0:(READ) flags 0x0 phys_seg 1 prio class 0
[   13.043589] floppy: error 10 while reading block 0
done.
Warning: fsck not present, so skipping root file system
[   13.178933] EXT4-fs (sda2): mounted filesystem with ordered data mode. Opts: (null)
done.
Begin: Running /scripts/local-bottom ... done.
Begin: Running /scripts/init-bottom ... Internet Systems Consortium DHCP Client 4.4.1
Copyright 2004-2018 Internet Systems Consortium.
All rights reserved.
For info, please visit https://www.isc.org/software/dhcp/

Listening on LPF/ens3/52:54:00:12:34:56
Sending on   LPF/ens3/52:54:00:12:34:56
Sending on   Socket/fallback
DHCPDISCOVER on ens3 to 255.255.255.255 port 67 interval 3 (xid=0x506bb340)
DHCPOFFER of 10.0.2.15 from 10.0.2.2
DHCPREQUEST for 10.0.2.15 on ens3 to 255.255.255.255 port 67 (xid=0x40b36b50)
DHCPACK of 10.0.2.15 from 10.0.2.2 (xid=0x506bb340)
bound to 10.0.2.15 -- renewal in 34573 seconds.
done.
[   13.931295] systemd[1]: Inserted module 'autofs4'
[   13.981040] systemd[1]: systemd 245.4-4ubuntu3.2 running in system mode. (+PAM +AUDIT +SELINUX +IMA +APPARMOR +SMACK +SYSVINIT +UTMP +LIBCRYPTSETUP +GCRYPT +GNUTLS +ACL +XZ +LZ4 +SECCOMP +BLKID +ELFUTILS +KMOD +IDN2 -IDN +PCRE2 default-hierarchy=hybrid)
[   14.007958] systemd[1]: Detected virtualization kvm.
[   14.017620] systemd[1]: Detected architecture x86-64.

Welcome to [1mUbuntu 20.04.1 LTS[0m!

[   14.095521] systemd[1]: Set hostname to <fvm>.
[   14.395592] systemd[1]: /lib/systemd/system/dbus.socket:5: ListenStream= references a path below legacy directory /var/run/, updating /var/run/dbus/system_bus_socket → /run/dbus/system_bus_socket; please update the unit file accordingly.
[   14.859021] systemd[1]: Created slice system-modprobe.slice.
[[0;32m  OK  [0m] Created slice [0;1;39msystem-modprobe.slice[0m.
[   14.978271] systemd[1]: Created slice system-serial\x2dgetty.slice.
[[0;32m  OK  [0m] Created slice [0;1;39msystem-serial\x2dgetty.slice[0m.
[   15.021701] systemd[1]: Created slice User and Session Slice.
[[0;32m  OK  [0m] Created slice [0;1;39mUser and Session Slice[0m.
[   15.058980] systemd[1]: Started Forward Password Requests to Wall Directory Watch.
[[0;32m  OK  [0m] Started [0;1;39mForward Password R…uests to Wall Directory Watch[0m.
[   15.100864] systemd[1]: Set up automount Arbitrary Executable File Formats File System Automount Point.
[[0;32m  OK  [0m] Set up automount [0;1;39mArbitrary…s File System Automount Point[0m.
[   15.141821] systemd[1]: Reached target User and Group Name Lookups.
[[0;32m  OK  [0m] Reached target [0;1;39mUser and Group Name Lookups[0m.
[   15.164917] systemd[1]: Reached target Slices.
[[0;32m  OK  [0m] Reached target [0;1;39mSlices[0m.
[   15.187338] systemd[1]: Listening on Device-mapper event daemon FIFOs.
[[0;32m  OK  [0m] Listening on [0;1;39mDevice-mapper event daemon FIFOs[0m.
[   15.220169] systemd[1]: Listening on LVM2 poll daemon socket.
[[0;32m  OK  [0m] Listening on [0;1;39mLVM2 poll daemon socket[0m.
[   15.246091] systemd[1]: Listening on multipathd control socket.
[[0;32m  OK  [0m] Listening on [0;1;39mmultipathd control socket[0m.
[   15.268798] systemd[1]: Listening on Syslog Socket.
[[0;32m  OK  [0m] Listening on [0;1;39mSyslog Socket[0m.
[   15.314174] systemd[1]: Listening on initctl Compatibility Named Pipe.
[[0;32m  OK  [0m] Listening on [0;1;39minitctl Compatibility Named Pipe[0m.
[   15.354919] systemd[1]: Listening on Journal Audit Socket.
[[0;32m  OK  [0m] Listening on [0;1;39mJournal Audit Socket[0m.
[   15.374253] systemd[1]: Listening on Journal Socket (/dev/log).
[[0;32m  OK  [0m] Listening on [0;1;39mJournal Socket (/dev/log)[0m.
[   15.404151] systemd[1]: Listening on Journal Socket.
[[0;32m  OK  [0m] Listening on [0;1;39mJournal Socket[0m.
[   15.420011] systemd[1]: Listening on Network Service Netlink Socket.
[[0;32m  OK  [0m] Listening on [0;1;39mNetwork Service Netlink Socket[0m.
[   15.435483] systemd[1]: Listening on udev Control Socket.
[[0;32m  OK  [0m] Listening on [0;1;39mudev Control Socket[0m.
[   15.448439] systemd[1]: Listening on udev Kernel Socket.
[[0;32m  OK  [0m] Listening on [0;1;39mudev Kernel Socket[0m.
[   15.485408] systemd[1]: Mounting Huge Pages File System...
         Mounting [0;1;39mHuge Pages File System[0m...
[   15.505691] systemd[1]: Mounting POSIX Message Queue File System...
         Mounting [0;1;39mPOSIX Message Queue File System[0m...
[   15.526385] systemd[1]: Mounting Kernel Debug File System...
         Mounting [0;1;39mKernel Debug File System[0m...
[   15.619947] systemd[1]: Mounting Kernel Trace File System...
         Mounting [0;1;39mKernel Trace File System[0m...
[   15.660034] systemd[1]: Starting Journal Service...
         Starting [0;1;39mJournal Service[0m...
[   15.686413] systemd[1]: Starting Set the console keyboard layout...
         Starting [0;1;39mSet the console keyboard layout[0m...
[   15.718493] systemd[1]: Starting Create list of static device nodes for the current kernel...
         Starting [0;1;39mCreate list of st…odes for the current kernel[0m...
[   15.743710] systemd[1]: Starting Monitoring of LVM2 mirrors, snapshots etc. using dmeventd or progress polling...
         Starting [0;1;39mMonitoring of LVM…meventd or progress polling[0m...
[   15.783038] systemd[1]: Condition check resulted in Load Kernel Module drm being skipped.
[   15.790910] systemd[1]: Condition check resulted in Set Up Additional Binary Formats being skipped.
[   15.837232] systemd[1]: Starting Load Kernel Modules...
         Starting [0;1;39mLoad Kernel Modules[0m...
[   15.937153] systemd[1]: Starting Remount Root and Kernel File Systems...
         Starting [0;1;39mRemount Root and Kernel File Systems[0m...
[   15.996902] EXT4-fs (sda2): re-mounted. Opts: (null)
[   16.005699] systemd[1]: Starting udev Coldplug all Devices...
         Starting [0;1;39mudev Coldplug all Devices[0m...
[   16.044332] systemd[1]: Starting Uncomplicated firewall...
         Starting [0;1;39mUncomplicated firewall[0m...
[   16.084141] systemd[1]: Started Journal Service.
[[0;32m  OK  [0m] Started [0;1;39mJournal Service[0m.
[[0;32m  OK  [0m] Mounted [0;1;39mHuge Pages File System[0m.
[[0;32m  OK  [0m] Mounted [0;1;39mPOSIX Message Queue File System[0m.
[[0;32m  OK  [0m] Mounted [0;1;39mKernel Debug File System[0m.
[[0;32m  OK  [0m] Mounted [0;1;39mKernel Trace File System[0m.
[[0;32m  OK  [0m] Finished [0;1;39mSet the console keyboard layout[0m.
[[0;32m  OK  [0m] Finished [0;1;39mCreate list of st… nodes for the current kernel[0m.
[[0;32m  OK  [0m] Finished [0;1;39mMonitoring of LVM… dmeventd or progress polling[0m.
[[0;32m  OK  [0m] Finished [0;1;39mLoad Kernel Modules[0m.
[[0;32m  OK  [0m] Finished [0;1;39mRemount Root and Kernel File Systems[0m.
[[0;32m  OK  [0m] Finished [0;1;39mUncomplicated firewall[0m.
         Activating swap [0;1;39m/swap.img[0m...
         Mounting [0;1;39mFUSE Control File System[0m...
         Mounting [0;1;39mKernel Configuration File System[0m...
         Starting [0;1;39mFlush Journal to Persistent Storage[0m...
         Starting [0;1;39mLoad/Save Random Seed[0m...
         Starting [0;1;39mApply Kernel Variables[0m...
[   16.745882] systemd-journald[372]: Received client request to flush runtime journal.
         Starting [0;1;39mCreate System Users[0m...
[   16.843432] Adding 4029436k swap on /swap.img.  Priority:-2 extents:5 across:4307964k FS
[[0;32m  OK  [0m] Mounted [0;1;39mFUSE Control File System[0m.
[[0;32m  OK  [0m] Activated swap [0;1;39m/swap.img[0m.
[[0;32m  OK  [0m] Mounted [0;1;39mKernel Configuration File System[0m.
[[0;32m  OK  [0m] Finished [0;1;39mLoad/Save Random Seed[0m.
[[0;32m  OK  [0m] Reached target [0;1;39mSwap[0m.
[[0;32m  OK  [0m] Finished [0;1;39mApply Kernel Variables[0m.
[[0;32m  OK  [0m] Finished [0;1;39mudev Coldplug all Devices[0m.
[[0;32m  OK  [0m] Finished [0;1;39mCreate System Users[0m.
         Starting [0;1;39mCreate Static Device Nodes in /dev[0m...
         Starting [0;1;39mudev Wait for Complete Device Initialization[0m...
[[0;32m  OK  [0m] Finished [0;1;39mCreate Static Device Nodes in /dev[0m.
         Starting [0;1;39mudev Kernel Device Manager[0m...
[[0;32m  OK  [0m] Finished [0;1;39mFlush Journal to Persistent Storage[0m.
[[0;32m  OK  [0m] Started [0;1;39mudev Kernel Device Manager[0m.
[[0;32m  OK  [0m] Started [0;1;39mDispatch Password …ts to Console Directory Watch[0m.
[[0;32m  OK  [0m] Reached target [0;1;39mLocal Encrypted Volumes[0m.
         Starting [0;1;39mNetwork Service[0m...
[[0;32m  OK  [0m] Started [0;1;39mNetwork Service[0m.
         Starting [0;1;39mWait for Network to be Configured[0m...
[[0;32m  OK  [0m] Finished [0;1;39mWait for Network to be Configured[0m.
[[0;32m  OK  [0m] Found device [0;1;39m/dev/ttyS0[0m.
[[0;32m  OK  [0m] Listening on [0;1;39mLoad/Save RF …itch Status /dev/rfkill Watch[0m.
[[0;32m  OK  [0m] Finished [0;1;39mudev Wait for Complete Device Initialization[0m.
         Starting [0;1;39mDevice-Mapper Multipath Device Controller[0m...
[[0;32m  OK  [0m] Started [0;1;39mDevice-Mapper Multipath Device Controller[0m.
[[0;32m  OK  [0m] Reached target [0;1;39mLocal File Systems (Pre)[0m.
         Mounting [0;1;39mMount unit for core18, revision 1880[0m...
         Mounting [0;1;39mMount unit for lxd, revision 16099[0m...
         Mounting [0;1;39mMount unit for snapd, revision 8542[0m...
[[0;32m  OK  [0m] Mounted [0;1;39mMount unit for core18, revision 1880[0m.
[[0;32m  OK  [0m] Mounted [0;1;39mMount unit for lxd, revision 16099[0m.
[[0;32m  OK  [0m] Mounted [0;1;39mMount unit for snapd, revision 8542[0m.
[[0;32m  OK  [0m] Reached target [0;1;39mLocal File Systems[0m.
         Starting [0;1;39mLoad AppArmor profiles[0m...
         Starting [0;1;39mSet console font and keymap[0m...
         Starting [0;1;39mCreate final runt…dir for shutdown pivot root[0m...
         Starting [0;1;39mTell Plymouth To Write Out Runtime Data[0m...
         Starting [0;1;39mCreate Volatile Files and Directories[0m...
[[0;32m  OK  [0m] Finished [0;1;39mSet console font and keymap[0m.
[[0;32m  OK  [0m] Finished [0;1;39mCreate final runt…e dir for shutdown pivot root[0m.
[[0;32m  OK  [0m] Finished [0;1;39mTell Plymouth To Write Out Runtime Data[0m.
[[0;32m  OK  [0m] Finished [0;1;39mCreate Volatile Files and Directories[0m.
[[0;32m  OK  [0m] Finished [0;1;39mLoad AppArmor profiles[0m.
         Starting [0;1;39mLoad AppArmor pro…managed internally by snapd[0m...
         Starting [0;1;39mNetwork Name Resolution[0m...
         Starting [0;1;39mNetwork Time Synchronization[0m...
         Starting [0;1;39mUpdate UTMP about System Boot/Shutdown[0m...
[[0;32m  OK  [0m] Finished [0;1;39mUpdate UTMP about System Boot/Shutdown[0m.
[[0;32m  OK  [0m] Finished [0;1;39mLoad AppArmor pro…s managed internally by snapd[0m.
[[0;32m  OK  [0m] Started [0;1;39mNetwork Time Synchronization[0m.
[[0;32m  OK  [0m] Reached target [0;1;39mSystem Initialization[0m.
[[0;32m  OK  [0m] Started [0;1;39mDaily Cleanup of Temporary Directories[0m.
[[0;32m  OK  [0m] Reached target [0;1;39mPaths[0m.
[[0;32m  OK  [0m] Reached target [0;1;39mSystem Time Set[0m.
[[0;32m  OK  [0m] Reached target [0;1;39mSystem Time Synchronized[0m.
[[0;32m  OK  [0m] Started [0;1;39mDaily apt download activities[0m.
[[0;32m  OK  [0m] Started [0;1;39mDaily apt upgrade and clean activities[0m.
[[0;32m  OK  [0m] Started [0;1;39mPeriodic ext4 Onli…ata Check for All Filesystems[0m.
[[0;32m  OK  [0m] Started [0;1;39mDiscard unused blocks once a week[0m.
[[0;32m  OK  [0m] Started [0;1;39mRefresh fwupd metadata regularly[0m.
[[0;32m  OK  [0m] Started [0;1;39mDaily rotation of log files[0m.
[[0;32m  OK  [0m] Started [0;1;39mDaily man-db regeneration[0m.
[[0;32m  OK  [0m] Started [0;1;39mMessage of the Day[0m.
[[0;32m  OK  [0m] Reached target [0;1;39mTimers[0m.
[[0;32m  OK  [0m] Listening on [0;1;39mD-Bus System Message Bus Socket[0m.
[[0;32m  OK  [0m] Listening on [0;1;39mOpen-iSCSI iscsid Socket[0m.
[[0;32m  OK  [0m] Listening on [0;1;39mSocket unix for snap application lxd.daemon[0m.
         Starting [0;1;39mSocket activation for snappy daemon[0m.
[[0;32m  OK  [0m] Listening on [0;1;39mUUID daemon activation socket[0m.
[[0;32m  OK  [0m] Listening on [0;1;39mSocket activation for snappy daemon[0m.
[[0;32m  OK  [0m] Reached target [0;1;39mSockets[0m.
[[0;32m  OK  [0m] Reached target [0;1;39mBasic System[0m.
         Starting [0;1;39mAccounts Service[0m...
[[0;32m  OK  [0m] Started [0;1;39mD-Bus System Message Bus[0m.
[[0;32m  OK  [0m] Started [0;1;39mSave initial kernel messages after boot[0m.
         Starting [0;1;39mRemove Stale Onli…t4 Metadata Check Snapshots[0m...
         Starting [0;1;39mLSB: Record successful boot for GRUB[0m...
         Starting [0;1;39mGRUB failed boot detection[0m...
[[0;32m  OK  [0m] Started [0;1;39mirqbalance daemon[0m.
         Starting [0;1;39mDispatcher daemon for systemd-networkd[0m...
         Starting [0;1;39mSystem Logging Service[0m...
         Starting [0;1;39mSnap Daemon[0m...
         Starting [0;1;39mLogin Service[0m...
         Starting [0;1;39mThermal Daemon Service[0m...
[[0;32m  OK  [0m] Started [0;1;39mNetwork Name Resolution[0m.
[[0;32m  OK  [0m] Finished [0;1;39mRemove Stale Onli…ext4 Metadata Check Snapshots[0m.
[[0;32m  OK  [0m] Started [0;1;39mSystem Logging Service[0m.
[[0;32m  OK  [0m] Finished [0;1;39mGRUB failed boot detection[0m.
[[0;32m  OK  [0m] Reached target [0;1;39mNetwork[0m.
[[0;32m  OK  [0m] Reached target [0;1;39mNetwork is Online[0m.
[[0;32m  OK  [0m] Reached target [0;1;39mHost and Network Name Lookups[0m.
[[0;32m  OK  [0m] Reached target [0;1;39mRemote File Systems (Pre)[0m.
[[0;32m  OK  [0m] Reached target [0;1;39mRemote File Systems[0m.
         Starting [0;1;39mLSB: automatic crash report generation[0m...
         Starting [0;1;39mDeferred execution scheduler[0m...
         Starting [0;1;39mAvailability of block devices[0m...
[[0;32m  OK  [0m] Started [0;1;39mRegular background program processing daemon[0m.
         Starting [0;1;39mService for snap application lxd.activate[0m...
         Starting [0;1;39mOpenBSD Secure Shell server[0m...
         Starting [0;1;39mPermit User Sessions[0m...
[[0;32m  OK  [0m] Started [0;1;39mLSB: Record successful boot for GRUB[0m.
[[0;32m  OK  [0m] Started [0;1;39mDeferred execution scheduler[0m.
[[0;32m  OK  [0m] Finished [0;1;39mAvailability of block devices[0m.
[[0;32m  OK  [0m] Finished [0;1;39mPermit User Sessions[0m.
         Starting [0;1;39mHold until boot process finishes up[0m...
         Starting [0;1;39mTerminate Plymouth Boot Screen[0m...
[[0;32m  OK  [0m] Finished [0;1;39mHold until boot process finishes up[0m.
[[0;32m  OK  [0m] Started [0;1;39mSerial Getty on ttyS0[0m.
         Starting [0;1;39mSet console scheme[0m...
[[0;32m  OK  [0m] Finished [0;1;39mTerminate Plymouth Boot Screen[0m.
[[0;32m  OK  [0m] Started [0;1;39mLSB: automatic crash report generation[0m.
[[0;32m  OK  [0m] Finished [0;1;39mSet console scheme[0m.
[[0;32m  OK  [0m] Created slice [0;1;39msystem-getty.slice[0m.
[[0;32m  OK  [0m] Started [0;1;39mGetty on tty1[0m.
[[0;32m  OK  [0m] Reached target [0;1;39mLogin Prompts[0m.
[[0;32m  OK  [0m] Started [0;1;39mOpenBSD Secure Shell server[0m.
[[0;32m  OK  [0m] Started [0;1;39mThermal Daemon Service[0m.
[[0;32m  OK  [0m] Started [0;1;39mLogin Service[0m.
[[0;32m  OK  [0m] Started [0;1;39mUnattended Upgrades Shutdown[0m.
         Starting [0;1;39mAuthorization Manager[0m...
[[0;32m  OK  [0m] Started [0;1;39mDispatcher daemon for systemd-networkd[0m.
[[0;32m  OK  [0m] Started [0;1;39mAuthorization Manager[0m.
[[0;32m  OK  [0m] Started [0;1;39mAccounts Service[0m.

Ubuntu 20.04.1 LTS fvm ttyS0

fvm login: [FEMU] FTL-Log: BBSSD-STATS version=V2.5 hot_rewrite_window=1024 hot_access_threshold=3 hot_confirmation_threshold=2 hot_decay_window=65536 hot_decay_enabled=on hot_idle_expiration_window=4096 host_page_writes=1572866 nand_page_writes=1572866 gc_page_writes=0 block_erases=0 waf=1.000000 gc_count=0 average_gc_copy=N/A host_hot_writes=0 host_cold_writes=1572866 hot_write_ratio=0.000000 gc_hot_writes=0 gc_cold_writes=0 stale_hot_gc_candidates_gt_t=0 stale_hot_gc_candidates_gt_2t=0 stale_hot_gc_candidates_gt_4t=0 stale_hot_gc_candidates_gt_8t=0 stale_hot_gc_demotions=0 cold_to_hot_count=0 hot_to_cold_count=0 hot_pool_empty_count=0 cold_pool_empty_count=33 borrow_count=33 emergency_gc_count=0 decay_application_count=1 counter_invariant=PASS
[FEMU] Log: vSSD0,Reset tt_late_ios/tt_ios,3299/6448
[FEMU] FTL-Log: BBSSD-STATS version=V2.5 hot_rewrite_window=1024 hot_access_threshold=3 hot_confirmation_threshold=2 hot_decay_window=65536 hot_decay_enabled=on hot_idle_expiration_window=4096 host_page_writes=10633892 nand_page_writes=79311358 gc_page_writes=68677466 block_erases=309504 waf=7.458357 gc_count=4836 average_gc_copy=14201.295699 host_hot_writes=756808 host_cold_writes=9877084 hot_write_ratio=0.071169 gc_hot_writes=6612 gc_cold_writes=68670854 stale_hot_gc_candidates_gt_t=11822 stale_hot_gc_candidates_gt_2t=10029 stale_hot_gc_candidates_gt_4t=7746 stale_hot_gc_candidates_gt_8t=5113 stale_hot_gc_demotions=7746 cold_to_hot_count=431736 hot_to_cold_count=430988 hot_pool_empty_count=0 cold_pool_empty_count=6 borrow_count=6 emergency_gc_count=0 decay_application_count=7247604 counter_invariant=PASS
[FEMU] Log: vSSD0,Reset tt_late_ios/tt_ios,562618/2658623
