-device femu,devsz_mb=6144,namespaces=1,femu_mode=1,secsz=512,secs_per_pg=8,pgs_per_blk=256,blks_per_pl=128,pls_per_lun=1,luns_per_ch=8,nchs=8,pg_rd_lat=40000,pg_wr_lat=200000,blk_er_lat=2000000,ch_xfer_lat=0,gc_thres_pcent=75,gc_thres_pcent_high=95
[FEMU] FTL-Log: LPN metadata: entries=2097152 entry_size=32 total=64 MiB T_fast=1024 T_slow=4096 R=1
[FEMU] FTL-Log: Write pointers: hot_line=64 cold_line=0 free=126 hot_free=63 cold_free=63
c[?7l[2J[0mSeaBIOS (version rel-1.17.0-0-gb52ca86e094d-prebuilt.qemu.org)


iPXE (http://ipxe.org) 00:03.0 CA00 PCI2.10 PnP PMM+BEFD1D20+BEF31D20 CA00
Press Ctrl-B to configure iPXE (PCI 00:03.0)...                                                                               


Booting from Hard Disk...
[H[J[1;1H[?25l[m[H[J[1;1H[2;30HGNU GRUB  version 2.04

[m[4;2H+----------------------------------------------------------------------------+[5;2H|[5;79H|[6;2H|[6;79H|[7;2H|[7;79H|[8;2H|[8;79H|[9;2H|[9;79H|[10;2H|[10;79H|[11;2H|[11;79H|[12;2H|[12;79H|[13;2H|[13;79H|[14;2H|[14;79H|[15;2H|[15;79H|[16;2H|[16;79H|[17;2H+----------------------------------------------------------------------------+[m[18;2H[19;2H[m     Use the ^ and v keys to select which entry is highlighted.          
      Press enter to boot the selected OS, `e' to edit the commands       
      before booting or `c' for a command-line.                           [5;80H [7m[5;3H*Ubuntu, with Linux 5.4.0-64-generic                                        [m[5;78H[m[m[6;3H                                                                            [m[6;78H[m[m[7;3H                                                                            [m[7;78H[m[m[8;3H                                                                            [m[8;78H[m[m[9;3H                                                                            [m[9;78H[m[m[10;3H                                                                            [m[10;78H[m[m[11;3H                                                                            [m[11;78H[m[m[12;3H                                                                            [m[12;78H[m[m[13;3H                                                                            [m[13;78H[m[m[14;3H                                                                            [m[14;78H[m[m[15;3H                                                                            [m[15;78H[m[m[16;3H                                                                            [m[16;78H[m[16;80H [5;78H[22;1H   The highlighted entry will be executed automatically in 3s.                 [5;78H[22;1H   The highlighted entry will be executed automatically in 2s.                 [5;78H[22;1H   The highlighted entry will be executed automatically in 1s.                 [5;78H[22;1H   The highlighted entry will be executed automatically in 0s.                 [5;78H[?25h[H[J[1;1H[H[J[1;1HLoading Linux 5.4.0-64-generic ...
Loading initial ramdisk ...
[    0.000000] Linux version 5.4.0-64-generic (buildd@lcy01-amd64-021) (gcc version 9.3.0 (Ubuntu 9.3.0-17ubuntu1~20.04)) #72-Ubuntu SMP Fri Jan 15 10:27:54 UTC 2021 (Ubuntu 5.4.0-64.72-generic 5.4.78)
[    0.000000] Command line: BOOT_IMAGE=/boot/vmlinuz-5.4.0-64-generic root=UUID=66add23f-3d34-46f1-a540-ebfdd268827e ro ip=dhcp console=ttyS0,115200 console=tty console=ttyS0 text
[    0.000000] KERNEL supported cpus:
[    0.000000]   Intel GenuineIntel
[    0.000000]   AMD AuthenticAMD
[    0.000000]   Hygon HygonGenuine
[    0.000000]   Centaur CentaurHauls
[    0.000000]   zhaoxin   Shanghai  
[    0.000000] x86/fpu: Supporting XSAVE feature 0x001: 'x87 floating point registers'
[    0.000000] x86/fpu: Supporting XSAVE feature 0x002: 'SSE registers'
[    0.000000] x86/fpu: Supporting XSAVE feature 0x004: 'AVX registers'
[    0.000000] x86/fpu: xstate_offset[2]:  576, xstate_sizes[2]:  256
[    0.000000] x86/fpu: Enabled xstate features 0x7, context size is 832 bytes, using 'compacted' format.
[    0.000000] BIOS-provided physical RAM map:
[    0.000000] BIOS-e820: [mem 0x0000000000000000-0x000000000009fbff] usable
[    0.000000] BIOS-e820: [mem 0x000000000009fc00-0x000000000009ffff] reserved
[    0.000000] BIOS-e820: [mem 0x00000000000f0000-0x00000000000fffff] reserved
[    0.000000] BIOS-e820: [mem 0x0000000000100000-0x00000000bffdcfff] usable
[    0.000000] BIOS-e820: [mem 0x00000000bffdd000-0x00000000bfffffff] reserved
[    0.000000] BIOS-e820: [mem 0x00000000feffc000-0x00000000feffffff] reserved
[    0.000000] BIOS-e820: [mem 0x00000000fffc0000-0x00000000ffffffff] reserved
[    0.000000] BIOS-e820: [mem 0x0000000100000000-0x000000013fffffff] usable
[    0.000000] NX (Execute Disable) protection: active
[    0.000000] SMBIOS 2.8 present.
[    0.000000] DMI: QEMU Standard PC (i440FX + PIIX, 1996), BIOS rel-1.17.0-0-gb52ca86e094d-prebuilt.qemu.org 04/01/2014
[    0.000000] Hypervisor detected: KVM
[    0.000000] kvm-clock: Using msrs 4b564d01 and 4b564d00
[    0.000003] kvm-clock: cpu 0, msr 9b801001, primary cpu clock
[    0.000003] kvm-clock: using sched offset of 23645876469 cycles
[    0.000015] clocksource: kvm-clock: mask: 0xffffffffffffffff max_cycles: 0x1cd42e4dffb, max_idle_ns: 881590591483 ns
[    0.000049] tsc: Detected 2995.202 MHz processor
[    0.005213] last_pfn = 0x140000 max_arch_pfn = 0x400000000
[    0.005619] x86/PAT: Configuration [0-7]: WB  WC  UC- UC  WB  WP  UC- WT  
[    0.005696] last_pfn = 0xbffdd max_arch_pfn = 0x400000000
[    0.017901] found SMP MP-table at [mem 0x000f54b0-0x000f54bf]
[    0.018358] check: Scanning 1 areas for low memory corruption
[    0.018658] Using GB pages for direct mapping
[    0.020979] RAMDISK: [mem 0x2d173000-0x328b0fff]
[    0.021357] ACPI: Early table checksum verification disabled
[    0.021445] ACPI: RSDP 0x00000000000F52B0 000014 (v00 BOCHS )
[    0.021481] ACPI: RSDT 0x00000000BFFE2458 000034 (v01 BOCHS  BXPC     00000001 BXPC 00000001)
[    0.021519] ACPI: FACP 0x00000000BFFE22F4 000074 (v01 BOCHS  BXPC     00000001 BXPC 00000001)
[    0.021544] ACPI: DSDT 0x00000000BFFE0040 0022B4 (v01 BOCHS  BXPC     00000001 BXPC 00000001)
[    0.021556] ACPI: FACS 0x00000000BFFE0000 000040
[    0.021561] ACPI: APIC 0x00000000BFFE2368 000090 (v03 BOCHS  BXPC     00000001 BXPC 00000001)
[    0.021566] ACPI: HPET 0x00000000BFFE23F8 000038 (v01 BOCHS  BXPC     00000001 BXPC 00000001)
[    0.021570] ACPI: WAET 0x00000000BFFE2430 000028 (v01 BOCHS  BXPC     00000001 BXPC 00000001)
[    0.025298] No NUMA configuration found
[    0.025305] Faking a node at [mem 0x0000000000000000-0x000000013fffffff]
[    0.025331] NODE_DATA(0) allocated [mem 0x13ffd3000-0x13fffdfff]
[    0.027773] Zone ranges:
[    0.027794]   DMA      [mem 0x0000000000001000-0x0000000000ffffff]
[    0.027798]   DMA32    [mem 0x0000000001000000-0x00000000ffffffff]
[    0.027799]   Normal   [mem 0x0000000100000000-0x000000013fffffff]
[    0.027801]   Device   empty
[    0.027803] Movable zone start for each node
[    0.027805] Early memory node ranges
[    0.027807]   node   0: [mem 0x0000000000001000-0x000000000009efff]
[    0.027809]   node   0: [mem 0x0000000000100000-0x00000000bffdcfff]
[    0.027811]   node   0: [mem 0x0000000100000000-0x000000013fffffff]
[    0.033998] Zeroed struct page in unavailable ranges: 133 pages
[    0.034046] Initmem setup node 0 [mem 0x0000000000001000-0x000000013fffffff]
[    0.121768] ACPI: PM-Timer IO Port: 0x608
[    0.121979] ACPI: LAPIC_NMI (acpi_id[0xff] dfl dfl lint[0x1])
[    0.122421] IOAPIC[0]: apic_id 0, version 17, address 0xfec00000, GSI 0-23
[    0.122429] ACPI: INT_SRC_OVR (bus 0 bus_irq 0 global_irq 2 dfl dfl)
[    0.122450] ACPI: INT_SRC_OVR (bus 0 bus_irq 5 global_irq 5 high level)
[    0.122452] ACPI: INT_SRC_OVR (bus 0 bus_irq 9 global_irq 9 high level)
[    0.122462] ACPI: INT_SRC_OVR (bus 0 bus_irq 10 global_irq 10 high level)
[    0.122464] ACPI: INT_SRC_OVR (bus 0 bus_irq 11 global_irq 11 high level)
[    0.122474] Using ACPI (MADT) for SMP configuration information
[    0.122486] ACPI: HPET id: 0x8086a201 base: 0xfed00000
[    0.122527] TSC deadline timer available
[    0.122585] smpboot: Allowing 4 CPUs, 0 hotplug CPUs
[    0.122841] KVM setup pv sched yield
[    0.122880] PM: Registered nosave memory: [mem 0x00000000-0x00000fff]
[    0.122883] PM: Registered nosave memory: [mem 0x0009f000-0x0009ffff]
[    0.122885] PM: Registered nosave memory: [mem 0x000a0000-0x000effff]
[    0.122886] PM: Registered nosave memory: [mem 0x000f0000-0x000fffff]
[    0.122888] PM: Registered nosave memory: [mem 0xbffdd000-0xbfffffff]
[    0.122889] PM: Registered nosave memory: [mem 0xc0000000-0xfeffbfff]
[    0.122890] PM: Registered nosave memory: [mem 0xfeffc000-0xfeffffff]
[    0.122891] PM: Registered nosave memory: [mem 0xff000000-0xfffbffff]
[    0.122892] PM: Registered nosave memory: [mem 0xfffc0000-0xffffffff]
[    0.122895] [mem 0xc0000000-0xfeffbfff] available for PCI devices
[    0.122931] Booting paravirtualized kernel on KVM
[    0.122938] clocksource: refined-jiffies: mask: 0xffffffff max_cycles: 0xffffffff, max_idle_ns: 7645519600211568 ns
[    0.122945] setup_percpu: NR_CPUS:8192 nr_cpumask_bits:4 nr_cpu_ids:4 nr_node_ids:1
[    0.125303] percpu: Embedded 55 pages/cpu s188416 r8192 d28672 u524288
[    0.125469] KVM setup async PF for cpu 0
[    0.125537] kvm-stealtime: cpu 0, msr 13ba2d040
[    0.125585] PV qspinlock hash table entries: 256 (order: 0, 4096 bytes, linear)
[    0.125640] Built 1 zonelists, mobility grouping on.  Total pages: 1032038
[    0.125642] Policy zone: Normal
[    0.125646] Kernel command line: BOOT_IMAGE=/boot/vmlinuz-5.4.0-64-generic root=UUID=66add23f-3d34-46f1-a540-ebfdd268827e ro ip=dhcp console=ttyS0,115200 console=tty console=ttyS0 text
[    0.131259] Dentry cache hash table entries: 524288 (order: 10, 4194304 bytes, linear)
[    0.135462] Inode-cache hash table entries: 262144 (order: 9, 2097152 bytes, linear)
[    0.135863] mem auto-init: stack:off, heap alloc:on, heap free:off
[    0.214046] Memory: 3932816K/4193772K available (14339K kernel code, 2399K rwdata, 4960K rodata, 2724K init, 4980K bss, 260956K reserved, 0K cma-reserved)
[    0.214322] random: get_random_u64 called from kmem_cache_open+0x2d/0x410 with crng_init=0
[    0.218017] SLUB: HWalign=64, Order=0-3, MinObjects=0, CPUs=4, Nodes=1
[    0.219830] ftrace: allocating 44555 entries in 175 pages
[    0.257707] rcu: Hierarchical RCU implementation.
[    0.257728] rcu: 	RCU restricting CPUs from NR_CPUS=8192 to nr_cpu_ids=4.
[    0.257755] 	Tasks RCU enabled.
[    0.257758] rcu: RCU calculated value of scheduler-enlistment delay is 25 jiffies.
[    0.257759] rcu: Adjusting geometry for rcu_fanout_leaf=16, nr_cpu_ids=4
[    0.268493] NR_IRQS: 524544, nr_irqs: 456, preallocated irqs: 16
[    0.269644] random: crng done (trusting CPU's manufacturer)
[    0.358266] Console: colour VGA+ 80x25
[    0.610354] printk: console [tty0] enabled
[    1.399352] printk: console [ttyS0] enabled
[    1.404510] ACPI: Core revision 20190816
[    1.410616] clocksource: hpet: mask: 0xffffffff max_cycles: 0xffffffff, max_idle_ns: 19112604467 ns
[    1.429920] APIC: Switch to symmetric I/O mode setup
[    1.440663] x2apic enabled
[    1.446441] Switched APIC routing to physical x2apic.
[    1.456213] KVM setup pv IPIs
[    1.475086] ..TIMER: vector=0x30 apic1=0 pin1=2 apic2=-1 pin2=-1
[    1.484958] clocksource: tsc-early: mask: 0xffffffffffffffff max_cycles: 0x2b2c909a7c7, max_idle_ns: 440795208498 ns
[    1.501596] Calibrating delay loop (skipped) preset value.. 5990.40 BogoMIPS (lpj=11980808)
[    1.505697] pid_max: default: 32768 minimum: 301
[    1.513948] LSM: Security Framework initializing
[    1.518392] Yama: becoming mindful.
[    1.525892] AppArmor: AppArmor initialized
[    1.533840] Mount-cache hash table entries: 8192 (order: 4, 65536 bytes, linear)
[    1.541775] Mountpoint-cache hash table entries: 8192 (order: 4, 65536 bytes, linear)
[    1.550668] *** VALIDATE tmpfs ***
[    1.554671] *** VALIDATE proc ***
[    1.558638] *** VALIDATE cgroup1 ***
[    1.561609] *** VALIDATE cgroup2 ***
[    1.571046] x86/cpu: User Mode Instruction Prevention (UMIP) activated
[    1.578002] Last level iTLB entries: 4KB 0, 2MB 0, 4MB 0
[    1.585708] Last level dTLB entries: 4KB 0, 2MB 0, 4MB 0, 1GB 0
[    1.589669] Spectre V1 : Mitigation: usercopy/swapgs barriers and __user pointer sanitization
[    1.593614] Spectre V2 : Mitigation: Enhanced IBRS
[    1.597588] Spectre V2 : Spectre v2 / SpectreRSB mitigation: Filling RSB on context switch
[    1.601612] Spectre V2 : mitigation: Enabling conditional Indirect Branch Prediction Barrier
[    1.605593] Speculative Store Bypass: Mitigation: Speculative Store Bypass disabled via prctl and seccomp
[    1.610856] Freeing SMP alternatives memory: 40K
[    1.625288] smpboot: CPU0: Intel(R) Core(TM) Ultra 5 125H (family: 0x6, model: 0xaa, stepping: 0x4)
[    1.626467] Performance Events: unsupported p6 CPU model 170 no PMU driver, software events only.
[    1.629914] rcu: Hierarchical SRCU implementation.
[    1.634607] NMI watchdog: Perf NMI watchdog permanently disabled
[    1.638019] smp: Bringing up secondary CPUs ...
[    1.642851] x86: Booting SMP configuration:
[    1.645610] .... node  #0, CPUs:      #1
[    1.208013] kvm-clock: cpu 1, msr 9b801041, secondary cpu clock
[    1.656155] KVM setup async PF for cpu 1
[    1.657523] kvm-stealtime: cpu 1, msr 13baad040
[    1.683183]  #2
[    1.208013] kvm-clock: cpu 2, msr 9b801081, secondary cpu clock
[    1.690022] KVM setup async PF for cpu 2
[    1.693523] kvm-stealtime: cpu 2, msr 13bb2d040
[    1.720996]  #3
[    1.208013] kvm-clock: cpu 3, msr 9b8010c1, secondary cpu clock
[    1.729836] KVM setup async PF for cpu 3
[    1.733523] kvm-stealtime: cpu 3, msr 13bbad040
[    1.757660] smp: Brought up 1 node, 4 CPUs
[    1.761673] smpboot: Max logical packages: 1
[    1.765617] smpboot: Total of 4 processors activated (23961.61 BogoMIPS)
[    1.782740] devtmpfs: initialized
[    1.787600] x86/mm: Memory block size: 128MB
[    1.799129] clocksource: jiffies: mask: 0xffffffff max_cycles: 0xffffffff, max_idle_ns: 7645041785100000 ns
[    1.809941] futex hash table entries: 1024 (order: 4, 65536 bytes, linear)
[    1.833793] pinctrl core: initialized pinctrl subsystem
[    1.846127] PM: RTC time: 14:02:55, date: 2026-08-27
[    1.865523] NET: Registered protocol family 16
[    1.883630] audit: initializing netlink subsys (disabled)
[    1.894391] audit: type=2000 audit(1787839374.945:1): state=initialized audit_enabled=0 res=1
[    1.895990] EISA bus registered
[    1.908545] cpuidle: using governor ladder
[    1.913718] cpuidle: using governor menu
[    1.918529] KVM setup pv remote TLB flush
[    1.922379] ACPI: bus type PCI registered
[    1.929581] acpiphp: ACPI Hot Plug PCI Controller Driver version: 0.5
[    1.938459] PCI: Using configuration type 1 for base access
[    1.953839] HugeTLB registered 1.00 GiB page size, pre-allocated 0 pages
[    1.961555] HugeTLB registered 2.00 MiB page size, pre-allocated 0 pages
[    2.029623] ACPI: Added _OSI(Module Device)
[    2.037553] ACPI: Added _OSI(Processor Device)
[    2.040969] ACPI: Added _OSI(3.0 _SCP Extensions)
[    2.045552] ACPI: Added _OSI(Processor Aggregator Device)
[    2.049681] ACPI: Added _OSI(Linux-Dell-Video)
[    2.053565] ACPI: Added _OSI(Linux-Lenovo-NV-HDMI-Audio)
[    2.065566] ACPI: Added _OSI(Linux-HPI-Hybrid-Graphics)
[    2.075944] ACPI: 1 ACPI AML tables successfully acquired and loaded
[    2.085303] ACPI: Interpreter enabled
[    2.089652] ACPI: (supports S0 S3 S4 S5)
[    2.093555] ACPI: Using IOAPIC for interrupt routing
[    2.101684] PCI: Using host bridge windows from ACPI; if necessary, use "pci=nocrs" and report a bug
[    2.109853] ACPI: Enabled 2 GPEs in block 00 to 0F
[    2.121645] ACPI: PCI Root Bridge [PCI0] (domain 0000 [bus 00-ff])
[    2.125654] acpi PNP0A03:00: _OSC: OS supports [ASPM ClockPM Segments MSI HPX-Type3]
[    2.137609] acpi PNP0A03:00: fail to add MMCONFIG information, can't access extended PCI configuration space under this bridge.
[    2.150568] acpiphp: Slot [3] registered
[    2.153699] acpiphp: Slot [4] registered
[    2.157235] acpiphp: Slot [5] registered
[    2.161611] acpiphp: Slot [6] registered
[    2.165448] acpiphp: Slot [7] registered
[    2.169729] acpiphp: Slot [8] registered
[    2.173666] acpiphp: Slot [9] registered
[    2.177154] acpiphp: Slot [10] registered
[    2.181661] acpiphp: Slot [11] registered
[    2.185687] acpiphp: Slot [12] registered
[    2.189653] acpiphp: Slot [13] registered
[    2.193438] acpiphp: Slot [14] registered
[    2.197688] acpiphp: Slot [15] registered
[    2.205685] acpiphp: Slot [16] registered
[    2.209670] acpiphp: Slot [17] registered
[    2.213727] acpiphp: Slot [18] registered
[    2.217670] acpiphp: Slot [19] registered
[    2.222239] acpiphp: Slot [20] registered
[    2.229686] acpiphp: Slot [21] registered
[    2.233745] acpiphp: Slot [22] registered
[    2.237736] acpiphp: Slot [23] registered
[    2.245679] acpiphp: Slot [24] registered
[    2.249689] acpiphp: Slot [25] registered
[    2.253718] acpiphp: Slot [26] registered
[    2.257695] acpiphp: Slot [27] registered
[    2.261852] acpiphp: Slot [28] registered
[    2.269671] acpiphp: Slot [29] registered
[    2.273719] acpiphp: Slot [30] registered
[    2.281696] acpiphp: Slot [31] registered
[    2.285697] PCI host bridge to bus 0000:00
[    2.289550] pci_bus 0000:00: root bus resource [io  0x0000-0x0cf7 window]
[    2.297564] pci_bus 0000:00: root bus resource [io  0x0d00-0xffff window]
[    2.305661] pci_bus 0000:00: root bus resource [mem 0x000a0000-0x000bffff window]
[    2.317561] pci_bus 0000:00: root bus resource [mem 0xc0000000-0xfebfffff window]
[    2.325556] pci_bus 0000:00: root bus resource [mem 0xe0000000000-0xe007fffffff window]
[    2.333554] pci_bus 0000:00: root bus resource [bus 00-ff]
[    2.337775] pci 0000:00:00.0: [8086:1237] type 00 class 0x060000
[    2.351774] pci 0000:00:01.0: [8086:7000] type 00 class 0x060100
[    2.361659] pci 0000:00:01.1: [8086:7010] type 00 class 0x010180
[    2.378462] pci 0000:00:01.1: reg 0x20: [io  0xc060-0xc06f]
[    2.387386] pci 0000:00:01.1: legacy IDE quirk: reg 0x10: [io  0x01f0-0x01f7]
[    2.393550] pci 0000:00:01.1: legacy IDE quirk: reg 0x14: [io  0x03f6]
[    2.401560] pci 0000:00:01.1: legacy IDE quirk: reg 0x18: [io  0x0170-0x0177]
[    2.409552] pci 0000:00:01.1: legacy IDE quirk: reg 0x1c: [io  0x0376]
[    2.414837] pci 0000:00:01.3: [8086:7113] type 00 class 0x068000
[    2.424700] pci 0000:00:01.3: quirk: [io  0x0600-0x063f] claimed by PIIX4 ACPI
[    2.437660] pci 0000:00:01.3: quirk: [io  0x0700-0x070f] claimed by PIIX4 SMB
[    2.441795] pci 0000:00:01.3: quirk_piix4_acpi+0x0/0x170 took 15625 usecs
[    2.456852] pci 0000:00:02.0: [1234:1111] type 00 class 0x030000
[    2.468937] pci 0000:00:02.0: reg 0x10: [mem 0xfd000000-0xfdffffff pref]
[    2.485669] pci 0000:00:02.0: reg 0x18: [mem 0xfebd0000-0xfebd0fff]
[    2.514864] pci 0000:00:02.0: reg 0x30: [mem 0xfebc0000-0xfebcffff pref]
[    2.529713] pci 0000:00:03.0: [1af4:1000] type 00 class 0x020000
[    2.539864] pci 0000:00:03.0: reg 0x10: [io  0xc040-0xc05f]
[    2.547291] pci 0000:00:03.0: reg 0x14: [mem 0xfebd1000-0xfebd1fff]
[    2.567669] pci 0000:00:03.0: reg 0x20: [mem 0xe0040000000-0xe0040003fff 64bit pref]
[    2.580168] pci 0000:00:03.0: reg 0x30: [mem 0xfeb80000-0xfebbffff pref]
[    2.604050] pci 0000:00:04.0: [1af4:1004] type 00 class 0x010000
[    2.620357] pci 0000:00:04.0: reg 0x10: [io  0xc000-0xc03f]
[    2.633672] pci 0000:00:04.0: reg 0x14: [mem 0xfebd2000-0xfebd2fff]
[    2.672239] pci 0000:00:04.0: reg 0x20: [mem 0xe0040004000-0xe0040007fff 64bit pref]
[    2.692040] pci 0000:00:05.0: [1d1d:1f1f] type 00 class 0x010802
[    2.703133] pci 0000:00:05.0: reg 0x10: [mem 0xe0000000000-0xe0000001fff 64bit]
[    2.717320] pci 0000:00:05.0: reg 0x20: [mem 0xfebd3000-0xfebd3fff]
[    2.725731] pci 0000:00:05.0: enabling Extended Tags
[    2.830809] ACPI: PCI Interrupt Link [LNKA] (IRQs 5 *10 11)
[    2.846117] ACPI: PCI Interrupt Link [LNKB] (IRQs 5 *10 11)
[    2.849852] ACPI: PCI Interrupt Link [LNKC] (IRQs 5 10 *11)
[    2.857947] ACPI: PCI Interrupt Link [LNKD] (IRQs 5 10 *11)
[    2.865803] ACPI: PCI Interrupt Link [LNKS] (IRQs *9)
[    2.879294] iommu: Default domain type: Translated 
[    2.885859] SCSI subsystem initialized
[    2.889807] pci 0000:00:02.0: vgaarb: setting as boot VGA device
[    2.893523] pci 0000:00:02.0: vgaarb: VGA device added: decodes=io+mem,owns=io+mem,locks=none
[    2.909561] pci 0000:00:02.0: vgaarb: bridge control possible
[    2.917545] vgaarb: loaded
[    2.920758] ACPI: bus type USB registered
[    2.926287] usbcore: registered new interface driver usbfs
[    2.934104] usbcore: registered new interface driver hub
[    2.937772] usbcore: registered new device driver usb
[    2.945714] pps_core: LinuxPPS API ver. 1 registered
[    2.957543] pps_core: Software ver. 5.3.6 - Copyright 2005-2007 Rodolfo Giometti <giometti@linux.it>
[    2.973573] PTP clock support registered
[    2.977689] EDAC MC: Ver: 3.0.0
[    2.985952] PCI: Using ACPI for IRQ routing
[    2.990472] NetLabel: Initializing
[    2.993541] NetLabel:  domain hash size = 128
[    2.997545] NetLabel:  protocols = UNLABELED CIPSOv4 CALIPSO
[    3.001572] NetLabel:  unlabeled traffic allowed by default
[    3.008823] hpet0: at MMIO 0xfed00000, IRQs 2, 8, 0
[    3.013553] hpet0: 3 comparators, 64-bit 100.000000 MHz counter
[    3.026375] clocksource: Switched to clocksource kvm-clock
[    3.066854] *** VALIDATE bpf ***
[    3.071880] VFS: Disk quotas dquot_6.6.0
[    3.076349] VFS: Dquot-cache hash table entries: 512 (order 0, 4096 bytes)
[    3.082195] *** VALIDATE ramfs ***
[    3.085334] *** VALIDATE hugetlbfs ***
[    3.089344] AppArmor: AppArmor Filesystem Enabled
[    3.094354] pnp: PnP ACPI init
[    3.097905] pnp: PnP ACPI: found 6 devices
[    3.122351] thermal_sys: Registered thermal governor 'fair_share'
[    3.122353] thermal_sys: Registered thermal governor 'bang_bang'
[    3.128606] thermal_sys: Registered thermal governor 'step_wise'
[    3.133348] thermal_sys: Registered thermal governor 'user_space'
[    3.139305] thermal_sys: Registered thermal governor 'power_allocator'
[    3.152730] clocksource: acpi_pm: mask: 0xffffff max_cycles: 0xffffff, max_idle_ns: 2085701024 ns
[    3.171238] pci_bus 0000:00: resource 4 [io  0x0000-0x0cf7 window]
[    3.176015] pci_bus 0000:00: resource 5 [io  0x0d00-0xffff window]
[    3.187857] pci_bus 0000:00: resource 6 [mem 0x000a0000-0x000bffff window]
[    3.194142] pci_bus 0000:00: resource 7 [mem 0xc0000000-0xfebfffff window]
[    3.202395] pci_bus 0000:00: resource 8 [mem 0xe0000000000-0xe007fffffff window]
[    3.209292] NET: Registered protocol family 2
[    3.214549] tcp_listen_portaddr_hash hash table entries: 2048 (order: 3, 32768 bytes, linear)
[    3.222069] TCP established hash table entries: 32768 (order: 6, 262144 bytes, linear)
[    3.232753] TCP bind hash table entries: 32768 (order: 7, 524288 bytes, linear)
[    3.239483] TCP: Hash tables configured (established 32768 bind 32768)
[    3.244859] UDP hash table entries: 2048 (order: 4, 65536 bytes, linear)
[    3.251662] UDP-Lite hash table entries: 2048 (order: 4, 65536 bytes, linear)
[    3.258836] NET: Registered protocol family 1
[    3.263452] NET: Registered protocol family 44
[    3.267056] pci 0000:00:01.0: PIIX3: Enabling Passive Release
[    3.271242] pci 0000:00:00.0: Limiting direct PCI/PCI transfers
[    3.275975] pci 0000:00:01.0: Activating ISA DMA hang workarounds
[    3.282879] pci 0000:00:02.0: Video device with shadowed ROM at [mem 0x000c0000-0x000dffff]
[    3.290087] PCI: CLS 0 bytes, default 64
[    3.293611] Trying to unpack rootfs image as initramfs...
[    3.891324] Freeing initrd memory: 89336K
[    3.895939] PCI-DMA: Using software bounce buffering for IO (SWIOTLB)
[    3.900814] software IO TLB: mapped [mem 0xbbfdd000-0xbffdd000] (64MB)
[    3.907922] clocksource: tsc: mask: 0xffffffffffffffff max_cycles: 0x2b2c909a7c7, max_idle_ns: 440795208498 ns
[    3.917416] check: Scanning for low memory corruption every 60 seconds
[    3.923667] Initialise system trusted keyrings
[    3.930136] Key type blacklist registered
[    3.935025] workingset: timestamp_bits=36 max_order=20 bucket_order=0
[    3.943507] zbud: loaded
[    3.947047] squashfs: version 4.0 (2009/01/31) Phillip Lougher
[    3.964246] fuse: init (API version 7.31)
[    3.969733] *** VALIDATE fuse ***
[    3.974169] *** VALIDATE fuse ***
[    3.980710] Platform Keyring initialized
[    3.994219] Key type asymmetric registered
[    3.997365] Asymmetric key parser 'x509' registered
[    4.001212] Block layer SCSI generic (bsg) driver version 0.4 loaded (major 244)
[    4.011685] io scheduler mq-deadline registered
[    4.018079] shpchp: Standard Hot Plug PCI Controller Driver version: 0.4
[    4.032684] input: Power Button as /devices/LNXSYSTM:00/LNXPWRBN:00/input/input0
[    4.038177] ACPI: Power Button [PWRF]
[    4.053170] PCI Interrupt Link [LNKC] enabled at IRQ 11
[    4.068407] PCI Interrupt Link [LNKD] enabled at IRQ 10
[    4.084848] Serial: 8250/16550 driver, 32 ports, IRQ sharing enabled
[    4.146931] 00:04: ttyS0 at I/O 0x3f8 (irq = 4, base_baud = 115200) is a 16550A
[    4.171782] Linux agpgart interface v0.103
[    4.196050] loop: module loaded
[    4.208056] scsi host0: ata_piix
[    4.222940] scsi host1: ata_piix
[    4.229742] ata1: PATA max MWDMA2 cmd 0x1f0 ctl 0x3f6 bmdma 0xc060 irq 14
[    4.238299] ata2: PATA max MWDMA2 cmd 0x170 ctl 0x376 bmdma 0xc068 irq 15
[    4.244887] libphy: Fixed MDIO Bus: probed
[    4.250799] tun: Universal TUN/TAP device driver, 1.6
[    4.255322] PPP generic driver version 2.4.2
[    4.259860] VFIO - User Level meta-driver version: 0.3
[    4.267781] ehci_hcd: USB 2.0 'Enhanced' Host Controller (EHCI) Driver
[    4.274687] ehci-pci: EHCI PCI platform driver
[    4.278557] ehci-platform: EHCI generic platform driver
[    4.284382] ohci_hcd: USB 1.1 'Open' Host Controller (OHCI) Driver
[    4.291314] ohci-pci: OHCI PCI platform driver
[    4.295251] ohci-platform: OHCI generic platform driver
[    4.301409] uhci_hcd: USB Universal Host Controller Interface driver
[    4.306738] i8042: PNP: PS/2 Controller [PNP0303:KBD,PNP0f13:MOU] at 0x60,0x64 irq 1,12
[    4.322829] serio: i8042 KBD port at 0x60,0x64 irq 1
[    4.330582] serio: i8042 AUX port at 0x60,0x64 irq 12
[    4.336455] mousedev: PS/2 mouse device common for all mice
[    4.347754] rtc_cmos 00:05: RTC can wake from S4
[    4.352046] input: AT Translated Set 2 keyboard as /devices/platform/i8042/serio0/input/input1
[    4.361874] rtc_cmos 00:05: registered as rtc0
[    4.371328] rtc_cmos 00:05: alarms up to one day, y3k, 242 bytes nvram, hpet irqs
[    4.379061] i2c /dev entries driver
[    4.384361] device-mapper: uevent: version 1.0.3
[    4.390293] device-mapper: ioctl: 4.41.0-ioctl (2019-09-16) initialised: dm-devel@redhat.com
[    4.400279] platform eisa.0: Probing EISA bus 0
[    4.404479] platform eisa.0: EISA: Cannot allocate resource for mainboard
[    4.412445] platform eisa.0: Cannot allocate resource for EISA slot 1
[    4.420402] platform eisa.0: Cannot allocate resource for EISA slot 2
[    4.427363] platform eisa.0: Cannot allocate resource for EISA slot 3
[    4.433441] platform eisa.0: Cannot allocate resource for EISA slot 4
[    4.438918] platform eisa.0: Cannot allocate resource for EISA slot 5
[    4.448361] platform eisa.0: Cannot allocate resource for EISA slot 6
[    4.453346] platform eisa.0: Cannot allocate resource for EISA slot 7
[    4.462079] platform eisa.0: Cannot allocate resource for EISA slot 8
[    4.469621] platform eisa.0: EISA: Detected 0 cards
[    4.474179] intel_pstate: CPU model not supported
[    4.485245] ledtrig-cpu: registered to indicate activity on CPUs
[    4.491311] drop_monitor: Initializing network drop monitor service
[    4.498062] NET: Registered protocol family 10
[    4.520604] Segment Routing with IPv6
[    4.524475] NET: Registered protocol family 17
[    4.529902] Key type dns_resolver registered
[    4.536325] RAS: Correctable Errors collector initialized.
[    4.543546] IPI shorthand broadcast: enabled
[    4.547742] sched_clock: Marking stable (3343685488, 1204013898)->(4871121420, -323422034)
[    4.559762] registered taskstats version 1
[    4.564291] Loading compiled-in X.509 certificates
[    4.571425] Loaded X.509 cert 'Build time autogenerated kernel key: 7f1af841edfbf04e4b72462ffb6202c30b2da0bb'
[    4.586444] zswap: loaded using pool lzo/zbud
[    4.593900] Key type ._fscrypt registered
[    4.601566] Key type .fscrypt registered
[    4.620182] Key type big_key registered
[    4.632385] Key type encrypted registered
[    4.636129] AppArmor: AppArmor sha1 policy hashing enabled
[    4.640729] ima: No TPM chip found, activating TPM-bypass!
[    4.649427] ima: Allocated hash algorithm: sha1
[    4.653327] ima: No architecture policies found
[    4.657205] evm: Initialising EVM extended attributes:
[    4.662037] evm: security.selinux
[    4.667531] evm: security.SMACK64
[    4.670759] evm: security.SMACK64EXEC
[    4.674097] evm: security.SMACK64TRANSMUTE
[    4.678342] evm: security.SMACK64MMAP
[    4.683451] evm: security.apparmor
[    4.688195] evm: security.ima
[    4.690905] evm: security.capability
[    4.694958] evm: HMAC attrs: 0x1
[    4.699711] PM:   Magic number: 6:488:31
[    4.706629] rtc_cmos 00:05: setting system clock to 2026-08-27T14:02:58 UTC (1787839378)
[    4.726602] Freeing unused decrypted memory: 2040K
[    4.738778] Freeing unused kernel image memory: 2724K
[    4.762351] Write protecting the kernel read-only data: 22528k
[    4.771052] Freeing unused kernel image memory: 2008K
[    4.780090] Freeing unused kernel image memory: 1184K
[    4.796626] x86/mm: Checked W+X mappings: passed, no W+X pages found.
[    4.803836] Run /init as init process
Loading, please wait...
Starting version 245.4-4ubuntu3.2
[    4.924527] Floppy drive(s): fd0 is 2.88M AMI BIOS
[    4.945278] piix4_smbus 0000:00:01.3: SMBus Host Controller at 0x700, revision 0
[    4.969599] FDC 0 is a S82078B
[    4.982192] input: VirtualPS/2 VMware VMMouse as /devices/platform/i8042/serio1/input/input4
[    4.992030] scsi host2: Virtio SCSI HBA
[    5.002710] input: VirtualPS/2 VMware VMMouse as /devices/platform/i8042/serio1/input/input3
[    5.020816] scsi 2:0:0:0: Direct-Access     QEMU     QEMU HARDDISK    2.5+ PQ: 0 ANSI: 5
[    5.052442] cryptd: max_cpu_qlen set to 1000
[    5.054525] nvme nvme0: pci function 0000:00:05.0
[    5.087439] PCI Interrupt Link [LNKA] enabled at IRQ 10
[    5.099022] virtio_net virtio0 ens3: renamed from eth0
[    5.122830] AVX2 version of gcm_enc/dec engaged.
[    5.128402] AES CTR mode by8 optimization enabled
[    5.148207] nvme nvme0: 4/0/0 default/read/poll queues
[    5.181023] bochs-drm 0000:00:02.0: remove_conflicting_pci_framebuffers: bar 0: 0xfd000000 -> 0xfdffffff
[    5.201389] bochs-drm 0000:00:02.0: remove_conflicting_pci_framebuffers: bar 2: 0xfebd0000 -> 0xfebd0fff
[    5.217036] bochs-drm 0000:00:02.0: vgaarb: deactivate vga console
[    5.260789] Console: switching to colour dummy device 80x25
[    5.266715] scsi 2:0:0:0: Attached scsi generic sg0 type 0
[    5.267394] sd 2:0:0:0: Power-on or device reset occurred
[    5.271200] sd 2:0:0:0: [sda] 167772160 512-byte logical blocks: (85.9 GB/80.0 GiB)
[    5.271434] sd 2:0:0:0: [sda] Write Protect is off
[    5.272400] sd 2:0:0:0: [sda] Write cache: enabled, read cache: enabled, supports DPO and FUA
[    5.273205] [drm] Found bochs VGA, ID 0xb0c5.
[    5.273210] [drm] Framebuffer size 16384 kB @ 0xfd000000, mmio @ 0xfebd0000.
[    5.280379] [TTM] Zone  kernel: Available graphics memory: 2015074 KiB
[    5.327633] [TTM] Initializing pool allocator
[    5.327778] [TTM] Initializing DMA pool allocator
[    5.329852]  sda: sda1 sda2
[    5.336745] sd 2:0:0:0: [sda] Attached SCSI disk
[    5.357111] [drm] Found EDID data blob.
[    5.363707] [drm] Initialized bochs-drm 1.0.0 20130925 for 0000:00:02.0 on minor 0
[    5.380735] fbcon: bochs-drmdrmfb (fb0) is primary device
[    5.410419] Console: switching to colour frame buffer device 160x50
[    5.436063] bochs-drm 0000:00:02.0: fb0: bochs-drmdrmfb frame buffer device
Begin: Loading essential drivers ... [    5.725693] raid6: avx2x4   gen() 15616 MB/s
[    5.774258] raid6: avx2x4   xor()  5246 MB/s
[    5.833875] raid6: avx2x2   gen() 10373 MB/s
[    5.889783] raid6: avx2x2   xor()  5302 MB/s
[    5.941772] raid6: avx2x1   gen()  9699 MB/s
[    5.993813] raid6: avx2x1   xor()  7225 MB/s
[    6.045750] raid6: sse2x4   gen()  7501 MB/s
[    6.097849] raid6: sse2x4   xor()  3539 MB/s
[    6.146382] raid6: sse2x2   gen()  5417 MB/s
[    6.197750] raid6: sse2x2   xor()  3843 MB/s
[    6.248376] raid6: sse2x1   gen()  4735 MB/s
[    6.298286] raid6: sse2x1   xor()  2604 MB/s
[    6.304893] raid6: using algorithm avx2x4 gen() 15616 MB/s
[    6.309425] raid6: .... xor() 5246 MB/s, rmw enabled
[    6.313098] raid6: using avx2x2 recovery algorithm
[    6.327497] xor: automatically using best checksumming function   avx       
[    6.339742] async_tx: api initialized (async)
done.
Begin: Running /scripts/init-premount ... done.
Begin: Mounting root file system ... Begin: Running /scripts/local-top ... done.
Begin: Running /scripts/local-premount ... [    6.509813] Btrfs loaded, crc32c=crc32c-intel
Scanning for Btrfs filesystems
[    6.594167] blk_update_request: I/O error, dev fd0, sector 0 op 0x0:(READ) flags 0x0 phys_seg 1 prio class 0
[    6.601997] floppy: error 10 while reading block 0
done.
Warning: fsck not present, so skipping root file system
[    6.725315] EXT4-fs (sda2): mounted filesystem with ordered data mode. Opts: (null)
done.
Begin: Running /scripts/local-bottom ... done.
Begin: Running /scripts/init-bottom ... Internet Systems Consortium DHCP Client 4.4.1
Copyright 2004-2018 Internet Systems Consortium.
All rights reserved.
For info, please visit https://www.isc.org/software/dhcp/

Listening on LPF/ens3/52:54:00:12:34:56
Sending on   LPF/ens3/52:54:00:12:34:56
Sending on   Socket/fallback
DHCPDISCOVER on ens3 to 255.255.255.255 port 67 interval 3 (xid=0x3663ef42)
DHCPOFFER of 10.0.2.15 from 10.0.2.2
DHCPREQUEST for 10.0.2.15 on ens3 to 255.255.255.255 port 67 (xid=0x42ef6336)
DHCPACK of 10.0.2.15 from 10.0.2.2 (xid=0x3663ef42)
bound to 10.0.2.15 -- renewal in 42459 seconds.
done.
[    7.338149] systemd[1]: Inserted module 'autofs4'
[    7.401793] systemd[1]: systemd 245.4-4ubuntu3.20 running in system mode. (+PAM +AUDIT +SELINUX +IMA +APPARMOR +SMACK +SYSVINIT +UTMP +LIBCRYPTSETUP +GCRYPT +GNUTLS +ACL +XZ +LZ4 +SECCOMP +BLKID +ELFUTILS +KMOD +IDN2 -IDN +PCRE2 default-hierarchy=hybrid)
[    7.433728] systemd[1]: Detected virtualization kvm.
[    7.445589] systemd[1]: Detected architecture x86-64.

Welcome to [1mUbuntu 20.04.1 LTS[0m!

[    7.494458] systemd[1]: Set hostname to <fvm>.
[    8.145122] systemd[1]: Created slice system-modprobe.slice.
[[0;32m  OK  [0m] Created slice [0;1;39msystem-modprobe.slice[0m.
[    8.159769] systemd[1]: Created slice system-serial\x2dgetty.slice.
[[0;32m  OK  [0m] Created slice [0;1;39msystem-serial\x2dgetty.slice[0m.
[    8.175047] systemd[1]: Created slice User and Session Slice.
[[0;32m  OK  [0m] Created slice [0;1;39mUser and Session Slice[0m.
[    8.191649] systemd[1]: Started Forward Password Requests to Wall Directory Watch.
[[0;32m  OK  [0m] Started [0;1;39mForward Password R…uests to Wall Directory Watch[0m.
[    8.215340] systemd[1]: Set up automount Arbitrary Executable File Formats File System Automount Point.
[[0;32m  OK  [0m] Set up automount [0;1;39mArbitrary…s File System Automount Point[0m.
[    8.238680] systemd[1]: Reached target User and Group Name Lookups.
[[0;32m  OK  [0m] Reached target [0;1;39mUser and Group Name Lookups[0m.
[    8.258671] systemd[1]: Reached target Slices.
[[0;32m  OK  [0m] Reached target [0;1;39mSlices[0m.
[    8.279973] systemd[1]: Listening on Device-mapper event daemon FIFOs.
[[0;32m  OK  [0m] Listening on [0;1;39mDevice-mapper event daemon FIFOs[0m.
[    8.296424] systemd[1]: Listening on LVM2 poll daemon socket.
[[0;32m  OK  [0m] Listening on [0;1;39mLVM2 poll daemon socket[0m.
[    8.315547] systemd[1]: Listening on multipathd control socket.
[[0;32m  OK  [0m] Listening on [0;1;39mmultipathd control socket[0m.
[    8.329130] systemd[1]: Listening on Syslog Socket.
[[0;32m  OK  [0m] Listening on [0;1;39mSyslog Socket[0m.
[    8.342036] systemd[1]: Listening on initctl Compatibility Named Pipe.
[[0;32m  OK  [0m] Listening on [0;1;39minitctl Compatibility Named Pipe[0m.
[    8.357835] systemd[1]: Listening on Journal Audit Socket.
[[0;32m  OK  [0m] Listening on [0;1;39mJournal Audit Socket[0m.
[    8.373748] systemd[1]: Listening on Journal Socket (/dev/log).
[[0;32m  OK  [0m] Listening on [0;1;39mJournal Socket (/dev/log)[0m.
[    8.384909] systemd[1]: Listening on Journal Socket.
[[0;32m  OK  [0m] Listening on [0;1;39mJournal Socket[0m.
[    8.399102] systemd[1]: Listening on Network Service Netlink Socket.
[[0;32m  OK  [0m] Listening on [0;1;39mNetwork Service Netlink Socket[0m.
[    8.414271] systemd[1]: Listening on udev Control Socket.
[[0;32m  OK  [0m] Listening on [0;1;39mudev Control Socket[0m.
[    8.424452] systemd[1]: Listening on udev Kernel Socket.
[[0;32m  OK  [0m] Listening on [0;1;39mudev Kernel Socket[0m.
[    8.437790] systemd[1]: Mounting Huge Pages File System...
         Mounting [0;1;39mHuge Pages File System[0m...
[    8.454225] systemd[1]: Mounting POSIX Message Queue File System...
         Mounting [0;1;39mPOSIX Message Queue File System[0m...
[    8.466206] systemd[1]: Mounting Kernel Debug File System...
         Mounting [0;1;39mKernel Debug File System[0m...
[    8.486523] systemd[1]: Mounting Kernel Trace File System...
         Mounting [0;1;39mKernel Trace File System[0m...
[    8.502525] systemd[1]: Starting Journal Service...
         Starting [0;1;39mJournal Service[0m...
[    8.524457] systemd[1]: Starting Set the console keyboard layout...
         Starting [0;1;39mSet the console keyboard layout[0m...
[    8.547569] systemd[1]: Starting Create list of static device nodes for the current kernel...
         Starting [0;1;39mCreate list of st…odes for the current kernel[0m...
[    8.572526] systemd[1]: Starting Monitoring of LVM2 mirrors, snapshots etc. using dmeventd or progress polling...
         Starting [0;1;39mMonitoring of LVM…meventd or progress polling[0m...
[    8.601712] systemd[1]: Starting Load Kernel Module chromeos_pstore...
         Starting [0;1;39mLoad Kernel Module chromeos_pstore[0m...
[    8.626289] systemd[1]: Condition check resulted in Load Kernel Module drm being skipped.
[    8.641823] systemd[1]: Starting Load Kernel Module efi_pstore...
         Starting [0;1;39mLoad Kernel Module efi_pstore[0m...
[    8.668722] systemd[1]: Starting Load Kernel Module pstore_blk...
         Starting [0;1;39mLoad Kernel Module pstore_blk[0m...
[    8.722257] systemd[1]: Starting Load Kernel Module pstore_zone...
         Starting [0;1;39mLoad Kernel Module pstore_zone[0m...
[    8.792068] systemd[1]: Starting Load Kernel Module ramoops...
         Starting [0;1;39mLoad Kernel Module ramoops[0m...
[    8.842864] systemd[1]: Condition check resulted in Set Up Additional Binary Formats being skipped.
[    8.903821] systemd[1]: Starting Load Kernel Modules...
         Starting [0;1;39mLoad Kernel Modules[0m...
[    8.944318] systemd[1]: Starting Remount Root and Kernel File Systems...
         Starting [0;1;39mRemount Root and Kernel File Systems[0m...
[    9.044801] systemd[1]: Starting udev Coldplug all Devices...
         Starting [0;1;39mudev Coldplug all Devices[0m...
[    9.144494] systemd[1]: Starting Uncomplicated firewall...
         Starting [0;1;39mUncomplicated firewall[0m...
[    9.192729] EXT4-fs (sda2): re-mounted. Opts: (null)
[    9.290009] systemd[1]: Started Journal Service.
[[0;32m  OK  [0m] Started [0;1;39mJournal Service[0m.
[[0;32m  OK  [0m] Mounted [0;1;39mHuge Pages File System[0m.
[[0;32m  OK  [0m] Mounted [0;1;39mPOSIX Message Queue File System[0m.
[[0;32m  OK  [0m] Mounted [0;1;39mKernel Debug File System[0m.
[[0;32m  OK  [0m] Mounted [0;1;39mKernel Trace File System[0m.
[[0;32m  OK  [0m] Finished [0;1;39mSet the console keyboard layout[0m.
[[0;32m  OK  [0m] Finished [0;1;39mCreate list of st… nodes for the current kernel[0m.
[[0;32m  OK  [0m] Finished [0;1;39mMonitoring of LVM… dmeventd or progress polling[0m.
[[0;32m  OK  [0m] Finished [0;1;39mLoad Kernel Module chromeos_pstore[0m.
[[0;32m  OK  [0m] Finished [0;1;39mLoad Kernel Module efi_pstore[0m.
[[0;32m  OK  [0m] Finished [0;1;39mLoad Kernel Module pstore_blk[0m.
[[0;32m  OK  [0m] Finished [0;1;39mLoad Kernel Module pstore_zone[0m.
[[0;32m  OK  [0m] Finished [0;1;39mLoad Kernel Module ramoops[0m.
[[0;32m  OK  [0m] Finished [0;1;39mLoad Kernel Modules[0m.
[[0;32m  OK  [0m] Finished [0;1;39mRemount Root and Kernel File Systems[0m.
[[0;32m  OK  [0m] Finished [0;1;39mUncomplicated firewall[0m.
         Activating swap [0;1;39m/swap.img[0m...
         Mounting [0;1;39mFUSE Control File System[0m...
         Mounting [0;1;39mKernel Configuration File System[0m...
         Starting [0;1;39mFlush Journal to Persistent Storage[0m...
         Starting [0;1;39mLoad/Save Random Seed[0m...
         Starting [0;1;39mApply Kernel Variables[0m...
[   10.453265] systemd-journald[371]: Received client request to flush runtime journal.
         Starting [0;1;39mCreate System Users[0m...
[[0;32m  OK  [0m] Finished [0;1;39mudev Coldplug all Devices[0m.
[[0;32m  OK  [0m] Mounted [0;1;39mFUSE Control File System[0m.
[[0;32m  OK  [0m] Mounted [0;1;39mKernel Configuration File System[0m.
[[0;32m  OK  [0m] Finished [0;1;39mLoad/Save Random Seed[0m.
         Starting [0;1;39mudev Wait for Complete Device Initialization[0m...
[[0;32m  OK  [0m] Finished [0;1;39mCreate System Users[0m.
         Starting [0;1;39mCreate Static Device Nodes in /dev[0m...
[[0;32m  OK  [0m] Activated swap [0;1;39m/swap.img[0m.
[[0;32m  OK  [0m] Reached target [0;1;39mSwap[0m.
[[0;32m  OK  [0m] Finished [0;1;39mApply Kernel Variables[0m.
[[0;32m  OK  [0m] Finished [0;1;39mCreate Static Device Nodes in /dev[0m.
         Starting [0;1;39mudev Kernel Device Manager[0m...
[[0;32m  OK  [0m] Started [0;1;39mudev Kernel Device Manager[0m.
[[0;32m  OK  [0m] Started [0;1;39mDispatch Password …ts to Console Directory Watch[0m.
[[0;32m  OK  [0m] Reached target [0;1;39mLocal Encrypted Volumes[0m.
         Starting [0;1;39mNetwork Service[0m...
[[0;32m  OK  [0m] Finished [0;1;39mFlush Journal to Persistent Storage[0m.
[[0;32m  OK  [0m] Started [0;1;39mNetwork Service[0m.
         Starting [0;1;39mWait for Network to be Configured[0m...
[[0;32m  OK  [0m] Finished [0;1;39mWait for Network to be Configured[0m.
[[0;32m  OK  [0m] Found device [0;1;39m/dev/ttyS0[0m.
[[0;32m  OK  [0m] Listening on [0;1;39mLoad/Save RF …itch Status /dev/rfkill Watch[0m.
[[0;32m  OK  [0m] Finished [0;1;39mudev Wait for Complete Device Initialization[0m.
         Starting [0;1;39mDevice-Mapper Multipath Device Controller[0m...
[[0;32m  OK  [0m] Started [0;1;39mDevice-Mapper Multipath Device Controller[0m.
[[0;32m  OK  [0m] Reached target [0;1;39mLocal File Systems (Pre)[0m.
         Mounting [0;1;39mMount unit for core18, revision 1880[0m...
         Mounting [0;1;39mMount unit for lxd, revision 16099[0m...
         Mounting [0;1;39mMount unit for snapd, revision 8542[0m...
[[0;32m  OK  [0m] Mounted [0;1;39mMount unit for core18, revision 1880[0m.
[[0;32m  OK  [0m] Mounted [0;1;39mMount unit for lxd, revision 16099[0m.
[[0;32m  OK  [0m] Mounted [0;1;39mMount unit for snapd, revision 8542[0m.
[[0;32m  OK  [0m] Reached target [0;1;39mLocal File Systems[0m.
         Starting [0;1;39mLoad AppArmor profiles[0m...
         Starting [0;1;39mSet console font and keymap[0m...
         Starting [0;1;39mCreate final runt…dir for shutdown pivot root[0m...
         Starting [0;1;39mTell Plymouth To Write Out Runtime Data[0m...
         Starting [0;1;39mCreate Volatile Files and Directories[0m...
[[0;32m  OK  [0m] Finished [0;1;39mSet console font and keymap[0m.
[[0;32m  OK  [0m] Finished [0;1;39mCreate final runt…e dir for shutdown pivot root[0m.
[[0;32m  OK  [0m] Finished [0;1;39mTell Plymouth To Write Out Runtime Data[0m.
[[0;32m  OK  [0m] Finished [0;1;39mCreate Volatile Files and Directories[0m.
         Starting [0;1;39mNetwork Name Resolution[0m...
         Starting [0;1;39mNetwork Time Synchronization[0m...
         Starting [0;1;39mUpdate UTMP about System Boot/Shutdown[0m...
[[0;32m  OK  [0m] Finished [0;1;39mLoad AppArmor profiles[0m.
         Starting [0;1;39mLoad AppArmor pro…managed internally by snapd[0m...
[[0;32m  OK  [0m] Finished [0;1;39mUpdate UTMP about System Boot/Shutdown[0m.
[[0;32m  OK  [0m] Finished [0;1;39mLoad AppArmor pro…s managed internally by snapd[0m.
[[0;32m  OK  [0m] Started [0;1;39mNetwork Time Synchronization[0m.
[[0;32m  OK  [0m] Reached target [0;1;39mSystem Initialization[0m.
[[0;32m  OK  [0m] Started [0;1;39mDaily Cleanup of Temporary Directories[0m.
[[0;32m  OK  [0m] Reached target [0;1;39mPaths[0m.
[[0;32m  OK  [0m] Reached target [0;1;39mSystem Time Set[0m.
[[0;32m  OK  [0m] Reached target [0;1;39mSystem Time Synchronized[0m.
[[0;32m  OK  [0m] Started [0;1;39mDaily apt download activities[0m.
[[0;32m  OK  [0m] Started [0;1;39mDaily apt upgrade and clean activities[0m.
[[0;32m  OK  [0m] Started [0;1;39mPeriodic ext4 Onli…ata Check for All Filesystems[0m.
[[0;32m  OK  [0m] Started [0;1;39mDiscard unused blocks once a week[0m.
[[0;32m  OK  [0m] Started [0;1;39mRefresh fwupd metadata regularly[0m.
[[0;32m  OK  [0m] Started [0;1;39mDaily rotation of log files[0m.
[[0;32m  OK  [0m] Started [0;1;39mDaily man-db regeneration[0m.
[[0;32m  OK  [0m] Started [0;1;39mMessage of the Day[0m.
[[0;32m  OK  [0m] Reached target [0;1;39mTimers[0m.
[[0;32m  OK  [0m] Listening on [0;1;39mD-Bus System Message Bus Socket[0m.
[[0;32m  OK  [0m] Listening on [0;1;39mOpen-iSCSI iscsid Socket[0m.
[[0;32m  OK  [0m] Listening on [0;1;39mSocket unix for snap application lxd.daemon[0m.
         Starting [0;1;39mSocket activation for snappy daemon[0m.
[[0;32m  OK  [0m] Listening on [0;1;39mUUID daemon activation socket[0m.
[[0;32m  OK  [0m] Started [0;1;39mNetwork Name Resolution[0m.
[[0;32m  OK  [0m] Listening on [0;1;39mSocket activation for snappy daemon[0m.
[[0;32m  OK  [0m] Reached target [0;1;39mNetwork[0m.
[[0;32m  OK  [0m] Reached target [0;1;39mNetwork is Online[0m.
[[0;32m  OK  [0m] Reached target [0;1;39mHost and Network Name Lookups[0m.
[[0;32m  OK  [0m] Reached target [0;1;39mSockets[0m.
[[0;32m  OK  [0m] Reached target [0;1;39mBasic System[0m.
         Starting [0;1;39mAccounts Service[0m...
[[0;32m  OK  [0m] Started [0;1;39mD-Bus System Message Bus[0m.
[[0;32m  OK  [0m] Started [0;1;39mSave initial kernel messages after boot[0m.
         Starting [0;1;39mRemove Stale Onli…t4 Metadata Check Snapshots[0m...
         Starting [0;1;39mLSB: Record successful boot for GRUB[0m...
         Starting [0;1;39mGRUB failed boot detection[0m...
[[0;32m  OK  [0m] Started [0;1;39mirqbalance daemon[0m.
         Starting [0;1;39mDispatcher daemon for systemd-networkd[0m...
[[0;32m  OK  [0m] Reached target [0;1;39mRemote File Systems (Pre)[0m.
[[0;32m  OK  [0m] Reached target [0;1;39mRemote File Systems[0m.
         Starting [0;1;39mLSB: automatic crash report generation[0m...
         Starting [0;1;39mDeferred execution scheduler[0m...
         Starting [0;1;39mAvailability of block devices[0m...
[[0;32m  OK  [0m] Started [0;1;39mRegular background program processing daemon[0m.
         Starting [0;1;39mSystem Logging Service[0m...
         Starting [0;1;39mService for snap application lxd.activate[0m...
         Starting [0;1;39mSnap Daemon[0m...
         Starting [0;1;39mOpenBSD Secure Shell server[0m...
         Starting [0;1;39mLogin Service[0m...
         Starting [0;1;39mPermit User Sessions[0m...
         Starting [0;1;39mThermal Daemon Service[0m...
[[0;32m  OK  [0m] Finished [0;1;39mRemove Stale Onli…ext4 Metadata Check Snapshots[0m.
[[0;32m  OK  [0m] Started [0;1;39mDeferred execution scheduler[0m.
[[0;32m  OK  [0m] Finished [0;1;39mAvailability of block devices[0m.
[[0;32m  OK  [0m] Finished [0;1;39mPermit User Sessions[0m.
[[0;32m  OK  [0m] Finished [0;1;39mGRUB failed boot detection[0m.
[[0;32m  OK  [0m] Started [0;1;39mSystem Logging Service[0m.
[[0;32m  OK  [0m] Started [0;1;39mThermal Daemon Service[0m.
[[0;32m  OK  [0m] Started [0;1;39mOpenBSD Secure Shell server[0m.
[[0;32m  OK  [0m] Started [0;1;39mLSB: automatic crash report generation[0m.
[[0;32m  OK  [0m] Started [0;1;39mLogin Service[0m.
[[0;32m  OK  [0m] Started [0;1;39mLSB: Record successful boot for GRUB[0m.
         Starting [0;1;39mHold until boot process finishes up[0m...
         Starting [0;1;39mTerminate Plymouth Boot Screen[0m...
         Starting [0;1;39mAuthorization Manager[0m...
[[0;32m  OK  [0m] Started [0;1;39mUnattended Upgrades Shutdown[0m.
[[0;32m  OK  [0m] Finished [0;1;39mHold until boot process finishes up[0m.
[[0;32m  OK  [0m] Finished [0;1;39mTerminate Plymouth Boot Screen[0m.
[[0;32m  OK  [0m] Started [0;1;39mAuthorization Manager[0m.
[[0;32m  OK  [0m] Started [0;1;39mAccounts Service[0m.
[[0;32m  OK  [0m] Started [0;1;39mSerial Getty on ttyS0[0m.
         Starting [0;1;39mSet console scheme[0m...
[[0;32m  OK  [0m] Finished [0;1;39mSet console scheme[0m.
[[0;32m  OK  [0m] Created slice [0;1;39msystem-getty.slice[0m.
[[0;32m  OK  [0m] Started [0;1;39mGetty on tty1[0m.
[[0;32m  OK  [0m] Reached target [0;1;39mLogin Prompts[0m.
[[0;32m  OK  [0m] Started [0;1;39mDispatcher daemon for systemd-networkd[0m.

Ubuntu 20.04.1 LTS fvm ttyS0

fvm login: [FEMU] FTL-Log: BBSSD-STATS version=V3 hot_rewrite_window=1024 hot_boundary_window=4096 erase_survival_threshold=1 host_page_writes=1572864 nand_page_writes=1572864 gc_page_writes=0 block_erases=0 waf=1.000000 gc_count=0 average_gc_copy=N/A host_hot_writes=0 host_cold_writes=1572864 hot_write_ratio=0.000000 host_cold_first_writes=1572864 host_hot_fast_writes=0 host_hot_boundary_writes=0 host_cold_survival_writes=0 host_cold_slow_writes=0 boundary_survival_zero=0 boundary_survival_one=0 boundary_survival_two=0 boundary_survival_three_plus=0 gc_hot_writes=0 gc_cold_writes=0 cold_to_hot_count=0 hot_to_cold_count=0 hot_pool_empty_count=0 cold_pool_empty_count=33 borrow_count=33 emergency_gc_count=0 counter_invariant=PASS
[FEMU] Log: vSSD0,Reset tt_late_ios/tt_ios,6011/6394
[FEMU] FTL-Log: BBSSD-STATS version=V3 hot_rewrite_window=1024 hot_boundary_window=4096 erase_survival_threshold=1 host_page_writes=136261216 nand_page_writes=951205163 gc_page_writes=814943947 block_erases=3715264 waf=6.980748 gc_count=58051 average_gc_copy=14038.413585 host_hot_writes=20585720 host_cold_writes=115675496 hot_write_ratio=0.151075 host_cold_first_writes=0 host_hot_fast_writes=9351692 host_hot_boundary_writes=11234028 host_cold_survival_writes=181436 host_cold_slow_writes=115494060 boundary_survival_zero=11234028 boundary_survival_one=181436 boundary_survival_two=0 boundary_survival_three_plus=0 gc_hot_writes=6140884 gc_cold_writes=808803063 cold_to_hot_count=8064844 hot_to_cold_count=8061040 hot_pool_empty_count=0 cold_pool_empty_count=10 borrow_count=10 emergency_gc_count=0 counter_invariant=PASS
[FEMU] Log: vSSD0,Reset tt_late_ios/tt_ios,5863720/34065451
         Stopping [0;1;39mSession 17 of user femu[0m.
[[0;32m  OK  [0m] Removed slice [0;1;39msystem-modprobe.slice[0m.
[[0;32m  OK  [0m] Stopped target [0;1;39mGraphical Interface[0m.
[[0;32m  OK  [0m] Stopped target [0;1;39mMulti-User System[0m.
[[0;32m  OK  [0m] Stopped target [0;1;39mLogin Prompts[0m.
[[0;32m  OK  [0m] Stopped target [0;1;39mNetwork is Online[0m.
[[0;32m  OK  [0m] Stopped target [0;1;39mHost and Network Name Lookups[0m.
[[0;32m  OK  [0m] Stopped target [0;1;39mTimers[0m.
[[0;32m  OK  [0m] Stopped [0;1;39mDaily apt upgrade and clean activities[0m.
[[0;32m  OK  [0m] Stopped [0;1;39mDaily apt download activities[0m.
[[0;32m  OK  [0m] Stopped [0;1;39mPeriodic ext4 Onli…ata Check for All Filesystems[0m.
[[0;32m  OK  [0m] Stopped [0;1;39mDiscard unused blocks once a week[0m.
[[0;32m  OK  [0m] Stopped [0;1;39mRefresh fwupd metadata regularly[0m.
[[0;32m  OK  [0m] Stopped [0;1;39mDaily rotation of log files[0m.
[[0;32m  OK  [0m] Stopped [0;1;39mDaily man-db regeneration[0m.
[[0;32m  OK  [0m] Stopped [0;1;39mMessage of the Day[0m.
[[0;32m  OK  [0m] Stopped [0;1;39mDaily Cleanup of Temporary Directories[0m.
[[0;32m  OK  [0m] Stopped target [0;1;39mSystem Time Synchronized[0m.
[[0;32m  OK  [0m] Stopped target [0;1;39mSystem Time Set[0m.
[[0;32m  OK  [0m] Closed [0;1;39mLVM2 poll daemon socket[0m.
[[0;32m  OK  [0m] Closed [0;1;39mLoad/Save RF Kill Switch Status /dev/rfkill Watch[0m.
         Stopping [0;1;39mAccounts Service[0m...
         Stopping [0;1;39mLSB: automatic crash report generation[0m...
         Stopping [0;1;39mDeferred execution scheduler[0m...
         Stopping [0;1;39mAvailability of block devices[0m...
         Stopping [0;1;39mRegular background program processing daemon[0m...
         Stopping [0;1;39mCreate final runt…dir for shutdown pivot root[0m...
         Stopping [0;1;39mGetty on tty1[0m...
         Stopping [0;1;39mLSB: Record successful boot for GRUB[0m...
         Stopping [0;1;39mirqbalance daemon[0m...
         Stopping [0;1;39mDispatcher daemon for systemd-networkd[0m...
         Stopping [0;1;39mAuthorization Manager[0m...
         Stopping [0;1;39mSystem Logging Service[0m...
         Stopping [0;1;39mSerial Getty on ttyS0[0m...
[[0;32m  OK  [0m] Stopped [0;1;39mWait until snapd is fully seeded[0m.
         Stopping [0;1;39mSnap Daemon[0m...
         Stopping [0;1;39mOpenBSD Secure Shell server[0m...
[[0;32m  OK  [0m] Stopped [0;1;39mWait for Network to be Configured[0m.
         Stopping [0;1;39mLoad/Save Random Seed[0m...
         Stopping [0;1;39mUnattended Upgrades Shutdown[0m...
[[0;32m  OK  [0m] Stopped [0;1;39mAccounts Service[0m.
[[0;32m  OK  [0m] Stopped [0;1;39mirqbalance daemon[0m.
[[0;32m  OK  [0m] Stopped [0;1;39mDispatcher daemon for systemd-networkd[0m.
[[0;32m  OK  [0m] Stopped [0;1;39mRegular background program processing daemon[0m.
[[0;32m  OK  [0m] Stopped [0;1;39mSystem Logging Service[0m.
[[0;32m  OK  [0m] Stopped [0;1;39mSnap Daemon[0m.
[[0;32m  OK  [0m] Stopped [0;1;39mDeferred execution scheduler[0m.
[[0;32m  OK  [0m] Stopped [0;1;39mOpenBSD Secure Shell server[0m.
[[0;32m  OK  [0m] Stopped [0;1;39mAuthorization Manager[0m.
[[0;32m  OK  [0m] Stopped [0;1;39mUnattended Upgrades Shutdown[0m.
[[0;32m  OK  [0m] Stopped [0;1;39mSerial Getty on ttyS0[0m.
[[0;32m  OK  [0m] Stopped [0;1;39mGetty on tty1[0m.
[[0;32m  OK  [0m] Stopped [0;1;39mAvailability of block devices[0m.
[[0;32m  OK  [0m] Stopped [0;1;39mLoad/Save Random Seed[0m.
[[0;32m  OK  [0m] Stopped [0;1;39mSession 17 of user femu[0m.
[[0;32m  OK  [0m] Removed slice [0;1;39msystem-getty.slice[0m.
[[0;32m  OK  [0m] Removed slice [0;1;39msystem-serial\x2dgetty.slice[0m.
         Stopping [0;1;39mLogin Service[0m...
         Stopping [0;1;39mUser Manager for UID 1000[0m...
[[0;32m  OK  [0m] Stopped [0;1;39mLSB: Record successful boot for GRUB[0m.
[[0;32m  OK  [0m] Stopped [0;1;39mLSB: automatic crash report generation[0m.
[[0;32m  OK  [0m] Stopped [0;1;39mUser Manager for UID 1000[0m.
         Stopping [0;1;39mUser Runtime Directory /run/user/1000[0m...
[[0;32m  OK  [0m] Unmounted [0;1;39m/run/user/1000[0m.
[[0;32m  OK  [0m] Stopped [0;1;39mUser Runtime Directory /run/user/1000[0m.
[[0;32m  OK  [0m] Removed slice [0;1;39mUser Slice of UID 1000[0m.
         Stopping [0;1;39mD-Bus System Message Bus[0m...
         Stopping [0;1;39mPermit User Sessions[0m...
[[0;32m  OK  [0m] Stopped [0;1;39mD-Bus System Message Bus[0m.
[[0;32m  OK  [0m] Stopped [0;1;39mPermit User Sessions[0m.
[[0;32m  OK  [0m] Stopped target [0;1;39mNetwork[0m.
[[0;32m  OK  [0m] Stopped target [0;1;39mRemote File Systems[0m.
[[0;32m  OK  [0m] Stopped target [0;1;39mRemote File Systems (Pre)[0m.
         Stopping [0;1;39mNetwork Name Resolution[0m...
[[0;32m  OK  [0m] Stopped [0;1;39mNetwork Name Resolution[0m.
         Stopping [0;1;39mNetwork Service[0m...
[[0;32m  OK  [0m] Stopped [0;1;39mNetwork Service[0m.
[[0;32m  OK  [0m] Stopped [0;1;39mLogin Service[0m.
[[0;32m  OK  [0m] Stopped target [0;1;39mBasic System[0m.
[[0;32m  OK  [0m] Stopped target [0;1;39mUser and Group Name Lookups[0m.
[[0;32m  OK  [0m] Stopped target [0;1;39mPaths[0m.
[[0;32m  OK  [0m] Stopped target [0;1;39mSlices[0m.
[[0;32m  OK  [0m] Removed slice [0;1;39mUser and Session Slice[0m.
[[0;32m  OK  [0m] Stopped target [0;1;39mSockets[0m.
[[0;32m  OK  [0m] Closed [0;1;39mD-Bus System Message Bus Socket[0m.
[[0;32m  OK  [0m] Closed [0;1;39mOpen-iSCSI iscsid Socket[0m.
[[0;32m  OK  [0m] Closed [0;1;39mSocket unix for snap application lxd.daemon[0m.
[[0;32m  OK  [0m] Closed [0;1;39mSocket activation for snappy daemon[0m.
[[0;32m  OK  [0m] Closed [0;1;39mSyslog Socket[0m.
[[0;32m  OK  [0m] Closed [0;1;39mUUID daemon activation socket[0m.
[[0;32m  OK  [0m] Stopped target [0;1;39mSystem Initialization[0m.
[[0;32m  OK  [0m] Stopped target [0;1;39mLocal Encrypted Volumes[0m.
[[0;32m  OK  [0m] Stopped [0;1;39mDispatch Password …ts to Console Directory Watch[0m.
[[0;32m  OK  [0m] Stopped [0;1;39mForward Password R…uests to Wall Directory Watch[0m.
[[0;32m  OK  [0m] Stopped [0;1;39mApply Kernel Variables[0m.
[[0;32m  OK  [0m] Stopped [0;1;39mLoad Kernel Modules[0m.
         Stopping [0;1;39mNetwork Time Synchronization[0m...
         Stopping [0;1;39mUpdate UTMP about System Boot/Shutdown[0m...
[[0;32m  OK  [0m] Stopped [0;1;39mUpdate UTMP about System Boot/Shutdown[0m.
[[0;32m  OK  [0m] Stopped [0;1;39mNetwork Time Synchronization[0m.
[[0;32m  OK  [0m] Stopped [0;1;39mCreate Volatile Files and Directories[0m.
[[0;32m  OK  [0m] Stopped [0;1;39mCreate final runtime dir for shutdown pivot root[0m.
[[0;32m  OK  [0m] Stopped target [0;1;39mLocal File Systems[0m.
         Unmounting [0;1;39m/run/snapd/ns/lxd.mnt[0m...
         Unmounting [0;1;39mMount unit for core18, revision 1880[0m...
         Unmounting [0;1;39mMount unit for lxd, revision 16099[0m...
         Unmounting [0;1;39mMount unit for snapd, revision 8542[0m...
[[0;32m  OK  [0m] Unmounted [0;1;39m/run/snapd/ns/lxd.mnt[0m.
         Unmounting [0;1;39m/run/snapd/ns[0m...
[[0;32m  OK  [0m] Unmounted [0;1;39m/run/snapd/ns[0m.
[[0;32m  OK  [0m] Stopped target [0;1;39mSwap[0m.
         Deactivating swap [0;1;39m/swap.img[0m...
[[0;32m  OK  [0m] Unmounted [0;1;39mMount unit for lxd, revision 16099[0m.
[[0;32m  OK  [0m] Deactivated swap [0;1;39m/swap.img[0m.
[[0;32m  OK  [0m] Unmounted [0;1;39mMount unit for core18, revision 1880[0m.
[[0;32m  OK  [0m] Unmounted [0;1;39mMount unit for snapd, revision 8542[0m.
[[0;32m  OK  [0m] Stopped target [0;1;39mLocal File Systems (Pre)[0m.
[[0;32m  OK  [0m] Reached target [0;1;39mUnmount All Filesystems[0m.
         Stopping [0;1;39mMonitoring of LVM…meventd or progress polling[0m...
         Stopping [0;1;39mDevice-Mapper Multipath Device Controller[0m...
[[0;32m  OK  [0m] Stopped [0;1;39mCreate Static Device Nodes in /dev[0m.
[[0;32m  OK  [0m] Stopped [0;1;39mCreate System Users[0m.
[[0;32m  OK  [0m] Stopped [0;1;39mRemount Root and Kernel File Systems[0m.
[[0;32m  OK  [0m] Stopped [0;1;39mDevice-Mapper Multipath Device Controller[0m.
[[0;32m  OK  [0m] Stopped [0;1;39mMonitoring of LVM2… dmeventd or progress polling[0m.
[[0;32m  OK  [0m] Reached target [0;1;39mShutdown[0m.
[[0;32m  OK  [0m] Reached target [0;1;39mFinal Step[0m.
[[0;32m  OK  [0m] Finished [0;1;39mPower-Off[0m.
[[0;32m  OK  [0m] Reached target [0;1;39mPower-Off[0m.
[14489.825347] reboot: Power down
