-device femu,devsz_mb=6144,namespaces=1,femu_mode=1,secsz=512,secs_per_pg=8,pgs_per_blk=256,blks_per_pl=128,pls_per_lun=1,luns_per_ch=8,nchs=8,pg_rd_lat=40000,pg_wr_lat=200000,blk_er_lat=2000000,ch_xfer_lat=0,gc_thres_pcent=75,gc_thres_pcent_high=95
[FEMU] FTL-Log: LPN metadata: entries=2097152 entry_size=24 total=48 MiB window_writes=4096 hot_writes=4 cold_writes=1 erase_event_threshold=1
[FEMU] FTL-Log: Hot/Cold pools: configured_hot_percent=20 initial_hot_lines=25 initial_cold_lines=103 total_lines=128
[FEMU] FTL-Log: Write pointers: hot_line=103 cold_line=0 free=126 hot_free=24 cold_free=102
c[?7l[2J[0mSeaBIOS (version rel-1.17.0-0-gb52ca86e094d-prebuilt.qemu.org)


iPXE (http://ipxe.org) 00:03.0 CA00 PCI2.10 PnP PMM+BEFD1D20+BEF31D20 CA00
Press Ctrl-B to configure iPXE (PCI 00:03.0)...                                                                               


Booting from Hard Disk...
[H[J[1;1H[?25l[m[H[J[1;1H[2;30HGNU GRUB  version 2.04

[m[4;2H+----------------------------------------------------------------------------+[5;2H|[5;79H|[6;2H|[6;79H|[7;2H|[7;79H|[8;2H|[8;79H|[9;2H|[9;79H|[10;2H|[10;79H|[11;2H|[11;79H|[12;2H|[12;79H|[13;2H|[13;79H|[14;2H|[14;79H|[15;2H|[15;79H|[16;2H|[16;79H|[17;2H+----------------------------------------------------------------------------+[m[18;2H[19;2H[m     Use the ^ and v keys to select which entry is highlighted.          
      Press enter to boot the selected OS, `e' to edit the commands       
      before booting or `c' for a command-line.                           [5;80H [7m[5;3H*Ubuntu, with Linux 5.4.0-64-generic                                        [m[5;78H[m[m[6;3H                                                                            [m[6;78H[m[m[7;3H                                                                            [m[7;78H[m[m[8;3H                                                                            [m[8;78H[m[m[9;3H                                                                            [m[9;78H[m[m[10;3H                                                                            [m[10;78H[m[m[11;3H                                                                            [m[11;78H[m[m[12;3H                                                                            [m[12;78H[m[m[13;3H                                                                            [m[13;78H[m[m[14;3H                                                                            [m[14;78H[m[m[15;3H                                                                            [m[15;78H[m[m[16;3H                                                                            [m[16;78H[m[16;80H [5;78H[22;1H   The highlighted entry will be executed automatically in 3s.                 [5;78H[22;1H   The highlighted entry will be executed automatically in 2s.                 [5;78H[22;1H   The highlighted entry will be executed automatically in 1s.                 [5;78H[22;1H   The highlighted entry will be executed automatically in 0s.                 [5;78H[?25h[H[J[1;1H[H[J[1;1HLoading Linux 5.4.0-64-generic ...
Loading initial ramdisk ...
[    0.000000] Linux version 5.4.0-64-generic (buildd@lcy01-amd64-021) (gcc version 9.3.0 (Ubuntu 9.3.0-17ubuntu1~20.04)) #72-Ubuntu SMP Fri Jan 15 10:27:54 UTC 2021 (Ubuntu 5.4.0-64.72-generic 5.4.78)
[    0.000000] Command line: BOOT_IMAGE=/boot/vmlinuz-5.4.0-64-generic root=UUID=66add23f-3d34-46f1-a540-ebfdd268827e ro ip=dhcp console=ttyS0,115200 console=tty console=ttyS0 text
[    0.000000] KERNEL supported cpus:
[    0.000000]   Intel GenuineIntel
[    0.000000]   AMD AuthenticAMD
[    0.000000]   Hygon HygonGenuine
[    0.000000]   Centaur CentaurHauls
[    0.000000]   zhaoxin   Shanghai  
[    0.000000] x86/fpu: Supporting XSAVE feature 0x001: 'x87 floating point registers'
[    0.000000] x86/fpu: Supporting XSAVE feature 0x002: 'SSE registers'
[    0.000000] x86/fpu: Supporting XSAVE feature 0x004: 'AVX registers'
[    0.000000] x86/fpu: xstate_offset[2]:  576, xstate_sizes[2]:  256
[    0.000000] x86/fpu: Enabled xstate features 0x7, context size is 832 bytes, using 'compacted' format.
[    0.000000] BIOS-provided physical RAM map:
[    0.000000] BIOS-e820: [mem 0x0000000000000000-0x000000000009fbff] usable
[    0.000000] BIOS-e820: [mem 0x000000000009fc00-0x000000000009ffff] reserved
[    0.000000] BIOS-e820: [mem 0x00000000000f0000-0x00000000000fffff] reserved
[    0.000000] BIOS-e820: [mem 0x0000000000100000-0x00000000bffdcfff] usable
[    0.000000] BIOS-e820: [mem 0x00000000bffdd000-0x00000000bfffffff] reserved
[    0.000000] BIOS-e820: [mem 0x00000000feffc000-0x00000000feffffff] reserved
[    0.000000] BIOS-e820: [mem 0x00000000fffc0000-0x00000000ffffffff] reserved
[    0.000000] BIOS-e820: [mem 0x0000000100000000-0x000000013fffffff] usable
[    0.000000] NX (Execute Disable) protection: active
[    0.000000] SMBIOS 2.8 present.
[    0.000000] DMI: QEMU Standard PC (i440FX + PIIX, 1996), BIOS rel-1.17.0-0-gb52ca86e094d-prebuilt.qemu.org 04/01/2014
[    0.000000] Hypervisor detected: KVM
[    0.000000] kvm-clock: Using msrs 4b564d01 and 4b564d00
[    0.000033] kvm-clock: cpu 0, msr c401001, primary cpu clock
[    0.000033] kvm-clock: using sched offset of 11859042325 cycles
[    0.000135] clocksource: kvm-clock: mask: 0xffffffffffffffff max_cycles: 0x1cd42e4dffb, max_idle_ns: 881590591483 ns
[    0.000304] tsc: Detected 2995.202 MHz processor
[    0.003755] last_pfn = 0x140000 max_arch_pfn = 0x400000000
[    0.004197] x86/PAT: Configuration [0-7]: WB  WC  UC- UC  WB  WP  UC- WT  
[    0.004340] last_pfn = 0xbffdd max_arch_pfn = 0x400000000
[    0.011716] found SMP MP-table at [mem 0x000f54b0-0x000f54bf]
[    0.012138] check: Scanning 1 areas for low memory corruption
[    0.012339] Using GB pages for direct mapping
[    0.013625] RAMDISK: [mem 0x2d173000-0x328b0fff]
[    0.013700] ACPI: Early table checksum verification disabled
[    0.013721] ACPI: RSDP 0x00000000000F52B0 000014 (v00 BOCHS )
[    0.013730] ACPI: RSDT 0x00000000BFFE2458 000034 (v01 BOCHS  BXPC     00000001 BXPC 00000001)
[    0.013741] ACPI: FACP 0x00000000BFFE22F4 000074 (v01 BOCHS  BXPC     00000001 BXPC 00000001)
[    0.013750] ACPI: DSDT 0x00000000BFFE0040 0022B4 (v01 BOCHS  BXPC     00000001 BXPC 00000001)
[    0.013754] ACPI: FACS 0x00000000BFFE0000 000040
[    0.013758] ACPI: APIC 0x00000000BFFE2368 000090 (v03 BOCHS  BXPC     00000001 BXPC 00000001)
[    0.013761] ACPI: HPET 0x00000000BFFE23F8 000038 (v01 BOCHS  BXPC     00000001 BXPC 00000001)
[    0.013763] ACPI: WAET 0x00000000BFFE2430 000028 (v01 BOCHS  BXPC     00000001 BXPC 00000001)
[    0.014755] No NUMA configuration found
[    0.014757] Faking a node at [mem 0x0000000000000000-0x000000013fffffff]
[    0.014766] NODE_DATA(0) allocated [mem 0x13ffd3000-0x13fffdfff]
[    0.016091] Zone ranges:
[    0.016095]   DMA      [mem 0x0000000000001000-0x0000000000ffffff]
[    0.016097]   DMA32    [mem 0x0000000001000000-0x00000000ffffffff]
[    0.016098]   Normal   [mem 0x0000000100000000-0x000000013fffffff]
[    0.016099]   Device   empty
[    0.016100] Movable zone start for each node
[    0.016102] Early memory node ranges
[    0.016102]   node   0: [mem 0x0000000000001000-0x000000000009efff]
[    0.016104]   node   0: [mem 0x0000000000100000-0x00000000bffdcfff]
[    0.016105]   node   0: [mem 0x0000000100000000-0x000000013fffffff]
[    0.019972] Zeroed struct page in unavailable ranges: 133 pages
[    0.019975] Initmem setup node 0 [mem 0x0000000000001000-0x000000013fffffff]
[    0.076593] ACPI: PM-Timer IO Port: 0x608
[    0.076639] ACPI: LAPIC_NMI (acpi_id[0xff] dfl dfl lint[0x1])
[    0.076747] IOAPIC[0]: apic_id 0, version 17, address 0xfec00000, GSI 0-23
[    0.076751] ACPI: INT_SRC_OVR (bus 0 bus_irq 0 global_irq 2 dfl dfl)
[    0.076756] ACPI: INT_SRC_OVR (bus 0 bus_irq 5 global_irq 5 high level)
[    0.076758] ACPI: INT_SRC_OVR (bus 0 bus_irq 9 global_irq 9 high level)
[    0.076760] ACPI: INT_SRC_OVR (bus 0 bus_irq 10 global_irq 10 high level)
[    0.076761] ACPI: INT_SRC_OVR (bus 0 bus_irq 11 global_irq 11 high level)
[    0.076766] Using ACPI (MADT) for SMP configuration information
[    0.076769] ACPI: HPET id: 0x8086a201 base: 0xfed00000
[    0.076778] TSC deadline timer available
[    0.076790] smpboot: Allowing 4 CPUs, 0 hotplug CPUs
[    0.076855] KVM setup pv sched yield
[    0.076875] PM: Registered nosave memory: [mem 0x00000000-0x00000fff]
[    0.076876] PM: Registered nosave memory: [mem 0x0009f000-0x0009ffff]
[    0.076877] PM: Registered nosave memory: [mem 0x000a0000-0x000effff]
[    0.076878] PM: Registered nosave memory: [mem 0x000f0000-0x000fffff]
[    0.076879] PM: Registered nosave memory: [mem 0xbffdd000-0xbfffffff]
[    0.076879] PM: Registered nosave memory: [mem 0xc0000000-0xfeffbfff]
[    0.076880] PM: Registered nosave memory: [mem 0xfeffc000-0xfeffffff]
[    0.076880] PM: Registered nosave memory: [mem 0xff000000-0xfffbffff]
[    0.076881] PM: Registered nosave memory: [mem 0xfffc0000-0xffffffff]
[    0.076884] [mem 0xc0000000-0xfeffbfff] available for PCI devices
[    0.076886] Booting paravirtualized kernel on KVM
[    0.076891] clocksource: refined-jiffies: mask: 0xffffffff max_cycles: 0xffffffff, max_idle_ns: 7645519600211568 ns
[    0.076897] setup_percpu: NR_CPUS:8192 nr_cpumask_bits:4 nr_cpu_ids:4 nr_node_ids:1
[    0.078715] percpu: Embedded 55 pages/cpu s188416 r8192 d28672 u524288
[    0.078781] KVM setup async PF for cpu 0
[    0.078803] kvm-stealtime: cpu 0, msr 13ba2d040
[    0.078820] PV qspinlock hash table entries: 256 (order: 0, 4096 bytes, linear)
[    0.078833] Built 1 zonelists, mobility grouping on.  Total pages: 1032038
[    0.078835] Policy zone: Normal
[    0.078836] Kernel command line: BOOT_IMAGE=/boot/vmlinuz-5.4.0-64-generic root=UUID=66add23f-3d34-46f1-a540-ebfdd268827e ro ip=dhcp console=ttyS0,115200 console=tty console=ttyS0 text
[    0.083949] Dentry cache hash table entries: 524288 (order: 10, 4194304 bytes, linear)
[    0.085353] Inode-cache hash table entries: 262144 (order: 9, 2097152 bytes, linear)
[    0.085514] mem auto-init: stack:off, heap alloc:on, heap free:off
[    0.123488] Memory: 3932816K/4193772K available (14339K kernel code, 2399K rwdata, 4960K rodata, 2724K init, 4980K bss, 260956K reserved, 0K cma-reserved)
[    0.123500] random: get_random_u64 called from kmem_cache_open+0x2d/0x410 with crng_init=0
[    0.124962] SLUB: HWalign=64, Order=0-3, MinObjects=0, CPUs=4, Nodes=1
[    0.124977] ftrace: allocating 44555 entries in 175 pages
[    0.144624] rcu: Hierarchical RCU implementation.
[    0.144628] rcu: 	RCU restricting CPUs from NR_CPUS=8192 to nr_cpu_ids=4.
[    0.144630] 	Tasks RCU enabled.
[    0.144631] rcu: RCU calculated value of scheduler-enlistment delay is 25 jiffies.
[    0.144632] rcu: Adjusting geometry for rcu_fanout_leaf=16, nr_cpu_ids=4
[    0.146782] NR_IRQS: 524544, nr_irqs: 456, preallocated irqs: 16
[    0.147174] random: crng done (trusting CPU's manufacturer)
[    0.206499] Console: colour VGA+ 80x25
[    0.303857] printk: console [tty0] enabled
[    0.649435] printk: console [ttyS0] enabled
[    0.651893] ACPI: Core revision 20190816
[    0.654666] clocksource: hpet: mask: 0xffffffff max_cycles: 0xffffffff, max_idle_ns: 19112604467 ns
[    0.663698] APIC: Switch to symmetric I/O mode setup
[    0.667108] x2apic enabled
[    0.669712] Switched APIC routing to physical x2apic.
[    0.672501] KVM setup pv IPIs
[    0.678814] ..TIMER: vector=0x30 apic1=0 pin1=2 apic2=-1 pin2=-1
[    0.682673] clocksource: tsc-early: mask: 0xffffffffffffffff max_cycles: 0x2b2c909a7c7, max_idle_ns: 440795208498 ns
[    0.690398] Calibrating delay loop (skipped) preset value.. 5990.40 BogoMIPS (lpj=11980808)
[    0.694403] pid_max: default: 32768 minimum: 301
[    0.698470] LSM: Security Framework initializing
[    0.702416] Yama: becoming mindful.
[    0.706434] AppArmor: AppArmor initialized
[    0.709034] Mount-cache hash table entries: 8192 (order: 4, 65536 bytes, linear)
[    0.710412] Mountpoint-cache hash table entries: 8192 (order: 4, 65536 bytes, linear)
[    0.714439] *** VALIDATE tmpfs ***
[    0.716729] *** VALIDATE proc ***
[    0.718488] *** VALIDATE cgroup1 ***
[    0.722402] *** VALIDATE cgroup2 ***
[    0.726472] x86/cpu: User Mode Instruction Prevention (UMIP) activated
[    0.730737] Last level iTLB entries: 4KB 0, 2MB 0, 4MB 0
[    0.734394] Last level dTLB entries: 4KB 0, 2MB 0, 4MB 0, 1GB 0
[    0.738466] Spectre V1 : Mitigation: usercopy/swapgs barriers and __user pointer sanitization
[    0.742407] Spectre V2 : Mitigation: Enhanced IBRS
[    0.746395] Spectre V2 : Spectre v2 / SpectreRSB mitigation: Filling RSB on context switch
[    0.750400] Spectre V2 : mitigation: Enabling conditional Indirect Branch Prediction Barrier
[    0.754398] Speculative Store Bypass: Mitigation: Speculative Store Bypass disabled via prctl and seccomp
[    0.758851] Freeing SMP alternatives memory: 40K
[    0.766754] smpboot: CPU0: Intel(R) Core(TM) Ultra 5 125H (family: 0x6, model: 0xaa, stepping: 0x4)
[    0.770555] Performance Events: unsupported p6 CPU model 170 no PMU driver, software events only.
[    0.774487] rcu: Hierarchical SRCU implementation.
[    0.778708] NMI watchdog: Perf NMI watchdog permanently disabled
[    0.782520] smp: Bringing up secondary CPUs ...
[    0.785337] x86: Booting SMP configuration:
[    0.786407] .... node  #0, CPUs:      #1
[    0.531301] kvm-clock: cpu 1, msr c401041, secondary cpu clock
[    0.790946] KVM setup async PF for cpu 1
[    0.794391] kvm-stealtime: cpu 1, msr 13baad040
[    0.798727]  #2
[    0.531301] kvm-clock: cpu 2, msr c401081, secondary cpu clock
[    0.803407] KVM setup async PF for cpu 2
[    0.806391] kvm-stealtime: cpu 2, msr 13bb2d040
[    0.814723]  #3
[    0.531301] kvm-clock: cpu 3, msr c4010c1, secondary cpu clock
[    0.819679] KVM setup async PF for cpu 3
[    0.822391] kvm-stealtime: cpu 3, msr 13bbad040
[    0.826789] smp: Brought up 1 node, 4 CPUs
[    0.830406] smpboot: Max logical packages: 1
[    0.833003] smpboot: Total of 4 processors activated (23961.61 BogoMIPS)
[    0.836131] devtmpfs: initialized
[    0.836676] x86/mm: Memory block size: 128MB
[    0.842791] clocksource: jiffies: mask: 0xffffffff max_cycles: 0xffffffff, max_idle_ns: 7645041785100000 ns
[    0.846424] futex hash table entries: 1024 (order: 4, 65536 bytes, linear)
[    0.850336] pinctrl core: initialized pinctrl subsystem
[    0.850799] PM: RTC time: 09:13:45, date: 2026-09-01
[    0.857718] NET: Registered protocol family 16
[    0.858507] audit: initializing netlink subsys (disabled)
[    0.861530] audit: type=2000 audit(1788254025.341:1): state=initialized audit_enabled=0 res=1
[    0.861530] EISA bus registered
[    0.864910] cpuidle: using governor ladder
[    0.866411] cpuidle: using governor menu
[    0.869887] KVM setup pv remote TLB flush
[    0.870414] ACPI: bus type PCI registered
[    0.872491] acpiphp: ACPI Hot Plug PCI Controller Driver version: 0.5
[    0.874677] PCI: Using configuration type 1 for base access
[    0.879888] HugeTLB registered 1.00 GiB page size, pre-allocated 0 pages
[    0.882104] HugeTLB registered 2.00 MiB page size, pre-allocated 0 pages
[    0.894706] ACPI: Added _OSI(Module Device)
[    0.898401] ACPI: Added _OSI(Processor Device)
[    0.902367] ACPI: Added _OSI(3.0 _SCP Extensions)
[    0.906433] ACPI: Added _OSI(Processor Aggregator Device)
[    0.909574] ACPI: Added _OSI(Linux-Dell-Video)
[    0.910405] ACPI: Added _OSI(Linux-Lenovo-NV-HDMI-Audio)
[    0.913734] ACPI: Added _OSI(Linux-HPI-Hybrid-Graphics)
[    0.924137] ACPI: 1 ACPI AML tables successfully acquired and loaded
[    0.929687] ACPI: Interpreter enabled
[    0.940118] ACPI: (supports S0 S3 S4 S5)
[    0.942434] ACPI: Using IOAPIC for interrupt routing
[    0.951108] PCI: Using host bridge windows from ACPI; if necessary, use "pci=nocrs" and report a bug
[    0.959446] ACPI: Enabled 2 GPEs in block 00 to 0F
[    0.971652] ACPI: PCI Root Bridge [PCI0] (domain 0000 [bus 00-ff])
[    0.978545] acpi PNP0A03:00: _OSC: OS supports [ASPM ClockPM Segments MSI HPX-Type3]
[    0.990911] acpi PNP0A03:00: fail to add MMCONFIG information, can't access extended PCI configuration space under this bridge.
[    1.000253] acpiphp: Slot [3] registered
[    1.007071] acpiphp: Slot [4] registered
[    1.015284] acpiphp: Slot [5] registered
[    1.018641] acpiphp: Slot [6] registered
[    1.020759] acpiphp: Slot [7] registered
[    1.022506] acpiphp: Slot [8] registered
[    1.024644] acpiphp: Slot [9] registered
[    1.026502] acpiphp: Slot [10] registered
[    1.030479] acpiphp: Slot [11] registered
[    1.034471] acpiphp: Slot [12] registered
[    1.038485] acpiphp: Slot [13] registered
[    1.041571] acpiphp: Slot [14] registered
[    1.042517] acpiphp: Slot [15] registered
[    1.046469] acpiphp: Slot [16] registered
[    1.050507] acpiphp: Slot [17] registered
[    1.054644] acpiphp: Slot [18] registered
[    1.058476] acpiphp: Slot [19] registered
[    1.061104] acpiphp: Slot [20] registered
[    1.062583] acpiphp: Slot [21] registered
[    1.065215] acpiphp: Slot [22] registered
[    1.066474] acpiphp: Slot [23] registered
[    1.070485] acpiphp: Slot [24] registered
[    1.073444] acpiphp: Slot [25] registered
[    1.074448] acpiphp: Slot [26] registered
[    1.076948] acpiphp: Slot [27] registered
[    1.078474] acpiphp: Slot [28] registered
[    1.080872] acpiphp: Slot [29] registered
[    1.082496] acpiphp: Slot [30] registered
[    1.085698] acpiphp: Slot [31] registered
[    1.086516] PCI host bridge to bus 0000:00
[    1.088756] pci_bus 0000:00: root bus resource [io  0x0000-0x0cf7 window]
[    1.090416] pci_bus 0000:00: root bus resource [io  0x0d00-0xffff window]
[    1.094423] pci_bus 0000:00: root bus resource [mem 0x000a0000-0x000bffff window]
[    1.098472] pci_bus 0000:00: root bus resource [mem 0xc0000000-0xfebfffff window]
[    1.102406] pci_bus 0000:00: root bus resource [mem 0xe0000000000-0xe007fffffff window]
[    1.106466] pci_bus 0000:00: root bus resource [bus 00-ff]
[    1.110699] pci 0000:00:00.0: [8086:1237] type 00 class 0x060000
[    1.118658] pci 0000:00:01.0: [8086:7000] type 00 class 0x060100
[    1.124426] pci 0000:00:01.1: [8086:7010] type 00 class 0x010180
[    1.130407] pci 0000:00:01.1: reg 0x20: [io  0xc060-0xc06f]
[    1.136703] pci 0000:00:01.1: legacy IDE quirk: reg 0x10: [io  0x01f0-0x01f7]
[    1.138408] pci 0000:00:01.1: legacy IDE quirk: reg 0x14: [io  0x03f6]
[    1.141861] pci 0000:00:01.1: legacy IDE quirk: reg 0x18: [io  0x0170-0x0177]
[    1.142402] pci 0000:00:01.1: legacy IDE quirk: reg 0x1c: [io  0x0376]
[    1.146141] pci 0000:00:01.3: [8086:7113] type 00 class 0x068000
[    1.147951] pci 0000:00:01.3: quirk: [io  0x0600-0x063f] claimed by PIIX4 ACPI
[    1.150455] pci 0000:00:01.3: quirk: [io  0x0700-0x070f] claimed by PIIX4 SMB
[    1.157956] pci 0000:00:02.0: [1234:1111] type 00 class 0x030000
[    1.160999] pci 0000:00:02.0: reg 0x10: [mem 0xfd000000-0xfdffffff pref]
[    1.166485] pci 0000:00:02.0: reg 0x18: [mem 0xfebd0000-0xfebd0fff]
[    1.180684] pci 0000:00:02.0: reg 0x30: [mem 0xfebc0000-0xfebcffff pref]
[    1.184793] pci 0000:00:03.0: [1af4:1000] type 00 class 0x020000
[    1.188073] pci 0000:00:03.0: reg 0x10: [io  0xc040-0xc05f]
[    1.191863] pci 0000:00:03.0: reg 0x14: [mem 0xfebd1000-0xfebd1fff]
[    1.199924] pci 0000:00:03.0: reg 0x20: [mem 0xe0040000000-0xe0040003fff 64bit pref]
[    1.204491] pci 0000:00:03.0: reg 0x30: [mem 0xfeb80000-0xfebbffff pref]
[    1.209891] pci 0000:00:04.0: [1af4:1004] type 00 class 0x010000
[    1.214463] pci 0000:00:04.0: reg 0x10: [io  0xc000-0xc03f]
[    1.218930] pci 0000:00:04.0: reg 0x14: [mem 0xfebd2000-0xfebd2fff]
[    1.235470] pci 0000:00:04.0: reg 0x20: [mem 0xe0040004000-0xe0040007fff 64bit pref]
[    1.245270] pci 0000:00:05.0: [1d1d:1f1f] type 00 class 0x010802
[    1.247328] pci 0000:00:05.0: reg 0x10: [mem 0xe0000000000-0xe0000001fff 64bit]
[    1.252716] pci 0000:00:05.0: reg 0x20: [mem 0xfebd3000-0xfebd3fff]
[    1.256286] pci 0000:00:05.0: enabling Extended Tags
[    1.304457] ACPI: PCI Interrupt Link [LNKA] (IRQs 5 *10 11)
[    1.306629] ACPI: PCI Interrupt Link [LNKB] (IRQs 5 *10 11)
[    1.309530] ACPI: PCI Interrupt Link [LNKC] (IRQs 5 10 *11)
[    1.310615] ACPI: PCI Interrupt Link [LNKD] (IRQs 5 10 *11)
[    1.314634] ACPI: PCI Interrupt Link [LNKS] (IRQs *9)
[    1.319231] iommu: Default domain type: Translated 
[    1.322467] SCSI subsystem initialized
[    1.324820] pci 0000:00:02.0: vgaarb: setting as boot VGA device
[    1.326391] pci 0000:00:02.0: vgaarb: VGA device added: decodes=io+mem,owns=io+mem,locks=none
[    1.326407] pci 0000:00:02.0: vgaarb: bridge control possible
[    1.330404] vgaarb: loaded
[    1.332135] ACPI: bus type USB registered
[    1.334433] usbcore: registered new interface driver usbfs
[    1.338442] usbcore: registered new interface driver hub
[    1.342322] usbcore: registered new device driver usb
[    1.342482] pps_core: LinuxPPS API ver. 1 registered
[    1.345109] pps_core: Software ver. 5.3.6 - Copyright 2005-2007 Rodolfo Giometti <giometti@linux.it>
[    1.346422] PTP clock support registered
[    1.350526] EDAC MC: Ver: 3.0.0
[    1.352943] PCI: Using ACPI for IRQ routing
[    1.354975] NetLabel: Initializing
[    1.356889] NetLabel:  domain hash size = 128
[    1.358400] NetLabel:  protocols = UNLABELED CIPSOv4 CALIPSO
[    1.361179] NetLabel:  unlabeled traffic allowed by default
[    1.368798] hpet0: at MMIO 0xfed00000, IRQs 2, 8, 0
[    1.370419] hpet0: 3 comparators, 64-bit 100.000000 MHz counter
[    1.378944] clocksource: Switched to clocksource kvm-clock
[    1.402447] *** VALIDATE bpf ***
[    1.407511] VFS: Disk quotas dquot_6.6.0
[    1.409852] VFS: Dquot-cache hash table entries: 512 (order 0, 4096 bytes)
[    1.413980] *** VALIDATE ramfs ***
[    1.416148] *** VALIDATE hugetlbfs ***
[    1.419667] AppArmor: AppArmor Filesystem Enabled
[    1.422372] pnp: PnP ACPI init
[    1.424833] pnp: PnP ACPI: found 6 devices
[    1.432118] thermal_sys: Registered thermal governor 'fair_share'
[    1.432119] thermal_sys: Registered thermal governor 'bang_bang'
[    1.435540] thermal_sys: Registered thermal governor 'step_wise'
[    1.440930] thermal_sys: Registered thermal governor 'user_space'
[    1.444687] thermal_sys: Registered thermal governor 'power_allocator'
[    1.453037] clocksource: acpi_pm: mask: 0xffffff max_cycles: 0xffffff, max_idle_ns: 2085701024 ns
[    1.462625] pci_bus 0000:00: resource 4 [io  0x0000-0x0cf7 window]
[    1.468548] pci_bus 0000:00: resource 5 [io  0x0d00-0xffff window]
[    1.473108] pci_bus 0000:00: resource 6 [mem 0x000a0000-0x000bffff window]
[    1.477901] pci_bus 0000:00: resource 7 [mem 0xc0000000-0xfebfffff window]
[    1.484160] pci_bus 0000:00: resource 8 [mem 0xe0000000000-0xe007fffffff window]
[    1.491701] NET: Registered protocol family 2
[    1.495231] tcp_listen_portaddr_hash hash table entries: 2048 (order: 3, 32768 bytes, linear)
[    1.502814] TCP established hash table entries: 32768 (order: 6, 262144 bytes, linear)
[    1.507462] TCP bind hash table entries: 32768 (order: 7, 524288 bytes, linear)
[    1.513434] TCP: Hash tables configured (established 32768 bind 32768)
[    1.518144] UDP hash table entries: 2048 (order: 4, 65536 bytes, linear)
[    1.522692] UDP-Lite hash table entries: 2048 (order: 4, 65536 bytes, linear)
[    1.526508] NET: Registered protocol family 1
[    1.531491] NET: Registered protocol family 44
[    1.534057] pci 0000:00:01.0: PIIX3: Enabling Passive Release
[    1.537218] pci 0000:00:00.0: Limiting direct PCI/PCI transfers
[    1.540802] pci 0000:00:01.0: Activating ISA DMA hang workarounds
[    1.547173] pci 0000:00:02.0: Video device with shadowed ROM at [mem 0x000c0000-0x000dffff]
[    1.551887] PCI: CLS 0 bytes, default 64
[    1.553958] Trying to unpack rootfs image as initramfs...
[    2.778096] Freeing initrd memory: 89336K
[    2.781470] PCI-DMA: Using software bounce buffering for IO (SWIOTLB)
[    2.789703] software IO TLB: mapped [mem 0xbbfdd000-0xbffdd000] (64MB)
[    2.794841] clocksource: tsc: mask: 0xffffffffffffffff max_cycles: 0x2b2c909a7c7, max_idle_ns: 440795208498 ns
[    2.806162] check: Scanning for low memory corruption every 60 seconds
[    2.815799] Initialise system trusted keyrings
[    2.819108] Key type blacklist registered
[    2.825230] workingset: timestamp_bits=36 max_order=20 bucket_order=0
[    2.832077] zbud: loaded
[    2.834935] squashfs: version 4.0 (2009/01/31) Phillip Lougher
[    2.838902] fuse: init (API version 7.31)
[    2.852113] *** VALIDATE fuse ***
[    2.853874] *** VALIDATE fuse ***
[    2.857336] Platform Keyring initialized
[    2.863858] Key type asymmetric registered
[    2.866968] Asymmetric key parser 'x509' registered
[    2.872746] Block layer SCSI generic (bsg) driver version 0.4 loaded (major 244)
[    2.880827] io scheduler mq-deadline registered
[    2.887370] shpchp: Standard Hot Plug PCI Controller Driver version: 0.4
[    2.893002] input: Power Button as /devices/LNXSYSTM:00/LNXPWRBN:00/input/input0
[    2.896755] ACPI: Power Button [PWRF]
[    2.901141] PCI Interrupt Link [LNKC] enabled at IRQ 11
[    2.911066] PCI Interrupt Link [LNKD] enabled at IRQ 10
[    2.921104] Serial: 8250/16550 driver, 32 ports, IRQ sharing enabled
[    2.960232] 00:04: ttyS0 at I/O 0x3f8 (irq = 4, base_baud = 115200) is a 16550A
[    2.974458] Linux agpgart interface v0.103
[    2.985155] loop: module loaded
[    2.990905] scsi host0: ata_piix
[    2.998220] scsi host1: ata_piix
[    3.002541] ata1: PATA max MWDMA2 cmd 0x1f0 ctl 0x3f6 bmdma 0xc060 irq 14
[    3.012494] ata2: PATA max MWDMA2 cmd 0x170 ctl 0x376 bmdma 0xc068 irq 15
[    3.016471] libphy: Fixed MDIO Bus: probed
[    3.018875] tun: Universal TUN/TAP device driver, 1.6
[    3.022027] PPP generic driver version 2.4.2
[    3.026746] VFIO - User Level meta-driver version: 0.3
[    3.034909] ehci_hcd: USB 2.0 'Enhanced' Host Controller (EHCI) Driver
[    3.038837] ehci-pci: EHCI PCI platform driver
[    3.041115] ehci-platform: EHCI generic platform driver
[    3.045103] ohci_hcd: USB 1.1 'Open' Host Controller (OHCI) Driver
[    3.053187] ohci-pci: OHCI PCI platform driver
[    3.058683] ohci-platform: OHCI generic platform driver
[    3.061553] uhci_hcd: USB Universal Host Controller Interface driver
[    3.066142] i8042: PNP: PS/2 Controller [PNP0303:KBD,PNP0f13:MOU] at 0x60,0x64 irq 1,12
[    3.076869] serio: i8042 KBD port at 0x60,0x64 irq 1
[    3.081680] serio: i8042 AUX port at 0x60,0x64 irq 12
[    3.086625] mousedev: PS/2 mouse device common for all mice
[    3.095561] rtc_cmos 00:05: RTC can wake from S4
[    3.100931] input: AT Translated Set 2 keyboard as /devices/platform/i8042/serio0/input/input1
[    3.101803] rtc_cmos 00:05: registered as rtc0
[    3.120496] rtc_cmos 00:05: alarms up to one day, y3k, 242 bytes nvram, hpet irqs
[    3.124450] i2c /dev entries driver
[    3.130590] device-mapper: uevent: version 1.0.3
[    3.138018] device-mapper: ioctl: 4.41.0-ioctl (2019-09-16) initialised: dm-devel@redhat.com
[    3.143633] platform eisa.0: Probing EISA bus 0
[    3.148851] platform eisa.0: EISA: Cannot allocate resource for mainboard
[    3.154451] platform eisa.0: Cannot allocate resource for EISA slot 1
[    3.161507] platform eisa.0: Cannot allocate resource for EISA slot 2
[    3.165754] platform eisa.0: Cannot allocate resource for EISA slot 3
[    3.171511] platform eisa.0: Cannot allocate resource for EISA slot 4
[    3.175474] platform eisa.0: Cannot allocate resource for EISA slot 5
[    3.183477] platform eisa.0: Cannot allocate resource for EISA slot 6
[    3.188567] platform eisa.0: Cannot allocate resource for EISA slot 7
[    3.191952] platform eisa.0: Cannot allocate resource for EISA slot 8
[    3.195419] platform eisa.0: EISA: Detected 0 cards
[    3.197941] intel_pstate: CPU model not supported
[    3.201231] ledtrig-cpu: registered to indicate activity on CPUs
[    3.206961] drop_monitor: Initializing network drop monitor service
[    3.210692] NET: Registered protocol family 10
[    3.226795] Segment Routing with IPv6
[    3.229887] NET: Registered protocol family 17
[    3.232669] Key type dns_resolver registered
[    3.236036] RAS: Correctable Errors collector initialized.
[    3.240489] IPI shorthand broadcast: enabled
[    3.242764] sched_clock: Marking stable (2715419407, 527301327)->(3475327677, -232606943)
[    3.247996] registered taskstats version 1
[    3.251068] Loading compiled-in X.509 certificates
[    3.255610] Loaded X.509 cert 'Build time autogenerated kernel key: 7f1af841edfbf04e4b72462ffb6202c30b2da0bb'
[    3.263745] zswap: loaded using pool lzo/zbud
[    3.267176] Key type ._fscrypt registered
[    3.269200] Key type .fscrypt registered
[    3.306074] Key type big_key registered
[    3.313348] Key type encrypted registered
[    3.316309] AppArmor: AppArmor sha1 policy hashing enabled
[    3.319329] ima: No TPM chip found, activating TPM-bypass!
[    3.325028] ima: Allocated hash algorithm: sha1
[    3.328896] ima: No architecture policies found
[    3.331497] evm: Initialising EVM extended attributes:
[    3.334502] evm: security.selinux
[    3.336375] evm: security.SMACK64
[    3.338311] evm: security.SMACK64EXEC
[    3.340580] evm: security.SMACK64TRANSMUTE
[    3.343078] evm: security.SMACK64MMAP
[    3.348215] evm: security.apparmor
[    3.353226] evm: security.ima
[    3.354893] evm: security.capability
[    3.357081] evm: HMAC attrs: 0x1
[    3.359981] PM:   Magic number: 10:214:221
[    3.363488] rtc_cmos 00:05: setting system clock to 2026-09-01T09:13:48 UTC (1788254028)
[    3.371786] Freeing unused decrypted memory: 2040K
[    3.375999] Freeing unused kernel image memory: 2724K
[    3.386572] Write protecting the kernel read-only data: 22528k
[    3.391968] Freeing unused kernel image memory: 2008K
[    3.395642] Freeing unused kernel image memory: 1184K
[    3.410065] x86/mm: Checked W+X mappings: passed, no W+X pages found.
[    3.413632] Run /init as init process
Loading, please wait...
Starting version 245.4-4ubuntu3.2
[    3.492746] Floppy drive(s): fd0 is 2.88M AMI BIOS
[    3.504621] piix4_smbus 0000:00:01.3: SMBus Host Controller at 0x700, revision 0
[    3.518557] input: VirtualPS/2 VMware VMMouse as /devices/platform/i8042/serio1/input/input4
[    3.533882] FDC 0 is a S82078B
[    3.533955] input: VirtualPS/2 VMware VMMouse as /devices/platform/i8042/serio1/input/input3
[    3.538780] cryptd: max_cpu_qlen set to 1000
[    3.561804] nvme nvme0: pci function 0000:00:05.0
[    3.568690] PCI Interrupt Link [LNKA] enabled at IRQ 10
[    3.571788] scsi host2: Virtio SCSI HBA
[    3.581201] AVX2 version of gcm_enc/dec engaged.
[    3.589704] AES CTR mode by8 optimization enabled
[    3.601109] scsi 2:0:0:0: Direct-Access     QEMU     QEMU HARDDISK    2.5+ PQ: 0 ANSI: 5
[    3.603061] nvme nvme0: 4/0/0 default/read/poll queues
[    3.640444] virtio_net virtio0 ens3: renamed from eth0
[    3.651388] bochs-drm 0000:00:02.0: remove_conflicting_pci_framebuffers: bar 0: 0xfd000000 -> 0xfdffffff
[    3.666203] bochs-drm 0000:00:02.0: remove_conflicting_pci_framebuffers: bar 2: 0xfebd0000 -> 0xfebd0fff
[    3.674193] sd 2:0:0:0: Attached scsi generic sg0 type 0
[    3.674607] sd 2:0:0:0: Power-on or device reset occurred
[    3.676240] sd 2:0:0:0: [sda] 167772160 512-byte logical blocks: (85.9 GB/80.0 GiB)
[    3.676280] sd 2:0:0:0: [sda] Write Protect is off
[    3.676362] sd 2:0:0:0: [sda] Write cache: enabled, read cache: enabled, supports DPO and FUA
[    3.684435] bochs-drm 0000:00:02.0: vgaarb: deactivate vga console
[    3.694685]  sda: sda1 sda2
[    3.721895] sd 2:0:0:0: [sda] Attached SCSI disk
[    3.735992] Console: switching to colour dummy device 80x25
[    3.748817] [drm] Found bochs VGA, ID 0xb0c5.
[    3.752079] [drm] Framebuffer size 16384 kB @ 0xfd000000, mmio @ 0xfebd0000.
[    3.762140] [TTM] Zone  kernel: Available graphics memory: 2015074 KiB
[    3.771815] [TTM] Initializing pool allocator
[    3.778284] [TTM] Initializing DMA pool allocator
[    3.796148] [drm] Found EDID data blob.
[    3.803827] [drm] Initialized bochs-drm 1.0.0 20130925 for 0000:00:02.0 on minor 0
[    3.815396] fbcon: bochs-drmdrmfb (fb0) is primary device
[    3.837444] Console: switching to colour frame buffer device 160x50
[    3.850330] bochs-drm 0000:00:02.0: fb0: bochs-drmdrmfb frame buffer device
Begin: Loading essential drivers ... [    4.010482] raid6: avx2x4   gen() 26286 MB/s
[    4.058467] raid6: avx2x4   xor()  5514 MB/s
[    4.110447] raid6: avx2x2   gen() 18671 MB/s
[    4.162448] raid6: avx2x2   xor() 16500 MB/s
[    4.210488] raid6: avx2x1   gen() 17921 MB/s
[    4.262485] raid6: avx2x1   xor() 12793 MB/s
[    4.314434] raid6: sse2x4   gen() 13891 MB/s
[    4.362507] raid6: sse2x4   xor()  6887 MB/s
[    4.410526] raid6: sse2x2   gen() 12798 MB/s
[    4.462462] raid6: sse2x2   xor()  9857 MB/s
[    4.514506] raid6: sse2x1   gen() 10254 MB/s
[    4.566536] raid6: sse2x1   xor()  7949 MB/s
[    4.571364] raid6: using algorithm avx2x4 gen() 26286 MB/s
[    4.574509] raid6: .... xor() 5514 MB/s, rmw enabled
[    4.578546] raid6: using avx2x2 recovery algorithm
[    4.586091] xor: automatically using best checksumming function   avx       
[    4.590196] async_tx: api initialized (async)
done.
Begin: Running /scripts/init-premount ... done.
Begin: Mounting root file system ... Begin: Running /scripts/local-top ... done.
Begin: Running /scripts/local-premount ... [    4.692473] Btrfs loaded, crc32c=crc32c-intel
Scanning for Btrfs filesystems
[    4.774673] blk_update_request: I/O error, dev fd0, sector 0 op 0x0:(READ) flags 0x0 phys_seg 1 prio class 0
[    4.783104] floppy: error 10 while reading block 0
done.
Warning: fsck not present, so skipping root file system
[    4.839230] EXT4-fs (sda2): mounted filesystem with ordered data mode. Opts: (null)
done.
Begin: Running /scripts/local-bottom ... done.
Begin: Running /scripts/init-bottom ... Internet Systems Consortium DHCP Client 4.4.1
Copyright 2004-2018 Internet Systems Consortium.
All rights reserved.
For info, please visit https://www.isc.org/software/dhcp/

Listening on LPF/ens3/52:54:00:12:34:56
Sending on   LPF/ens3/52:54:00:12:34:56
Sending on   Socket/fallback
DHCPDISCOVER on ens3 to 255.255.255.255 port 67 interval 3 (xid=0xbd2c5a71)
DHCPOFFER of 10.0.2.15 from 10.0.2.2
DHCPREQUEST for 10.0.2.15 on ens3 to 255.255.255.255 port 67 (xid=0x715a2cbd)
DHCPACK of 10.0.2.15 from 10.0.2.2 (xid=0xbd2c5a71)
bound to 10.0.2.15 -- renewal in 32646 seconds.
done.
[    5.237577] systemd[1]: Inserted module 'autofs4'
[    5.268144] systemd[1]: systemd 245.4-4ubuntu3.20 running in system mode. (+PAM +AUDIT +SELINUX +IMA +APPARMOR +SMACK +SYSVINIT +UTMP +LIBCRYPTSETUP +GCRYPT +GNUTLS +ACL +XZ +LZ4 +SECCOMP +BLKID +ELFUTILS +KMOD +IDN2 -IDN +PCRE2 default-hierarchy=hybrid)
[    5.292353] systemd[1]: Detected virtualization kvm.
[    5.296428] systemd[1]: Detected architecture x86-64.

Welcome to [1mUbuntu 20.04.1 LTS[0m!

[    5.329047] systemd[1]: Set hostname to <fvm>.
[    5.600184] systemd[1]: Created slice system-modprobe.slice.
[[0;32m  OK  [0m] Created slice [0;1;39msystem-modprobe.slice[0m.
[    5.612614] systemd[1]: Created slice system-serial\x2dgetty.slice.
[[0;32m  OK  [0m] Created slice [0;1;39msystem-serial\x2dgetty.slice[0m.
[    5.626745] systemd[1]: Created slice User and Session Slice.
[[0;32m  OK  [0m] Created slice [0;1;39mUser and Session Slice[0m.
[    5.634259] systemd[1]: Started Forward Password Requests to Wall Directory Watch.
[[0;32m  OK  [0m] Started [0;1;39mForward Password R…uests to Wall Directory Watch[0m.
[    5.644795] systemd[1]: Set up automount Arbitrary Executable File Formats File System Automount Point.
[[0;32m  OK  [0m] Set up automount [0;1;39mArbitrary…s File System Automount Point[0m.
[    5.655115] systemd[1]: Reached target User and Group Name Lookups.
[[0;32m  OK  [0m] Reached target [0;1;39mUser and Group Name Lookups[0m.
[    5.662804] systemd[1]: Reached target Slices.
[[0;32m  OK  [0m] Reached target [0;1;39mSlices[0m.
[    5.672238] systemd[1]: Listening on Device-mapper event daemon FIFOs.
[[0;32m  OK  [0m] Listening on [0;1;39mDevice-mapper event daemon FIFOs[0m.
[    5.680600] systemd[1]: Listening on LVM2 poll daemon socket.
[[0;32m  OK  [0m] Listening on [0;1;39mLVM2 poll daemon socket[0m.
[    5.690365] systemd[1]: Listening on multipathd control socket.
[[0;32m  OK  [0m] Listening on [0;1;39mmultipathd control socket[0m.
[    5.701578] systemd[1]: Listening on Syslog Socket.
[[0;32m  OK  [0m] Listening on [0;1;39mSyslog Socket[0m.
[    5.709752] systemd[1]: Listening on initctl Compatibility Named Pipe.
[[0;32m  OK  [0m] Listening on [0;1;39minitctl Compatibility Named Pipe[0m.
[    5.717830] systemd[1]: Listening on Journal Audit Socket.
[[0;32m  OK  [0m] Listening on [0;1;39mJournal Audit Socket[0m.
[    5.728503] systemd[1]: Listening on Journal Socket (/dev/log).
[[0;32m  OK  [0m] Listening on [0;1;39mJournal Socket (/dev/log)[0m.
[    5.738336] systemd[1]: Listening on Journal Socket.
[[0;32m  OK  [0m] Listening on [0;1;39mJournal Socket[0m.
[    5.749492] systemd[1]: Listening on Network Service Netlink Socket.
[[0;32m  OK  [0m] Listening on [0;1;39mNetwork Service Netlink Socket[0m.
[    5.759226] systemd[1]: Listening on udev Control Socket.
[[0;32m  OK  [0m] Listening on [0;1;39mudev Control Socket[0m.
[    5.767881] systemd[1]: Listening on udev Kernel Socket.
[[0;32m  OK  [0m] Listening on [0;1;39mudev Kernel Socket[0m.
[    5.784002] systemd[1]: Mounting Huge Pages File System...
         Mounting [0;1;39mHuge Pages File System[0m...
[    5.794773] systemd[1]: Mounting POSIX Message Queue File System...
         Mounting [0;1;39mPOSIX Message Queue File System[0m...
[    5.805372] systemd[1]: Mounting Kernel Debug File System...
         Mounting [0;1;39mKernel Debug File System[0m...
[    5.814344] systemd[1]: Mounting Kernel Trace File System...
         Mounting [0;1;39mKernel Trace File System[0m...
[    5.826302] systemd[1]: Starting Journal Service...
         Starting [0;1;39mJournal Service[0m...
[    5.837282] systemd[1]: Starting Set the console keyboard layout...
         Starting [0;1;39mSet the console keyboard layout[0m...
[    5.855315] systemd[1]: Starting Create list of static device nodes for the current kernel...
         Starting [0;1;39mCreate list of st…odes for the current kernel[0m...
[    5.874085] systemd[1]: Starting Monitoring of LVM2 mirrors, snapshots etc. using dmeventd or progress polling...
         Starting [0;1;39mMonitoring of LVM…meventd or progress polling[0m...
[    5.896703] systemd[1]: Starting Load Kernel Module chromeos_pstore...
         Starting [0;1;39mLoad Kernel Module chromeos_pstore[0m...
[    5.909884] systemd[1]: Condition check resulted in Load Kernel Module drm being skipped.
[    5.923770] systemd[1]: Starting Load Kernel Module efi_pstore...
         Starting [0;1;39mLoad Kernel Module efi_pstore[0m...
[    5.937242] systemd[1]: Starting Load Kernel Module pstore_blk...
         Starting [0;1;39mLoad Kernel Module pstore_blk[0m...
[    5.952453] systemd[1]: Starting Load Kernel Module pstore_zone...
         Starting [0;1;39mLoad Kernel Module pstore_zone[0m...
[    5.965336] systemd[1]: Starting Load Kernel Module ramoops...
         Starting [0;1;39mLoad Kernel Module ramoops[0m...
[    5.981519] systemd[1]: Condition check resulted in Set Up Additional Binary Formats being skipped.
[    5.993257] systemd[1]: Starting Load Kernel Modules...
         Starting [0;1;39mLoad Kernel Modules[0m...
[    6.007437] systemd[1]: Starting Remount Root and Kernel File Systems...
         Starting [0;1;39mRemount Root and Kernel File Systems[0m...
[    6.021975] systemd[1]: Starting udev Coldplug all Devices...
[    6.022121] EXT4-fs (sda2): re-mounted. Opts: (null)
         Starting [0;1;39mudev Coldplug all Devices[0m...
[    6.040638] systemd[1]: Starting Uncomplicated firewall...
         Starting [0;1;39mUncomplicated firewall[0m...
[    6.051427] systemd[1]: Started Journal Service.
[[0;32m  OK  [0m] Started [0;1;39mJournal Service[0m.
[[0;32m  OK  [0m] Mounted [0;1;39mHuge Pages File System[0m.
[[0;32m  OK  [0m] Mounted [0;1;39mPOSIX Message Queue File System[0m.
[[0;32m  OK  [0m] Mounted [0;1;39mKernel Debug File System[0m.
[[0;32m  OK  [0m] Mounted [0;1;39mKernel Trace File System[0m.
[[0;32m  OK  [0m] Finished [0;1;39mSet the console keyboard layout[0m.
[[0;32m  OK  [0m] Finished [0;1;39mCreate list of st… nodes for the current kernel[0m.
[[0;32m  OK  [0m] Finished [0;1;39mMonitoring of LVM… dmeventd or progress polling[0m.
[[0;32m  OK  [0m] Finished [0;1;39mLoad Kernel Module chromeos_pstore[0m.
[[0;32m  OK  [0m] Finished [0;1;39mLoad Kernel Module efi_pstore[0m.
[[0;32m  OK  [0m] Finished [0;1;39mLoad Kernel Module pstore_blk[0m.
[[0;32m  OK  [0m] Finished [0;1;39mLoad Kernel Module pstore_zone[0m.
[[0;32m  OK  [0m] Finished [0;1;39mLoad Kernel Module ramoops[0m.
[[0;32m  OK  [0m] Finished [0;1;39mLoad Kernel Modules[0m.
[[0;32m  OK  [0m] Finished [0;1;39mRemount Root and Kernel File Systems[0m.
[[0;32m  OK  [0m] Finished [0;1;39mUncomplicated firewall[0m.
         Activating swap [0;1;39m/swap.img[0m...
         Mounting [0;1;39mFUSE Control File System[0m...
         Mounting [0;1;39mKernel Configuration File System[0m...
         Starting [0;1;39mFlush Journal to Persistent Storage[0m...
         Starting [0;1;39mLoad/Save Random Seed[0m...
[    6.163943] systemd-journald[373]: Received client request to flush runtime journal.
         Starting [0;1;39mApply Kernel Variables[0m...
         Starting [0;1;39mCreate System Users[0m...
[[0;32m  OK  [0m] Finished [0;1;39mudev Coldplug all Devices[0m.
[[0;32m  OK  [0m] Mounted [0;1;39mFUSE Control File System[0m.
[[0;32m  OK  [0m] Mounted [0;1;39mKernel Configuration File System[0m.
[[0;32m  OK  [0m] Finished [0;1;39mLoad/Save Random Seed[0m.
[[0;32m  OK  [0m] Finished [0;1;39mApply Kernel Variables[0m.
         Starting [0;1;39mudev Wait for Complete Device Initialization[0m...
[[0;32m  OK  [0m] Activated swap [0;1;39m/swap.img[0m.
[[0;32m  OK  [0m] Reached target [0;1;39mSwap[0m.
[[0;32m  OK  [0m] Finished [0;1;39mCreate System Users[0m.
         Starting [0;1;39mCreate Static Device Nodes in /dev[0m...
[[0;32m  OK  [0m] Finished [0;1;39mCreate Static Device Nodes in /dev[0m.
         Starting [0;1;39mudev Kernel Device Manager[0m...
[[0;32m  OK  [0m] Finished [0;1;39mFlush Journal to Persistent Storage[0m.
[[0;32m  OK  [0m] Started [0;1;39mudev Kernel Device Manager[0m.
[[0;32m  OK  [0m] Started [0;1;39mDispatch Password …ts to Console Directory Watch[0m.
[[0;32m  OK  [0m] Reached target [0;1;39mLocal Encrypted Volumes[0m.
         Starting [0;1;39mNetwork Service[0m...
[[0;32m  OK  [0m] Started [0;1;39mNetwork Service[0m.
         Starting [0;1;39mWait for Network to be Configured[0m...
[[0;32m  OK  [0m] Finished [0;1;39mWait for Network to be Configured[0m.
[[0;32m  OK  [0m] Found device [0;1;39m/dev/ttyS0[0m.
[[0;32m  OK  [0m] Listening on [0;1;39mLoad/Save RF …itch Status /dev/rfkill Watch[0m.
[[0;32m  OK  [0m] Finished [0;1;39mudev Wait for Complete Device Initialization[0m.
         Starting [0;1;39mDevice-Mapper Multipath Device Controller[0m...
[[0;32m  OK  [0m] Started [0;1;39mDevice-Mapper Multipath Device Controller[0m.
[[0;32m  OK  [0m] Reached target [0;1;39mLocal File Systems (Pre)[0m.
         Mounting [0;1;39mMount unit for core18, revision 1880[0m...
         Mounting [0;1;39mMount unit for lxd, revision 16099[0m...
         Mounting [0;1;39mMount unit for snapd, revision 8542[0m...
[[0;32m  OK  [0m] Mounted [0;1;39mMount unit for core18, revision 1880[0m.
[[0;32m  OK  [0m] Mounted [0;1;39mMount unit for lxd, revision 16099[0m.
[[0;32m  OK  [0m] Mounted [0;1;39mMount unit for snapd, revision 8542[0m.
[[0;32m  OK  [0m] Reached target [0;1;39mLocal File Systems[0m.
         Starting [0;1;39mLoad AppArmor profiles[0m...
         Starting [0;1;39mSet console font and keymap[0m...
         Starting [0;1;39mCreate final runt…dir for shutdown pivot root[0m...
         Starting [0;1;39mTell Plymouth To Write Out Runtime Data[0m...
         Starting [0;1;39mCreate Volatile Files and Directories[0m...
[[0;32m  OK  [0m] Finished [0;1;39mSet console font and keymap[0m.
[[0;32m  OK  [0m] Finished [0;1;39mCreate final runt…e dir for shutdown pivot root[0m.
[[0;32m  OK  [0m] Finished [0;1;39mTell Plymouth To Write Out Runtime Data[0m.
[[0;32m  OK  [0m] Finished [0;1;39mCreate Volatile Files and Directories[0m.
         Starting [0;1;39mNetwork Name Resolution[0m...
         Starting [0;1;39mNetwork Time Synchronization[0m...
         Starting [0;1;39mUpdate UTMP about System Boot/Shutdown[0m...
[[0;32m  OK  [0m] Finished [0;1;39mLoad AppArmor profiles[0m.
         Starting [0;1;39mLoad AppArmor pro…managed internally by snapd[0m...
[[0;32m  OK  [0m] Finished [0;1;39mUpdate UTMP about System Boot/Shutdown[0m.
[[0;32m  OK  [0m] Finished [0;1;39mLoad AppArmor pro…s managed internally by snapd[0m.
[[0;32m  OK  [0m] Started [0;1;39mNetwork Time Synchronization[0m.
[[0;32m  OK  [0m] Reached target [0;1;39mSystem Initialization[0m.
[[0;32m  OK  [0m] Started [0;1;39mDaily Cleanup of Temporary Directories[0m.
[[0;32m  OK  [0m] Reached target [0;1;39mPaths[0m.
[[0;32m  OK  [0m] Reached target [0;1;39mSystem Time Set[0m.
[[0;32m  OK  [0m] Reached target [0;1;39mSystem Time Synchronized[0m.
[[0;32m  OK  [0m] Started [0;1;39mDaily apt download activities[0m.
[[0;32m  OK  [0m] Started [0;1;39mDaily apt upgrade and clean activities[0m.
[[0;32m  OK  [0m] Started [0;1;39mPeriodic ext4 Onli…ata Check for All Filesystems[0m.
[[0;32m  OK  [0m] Started [0;1;39mDiscard unused blocks once a week[0m.
[[0;32m  OK  [0m] Started [0;1;39mRefresh fwupd metadata regularly[0m.
[[0;32m  OK  [0m] Started [0;1;39mDaily rotation of log files[0m.
[[0;32m  OK  [0m] Started [0;1;39mDaily man-db regeneration[0m.
[[0;32m  OK  [0m] Started [0;1;39mMessage of the Day[0m.
[[0;32m  OK  [0m] Reached target [0;1;39mTimers[0m.
[[0;32m  OK  [0m] Listening on [0;1;39mD-Bus System Message Bus Socket[0m.
[[0;32m  OK  [0m] Listening on [0;1;39mOpen-iSCSI iscsid Socket[0m.
[[0;32m  OK  [0m] Listening on [0;1;39mSocket unix for snap application lxd.daemon[0m.
         Starting [0;1;39mSocket activation for snappy daemon[0m.
[[0;32m  OK  [0m] Listening on [0;1;39mUUID daemon activation socket[0m.
[[0;32m  OK  [0m] Started [0;1;39mNetwork Name Resolution[0m.
[[0;32m  OK  [0m] Listening on [0;1;39mSocket activation for snappy daemon[0m.
[[0;32m  OK  [0m] Reached target [0;1;39mNetwork[0m.
[[0;32m  OK  [0m] Reached target [0;1;39mNetwork is Online[0m.
[[0;32m  OK  [0m] Reached target [0;1;39mHost and Network Name Lookups[0m.
[[0;32m  OK  [0m] Reached target [0;1;39mSockets[0m.
[[0;32m  OK  [0m] Reached target [0;1;39mBasic System[0m.
         Starting [0;1;39mAccounts Service[0m...
[[0;32m  OK  [0m] Started [0;1;39mD-Bus System Message Bus[0m.
[[0;32m  OK  [0m] Started [0;1;39mSave initial kernel messages after boot[0m.
         Starting [0;1;39mRemove Stale Onli…t4 Metadata Check Snapshots[0m...
         Starting [0;1;39mLSB: Record successful boot for GRUB[0m...
         Starting [0;1;39mGRUB failed boot detection[0m...
[[0;32m  OK  [0m] Started [0;1;39mirqbalance daemon[0m.
         Starting [0;1;39mDispatcher daemon for systemd-networkd[0m...
[[0;32m  OK  [0m] Reached target [0;1;39mRemote File Systems (Pre)[0m.
[[0;32m  OK  [0m] Reached target [0;1;39mRemote File Systems[0m.
         Starting [0;1;39mLSB: automatic crash report generation[0m...
         Starting [0;1;39mDeferred execution scheduler[0m...
         Starting [0;1;39mAvailability of block devices[0m...
[[0;32m  OK  [0m] Started [0;1;39mRegular background program processing daemon[0m.
         Starting [0;1;39mSystem Logging Service[0m...
         Starting [0;1;39mService for snap application lxd.activate[0m...
         Starting [0;1;39mSnap Daemon[0m...
         Starting [0;1;39mOpenBSD Secure Shell server[0m...
         Starting [0;1;39mLogin Service[0m...
         Starting [0;1;39mPermit User Sessions[0m...
         Starting [0;1;39mThermal Daemon Service[0m...
[[0;32m  OK  [0m] Finished [0;1;39mRemove Stale Onli…ext4 Metadata Check Snapshots[0m.
[[0;32m  OK  [0m] Started [0;1;39mDeferred execution scheduler[0m.
[[0;32m  OK  [0m] Finished [0;1;39mAvailability of block devices[0m.
[[0;32m  OK  [0m] Finished [0;1;39mPermit User Sessions[0m.
[[0;32m  OK  [0m] Started [0;1;39mThermal Daemon Service[0m.
[[0;32m  OK  [0m] Started [0;1;39mOpenBSD Secure Shell server[0m.
[[0;32m  OK  [0m] Finished [0;1;39mGRUB failed boot detection[0m.
[[0;32m  OK  [0m] Started [0;1;39mSystem Logging Service[0m.
[[0;32m  OK  [0m] Started [0;1;39mLogin Service[0m.
         Starting [0;1;39mHold until boot process finishes up[0m...
         Starting [0;1;39mTerminate Plymouth Boot Screen[0m...
         Starting [0;1;39mAuthorization Manager[0m...
[[0;32m  OK  [0m] Started [0;1;39mUnattended Upgrades Shutdown[0m.
[[0;32m  OK  [0m] Started [0;1;39mLSB: Record successful boot for GRUB[0m.
[[0;32m  OK  [0m] Finished [0;1;39mHold until boot process finishes up[0m.
[[0;32m  OK  [0m] Started [0;1;39mLSB: automatic crash report generation[0m.
[[0;32m  OK  [0m] Finished [0;1;39mTerminate Plymouth Boot Screen[0m.
[[0;32m  OK  [0m] Started [0;1;39mSerial Getty on ttyS0[0m.
         Starting [0;1;39mSet console scheme[0m...
[[0;32m  OK  [0m] Finished [0;1;39mSet console scheme[0m.
[[0;32m  OK  [0m] Started [0;1;39mAuthorization Manager[0m.
[[0;32m  OK  [0m] Started [0;1;39mAccounts Service[0m.
[[0;32m  OK  [0m] Created slice [0;1;39msystem-getty.slice[0m.
[[0;32m  OK  [0m] Started [0;1;39mGetty on tty1[0m.
[[0;32m  OK  [0m] Reached target [0;1;39mLogin Prompts[0m.
[[0;32m  OK  [0m] Started [0;1;39mDispatcher daemon for systemd-networkd[0m.
[[0;32m  OK  [0m] Started [0;1;39mSnap Daemon[0m.
         Starting [0;1;39mWait until snapd is fully seeded[0m...
[[0;32m  OK  [0m] Finished [0;1;39mWait until snapd is fully seeded[0m.
[[0;32m  OK  [0m] Finished [0;1;39mService for snap application lxd.activate[0m.
[[0;32m  OK  [0m] Reached target [0;1;39mMulti-User System[0m.
[[0;32m  OK  [0m] Reached target [0;1;39mGraphical Interface[0m.
         Starting [0;1;39mUpdate UTMP about System Runlevel Changes[0m...
[[0;32m  OK  [0m] Finished [0;1;39mUpdate UTMP about System Runlevel Changes[0m.

Ubuntu 20.04.1 LTS fvm ttyS0

fvm login: [FEMU] FTL-Log: BBSSD-STATS version=V4 hot_pool_percent=20 initial_hot_lines=25 initial_cold_lines=103 frequency_window_writes=4096 hot_writes_per_window=4 cold_writes_per_window=1 erase_event_threshold=1 host_write_seq=1572864 host_page_writes=1572864 nand_page_writes=1572864 gc_page_writes=0 block_erases=0 waf=1.000000 gc_count=0 average_gc_copy=N/A host_hot_writes=0 host_cold_writes=1572864 hot_write_ratio=0.000000 host_cold_low_frequency_writes=1572864 host_hot_high_frequency_writes=0 host_hot_erase_signal_writes=0 host_cold_erase_signal_writes=0 mid_frequency_erase_events_zero=0 mid_frequency_erase_events_one=0 mid_frequency_erase_events_two=0 mid_frequency_erase_events_three_plus=0 gc_hot_writes=0 gc_cold_writes=0 cold_to_hot_count=0 hot_to_cold_count=0 hot_pool_empty_count=0 cold_pool_empty_count=0 borrow_count=0 emergency_gc_count=0 counter_invariant=PASS
[FEMU] Log: vSSD0,Reset tt_late_ios/tt_ios,4186/6394
[FEMU] FTL-Log: BBSSD-STATS version=V4 hot_pool_percent=20 initial_hot_lines=25 initial_cold_lines=103 frequency_window_writes=4096 hot_writes_per_window=4 cold_writes_per_window=1 erase_event_threshold=1 host_write_seq=11241912 host_page_writes=11241912 nand_page_writes=79112922 gc_page_writes=67871010 block_erases=308608 waf=7.037319 gc_count=4822 average_gc_copy=14075.282041 host_hot_writes=1498232 host_cold_writes=9743680 hot_write_ratio=0.133272 host_cold_low_frequency_writes=9740476 host_hot_high_frequency_writes=342352 host_hot_erase_signal_writes=1155880 host_cold_erase_signal_writes=3204 mid_frequency_erase_events_zero=1155880 mid_frequency_erase_events_one=3204 mid_frequency_erase_events_two=0 mid_frequency_erase_events_three_plus=0 gc_hot_writes=380016 gc_cold_writes=67490994 cold_to_hot_count=831760 hot_to_cold_count=828076 hot_pool_empty_count=0 cold_pool_empty_count=4 borrow_count=4 emergency_gc_count=0 counter_invariant=PASS
[FEMU] Log: vSSD0,Reset tt_late_ios/tt_ios,1106244/2810625
         Stopping [0;1;39mSession 6 of user femu[0m.
[[0;32m  OK  [0m] Removed slice [0;1;39msystem-modprobe.slice[0m.
[[0;32m  OK  [0m] Stopped target [0;1;39mGraphical Interface[0m.
[[0;32m  OK  [0m] Stopped target [0;1;39mMulti-User System[0m.
[[0;32m  OK  [0m] Stopped target [0;1;39mLogin Prompts[0m.
[[0;32m  OK  [0m] Stopped target [0;1;39mNetwork is Online[0m.
[[0;32m  OK  [0m] Stopped target [0;1;39mHost and Network Name Lookups[0m.
[[0;32m  OK  [0m] Stopped target [0;1;39mTimers[0m.
[[0;32m  OK  [0m] Stopped [0;1;39mDaily apt upgrade and clean activities[0m.
[[0;32m  OK  [0m] Stopped [0;1;39mDaily apt download activities[0m.
[[0;32m  OK  [0m] Stopped [0;1;39mPeriodic ext4 Onli…ata Check for All Filesystems[0m.
[[0;32m  OK  [0m] Stopped [0;1;39mDiscard unused blocks once a week[0m.
[[0;32m  OK  [0m] Stopped [0;1;39mRefresh fwupd metadata regularly[0m.
[[0;32m  OK  [0m] Stopped [0;1;39mDaily rotation of log files[0m.
[[0;32m  OK  [0m] Stopped [0;1;39mDaily man-db regeneration[0m.
[[0;32m  OK  [0m] Stopped [0;1;39mMessage of the Day[0m.
[[0;32m  OK  [0m] Stopped [0;1;39mDaily Cleanup of Temporary Directories[0m.
[[0;32m  OK  [0m] Stopped target [0;1;39mSystem Time Synchronized[0m.
[[0;32m  OK  [0m] Stopped target [0;1;39mSystem Time Set[0m.
[[0;32m  OK  [0m] Closed [0;1;39mLVM2 poll daemon socket[0m.
[[0;32m  OK  [0m] Closed [0;1;39mLoad/Save RF Kill Switch Sta         Stopping [0;1;39mSerial Getty on ttyS0[0m...
[[0;32m  OK  [0m] Stopped [0;1;39mWait until snapd is fully seeded[0m.
         Stopping [0;1;39mSnap Daemon[0m...
         Stopping [0;1;39mOpenBSD Secure Shell server[0m...
[[0;32m  OK  [0m] Stopped [0;1;39mWait for Network to be Configured[0m.
         Stopping [0;1;39mLoad/Save Random Seed[0m...
         Stopping [0;1;39mUnattended Upgrades Shutdown[0m...
[[0;32m  OK  [0m] Stopped [0;1;39mAccounts Service[0m.
[[0;32m  OK  [0m] Stopped [0;1;39mirqbalance daemon[0m.
[[0;32m  OK  [0m] Stopped [0;1;39mDispatcher daemon for systemd-networkd[0m.
[[0;32m  OK  [0m] Stopped [0;1;39mRegular background program processing daemon[0m.
[[0;32m  OK  [0m] Stopped [0;1;39mSystem Logging Service[0m.
[[0;32m  OK  [0m] Stopped [0;1;39mSnap Daemon[0m.
[[0;32m  OK  [0m] Stopped [0;1;39mDeferred execution scheduler[0m.
[[0;32m  OK  [0m] Stopped [0;1;39mOpenBSD Secure Shell server[0m.
[[0;32m  OK  [0m] Stopped [0;1;39mAuthorization Manager[0m.
[[0;32m  OK  [0m] Stopped [0;1;39mUnattended Upgrades Shutdown[0m.
[[0;32m  OK  [0m] Stopped [0;1;39mSerial Getty on ttyS0[0m.
[[0;32m  OK  [0m] Stopped [0;1;39mGetty on tty1[0m.
[[0;32m  OK  [0m] Stopped [0;1;39mAvailability of block devices[0m.
[[0;32m  OK  [0m] Stopped [0;1;39mLoad/Save Random Seed[0m.
[[0;32m  OK  [0m] Stopped [0;1;39mSession 6 of user femu[0m.
[[0;32m  OK  [0m] Stopped [0;1;39mLSB: Record successful boot for GRUB[0m.
[[0;32m  OK  [0m] Removed slice [0;1;39msystem-getty.slice[0m.
[[0;32m  OK  [0m] Removed slice [0;1;39msystem-serial\x2dgetty.slice[0m.
         Stopping [0;1;39mLogin Service[0m...
         Stopping [0;1;39mUser Manager for UID 1000[0m...
[[0;32m  OK  [0m] Stopped [0;1;39mLSB: automatic crash report generation[0m.
[[0;32m  OK  [0m] Stopped [0;1;39mUser Manager for UID 1000[0m.
         Stopping [0;1;39mUser Runtime Directory /run/user/1000[0m...
[[0;32m  OK  [0m] Unmounted [0;1;39m/run/user/1000[0m.
[[0;32m  OK  [0m] Stopped [0;1;39mUser Runtime Directory /run/user/1000[0m.
[[0;32m  OK  [0m] Removed slice [0;1;39mUser Slice of UID 1000[0m.
         Stopping [0;1;39mD-Bus System Message Bus[0m...
         Stopping [0;1;39mPermit User Sessions[0m...
[[0;32m  OK  [0m] Stopped [0;1;39mD-Bus System Message Bus[0m.
[[0;32m  OK  [0m] Stopped [0;1;39mPermit User Sessions[0m.
[[0;32m  OK  [0m] Stopped target [0;1;39mNetwork[0m.
[[0;32m  OK  [0m] Stopped target [0;1;39mRemote File Systems[0m.
[[0;32m  OK  [0m] Stopped target [0;1;39mRemote File Systems (Pre)[0m.
         Stopping [0;1;39mNetwork Name Resolution[0m...
[[0;32m  OK  [0m] Stopped [0;1;39mLogin Service[0m.
[[0;32m  OK  [0m] Stopped target [0;1;39mBasic System[0m.
[[0;32m  OK  [0m] Stopped target [0;1;39mUser and Group Name Lookups[0m.
[[0;32m  OK  [0m] Stopped target [0;1;39mPaths[0m.
[[0;32m  OK  [0m] Stopped target [0;1;39mSlices[0m.
[[0;32m  OK  [0m] Removed slice [0;1;39mUser and Session Slice[0m.
[[0;32m  OK  [0m] Stopped target [0;1;39mSockets[0m.
[[0;32m  OK  [0m] Closed [0;1;39mD-Bus System Message Bus Socket[0m.
[[0;32m  OK  [0m] Closed [0;1;39mOpen-iSCSI iscsid Socket[0m.
[[0;32m  OK  [0m] Closed [0;1;39mSocket unix for snap application lxd.daemon[0m.
[[0;32m  OK  [0m] Closed [0;1;39mSocket activation for snappy daemon[0m.
[[0;32m  OK  [0m] Closed [0;1;39mSyslog Socket[0m.
[[0;32m  OK  [0m] Closed [0;1;39mUUID daemon activation socket[0m.
[[0;32m  OK  [0m] Stopped target [0;1;39mSystem Initialization[0m.
[[0;32m  OK  [0m] Stopped target [0;1;39mLocal Encrypted Volumes[0m.
[[0;32m  OK  [0m] Stopped [0;1;39mDispatch Password …ts to Console Directory Watch[0m.
[[0;32m  OK  [0m] Stopped [0;1;39mForward Password R…uests to Wall Directory Watch[0m.
         Stopping [0;1;39mNetwork Time Synchronization[0m...
         Stopping [0;1;39mUpdate UTMP about System Boot/Shutdown[0m...
[[0;32m  OK  [0m] Stopped [0;1;39mNetwork Name Resolution[0m.
[[0;32m  OK  [0m] Stopped [0;1;39mNetwork Time Synchronization[0m.
[[0;32m  OK  [0m] Stopped [0;1;39mUpdate UTMP about System Boot/Shutdown[0m.
         Stopping [0;1;39mNetwork Service[0m...
[[0;32m  OK  [0m] Stopped [0;1;39mCreate Volatile Files and Directories[0m.
[[0;32m  OK  [0m] Stopped [0;1;39mNetwork Service[0m.
[[0;32m  OK  [0m] Stopped [0;1;39mApply Kernel Variables[0m.
[[0;32m  OK  [0m] Stopped [0;1;39mLoad Kernel Modules[0m.
[[0;32m  OK  [0m] Stopped [0;1;39mCreate final runtime dir for shutdown pivot root[0m.
[[0;32m  OK  [0m] Stopped target [0;1;39mLocal File Systems[0m.
         Unmounting [0;1;39m/run/snapd/ns/lxd.mnt[0m...
         Unmounting [0;1;39mMount unit for core18, revision 1880[0m...
         Unmounting [0;1;39mMount unit for lxd, revision 16099[0m...
         Unmounting [0;1;39mMount unit for snapd, revision 8542[0m...
[[0;32m  OK  [0m] Unmounted [0;1;39mMount unit for core18, revision 1880[0m.
[[0;32m  OK  [0m] Unmounted [0;1;39m/run/snapd/ns/lxd.mnt[0m.
         Unmounting [0;1;39m/run/snapd/ns[0m...
[[0;32m  OK  [0m] Unmounted [0;1;39m/run/snapd/ns[0m.
[[0;32m  OK  [0m] Stopped target [0;1;39mSwap[0m.
         Deactivating swap [0;1;39m/swap.img[0m...
[[0;32m  OK  [0m] Unmounted [0;1;39mMount unit for lxd, revision 16099[0m.
[[0;32m  OK  [0m] Unmounted [0;1;39mMount unit for snapd, revision 8542[0m.
[[0;32m  OK  [0m] Stopped target [0;1;39mLocal File Systems (Pre)[0m.
         Stopping [0;1;39mMonitoring of LVM…meventd or progress polling[0m...
         Stopping [0;1;39mDevice-Mapper Multipath Device Controller[0m...
[[0;32m  OK  [0m] Stopped [0;1;39mCreate Static Device Nodes in /dev[0m.
[[0;32m  OK  [0m] Stopped [0;1;39mCreate System Users[0m.
[[0;32m  OK  [0m] Stopped [0;1;39mDevice-Mapper Multipath Device Controller[0m.
[[0;32m  OK  [0m] Deactivated swap [0;1;39m/swap.img[0m.
[[0;32m  OK  [0m] Reached target [0;1;39mUnmount All Filesystems[0m.
[[0;32m  OK  [0m] Stopped [0;1;39mRemount Root and Kernel File Systems[0m.
[[0;32m  OK  [0m] Stopped [0;1;39mMonitoring of LVM2… dmeventd or progress polling[0m.
[[0;32m  OK  [0m] Reached target [0;1;39mShutdown[0m.
[[0;32m  OK  [0m] Reached target [0;1;39mFinal Step[0m.
[[0;32m  OK  [0m] Finished [0;1;39mPower-Off[0m.
[[0;32m  OK  [0m] Reached target [0;1;39mPower-Off[0m.
[  330.878521] reboot: Power down
