[FEMU] FTL-Log: LPN metadata: entries=2097152 entry_size=40 total=80 MiB T=1024 A=3 C=2 D=65536 decay=on E=8192
[FEMU] FTL-Log: Write pointers: hot_line=64 cold_line=0 free=126 hot_free=63 cold_free=63
c[?7l[2J[0mSeaBIOS (version rel-1.17.0-0-gb52ca86e094d-prebuilt.qemu.org)


iPXE (http://ipxe.org) 00:03.0 CA00 PCI2.10 PnP PMM+BEFD1D20+BEF31D20 CA00
Press Ctrl-B to configure iPXE (PCI 00:03.0)...                                                                               


Booting from Hard Disk...
[H[J[1;1H[?25l[m[H[J[1;1H[2;30HGNU GRUB  version 2.04

[m[4;2H+----------------------------------------------------------------------------+[5;2H|[5;79H|[6;2H|[6;79H|[7;2H|[7;79H|[8;2H|[8;79H|[9;2H|[9;79H|[10;2H|[10;79H|[11;2H|[11;79H|[12;2H|[12;79H|[13;2H|[13;79H|[14;2H|[14;79H|[15;2H|[15;79H|[16;2H|[16;79H|[17;2H+----------------------------------------------------------------------------+[m[18;2H[19;2H[m     Use the ^ and v keys to select which entry is highlighted.          
      Press enter to boot the selected OS, `e' to edit the commands       
      before booting or `c' for a command-line.                           [5;80H [7m[5;3H*Ubuntu, with Linux 5.4.0-64-generic                                        [m[5;78H[m[m[6;3H                                                                            [m[6;78H[m[m[7;3H                                                                            [m[7;78H[m[m[8;3H                                                                            [m[8;78H[m[m[9;3H                                                                            [m[9;78H[m[m[10;3H                                                                            [m[10;78H[m[m[11;3H                                                                            [m[11;78H[m[m[12;3H                                                                            [m[12;78H[m[m[13;3H                                                                            [m[13;78H[m[m[14;3H                                                                            [m[14;78H[m[m[15;3H                                                                            [m[15;78H[m[m[16;3H                                                                            [m[16;78H[m[16;80H [5;78H[22;1H   The highlighted entry will be executed automatically in 3s.                 [5;78H[22;1H   The highlighted entry will be executed automatically in 2s.                 [5;78H[22;1H   The highlighted entry will be executed automatically in 1s.                 [5;78H[22;1H   The highlighted entry will be executed automatically in 0s.                 [5;78H[?25h[H[J[1;1H[H[J[1;1HLoading Linux 5.4.0-64-generic ...
Loading initial ramdisk ...
[    0.000000] Linux version 5.4.0-64-generic (buildd@lcy01-amd64-021) (gcc version 9.3.0 (Ubuntu 9.3.0-17ubuntu1~20.04)) #72-Ubuntu SMP Fri Jan 15 10:27:54 UTC 2021 (Ubuntu 5.4.0-64.72-generic 5.4.78)
[    0.000000] Command line: BOOT_IMAGE=/boot/vmlinuz-5.4.0-64-generic root=UUID=66add23f-3d34-46f1-a540-ebfdd268827e ro ip=dhcp console=ttyS0,115200 console=tty console=ttyS0 text
[    0.000000] KERNEL supported cpus:
[    0.000000]   Intel GenuineIntel
[    0.000000]   AMD AuthenticAMD
[    0.000000]   Hygon HygonGenuine
[    0.000000]   Centaur CentaurHauls
[    0.000000]   zhaoxin   Shanghai  
[    0.000000] x86/fpu: Supporting XSAVE feature 0x001: 'x87 floating point registers'
[    0.000000] x86/fpu: Supporting XSAVE feature 0x002: 'SSE registers'
[    0.000000] x86/fpu: Supporting XSAVE feature 0x004: 'AVX registers'
[    0.000000] x86/fpu: xstate_offset[2]:  576, xstate_sizes[2]:  256
[    0.000000] x86/fpu: Enabled xstate features 0x7, context size is 832 bytes, using 'compacted' format.
[    0.000000] BIOS-provided physical RAM map:
[    0.000000] BIOS-e820: [mem 0x0000000000000000-0x000000000009fbff] usable
[    0.000000] BIOS-e820: [mem 0x000000000009fc00-0x000000000009ffff] reserved
[    0.000000] BIOS-e820: [mem 0x00000000000f0000-0x00000000000fffff] reserved
[    0.000000] BIOS-e820: [mem 0x0000000000100000-0x00000000bffdcfff] usable
[    0.000000] BIOS-e820: [mem 0x00000000bffdd000-0x00000000bfffffff] reserved
[    0.000000] BIOS-e820: [mem 0x00000000feffc000-0x00000000feffffff] reserved
[    0.000000] BIOS-e820: [mem 0x00000000fffc0000-0x00000000ffffffff] reserved
[    0.000000] BIOS-e820: [mem 0x0000000100000000-0x000000013fffffff] usable
[    0.000000] NX (Execute Disable) protection: active
[    0.000000] SMBIOS 2.8 present.
[    0.000000] DMI: QEMU Standard PC (i440FX + PIIX, 1996), BIOS rel-1.17.0-0-gb52ca86e094d-prebuilt.qemu.org 04/01/2014
[    0.000000] Hypervisor detected: KVM
[    0.000000] kvm-clock: Using msrs 4b564d01 and 4b564d00
[    0.000000] kvm-clock: cpu 0, msr 2b001001, primary cpu clock
[    0.000000] kvm-clock: using sched offset of 10076318713 cycles
[    0.000002] clocksource: kvm-clock: mask: 0xffffffffffffffff max_cycles: 0x1cd42e4dffb, max_idle_ns: 881590591483 ns
[    0.000005] tsc: Detected 2995.202 MHz processor
[    0.001689] last_pfn = 0x140000 max_arch_pfn = 0x400000000
[    0.001850] x86/PAT: Configuration [0-7]: WB  WC  UC- UC  WB  WP  UC- WT  
[    0.001874] last_pfn = 0xbffdd max_arch_pfn = 0x400000000
[    0.006666] found SMP MP-table at [mem 0x000f54b0-0x000f54bf]
[    0.006814] check: Scanning 1 areas for low memory corruption
[    0.007230] Using GB pages for direct mapping
[    0.007656] RAMDISK: [mem 0x2d173000-0x328b0fff]
[    0.007729] ACPI: Early table checksum verification disabled
[    0.007764] ACPI: RSDP 0x00000000000F52B0 000014 (v00 BOCHS )
[    0.007802] ACPI: RSDT 0x00000000BFFE2458 000034 (v01 BOCHS  BXPC     00000001 BXPC 00000001)
[    0.007807] ACPI: FACP 0x00000000BFFE22F4 000074 (v01 BOCHS  BXPC     00000001 BXPC 00000001)
[    0.007820] ACPI: DSDT 0x00000000BFFE0040 0022B4 (v01 BOCHS  BXPC     00000001 BXPC 00000001)
[    0.007823] ACPI: FACS 0x00000000BFFE0000 000040
[    0.007825] ACPI: APIC 0x00000000BFFE2368 000090 (v03 BOCHS  BXPC     00000001 BXPC 00000001)
[    0.007827] ACPI: HPET 0x00000000BFFE23F8 000038 (v01 BOCHS  BXPC     00000001 BXPC 00000001)
[    0.007830] ACPI: WAET 0x00000000BFFE2430 000028 (v01 BOCHS  BXPC     00000001 BXPC 00000001)
[    0.008508] No NUMA configuration found
[    0.008509] Faking a node at [mem 0x0000000000000000-0x000000013fffffff]
[    0.008515] NODE_DATA(0) allocated [mem 0x13ffd3000-0x13fffdfff]
[    0.009032] Zone ranges:
[    0.009034]   DMA      [mem 0x0000000000001000-0x0000000000ffffff]
[    0.009035]   DMA32    [mem 0x0000000001000000-0x00000000ffffffff]
[    0.009036]   Normal   [mem 0x0000000100000000-0x000000013fffffff]
[    0.009036]   Device   empty
[    0.009037] Movable zone start for each node
[    0.009039] Early memory node ranges
[    0.009039]   node   0: [mem 0x0000000000001000-0x000000000009efff]
[    0.009040]   node   0: [mem 0x0000000000100000-0x00000000bffdcfff]
[    0.009041]   node   0: [mem 0x0000000100000000-0x000000013fffffff]
[    0.009149] Zeroed struct page in unavailable ranges: 133 pages
[    0.009150] Initmem setup node 0 [mem 0x0000000000001000-0x000000013fffffff]
[    0.152585] ACPI: PM-Timer IO Port: 0x608
[    0.152711] ACPI: LAPIC_NMI (acpi_id[0xff] dfl dfl lint[0x1])
[    0.152841] IOAPIC[0]: apic_id 0, version 17, address 0xfec00000, GSI 0-23
[    0.152844] ACPI: INT_SRC_OVR (bus 0 bus_irq 0 global_irq 2 dfl dfl)
[    0.152845] ACPI: INT_SRC_OVR (bus 0 bus_irq 5 global_irq 5 high level)
[    0.152846] ACPI: INT_SRC_OVR (bus 0 bus_irq 9 global_irq 9 high level)
[    0.152847] ACPI: INT_SRC_OVR (bus 0 bus_irq 10 global_irq 10 high level)
[    0.152847] ACPI: INT_SRC_OVR (bus 0 bus_irq 11 global_irq 11 high level)
[    0.152851] Using ACPI (MADT) for SMP configuration information
[    0.152853] ACPI: HPET id: 0x8086a201 base: 0xfed00000
[    0.152858] TSC deadline timer available
[    0.152867] smpboot: Allowing 4 CPUs, 0 hotplug CPUs
[    0.152915] KVM setup pv sched yield
[    0.152930] PM: Registered nosave memory: [mem 0x00000000-0x00000fff]
[    0.152931] PM: Registered nosave memory: [mem 0x0009f000-0x0009ffff]
[    0.152932] PM: Registered nosave memory: [mem 0x000a0000-0x000effff]
[    0.152932] PM: Registered nosave memory: [mem 0x000f0000-0x000fffff]
[    0.152933] PM: Registered nosave memory: [mem 0xbffdd000-0xbfffffff]
[    0.152933] PM: Registered nosave memory: [mem 0xc0000000-0xfeffbfff]
[    0.152934] PM: Registered nosave memory: [mem 0xfeffc000-0xfeffffff]
[    0.152934] PM: Registered nosave memory: [mem 0xff000000-0xfffbffff]
[    0.152934] PM: Registered nosave memory: [mem 0xfffc0000-0xffffffff]
[    0.152936] [mem 0xc0000000-0xfeffbfff] available for PCI devices
[    0.152937] Booting paravirtualized kernel on KVM
[    0.152940] clocksource: refined-jiffies: mask: 0xffffffff max_cycles: 0xffffffff, max_idle_ns: 7645519600211568 ns
[    0.152943] setup_percpu: NR_CPUS:8192 nr_cpumask_bits:4 nr_cpu_ids:4 nr_node_ids:1
[    0.158838] percpu: Embedded 55 pages/cpu s188416 r8192 d28672 u524288
[    0.158887] KVM setup async PF for cpu 0
[    0.158903] kvm-stealtime: cpu 0, msr 13ba2d040
[    0.158915] PV qspinlock hash table entries: 256 (order: 0, 4096 bytes, linear)
[    0.158948] Built 1 zonelists, mobility grouping on.  Total pages: 1032038
[    0.158950] Policy zone: Normal
[    0.158952] Kernel command line: BOOT_IMAGE=/boot/vmlinuz-5.4.0-64-generic root=UUID=66add23f-3d34-46f1-a540-ebfdd268827e ro ip=dhcp console=ttyS0,115200 console=tty console=ttyS0 text
[    0.166470] Dentry cache hash table entries: 524288 (order: 10, 4194304 bytes, linear)
[    0.169631] Inode-cache hash table entries: 262144 (order: 9, 2097152 bytes, linear)
[    0.169744] mem auto-init: stack:off, heap alloc:on, heap free:off
[    0.256964] Memory: 3932816K/4193772K available (14339K kernel code, 2399K rwdata, 4960K rodata, 2724K init, 4980K bss, 260956K reserved, 0K cma-reserved)
[    0.257056] random: get_random_u64 called from kmem_cache_open+0x2d/0x410 with crng_init=0
[    0.258945] SLUB: HWalign=64, Order=0-3, MinObjects=0, CPUs=4, Nodes=1
[    0.258985] ftrace: allocating 44555 entries in 175 pages
[    0.275251] rcu: Hierarchical RCU implementation.
[    0.275255] rcu: 	RCU restricting CPUs from NR_CPUS=8192 to nr_cpu_ids=4.
[    0.275256] 	Tasks RCU enabled.
[    0.275257] rcu: RCU calculated value of scheduler-enlistment delay is 25 jiffies.
[    0.275257] rcu: Adjusting geometry for rcu_fanout_leaf=16, nr_cpu_ids=4
[    0.278013] NR_IRQS: 524544, nr_irqs: 456, preallocated irqs: 16
[    0.278340] random: crng done (trusting CPU's manufacturer)
[    0.319424] Console: colour VGA+ 80x25
[    0.390722] printk: console [tty0] enabled
[    0.827458] printk: console [ttyS0] enabled
[    0.831863] ACPI: Core revision 20190816
[    0.835027] clocksource: hpet: mask: 0xffffffff max_cycles: 0xffffffff, max_idle_ns: 19112604467 ns
[    0.843467] APIC: Switch to symmetric I/O mode setup
[    0.848593] x2apic enabled
[    0.851634] Switched APIC routing to physical x2apic.
[    0.854074] KVM setup pv IPIs
[    0.859919] ..TIMER: vector=0x30 apic1=0 pin1=2 apic2=-1 pin2=-1
[    0.865951] clocksource: tsc-early: mask: 0xffffffffffffffff max_cycles: 0x2b2c909a7c7, max_idle_ns: 440795208498 ns
[    0.872632] Calibrating delay loop (skipped) preset value.. 5990.40 BogoMIPS (lpj=11980808)
[    0.876637] pid_max: default: 32768 minimum: 301
[    0.880726] LSM: Security Framework initializing
[    0.884697] Yama: becoming mindful.
[    0.886588] AppArmor: AppArmor initialized
[    0.892961] Mount-cache hash table entries: 8192 (order: 4, 65536 bytes, linear)
[    0.897053] Mountpoint-cache hash table entries: 8192 (order: 4, 65536 bytes, linear)
[    0.900755] *** VALIDATE tmpfs ***
[    0.905116] *** VALIDATE proc ***
[    0.908789] *** VALIDATE cgroup1 ***
[    0.912640] *** VALIDATE cgroup2 ***
[    0.917517] x86/cpu: User Mode Instruction Prevention (UMIP) activated
[    0.921038] Last level iTLB entries: 4KB 0, 2MB 0, 4MB 0
[    0.924011] Last level dTLB entries: 4KB 0, 2MB 0, 4MB 0, 1GB 0
[    0.924654] Spectre V1 : Mitigation: usercopy/swapgs barriers and __user pointer sanitization
[    0.928645] Spectre V2 : Mitigation: Enhanced IBRS
[    0.932636] Spectre V2 : Spectre v2 / SpectreRSB mitigation: Filling RSB on context switch
[    0.936740] Spectre V2 : mitigation: Enabling conditional Indirect Branch Prediction Barrier
[    0.940636] Speculative Store Bypass: Mitigation: Speculative Store Bypass disabled via prctl and seccomp
[    0.948864] Freeing SMP alternatives memory: 40K
[    0.957292] smpboot: CPU0: Intel(R) Core(TM) Ultra 5 125H (family: 0x6, model: 0xaa, stepping: 0x4)
[    0.962722] Performance Events: unsupported p6 CPU model 170 no PMU driver, software events only.
[    0.964911] rcu: Hierarchical SRCU implementation.
[    0.969584] NMI watchdog: Perf NMI watchdog permanently disabled
[    0.973107] smp: Bringing up secondary CPUs ...
[    0.977319] x86: Booting SMP configuration:
[    0.980651] .... node  #0, CPUs:      #1
[    0.578364] kvm-clock: cpu 1, msr 2b001041, secondary cpu clock
[    0.986611] KVM setup async PF for cpu 1
[    0.988626] kvm-stealtime: cpu 1, msr 13baad040
[    0.997697]  #2
[    0.578364] kvm-clock: cpu 2, msr 2b001081, secondary cpu clock
[    1.001511] KVM setup async PF for cpu 2
[    1.004626] kvm-stealtime: cpu 2, msr 13bb2d040
[    1.017826]  #3
[    0.578364] kvm-clock: cpu 3, msr 2b0010c1, secondary cpu clock
[    1.021354] KVM setup async PF for cpu 3
[    1.024626] kvm-stealtime: cpu 3, msr 13bbad040
[    1.033350] smp: Brought up 1 node, 4 CPUs
[    1.036654] smpboot: Max logical packages: 1
[    1.039501] smpboot: Total of 4 processors activated (23961.61 BogoMIPS)
[    1.045847] devtmpfs: initialized
[    1.048946] x86/mm: Memory block size: 128MB
[    1.053425] clocksource: jiffies: mask: 0xffffffff max_cycles: 0xffffffff, max_idle_ns: 7645041785100000 ns
[    1.057105] futex hash table entries: 1024 (order: 4, 65536 bytes, linear)
[    1.069467] pinctrl core: initialized pinctrl subsystem
[    1.073120] PM: RTC time: 18:28:44, date: 2026-08-22
[    1.077251] NET: Registered protocol family 16
[    1.089231] audit: initializing netlink subsys (disabled)
[    1.092988] audit: type=2000 audit(1787423324.298:1): state=initialized audit_enabled=0 res=1
[    1.093026] EISA bus registered
[    1.109059] cpuidle: using governor ladder
[    1.116967] cpuidle: using governor menu
[    1.117401] KVM setup pv remote TLB flush
[    1.119837] ACPI: bus type PCI registered
[    1.128795] acpiphp: ACPI Hot Plug PCI Controller Driver version: 0.5
[    1.137605] PCI: Using configuration type 1 for base access
[    1.145150] HugeTLB registered 1.00 GiB page size, pre-allocated 0 pages
[    1.152652] HugeTLB registered 2.00 MiB page size, pre-allocated 0 pages
[    1.181657] ACPI: Added _OSI(Module Device)
[    1.190366] ACPI: Added _OSI(Processor Device)
[    1.200711] ACPI: Added _OSI(3.0 _SCP Extensions)
[    1.203631] ACPI: Added _OSI(Processor Aggregator Device)
[    1.208744] ACPI: Added _OSI(Linux-Dell-Video)
[    1.216807] ACPI: Added _OSI(Linux-Lenovo-NV-HDMI-Audio)
[    1.224718] ACPI: Added _OSI(Linux-HPI-Hybrid-Graphics)
[    1.234806] ACPI: 1 ACPI AML tables successfully acquired and loaded
[    1.244626] ACPI: Interpreter enabled
[    1.252685] ACPI: (supports S0 S3 S4 S5)
[    1.256647] ACPI: Using IOAPIC for interrupt routing
[    1.264793] PCI: Using host bridge windows from ACPI; if necessary, use "pci=nocrs" and report a bug
[    1.276996] ACPI: Enabled 2 GPEs in block 00 to 0F
[    1.287641] ACPI: PCI Root Bridge [PCI0] (domain 0000 [bus 00-ff])
[    1.296671] acpi PNP0A03:00: _OSC: OS supports [ASPM ClockPM Segments MSI HPX-Type3]
[    1.308806] acpi PNP0A03:00: fail to add MMCONFIG information, can't access extended PCI configuration space under this bridge.
[    1.317207] acpiphp: Slot [3] registered
[    1.320744] acpiphp: Slot [4] registered
[    1.324626] acpiphp: Slot [5] registered
[    1.328412] acpiphp: Slot [6] registered
[    1.332777] acpiphp: Slot [7] registered
[    1.335799] acpiphp: Slot [8] registered
[    1.340721] acpiphp: Slot [9] registered
[    1.344779] acpiphp: Slot [10] registered
[    1.349665] acpiphp: Slot [11] registered
[    1.356832] acpiphp: Slot [12] registered
[    1.365393] acpiphp: Slot [13] registered
[    1.377641] acpiphp: Slot [14] registered
[    1.385582] acpiphp: Slot [15] registered
[    1.389350] acpiphp: Slot [16] registered
[    1.397302] acpiphp: Slot [17] registered
[    1.401336] acpiphp: Slot [18] registered
[    1.405434] acpiphp: Slot [19] registered
[    1.413343] acpiphp: Slot [20] registered
[    1.421400] acpiphp: Slot [21] registered
[    1.426018] acpiphp: Slot [22] registered
[    1.433668] acpiphp: Slot [23] registered
[    1.441405] acpiphp: Slot [24] registered
[    1.445866] acpiphp: Slot [25] registered
[    1.452792] acpiphp: Slot [26] registered
[    1.456737] acpiphp: Slot [27] registered
[    1.464774] acpiphp: Slot [28] registered
[    1.473414] acpiphp: Slot [29] registered
[    1.476787] acpiphp: Slot [30] registered
[    1.484951] acpiphp: Slot [31] registered
[    1.488757] PCI host bridge to bus 0000:00
[    1.496652] pci_bus 0000:00: root bus resource [io  0x0000-0x0cf7 window]
[    1.508897] pci_bus 0000:00: root bus resource [io  0x0d00-0xffff window]
[    1.524772] pci_bus 0000:00: root bus resource [mem 0x000a0000-0x000bffff window]
[    1.528715] pci_bus 0000:00: root bus resource [mem 0xc0000000-0xfebfffff window]
[    1.540748] pci_bus 0000:00: root bus resource [mem 0xe0000000000-0xe007fffffff window]
[    1.548812] pci_bus 0000:00: root bus resource [bus 00-ff]
[    1.557168] pci 0000:00:00.0: [8086:1237] type 00 class 0x060000
[    1.574604] pci 0000:00:01.0: [8086:7000] type 00 class 0x060100
[    1.592129] pci 0000:00:01.1: [8086:7010] type 00 class 0x010180
[    1.603762] pci 0000:00:01.1: reg 0x20: [io  0xc060-0xc06f]
[    1.614656] pci 0000:00:01.1: legacy IDE quirk: reg 0x10: [io  0x01f0-0x01f7]
[    1.629061] pci 0000:00:01.1: legacy IDE quirk: reg 0x14: [io  0x03f6]
[    1.640727] pci 0000:00:01.1: legacy IDE quirk: reg 0x18: [io  0x0170-0x0177]
[    1.648788] pci 0000:00:01.1: legacy IDE quirk: reg 0x1c: [io  0x0376]
[    1.658401] pci 0000:00:01.3: [8086:7113] type 00 class 0x068000
[    1.667739] pci 0000:00:01.3: quirk: [io  0x0600-0x063f] claimed by PIIX4 ACPI
[    1.676703] pci 0000:00:01.3: quirk: [io  0x0700-0x070f] claimed by PIIX4 SMB
[    1.685146] pci 0000:00:01.3: quirk_piix4_acpi+0x0/0x170 took 15625 usecs
[    1.701357] pci 0000:00:02.0: [1234:1111] type 00 class 0x030000
[    1.724146] pci 0000:00:02.0: reg 0x10: [mem 0xfd000000-0xfdffffff pref]
[    1.743187] pci 0000:00:02.0: reg 0x18: [mem 0xfebd0000-0xfebd0fff]
[    1.773120] pci 0000:00:02.0: reg 0x30: [mem 0xfebc0000-0xfebcffff pref]
[    1.789188] pci 0000:00:03.0: [1af4:1000] type 00 class 0x020000
[    1.798849] pci 0000:00:03.0: reg 0x10: [io  0xc040-0xc05f]
[    1.805902] pci 0000:00:03.0: reg 0x14: [mem 0xfebd1000-0xfebd1fff]
[    1.824794] pci 0000:00:03.0: reg 0x20: [mem 0xe0040000000-0xe0040003fff 64bit pref]
[    1.839135] pci 0000:00:03.0: reg 0x30: [mem 0xfeb80000-0xfebbffff pref]
[    1.855560] pci 0000:00:04.0: [1af4:1004] type 00 class 0x010000
[    1.869711] pci 0000:00:04.0: reg 0x10: [io  0xc000-0xc03f]
[    1.877554] pci 0000:00:04.0: reg 0x14: [mem 0xfebd2000-0xfebd2fff]
[    1.918316] pci 0000:00:04.0: reg 0x20: [mem 0xe0040004000-0xe0040007fff 64bit pref]
[    1.939598] pci 0000:00:05.0: [1d1d:1f1f] type 00 class 0x010802
[    1.952073] pci 0000:00:05.0: reg 0x10: [mem 0xe0000000000-0xe0000001fff 64bit]
[    1.972517] pci 0000:00:05.0: reg 0x20: [mem 0xfebd3000-0xfebd3fff]
[    1.985021] pci 0000:00:05.0: enabling Extended Tags
[    2.083583] ACPI: PCI Interrupt Link [LNKA] (IRQs 5 *10 11)
[    2.093254] ACPI: PCI Interrupt Link [LNKB] (IRQs 5 *10 11)
[    2.105551] ACPI: PCI Interrupt Link [LNKC] (IRQs 5 10 *11)
[    2.109195] ACPI: PCI Interrupt Link [LNKD] (IRQs 5 10 *11)
[    2.121018] ACPI: PCI Interrupt Link [LNKS] (IRQs *9)
[    2.133302] iommu: Default domain type: Translated 
[    2.143543] SCSI subsystem initialized
[    2.153202] pci 0000:00:02.0: vgaarb: setting as boot VGA device
[    2.156626] pci 0000:00:02.0: vgaarb: VGA device added: decodes=io+mem,owns=io+mem,locks=none
[    2.176666] pci 0000:00:02.0: vgaarb: bridge control possible
[    2.184665] vgaarb: loaded
[    2.188700] ACPI: bus type USB registered
[    2.193154] usbcore: registered new interface driver usbfs
[    2.200732] usbcore: registered new interface driver hub
[    2.208875] usbcore: registered new device driver usb
[    2.216899] pps_core: LinuxPPS API ver. 1 registered
[    2.229150] pps_core: Software ver. 5.3.6 - Copyright 2005-2007 Rodolfo Giometti <giometti@linux.it>
[    2.241231] PTP clock support registered
[    2.253112] EDAC MC: Ver: 3.0.0
[    2.261066] PCI: Using ACPI for IRQ routing
[    2.267167] NetLabel: Initializing
[    2.268688] NetLabel:  domain hash size = 128
[    2.272644] NetLabel:  protocols = UNLABELED CIPSOv4 CALIPSO
[    2.276992] NetLabel:  unlabeled traffic allowed by default
[    2.314012] hpet0: at MMIO 0xfed00000, IRQs 2, 8, 0
[    2.316676] hpet0: 3 comparators, 64-bit 100.000000 MHz counter
[    2.329400] clocksource: Switched to clocksource kvm-clock
[    2.408608] *** VALIDATE bpf ***
[    2.420272] VFS: Disk quotas dquot_6.6.0
[    2.424790] VFS: Dquot-cache hash table entries: 512 (order 0, 4096 bytes)
[    2.437898] *** VALIDATE ramfs ***
[    2.441760] *** VALIDATE hugetlbfs ***
[    2.447868] AppArmor: AppArmor Filesystem Enabled
[    2.460043] pnp: PnP ACPI init
[    2.465834] pnp: PnP ACPI: found 6 devices
[    2.508826] thermal_sys: Registered thermal governor 'fair_share'
[    2.508828] thermal_sys: Registered thermal governor 'bang_bang'
[    2.516572] thermal_sys: Registered thermal governor 'step_wise'
[    2.531453] thermal_sys: Registered thermal governor 'user_space'
[    2.539302] thermal_sys: Registered thermal governor 'power_allocator'
[    2.556609] clocksource: acpi_pm: mask: 0xffffff max_cycles: 0xffffff, max_idle_ns: 2085701024 ns
[    2.576903] pci_bus 0000:00: resource 4 [io  0x0000-0x0cf7 window]
[    2.586524] pci_bus 0000:00: resource 5 [io  0x0d00-0xffff window]
[    2.594573] pci_bus 0000:00: resource 6 [mem 0x000a0000-0x000bffff window]
[    2.603812] pci_bus 0000:00: resource 7 [mem 0xc0000000-0xfebfffff window]
[    2.614796] pci_bus 0000:00: resource 8 [mem 0xe0000000000-0xe007fffffff window]
[    2.631351] NET: Registered protocol family 2
[    2.638953] tcp_listen_portaddr_hash hash table entries: 2048 (order: 3, 32768 bytes, linear)
[    2.651181] TCP established hash table entries: 32768 (order: 6, 262144 bytes, linear)
[    2.660945] TCP bind hash table entries: 32768 (order: 7, 524288 bytes, linear)
[    2.668932] TCP: Hash tables configured (established 32768 bind 32768)
[    2.678573] UDP hash table entries: 2048 (order: 4, 65536 bytes, linear)
[    2.690984] UDP-Lite hash table entries: 2048 (order: 4, 65536 bytes, linear)
[    2.703165] NET: Registered protocol family 1
[    2.708115] NET: Registered protocol family 44
[    2.712333] pci 0000:00:01.0: PIIX3: Enabling Passive Release
[    2.718670] pci 0000:00:00.0: Limiting direct PCI/PCI transfers
[    2.725325] pci 0000:00:01.0: Activating ISA DMA hang workarounds
[    2.731269] pci 0000:00:02.0: Video device with shadowed ROM at [mem 0x000c0000-0x000dffff]
[    2.744427] pci 0000:00:02.0: pci_fixup_video+0x0/0xe0 took 12777 usecs
[    2.753753] PCI: CLS 0 bytes, default 64
[    2.760283] Trying to unpack rootfs image as initramfs...
[    6.953714] Freeing initrd memory: 89336K
[    7.261986] PCI-DMA: Using software bounce buffering for IO (SWIOTLB)
[    7.266810] software IO TLB: mapped [mem 0xbbfdd000-0xbffdd000] (64MB)
[    7.286195] clocksource: tsc: mask: 0xffffffffffffffff max_cycles: 0x2b2c909a7c7, max_idle_ns: 440795208498 ns
[    7.331978] check: Scanning for low memory corruption every 60 seconds
[    7.344424] Initialise system trusted keyrings
[    7.352752] Key type blacklist registered
[    7.358416] workingset: timestamp_bits=36 max_order=20 bucket_order=0
[    7.371230] zbud: loaded
[    7.509710] squashfs: version 4.0 (2009/01/31) Phillip Lougher
[    7.541893] fuse: init (API version 7.31)
[    7.545765] *** VALIDATE fuse ***
[    7.549375] *** VALIDATE fuse ***
[    7.557392] Platform Keyring initialized
[    7.599757] Key type asymmetric registered
[    7.612771] Asymmetric key parser 'x509' registered
[    7.644587] Block layer SCSI generic (bsg) driver version 0.4 loaded (major 244)
[    7.685927] io scheduler mq-deadline registered
[    7.716127] shpchp: Standard Hot Plug PCI Controller Driver version: 0.4
[    7.728579] input: Power Button as /devices/LNXSYSTM:00/LNXPWRBN:00/input/input0
[    7.748777] ACPI: Power Button [PWRF]
[    7.783084] PCI Interrupt Link [LNKC] enabled at IRQ 11
[    7.877693] PCI Interrupt Link [LNKD] enabled at IRQ 10
[    7.959999] Serial: 8250/16550 driver, 32 ports, IRQ sharing enabled
[    8.028250] 00:04: ttyS0 at I/O 0x3f8 (irq = 4, base_baud = 115200) is a 16550A
[    8.067848] Linux agpgart interface v0.103
[    8.106294] loop: module loaded
[    8.131092] scsi host0: ata_piix
[    8.138261] scsi host1: ata_piix
[    8.142826] ata1: PATA max MWDMA2 cmd 0x1f0 ctl 0x3f6 bmdma 0xc060 irq 14
[    8.155852] ata2: PATA max MWDMA2 cmd 0x170 ctl 0x376 bmdma 0xc068 irq 15
[    8.165567] libphy: Fixed MDIO Bus: probed
[    8.177957] tun: Universal TUN/TAP device driver, 1.6
[    8.191078] PPP generic driver version 2.4.2
[    8.198674] VFIO - User Level meta-driver version: 0.3
[    8.213148] ehci_hcd: USB 2.0 'Enhanced' Host Controller (EHCI) Driver
[    8.222680] ehci-pci: EHCI PCI platform driver
[    8.232531] ehci-platform: EHCI generic platform driver
[    8.241638] ohci_hcd: USB 1.1 'Open' Host Controller (OHCI) Driver
[    8.249798] ohci-pci: OHCI PCI platform driver
[    8.258591] ohci-platform: OHCI generic platform driver
[    8.266956] uhci_hcd: USB Universal Host Controller Interface driver
[    8.275209] i8042: PNP: PS/2 Controller [PNP0303:KBD,PNP0f13:MOU] at 0x60,0x64 irq 1,12
[    8.292963] serio: i8042 KBD port at 0x60,0x64 irq 1
[    8.306956] serio: i8042 AUX port at 0x60,0x64 irq 12
[    8.322124] mousedev: PS/2 mouse device common for all mice
[    8.333801] rtc_cmos 00:05: RTC can wake from S4
[    8.349545] input: AT Translated Set 2 keyboard as /devices/platform/i8042/serio0/input/input1
[    8.355715] rtc_cmos 00:05: registered as rtc0
[    8.378358] rtc_cmos 00:05: alarms up to one day, y3k, 242 bytes nvram, hpet irqs
[    8.387214] i2c /dev entries driver
[    8.393662] device-mapper: uevent: version 1.0.3
[    8.400755] device-mapper: ioctl: 4.41.0-ioctl (2019-09-16) initialised: dm-devel@redhat.com
[    8.418316] platform eisa.0: Probing EISA bus 0
[    8.436458] platform eisa.0: EISA: Cannot allocate resource for mainboard
[    8.462865] platform eisa.0: Cannot allocate resource for EISA slot 1
[    8.482504] platform eisa.0: Cannot allocate resource for EISA slot 2
[    8.495461] platform eisa.0: Cannot allocate resource for EISA slot 3
[    8.505574] platform eisa.0: Cannot allocate resource for EISA slot 4
[    8.518693] platform eisa.0: Cannot allocate resource for EISA slot 5
[    8.526550] platform eisa.0: Cannot allocate resource for EISA slot 6
[    8.542077] platform eisa.0: Cannot allocate resource for EISA slot 7
[    8.550064] platform eisa.0: Cannot allocate resource for EISA slot 8
[    8.558918] platform eisa.0: EISA: Detected 0 cards
[    8.568154] intel_pstate: CPU model not supported
[    8.581965] ledtrig-cpu: registered to indicate activity on CPUs
[    8.591667] drop_monitor: Initializing network drop monitor service
[    8.604541] NET: Registered protocol family 10
[    8.635247] Segment Routing with IPv6
[    8.640984] NET: Registered protocol family 17
[    8.646600] Key type dns_resolver registered
[    8.655863] RAS: Correctable Errors collector initialized.
[    8.662438] IPI shorthand broadcast: enabled
[    8.667692] sched_clock: Marking stable (8092926247, 574364435)->(8876811412, -209520730)
[    8.681455] registered taskstats version 1
[    8.685630] Loading compiled-in X.509 certificates
[    8.696114] Loaded X.509 cert 'Build time autogenerated kernel key: 7f1af841edfbf04e4b72462ffb6202c30b2da0bb'
[    8.706877] zswap: loaded using pool lzo/zbud
[    8.715935] Key type ._fscrypt registered
[    8.720873] Key type .fscrypt registered
[    8.748622] Key type big_key registered
[    8.760797] Key type encrypted registered
[    8.768600] AppArmor: AppArmor sha1 policy hashing enabled
[    8.774842] ima: No TPM chip found, activating TPM-bypass!
[    8.781526] ima: Allocated hash algorithm: sha1
[    8.788504] ima: No architecture policies found
[    8.794740] evm: Initialising EVM extended attributes:
[    8.805503] evm: security.selinux
[    8.810554] evm: security.SMACK64
[    8.813741] evm: security.SMACK64EXEC
[    8.818440] evm: security.SMACK64TRANSMUTE
[    8.827578] evm: security.SMACK64MMAP
[    8.830846] evm: security.apparmor
[    8.834395] evm: security.ima
[    8.839163] evm: security.capability
[    8.850079] evm: HMAC attrs: 0x1
[    8.875754] PM:   Magic number: 6:502:494
[    8.884584] rtc_cmos 00:05: setting system clock to 2026-08-22T18:28:52 UTC (1787423332)
[    8.915671] Freeing unused decrypted memory: 2040K
[    8.931292] Freeing unused kernel image memory: 2724K
[    8.957095] Write protecting the kernel read-only data: 22528k
[    8.971575] Freeing unused kernel image memory: 2008K
[    8.984615] Freeing unused kernel image memory: 1184K
[    9.006823] x86/mm: Checked W+X mappings: passed, no W+X pages found.
[    9.017543] Run /init as init process
Loading, please wait...
Starting version 245.4-4ubuntu3.2
[    9.162600] Floppy drive(s): fd0 is 2.88M AMI BIOS
[    9.191908] input: VirtualPS/2 VMware VMMouse as /devices/platform/i8042/serio1/input/input4
[    9.203601] scsi host2: Virtio SCSI HBA
[    9.215053] FDC 0 is a S82078B
[    9.220471] input: VirtualPS/2 VMware VMMouse as /devices/platform/i8042/serio1/input/input3
[    9.239018] scsi 2:0:0:0: Direct-Access     QEMU     QEMU HARDDISK    2.5+ PQ: 0 ANSI: 5
[    9.261474] piix4_smbus 0000:00:01.3: SMBus Host Controller at 0x700, revision 0
[    9.262158] cryptd: max_cpu_qlen set to 1000
[    9.296887] nvme nvme0: pci function 0000:00:05.0
[    9.305125] PCI Interrupt Link [LNKA] enabled at IRQ 10
[    9.339443] AVX2 version of gcm_enc/dec engaged.
[    9.353757] nvme nvme0: 4/0/0 default/read/poll queues
[    9.354683] AES CTR mode by8 optimization enabled
[    9.362706] virtio_net virtio0 ens3: renamed from eth0
[    9.445440] bochs-drm 0000:00:02.0: remove_conflicting_pci_framebuffers: bar 0: 0xfd000000 -> 0xfdffffff
[    9.468594] bochs-drm 0000:00:02.0: remove_conflicting_pci_framebuffers: bar 2: 0xfebd0000 -> 0xfebd0fff
[    9.496349] bochs-drm 0000:00:02.0: vgaarb: deactivate vga console
[    9.499944] sd 2:0:0:0: Attached scsi generic sg0 type 0
[    9.514760] sd 2:0:0:0: Power-on or device reset occurred
[    9.519303] sd 2:0:0:0: [sda] 167772160 512-byte logical blocks: (85.9 GB/80.0 GiB)
[    9.556287] sd 2:0:0:0: [sda] Write Protect is off
[    9.557208] sd 2:0:0:0: [sda] Write cache: enabled, read cache: enabled, supports DPO and FUA
[    9.577445] Console: switching to colour dummy device 80x25
[    9.583765]  sda: sda1 sda2
[    9.595715] [drm] Found bochs VGA, ID 0xb0c5.
[    9.609049] sd 2:0:0:0: [sda] Attached SCSI disk
[    9.610937] [drm] Framebuffer size 16384 kB @ 0xfd000000, mmio @ 0xfebd0000.
[    9.634012] [TTM] Zone  kernel: Available graphics memory: 2015074 KiB
[    9.639619] [TTM] Initializing pool allocator
[    9.646714] [TTM] Initializing DMA pool allocator
[    9.667223] [drm] Found EDID data blob.
[    9.681048] [drm] Initialized bochs-drm 1.0.0 20130925 for 0000:00:02.0 on minor 0
[    9.710365] fbcon: bochs-drmdrmfb (fb0) is primary device
[    9.736267] Console: switching to colour frame buffer device 160x50
[    9.764873] bochs-drm 0000:00:02.0: fb0: bochs-drmdrmfb frame buffer device
Begin: Loading essential drivers ... [    9.940877] raid6: avx2x4   gen() 18833 MB/s
[    9.992776] raid6: avx2x4   xor()  8122 MB/s
[   10.048790] raid6: avx2x2   gen() 11438 MB/s
[   10.100874] raid6: avx2x2   xor()  8994 MB/s
[   10.148868] raid6: avx2x1   gen() 11988 MB/s
[   10.200712] raid6: avx2x1   xor()  8671 MB/s
[   10.252845] raid6: sse2x4   gen()  9573 MB/s
[   10.300841] raid6: sse2x4   xor()  6636 MB/s
[   10.352818] raid6: sse2x2   gen() 10010 MB/s
[   10.400882] raid6: sse2x2   xor()  3352 MB/s
[   10.448901] raid6: sse2x1   gen()  5753 MB/s
[   10.504920] raid6: sse2x1   xor()  4065 MB/s
[   10.511821] raid6: using algorithm avx2x4 gen() 18833 MB/s
[   10.523962] raid6: .... xor() 8122 MB/s, rmw enabled
[   10.530946] raid6: using avx2x2 recovery algorithm
[   10.541074] xor: automatically using best checksumming function   avx       
[   10.562927] async_tx: api initialized (async)
done.
Begin: Running /scripts/init-premount ... done.
Begin: Mounting root file system ... Begin: Running /scripts/local-top ... done.
Begin: Running /scripts/local-premount ... [   10.732247] Btrfs loaded, crc32c=crc32c-intel
Scanning for Btrfs filesystems
[   10.817128] blk_update_request: I/O error, dev fd0, sector 0 op 0x0:(READ) flags 0x0 phys_seg 1 prio class 0
[   10.829041] floppy: error 10 while reading block 0
done.
Warning: fsck not present, so skipping root file system
[   10.942013] EXT4-fs (sda2): mounted filesystem with ordered data mode. Opts: (null)
done.
Begin: Running /scripts/local-bottom ... done.
Begin: Running /scripts/init-bottom ... Internet Systems Consortium DHCP Client 4.4.1
Copyright 2004-2018 Internet Systems Consortium.
All rights reserved.
For info, please visit https://www.isc.org/software/dhcp/

Listening on LPF/ens3/52:54:00:12:34:56
Sending on   LPF/ens3/52:54:00:12:34:56
Sending on   Socket/fallback
DHCPDISCOVER on ens3 to 255.255.255.255 port 67 interval 3 (xid=0x129f6d1b)
DHCPOFFER of 10.0.2.15 from 10.0.2.2
DHCPREQUEST for 10.0.2.15 on ens3 to 255.255.255.255 port 67 (xid=0x1b6d9f12)
DHCPACK of 10.0.2.15 from 10.0.2.2 (xid=0x129f6d1b)
bound to 10.0.2.15 -- renewal in 36409 seconds.
done.
[   11.657435] systemd[1]: Inserted module 'autofs4'
[   11.726511] systemd[1]: systemd 245.4-4ubuntu3.2 running in system mode. (+PAM +AUDIT +SELINUX +IMA +APPARMOR +SMACK +SYSVINIT +UTMP +LIBCRYPTSETUP +GCRYPT +GNUTLS +ACL +XZ +LZ4 +SECCOMP +BLKID +ELFUTILS +KMOD +IDN2 -IDN +PCRE2 default-hierarchy=hybrid)
[   11.758322] systemd[1]: Detected virtualization kvm.
[   11.765436] systemd[1]: Detected architecture x86-64.

Welcome to [1mUbuntu 20.04.1 LTS[0m!

[   11.824196] systemd[1]: Set hostname to <fvm>.
[   12.194302] systemd[1]: /lib/systemd/system/dbus.socket:5: ListenStream= references a path below legacy directory /var/run/, updating /var/run/dbus/system_bus_socket → /run/dbus/system_bus_socket; please update the unit file accordingly.
[   12.584777] systemd[1]: Created slice system-modprobe.slice.
[[0;32m  OK  [0m] Created slice [0;1;39msystem-modprobe.slice[0m.
[   12.606081] systemd[1]: Created slice system-serial\x2dgetty.slice.
[[0;32m  OK  [0m] Created slice [0;1;39msystem-serial\x2dgetty.slice[0m.
[   12.622881] systemd[1]: Created slice User and Session Slice.
[[0;32m  OK  [0m] Created slice [0;1;39mUser and Session Slice[0m.
[   12.657760] systemd[1]: Started Forward Password Requests to Wall Directory Watch.
[[0;32m  OK  [0m] Started [0;1;39mForward Password R…uests to Wall Directory Watch[0m.
[   12.705873] systemd[1]: Set up automount Arbitrary Executable File Formats File System Automount Point.
[[0;32m  OK  [0m] Set up automount [0;1;39mArbitrary…s File System Automount Point[0m.
[   12.756970] systemd[1]: Reached target User and Group Name Lookups.
[[0;32m  OK  [0m] Reached target [0;1;39mUser and Group Name Lookups[0m.
[   12.795319] systemd[1]: Reached target Slices.
[[0;32m  OK  [0m] Reached target [0;1;39mSlices[0m.
[   12.815400] systemd[1]: Listening on Device-mapper event daemon FIFOs.
[[0;32m  OK  [0m] Listening on [0;1;39mDevice-mapper event daemon FIFOs[0m.
[   12.860765] systemd[1]: Listening on LVM2 poll daemon socket.
[[0;32m  OK  [0m] Listening on [0;1;39mLVM2 poll daemon socket[0m.
[   12.945210] systemd[1]: Listening on multipathd control socket.
[[0;32m  OK  [0m] Listening on [0;1;39mmultipathd control socket[0m.
[   13.045852] systemd[1]: Listening on Syslog Socket.
[[0;32m  OK  [0m] Listening on [0;1;39mSyslog Socket[0m.
[   13.064833] systemd[1]: Listening on initctl Compatibility Named Pipe.
[[0;32m  OK  [0m] Listening on [0;1;39minitctl Compatibility Named Pipe[0m.
[   13.096232] systemd[1]: Listening on Journal Audit Socket.
[[0;32m  OK  [0m] Listening on [0;1;39mJournal Audit Socket[0m.
[   13.119258] systemd[1]: Listening on Journal Socket (/dev/log).
[[0;32m  OK  [0m] Listening on [0;1;39mJournal Socket (/dev/log)[0m.
[   13.144103] systemd[1]: Listening on Journal Socket.
[[0;32m  OK  [0m] Listening on [0;1;39mJournal Socket[0m.
[   13.161170] systemd[1]: Listening on Network Service Netlink Socket.
[[0;32m  OK  [0m] Listening on [0;1;39mNetwork Service Netlink Socket[0m.
[   13.176111] systemd[1]: Listening on udev Control Socket.
[[0;32m  OK  [0m] Listening on [0;1;39mudev Control Socket[0m.
[   13.195159] systemd[1]: Listening on udev Kernel Socket.
[[0;32m  OK  [0m] Listening on [0;1;39mudev Kernel Socket[0m.
[   13.218372] systemd[1]: Mounting Huge Pages File System...
         Mounting [0;1;39mHuge Pages File System[0m...
[   13.240478] systemd[1]: Mounting POSIX Message Queue File System...
         Mounting [0;1;39mPOSIX Message Queue File System[0m...
[   13.264229] systemd[1]: Mounting Kernel Debug File System...
         Mounting [0;1;39mKernel Debug File System[0m...
[   13.290763] systemd[1]: Mounting Kernel Trace File System...
         Mounting [0;1;39mKernel Trace File System[0m...
[   13.313784] systemd[1]: Starting Journal Service...
         Starting [0;1;39mJournal Service[0m...
[   13.333094] systemd[1]: Starting Set the console keyboard layout...
         Starting [0;1;39mSet the console keyboard layout[0m...
[   13.362132] systemd[1]: Starting Create list of static device nodes for the current kernel...
         Starting [0;1;39mCreate list of st…odes for the current kernel[0m...
[   13.401124] systemd[1]: Starting Monitoring of LVM2 mirrors, snapshots etc. using dmeventd or progress polling...
         Starting [0;1;39mMonitoring of LVM…meventd or progress polling[0m...
[   13.429557] systemd[1]: Condition check resulted in Load Kernel Module drm being skipped.
[   13.442741] systemd[1]: Condition check resulted in Set Up Additional Binary Formats being skipped.
[   13.465607] systemd[1]: Starting Load Kernel Modules...
         Starting [0;1;39mLoad Kernel Modules[0m...
[   13.479852] systemd[1]: Starting Remount Root and Kernel File Systems...
         Starting [0;1;39mRemount Root and Kernel File Systems[0m...
[   13.550323] systemd[1]: Starting udev Coldplug all Devices...
         Starting [0;1;39mudev Coldplug all Devices[0m...
[   13.581418] systemd[1]: Starting Uncomplicated firewall...
[   13.601443] EXT4-fs (sda2): re-mounted. Opts: (null)
         Starting [0;1;39mUncomplicated firewall[0m...
[   13.623910] systemd[1]: Started Journal Service.
[[0;32m  OK  [0m] Started [0;1;39mJournal Service[0m.
[[0;32m  OK  [0m] Mounted [0;1;39mHuge Pages File System[0m.
[[0;32m  OK  [0m] Mounted [0;1;39mPOSIX Message Queue File System[0m.
[[0;32m  OK  [0m] Mounted [0;1;39mKernel Debug File System[0m.
[[0;32m  OK  [0m] Mounted [0;1;39mKernel Trace File System[0m.
[[0;32m  OK  [0m] Finished [0;1;39mSet the console keyboard layout[0m.
[[0;32m  OK  [0m] Finished [0;1;39mCreate list of st… nodes for the current kernel[0m.
[[0;32m  OK  [0m] Finished [0;1;39mMonitoring of LVM… dmeventd or progress polling[0m.
[[0;32m  OK  [0m] Finished [0;1;39mLoad Kernel Modules[0m.
[[0;32m  OK  [0m] Finished [0;1;39mRemount Root and Kernel File Systems[0m.
[[0;32m  OK  [0m] Finished [0;1;39mUncomplicated firewall[0m.
         Activating swap [0;1;39m/swap.img[0m...
         Mounting [0;1;39mFUSE Control File System[0m...
         Mounting [0;1;39mKernel Configuration File System[0m...
         Starting [0;1;39mFlush Journal to Persistent Storage[0m...
         Starting [0;1;39mLoad/Save Random Seed[0m...
[   13.808722] systemd-journald[370]: Received client request to flush runtime journal.
         Starting [0;1;39mApply Kernel Variables[0m...
         Starting [0;1;39mCreate System Users[0m...
[[0;32m  OK  [0m] Finished [0;1;39mudev Coldplug all Devices[0m.
[[0;32m  OK  [0m] Mounted [0;1;39mFUSE Control File System[0m.
[[0;32m  OK  [0m] Mounted [0;1;39mKernel Configuration File System[0m.
         Starting [0;1;39mudev Wait for Complete Device Initialization[0m...
[[0;32m  OK  [0m] Finished [0;1;39mLoad/Save Random Seed[0m.
[[0;32m  OK  [0m] Finished [0;1;39mApply Kernel Variables[0m.
[[0;32m  OK  [0m] Finished [0;1;39mCreate System Users[0m.
         Starting [0;1;39mCreate Static Device Nodes in /dev[0m...
[[0;32m  OK  [0m] Activated swap [0;1;39m/swap.img[0m.
[[0;32m  OK  [0m] Reached target [0;1;39mSwap[0m.
[[0;32m  OK  [0m] Finished [0;1;39mCreate Static Device Nodes in /dev[0m.
         Starting [0;1;39mudev Kernel Device Manager[0m...
[[0;32m  OK  [0m] Finished [0;1;39mFlush Journal to Persistent Storage[0m.
[[0;32m  OK  [0m] Started [0;1;39mudev Kernel Device Manager[0m.
[[0;32m  OK  [0m] Started [0;1;39mDispatch Password …ts to Console Directory Watch[0m.
[[0;32m  OK  [0m] Reached target [0;1;39mLocal Encrypted Volumes[0m.
         Starting [0;1;39mNetwork Service[0m...
[[0;32m  OK  [0m] Started [0;1;39mNetwork Service[0m.
         Starting [0;1;39mWait for Network to be Configured[0m...
[[0;32m  OK  [0m] Finished [0;1;39mWait for Network to be Configured[0m.
[[0;32m  OK  [0m] Found device [0;1;39m/dev/ttyS0[0m.
[[0;32m  OK  [0m] Listening on [0;1;39mLoad/Save RF …itch Status /dev/rfkill Watch[0m.
[[0;32m  OK  [0m] Finished [0;1;39mudev Wait for Complete Device Initialization[0m.
         Starting [0;1;39mDevice-Mapper Multipath Device Controller[0m...
[[0;32m  OK  [0m] Started [0;1;39mDevice-Mapper Multipath Device Controller[0m.
[[0;32m  OK  [0m] Reached target [0;1;39mLocal File Systems (Pre)[0m.
         Mounting [0;1;39mMount unit for core18, revision 1880[0m...
         Mounting [0;1;39mMount unit for lxd, revision 16099[0m...
         Mounting [0;1;39mMount unit for snapd, revision 8542[0m...
[[0;32m  OK  [0m] Mounted [0;1;39mMount unit for core18, revision 1880[0m.
[[0;32m  OK  [0m] Mounted [0;1;39mMount unit for snapd, revision 8542[0m.
[[0;32m  OK  [0m] Mounted [0;1;39mMount unit for lxd, revision 16099[0m.
[[0;32m  OK  [0m] Reached target [0;1;39mLocal File Systems[0m.
         Starting [0;1;39mLoad AppArmor profiles[0m...
         Starting [0;1;39mSet console font and keymap[0m...
         Starting [0;1;39mCreate final runt…dir for shutdown pivot root[0m...
         Starting [0;1;39mTell Plymouth To Write Out Runtime Data[0m...
         Starting [0;1;39mCreate Volatile Files and Directories[0m...
[[0;32m  OK  [0m] Finished [0;1;39mSet console font and keymap[0m.
[[0;32m  OK  [0m] Finished [0;1;39mCreate final runt…e dir for shutdown pivot root[0m.
[[0;32m  OK  [0m] Finished [0;1;39mTell Plymouth To Write Out Runtime Data[0m.
[[0;32m  OK  [0m] Finished [0;1;39mCreate Volatile Files and Directories[0m.
         Starting [0;1;39mNetwork Name Resolution[0m...
         Starting [0;1;39mNetwork Time Synchronization[0m...
         Starting [0;1;39mUpdate UTMP about System Boot/Shutdown[0m...
[[0;32m  OK  [0m] Finished [0;1;39mUpdate UTMP about System Boot/Shutdown[0m.
[[0;32m  OK  [0m] Finished [0;1;39mLoad AppArmor profiles[0m.
         Starting [0;1;39mLoad AppArmor pro…managed internally by snapd[0m...
[[0;32m  OK  [0m] Started [0;1;39mNetwork Time Synchronization[0m.
[[0;32m  OK  [0m] Reached target [0;1;39mSystem Time Set[0m.
[[0;32m  OK  [0m] Reached target [0;1;39mSystem Time Synchronized[0m.
[[0;32m  OK  [0m] Finished [0;1;39mLoad AppArmor pro…s managed internally by snapd[0m.
[[0;32m  OK  [0m] Reached target [0;1;39mSystem Initialization[0m.
[[0;32m  OK  [0m] Started [0;1;39mDaily apt download activities[0m.
[[0;32m  OK  [0m] Started [0;1;39mDaily apt upgrade and clean activities[0m.
[[0;32m  OK  [0m] Started [0;1;39mPeriodic ext4 Onli…ata Check for All Filesystems[0m.
[[0;32m  OK  [0m] Started [0;1;39mDiscard unused blocks once a week[0m.
[[0;32m  OK  [0m] Started [0;1;39mRefresh fwupd metadata regularly[0m.
[[0;32m  OK  [0m] Started [0;1;39mDaily rotation of log files[0m.
[[0;32m  OK  [0m] Started [0;1;39mDaily man-db regeneration[0m.
[[0;32m  OK  [0m] Started [0;1;39mMessage of the Day[0m.
[[0;32m  OK  [0m] Started [0;1;39mDaily Cleanup of Temporary Directories[0m.
[[0;32m  OK  [0m] Reached target [0;1;39mPaths[0m.
[[0;32m  OK  [0m] Reached target [0;1;39mTimers[0m.
[[0;32m  OK  [0m] Listening on [0;1;39mD-Bus System Message Bus Socket[0m.
[[0;32m  OK  [0m] Listening on [0;1;39mOpen-iSCSI iscsid Socket[0m.
[[0;32m  OK  [0m] Listening on [0;1;39mSocket unix for snap application lxd.daemon[0m.
         Starting [0;1;39mSocket activation for snappy daemon[0m.
[[0;32m  OK  [0m] Listening on [0;1;39mUUID daemon activation socket[0m.
[[0;32m  OK  [0m] Started [0;1;39mNetwork Name Resolution[0m.
[[0;32m  OK  [0m] Listening on [0;1;39mSocket activation for snappy daemon[0m.
[[0;32m  OK  [0m] Reached target [0;1;39mNetwork[0m.
[[0;32m  OK  [0m] Reached target [0;1;39mNetwork is Online[0m.
[[0;32m  OK  [0m] Reached target [0;1;39mHost and Network Name Lookups[0m.
[[0;32m  OK  [0m] Reached target [0;1;39mSockets[0m.
[[0;32m  OK  [0m] Reached target [0;1;39mBasic System[0m.
         Starting [0;1;39mAccounts Service[0m...
[[0;32m  OK  [0m] Started [0;1;39mD-Bus System Message Bus[0m.
[[0;32m  OK  [0m] Started [0;1;39mSave initial kernel messages after boot[0m.
         Starting [0;1;39mRemove Stale Onli…t4 Metadata Check Snapshots[0m...
         Starting [0;1;39mLSB: Record successful boot for GRUB[0m...
         Starting [0;1;39mGRUB failed boot detection[0m...
[[0;32m  OK  [0m] Started [0;1;39mirqbalance daemon[0m.
         Starting [0;1;39mDispatcher daemon for systemd-networkd[0m...
[[0;32m  OK  [0m] Reached target [0;1;39mRemote File Systems (Pre)[0m.
[[0;32m  OK  [0m] Reached target [0;1;39mRemote File Systems[0m.
         Starting [0;1;39mLSB: automatic crash report generation[0m...
         Starting [0;1;39mDeferred execution scheduler[0m...
         Starting [0;1;39mAvailability of block devices[0m...
[[0;32m  OK  [0m] Started [0;1;39mRegular background program processing daemon[0m.
         Starting [0;1;39mSystem Logging Service[0m...
         Starting [0;1;39mService for snap application lxd.activate[0m...
         Starting [0;1;39mSnap Daemon[0m...
         Starting [0;1;39mOpenBSD Secure Shell server[0m...
         Starting [0;1;39mLogin Service[0m...
         Starting [0;1;39mPermit User Sessions[0m...
         Starting [0;1;39mThermal Daemon Service[0m...
[[0;32m  OK  [0m] Finished [0;1;39mRemove Stale Onli…ext4 Metadata Check Snapshots[0m.
[[0;32m  OK  [0m] Started [0;1;39mDeferred execution scheduler[0m.
[[0;32m  OK  [0m] Finished [0;1;39mAvailability of block devices[0m.
[[0;32m  OK  [0m] Finished [0;1;39mPermit User Sessions[0m.
[[0;32m  OK  [0m] Finished [0;1;39mGRUB failed boot detection[0m.
         Starting [0;1;39mHold until boot process finishes up[0m...
         Starting [0;1;39mTerminate Plymouth Boot Screen[0m...
[[0;32m  OK  [0m] Started [0;1;39mSystem Logging Service[0m.
[[0;32m  OK  [0m] Finished [0;1;39mHold until boot process finishes up[0m.
[[0;32m  OK  [0m] Finished [0;1;39mTerminate Plymouth Boot Screen[0m.
[[0;32m  OK  [0m] Started [0;1;39mOpenBSD Secure Shell server[0m.
[[0;32m  OK  [0m] Started [0;1;39mSerial Getty on ttyS0[0m.
         Starting [0;1;39mSet console scheme[0m...
[[0;32m  OK  [0m] Started [0;1;39mLSB: Record successful boot for GRUB[0m.
[[0;32m  OK  [0m] Finished [0;1;39mSet console scheme[0m.
[[0;32m  OK  [0m] Created slice [0;1;39msystem-getty.slice[0m.
[[0;32m  OK  [0m] Started [0;1;39mGetty on tty1[0m.
[[0;32m  OK  [0m] Reached target [0;1;39mLogin Prompts[0m.
[[0;32m  OK  [0m] Started [0;1;39mLSB: automatic crash report generation[0m.
[[0;32m  OK  [0m] Started [0;1;39mLogin Service[0m.
[[0;32m  OK  [0m] Started [0;1;39mThermal Daemon Service[0m.
[[0;32m  OK  [0m] Started [0;1;39mUnattended Upgrades Shutdown[0m.
         Starting [0;1;39mAuthorization Manager[0m...
[[0;32m  OK  [0m] Started [0;1;39mDispatcher daemon for systemd-networkd[0m.
[[0;32m  OK  [0m] Started [0;1;39mAuthorization Manager[0m.
[[0;32m  OK  [0m] Started [0;1;39mAccounts Service[0m.

Ubuntu 20.04.1 LTS fvm ttyS0

fvm login: [FEMU] FTL-Log: BBSSD-STATS version=V2.5 hot_rewrite_window=1024 hot_access_threshold=3 hot_confirmation_threshold=2 hot_decay_window=65536 hot_decay_enabled=on hot_idle_expiration_window=8192 host_page_writes=1572866 nand_page_writes=1572866 gc_page_writes=0 block_erases=0 waf=1.000000 gc_count=0 average_gc_copy=N/A host_hot_writes=0 host_cold_writes=1572866 hot_write_ratio=0.000000 gc_hot_writes=0 gc_cold_writes=0 stale_hot_gc_candidates_gt_t=0 stale_hot_gc_candidates_gt_2t=0 stale_hot_gc_candidates_gt_4t=0 stale_hot_gc_candidates_gt_8t=0 stale_hot_gc_demotions=0 cold_to_hot_count=0 hot_to_cold_count=0 hot_pool_empty_count=0 cold_pool_empty_count=33 borrow_count=33 emergency_gc_count=0 decay_application_count=1 counter_invariant=PASS
[FEMU] Log: vSSD0,Reset tt_late_ios/tt_ios,4586/6640
[FEMU] FTL-Log: BBSSD-STATS version=V2.5 hot_rewrite_window=1024 hot_access_threshold=3 hot_confirmation_threshold=2 hot_decay_window=65536 hot_decay_enabled=on hot_idle_expiration_window=8192 host_page_writes=10644328 nand_page_writes=79448740 gc_page_writes=68804412 block_erases=310080 waf=7.463951 gc_count=4845 average_gc_copy=14201.117028 host_hot_writes=754242 host_cold_writes=9890086 hot_write_ratio=0.070859 gc_hot_writes=8650 gc_cold_writes=68795762 stale_hot_gc_candidates_gt_t=9869 stale_hot_gc_candidates_gt_2t=8254 stale_hot_gc_candidates_gt_4t=5899 stale_hot_gc_candidates_gt_8t=3683 stale_hot_gc_demotions=3683 cold_to_hot_count=434490 hot_to_cold_count=433898 hot_pool_empty_count=0 cold_pool_empty_count=6 borrow_count=6 emergency_gc_count=0 decay_application_count=7259740 counter_invariant=PASS
[FEMU] Log: vSSD0,Reset tt_late_ios/tt_ios,513201/2661184
