[FEMU] FTL-Log: LPN metadata: entries=2097152 entry_size=24 total=48 MiB hot_window=4096
[FEMU] FTL-Log: Hot/Cold pools: configured_hot_percent=20 initial_hot_lines=25 initial_cold_lines=103 total_lines=128
[FEMU] FTL-Log: Write pointers: hot_line=103 cold_line=0 free=126 hot_free=24 cold_free=102
c[?7l[2J[0mSeaBIOS (version rel-1.17.0-0-gb52ca86e094d-prebuilt.qemu.org)


iPXE (http://ipxe.org) 00:03.0 CA00 PCI2.10 PnP PMM+BEFD1D20+BEF31D20 CA00
Press Ctrl-B to configure iPXE (PCI 00:03.0)...                                                                               


Booting from Hard Disk...
[H[J[1;1H[?25l[m[H[J[1;1H[2;30HGNU GRUB  version 2.04

[m[4;2H+----------------------------------------------------------------------------+[5;2H|[5;79H|[6;2H|[6;79H|[7;2H|[7;79H|[8;2H|[8;79H|[9;2H|[9;79H|[10;2H|[10;79H|[11;2H|[11;79H|[12;2H|[12;79H|[13;2H|[13;79H|[14;2H|[14;79H|[15;2H|[15;79H|[16;2H|[16;79H|[17;2H+----------------------------------------------------------------------------+[m[18;2H[19;2H[m     Use the ^ and v keys to select which entry is highlighted.          
      Press enter to boot the selected OS, `e' to edit the commands       
      before booting or `c' for a command-line.                           [5;80H [7m[5;3H*Ubuntu, with Linux 5.4.0-64-generic                                        [m[5;78H[m[m[6;3H                                                                            [m[6;78H[m[m[7;3H                                                                            [m[7;78H[m[m[8;3H                                                                            [m[8;78H[m[m[9;3H                                                                            [m[9;78H[m[m[10;3H                                                                            [m[10;78H[m[m[11;3H                                                                            [m[11;78H[m[m[12;3H                                                                            [m[12;78H[m[m[13;3H                                                                            [m[13;78H[m[m[14;3H                                                                            [m[14;78H[m[m[15;3H                                                                            [m[15;78H[m[m[16;3H                                                                            [m[16;78H[m[16;80H [5;78H[22;1H   The highlighted entry will be executed automatically in 3s.                 [5;78H[22;1H   The highlighted entry will be executed automatically in 2s.                 [5;78H[22;1H   The highlighted entry will be executed automatically in 1s.                 [5;78H[22;1H   The highlighted entry will be executed automatically in 0s.                 [5;78H[?25h[H[J[1;1H[H[J[1;1HLoading Linux 5.4.0-64-generic ...
Loading initial ramdisk ...
[    0.000000] Linux version 5.4.0-64-generic (buildd@lcy01-amd64-021) (gcc version 9.3.0 (Ubuntu 9.3.0-17ubuntu1~20.04)) #72-Ubuntu SMP Fri Jan 15 10:27:54 UTC 2021 (Ubuntu 5.4.0-64.72-generic 5.4.78)
[    0.000000] Command line: BOOT_IMAGE=/boot/vmlinuz-5.4.0-64-generic root=UUID=66add23f-3d34-46f1-a540-ebfdd268827e ro ip=dhcp console=ttyS0,115200 console=tty console=ttyS0 text
[    0.000000] KERNEL supported cpus:
[    0.000000]   Intel GenuineIntel
[    0.000000]   AMD AuthenticAMD
[    0.000000]   Hygon HygonGenuine
[    0.000000]   Centaur CentaurHauls
[    0.000000]   zhaoxin   Shanghai  
[    0.000000] x86/fpu: Supporting XSAVE feature 0x001: 'x87 floating point registers'
[    0.000000] x86/fpu: Supporting XSAVE feature 0x002: 'SSE registers'
[    0.000000] x86/fpu: Supporting XSAVE feature 0x004: 'AVX registers'
[    0.000000] x86/fpu: xstate_offset[2]:  576, xstate_sizes[2]:  256
[    0.000000] x86/fpu: Enabled xstate features 0x7, context size is 832 bytes, using 'compacted' format.
[    0.000000] BIOS-provided physical RAM map:
[    0.000000] BIOS-e820: [mem 0x0000000000000000-0x000000000009fbff] usable
[    0.000000] BIOS-e820: [mem 0x000000000009fc00-0x000000000009ffff] reserved
[    0.000000] BIOS-e820: [mem 0x00000000000f0000-0x00000000000fffff] reserved
[    0.000000] BIOS-e820: [mem 0x0000000000100000-0x00000000bffdcfff] usable
[    0.000000] BIOS-e820: [mem 0x00000000bffdd000-0x00000000bfffffff] reserved
[    0.000000] BIOS-e820: [mem 0x00000000feffc000-0x00000000feffffff] reserved
[    0.000000] BIOS-e820: [mem 0x00000000fffc0000-0x00000000ffffffff] reserved
[    0.000000] BIOS-e820: [mem 0x0000000100000000-0x000000013fffffff] usable
[    0.000000] NX (Execute Disable) protection: active
[    0.000000] SMBIOS 2.8 present.
[    0.000000] DMI: QEMU Standard PC (i440FX + PIIX, 1996), BIOS rel-1.17.0-0-gb52ca86e094d-prebuilt.qemu.org 04/01/2014
[    0.000000] Hypervisor detected: KVM
[    0.000000] kvm-clock: Using msrs 4b564d01 and 4b564d00
[    0.000000] kvm-clock: cpu 0, msr 6da01001, primary cpu clock
[    0.000000] kvm-clock: using sched offset of 16518421746 cycles
[    0.000004] clocksource: kvm-clock: mask: 0xffffffffffffffff max_cycles: 0x1cd42e4dffb, max_idle_ns: 881590591483 ns
[    0.000008] tsc: Detected 2995.202 MHz processor
[    0.003189] last_pfn = 0x140000 max_arch_pfn = 0x400000000
[    0.003698] x86/PAT: Configuration [0-7]: WB  WC  UC- UC  WB  WP  UC- WT  
[    0.003737] last_pfn = 0xbffdd max_arch_pfn = 0x400000000
[    0.012116] found SMP MP-table at [mem 0x000f54b0-0x000f54bf]
[    0.012397] check: Scanning 1 areas for low memory corruption
[    0.012619] Using GB pages for direct mapping
[    0.015982] RAMDISK: [mem 0x2d173000-0x328b0fff]
[    0.016162] ACPI: Early table checksum verification disabled
[    0.016237] ACPI: RSDP 0x00000000000F52B0 000014 (v00 BOCHS )
[    0.016260] ACPI: RSDT 0x00000000BFFE2458 000034 (v01 BOCHS  BXPC     00000001 BXPC 00000001)
[    0.016268] ACPI: FACP 0x00000000BFFE22F4 000074 (v01 BOCHS  BXPC     00000001 BXPC 00000001)
[    0.016275] ACPI: DSDT 0x00000000BFFE0040 0022B4 (v01 BOCHS  BXPC     00000001 BXPC 00000001)
[    0.016279] ACPI: FACS 0x00000000BFFE0000 000040
[    0.016283] ACPI: APIC 0x00000000BFFE2368 000090 (v03 BOCHS  BXPC     00000001 BXPC 00000001)
[    0.016287] ACPI: HPET 0x00000000BFFE23F8 000038 (v01 BOCHS  BXPC     00000001 BXPC 00000001)
[    0.016291] ACPI: WAET 0x00000000BFFE2430 000028 (v01 BOCHS  BXPC     00000001 BXPC 00000001)
[    0.018123] No NUMA configuration found
[    0.018127] Faking a node at [mem 0x0000000000000000-0x000000013fffffff]
[    0.018137] NODE_DATA(0) allocated [mem 0x13ffd3000-0x13fffdfff]
[    0.020844] Zone ranges:
[    0.020849]   DMA      [mem 0x0000000000001000-0x0000000000ffffff]
[    0.020851]   DMA32    [mem 0x0000000001000000-0x00000000ffffffff]
[    0.020852]   Normal   [mem 0x0000000100000000-0x000000013fffffff]
[    0.020853]   Device   empty
[    0.020855] Movable zone start for each node
[    0.020857] Early memory node ranges
[    0.020858]   node   0: [mem 0x0000000000001000-0x000000000009efff]
[    0.020860]   node   0: [mem 0x0000000000100000-0x00000000bffdcfff]
[    0.020861]   node   0: [mem 0x0000000100000000-0x000000013fffffff]
[    0.026924] Zeroed struct page in unavailable ranges: 133 pages
[    0.026929] Initmem setup node 0 [mem 0x0000000000001000-0x000000013fffffff]
[    0.178208] ACPI: PM-Timer IO Port: 0x608
[    0.178245] ACPI: LAPIC_NMI (acpi_id[0xff] dfl dfl lint[0x1])
[    0.178414] IOAPIC[0]: apic_id 0, version 17, address 0xfec00000, GSI 0-23
[    0.178418] ACPI: INT_SRC_OVR (bus 0 bus_irq 0 global_irq 2 dfl dfl)
[    0.178421] ACPI: INT_SRC_OVR (bus 0 bus_irq 5 global_irq 5 high level)
[    0.178422] ACPI: INT_SRC_OVR (bus 0 bus_irq 9 global_irq 9 high level)
[    0.178423] ACPI: INT_SRC_OVR (bus 0 bus_irq 10 global_irq 10 high level)
[    0.178424] ACPI: INT_SRC_OVR (bus 0 bus_irq 11 global_irq 11 high level)
[    0.178431] Using ACPI (MADT) for SMP configuration information
[    0.178433] ACPI: HPET id: 0x8086a201 base: 0xfed00000
[    0.178439] TSC deadline timer available
[    0.178452] smpboot: Allowing 4 CPUs, 0 hotplug CPUs
[    0.178521] KVM setup pv sched yield
[    0.178532] PM: Registered nosave memory: [mem 0x00000000-0x00000fff]
[    0.178533] PM: Registered nosave memory: [mem 0x0009f000-0x0009ffff]
[    0.178534] PM: Registered nosave memory: [mem 0x000a0000-0x000effff]
[    0.178535] PM: Registered nosave memory: [mem 0x000f0000-0x000fffff]
[    0.178536] PM: Registered nosave memory: [mem 0xbffdd000-0xbfffffff]
[    0.178536] PM: Registered nosave memory: [mem 0xc0000000-0xfeffbfff]
[    0.178537] PM: Registered nosave memory: [mem 0xfeffc000-0xfeffffff]
[    0.178538] PM: Registered nosave memory: [mem 0xff000000-0xfffbffff]
[    0.178538] PM: Registered nosave memory: [mem 0xfffc0000-0xffffffff]
[    0.178541] [mem 0xc0000000-0xfeffbfff] available for PCI devices
[    0.178542] Booting paravirtualized kernel on KVM
[    0.178545] clocksource: refined-jiffies: mask: 0xffffffff max_cycles: 0xffffffff, max_idle_ns: 7645519600211568 ns
[    0.178550] setup_percpu: NR_CPUS:8192 nr_cpumask_bits:4 nr_cpu_ids:4 nr_node_ids:1
[    0.182427] percpu: Embedded 55 pages/cpu s188416 r8192 d28672 u524288
[    0.182481] KVM setup async PF for cpu 0
[    0.182504] kvm-stealtime: cpu 0, msr 13ba2d040
[    0.182522] PV qspinlock hash table entries: 256 (order: 0, 4096 bytes, linear)
[    0.182534] Built 1 zonelists, mobility grouping on.  Total pages: 1032038
[    0.182536] Policy zone: Normal
[    0.182538] Kernel command line: BOOT_IMAGE=/boot/vmlinuz-5.4.0-64-generic root=UUID=66add23f-3d34-46f1-a540-ebfdd268827e ro ip=dhcp console=ttyS0,115200 console=tty console=ttyS0 text
[    0.191802] Dentry cache hash table entries: 524288 (order: 10, 4194304 bytes, linear)
[    0.196349] Inode-cache hash table entries: 262144 (order: 9, 2097152 bytes, linear)
[    0.196515] mem auto-init: stack:off, heap alloc:on, heap free:off
[    0.291668] Memory: 3932816K/4193772K available (14339K kernel code, 2399K rwdata, 4960K rodata, 2724K init, 4980K bss, 260956K reserved, 0K cma-reserved)
[    0.291681] random: get_random_u64 called from kmem_cache_open+0x2d/0x410 with crng_init=0
[    0.296454] SLUB: HWalign=64, Order=0-3, MinObjects=0, CPUs=4, Nodes=1
[    0.296470] ftrace: allocating 44555 entries in 175 pages
[    0.321053] rcu: Hierarchical RCU implementation.
[    0.321057] rcu: 	RCU restricting CPUs from NR_CPUS=8192 to nr_cpu_ids=4.
[    0.321059] 	Tasks RCU enabled.
[    0.321060] rcu: RCU calculated value of scheduler-enlistment delay is 25 jiffies.
[    0.321061] rcu: Adjusting geometry for rcu_fanout_leaf=16, nr_cpu_ids=4
[    0.323763] NR_IRQS: 524544, nr_irqs: 456, preallocated irqs: 16
[    0.324196] random: crng done (trusting CPU's manufacturer)
[    0.374931] Console: colour VGA+ 80x25
[    0.482802] printk: console [tty0] enabled
[    1.033349] printk: console [ttyS0] enabled
[    1.040295] ACPI: Core revision 20190816
[    1.050145] clocksource: hpet: mask: 0xffffffff max_cycles: 0xffffffff, max_idle_ns: 19112604467 ns
[    1.060668] APIC: Switch to symmetric I/O mode setup
[    1.087148] x2apic enabled
[    1.090892] Switched APIC routing to physical x2apic.
[    1.097786] KVM setup pv IPIs
[    1.115243] ..TIMER: vector=0x30 apic1=0 pin1=2 apic2=-1 pin2=-1
[    1.131648] clocksource: tsc-early: mask: 0xffffffffffffffff max_cycles: 0x2b2c909a7c7, max_idle_ns: 440795208498 ns
[    1.169102] Calibrating delay loop (skipped) preset value.. 5990.40 BogoMIPS (lpj=11980808)
[    1.177010] pid_max: default: 32768 minimum: 301
[    1.185343] LSM: Security Framework initializing
[    1.189638] Yama: becoming mindful.
[    1.198501] AppArmor: AppArmor initialized
[    1.207019] Mount-cache hash table entries: 8192 (order: 4, 65536 bytes, linear)
[    1.209621] Mountpoint-cache hash table entries: 8192 (order: 4, 65536 bytes, linear)
[    1.217893] *** VALIDATE tmpfs ***
[    1.222130] *** VALIDATE proc ***
[    1.227475] *** VALIDATE cgroup1 ***
[    1.229021] *** VALIDATE cgroup2 ***
[    1.238068] x86/cpu: User Mode Instruction Prevention (UMIP) activated
[    1.242222] Last level iTLB entries: 4KB 0, 2MB 0, 4MB 0
[    1.245181] Last level dTLB entries: 4KB 0, 2MB 0, 4MB 0, 1GB 0
[    1.249294] Spectre V1 : Mitigation: usercopy/swapgs barriers and __user pointer sanitization
[    1.253037] Spectre V2 : Mitigation: Enhanced IBRS
[    1.257012] Spectre V2 : Spectre v2 / SpectreRSB mitigation: Filling RSB on context switch
[    1.261127] Spectre V2 : mitigation: Enabling conditional Indirect Branch Prediction Barrier
[    1.265306] Speculative Store Bypass: Mitigation: Speculative Store Bypass disabled via prctl and seccomp
[    1.278072] Freeing SMP alternatives memory: 40K
[    1.290109] smpboot: CPU0: Intel(R) Core(TM) Ultra 5 125H (family: 0x6, model: 0xaa, stepping: 0x4)
[    1.293435] Performance Events: unsupported p6 CPU model 170 no PMU driver, software events only.
[    1.297151] rcu: Hierarchical SRCU implementation.
[    1.301415] NMI watchdog: Perf NMI watchdog permanently disabled
[    1.305244] smp: Bringing up secondary CPUs ...
[    1.310338] x86: Booting SMP configuration:
[    1.313028] .... node  #0, CPUs:      #1
[    0.820832] kvm-clock: cpu 1, msr 6da01041, secondary cpu clock
[    1.350831] KVM setup async PF for cpu 1
[    1.352938] kvm-stealtime: cpu 1, msr 13baad040
[    1.385522]  #2
[    0.820832] kvm-clock: cpu 2, msr 6da01081, secondary cpu clock
[    1.394577] KVM setup async PF for cpu 2
[    1.396938] kvm-stealtime: cpu 2, msr 13bb2d040
[    1.409860]  #3
[    0.820832] kvm-clock: cpu 3, msr 6da010c1, secondary cpu clock
[    1.425153] KVM setup async PF for cpu 3
[    1.428938] kvm-stealtime: cpu 3, msr 13bbad040
[    1.450233] smp: Brought up 1 node, 4 CPUs
[    1.453027] smpboot: Max logical packages: 1
[    1.457086] smpboot: Total of 4 processors activated (23961.61 BogoMIPS)
[    1.470382] devtmpfs: initialized
[    1.473854] x86/mm: Memory block size: 128MB
[    1.478436] clocksource: jiffies: mask: 0xffffffff max_cycles: 0xffffffff, max_idle_ns: 7645041785100000 ns
[    1.489229] futex hash table entries: 1024 (order: 4, 65536 bytes, linear)
[    1.497924] pinctrl core: initialized pinctrl subsystem
[    1.505915] PM: RTC time: 17:06:05, date: 2026-08-31
[    1.521002] NET: Registered protocol family 16
[    1.529773] audit: initializing netlink subsys (disabled)
[    1.541271] audit: type=2000 audit(1788195964.709:1): state=initialized audit_enabled=0 res=1
[    1.544771] EISA bus registered
[    1.549291] cpuidle: using governor ladder
[    1.557585] cpuidle: using governor menu
[    1.570639] KVM setup pv remote TLB flush
[    1.581279] ACPI: bus type PCI registered
[    1.593043] acpiphp: ACPI Hot Plug PCI Controller Driver version: 0.5
[    1.607021] PCI: Using configuration type 1 for base access
[    1.629049] HugeTLB registered 1.00 GiB page size, pre-allocated 0 pages
[    1.641411] HugeTLB registered 2.00 MiB page size, pre-allocated 0 pages
[    1.713905] ACPI: Added _OSI(Module Device)
[    1.721123] ACPI: Added _OSI(Processor Device)
[    1.732976] ACPI: Added _OSI(3.0 _SCP Extensions)
[    1.749578] ACPI: Added _OSI(Processor Aggregator Device)
[    1.765104] ACPI: Added _OSI(Linux-Dell-Video)
[    1.777004] ACPI: Added _OSI(Linux-Lenovo-NV-HDMI-Audio)
[    1.797062] ACPI: Added _OSI(Linux-HPI-Hybrid-Graphics)
[    1.812476] ACPI: 1 ACPI AML tables successfully acquired and loaded
[    1.830318] ACPI: Interpreter enabled
[    1.845446] ACPI: (supports S0 S3 S4 S5)
[    1.849000] ACPI: Using IOAPIC for interrupt routing
[    1.861516] PCI: Using host bridge windows from ACPI; if necessary, use "pci=nocrs" and report a bug
[    1.881954] ACPI: Enabled 2 GPEs in block 00 to 0F
[    1.906048] ACPI: PCI Root Bridge [PCI0] (domain 0000 [bus 00-ff])
[    1.921317] acpi PNP0A03:00: _OSC: OS supports [ASPM ClockPM Segments MSI HPX-Type3]
[    1.941478] acpi PNP0A03:00: fail to add MMCONFIG information, can't access extended PCI configuration space under this bridge.
[    1.963373] acpiphp: Slot [3] registered
[    1.974033] acpiphp: Slot [4] registered
[    1.977672] acpiphp: Slot [5] registered
[    1.986358] acpiphp: Slot [6] registered
[    1.997693] acpiphp: Slot [7] registered
[    2.005899] acpiphp: Slot [8] registered
[    2.014161] acpiphp: Slot [9] registered
[    2.021625] acpiphp: Slot [10] registered
[    2.030172] acpiphp: Slot [11] registered
[    2.037476] acpiphp: Slot [12] registered
[    2.045608] acpiphp: Slot [13] registered
[    2.058048] acpiphp: Slot [14] registered
[    2.073812] acpiphp: Slot [15] registered
[    2.077627] acpiphp: Slot [16] registered
[    2.082449] acpiphp: Slot [17] registered
[    2.092128] acpiphp: Slot [18] registered
[    2.101592] acpiphp: Slot [19] registered
[    2.105781] acpiphp: Slot [20] registered
[    2.116355] acpiphp: Slot [21] registered
[    2.121954] acpiphp: Slot [22] registered
[    2.130287] acpiphp: Slot [23] registered
[    2.142612] acpiphp: Slot [24] registered
[    2.149141] acpiphp: Slot [25] registered
[    2.154057] acpiphp: Slot [26] registered
[    2.161095] acpiphp: Slot [27] registered
[    2.165562] acpiphp: Slot [28] registered
[    2.174735] acpiphp: Slot [29] registered
[    2.186116] acpiphp: Slot [30] registered
[    2.197844] acpiphp: Slot [31] registered
[    2.206328] PCI host bridge to bus 0000:00
[    2.209131] pci_bus 0000:00: root bus resource [io  0x0000-0x0cf7 window]
[    2.225343] pci_bus 0000:00: root bus resource [io  0x0d00-0xffff window]
[    2.241112] pci_bus 0000:00: root bus resource [mem 0x000a0000-0x000bffff window]
[    2.245025] pci_bus 0000:00: root bus resource [mem 0xc0000000-0xfebfffff window]
[    2.253078] pci_bus 0000:00: root bus resource [mem 0xe0000000000-0xe007fffffff window]
[    2.265081] pci_bus 0000:00: root bus resource [bus 00-ff]
[    2.273822] pci 0000:00:00.0: [8086:1237] type 00 class 0x060000
[    2.291526] pci 0000:00:01.0: [8086:7000] type 00 class 0x060100
[    2.313369] pci 0000:00:01.1: [8086:7010] type 00 class 0x010180
[    2.336938] pci 0000:00:01.1: reg 0x20: [io  0xc060-0xc06f]
[    2.353186] pci 0000:00:01.1: legacy IDE quirk: reg 0x10: [io  0x01f0-0x01f7]
[    2.369929] pci 0000:00:01.1: legacy IDE quirk: reg 0x14: [io  0x03f6]
[    2.385075] pci 0000:00:01.1: legacy IDE quirk: reg 0x18: [io  0x0170-0x0177]
[    2.393628] pci 0000:00:01.1: legacy IDE quirk: reg 0x1c: [io  0x0376]
[    2.398606] pci 0000:00:01.3: [8086:7113] type 00 class 0x068000
[    2.410508] pci 0000:00:01.3: quirk: [io  0x0600-0x063f] claimed by PIIX4 ACPI
[    2.421041] pci 0000:00:01.3: quirk: [io  0x0700-0x070f] claimed by PIIX4 SMB
[    2.429375] pci 0000:00:01.3: quirk_piix4_acpi+0x0/0x170 took 15625 usecs
[    2.446763] pci 0000:00:02.0: [1234:1111] type 00 class 0x030000
[    2.469145] pci 0000:00:02.0: reg 0x10: [mem 0xfd000000-0xfdffffff pref]
[    2.492189] pci 0000:00:02.0: reg 0x18: [mem 0xfebd0000-0xfebd0fff]
[    2.549155] pci 0000:00:02.0: reg 0x30: [mem 0xfebc0000-0xfebcffff pref]
[    2.594412] pci 0000:00:03.0: [1af4:1000] type 00 class 0x020000
[    2.627999] pci 0000:00:03.0: reg 0x10: [io  0xc040-0xc05f]
[    2.645133] pci 0000:00:03.0: reg 0x14: [mem 0xfebd1000-0xfebd1fff]
[    2.682476] pci 0000:00:03.0: reg 0x20: [mem 0xe0040000000-0xe0040003fff 64bit pref]
[    2.717749] pci 0000:00:03.0: reg 0x30: [mem 0xfeb80000-0xfebbffff pref]
[    2.738075] pci 0000:00:04.0: [1af4:1004] type 00 class 0x010000
[    2.767801] pci 0000:00:04.0: reg 0x10: [io  0xc000-0xc03f]
[    2.783803] pci 0000:00:04.0: reg 0x14: [mem 0xfebd2000-0xfebd2fff]
[    2.831256] pci 0000:00:04.0: reg 0x20: [mem 0xe0040004000-0xe0040007fff 64bit pref]
[    2.868938] pci 0000:00:05.0: [1d1d:1f1f] type 00 class 0x010802
[    2.880187] pci 0000:00:05.0: reg 0x10: [mem 0xe0000000000-0xe0000001fff 64bit]
[    2.903505] pci 0000:00:05.0: reg 0x20: [mem 0xfebd3000-0xfebd3fff]
[    2.920137] pci 0000:00:05.0: enabling Extended Tags
[    3.050172] ACPI: PCI Interrupt Link [LNKA] (IRQs 5 *10 11)
[    3.067295] ACPI: PCI Interrupt Link [LNKB] (IRQs 5 *10 11)
[    3.079304] ACPI: PCI Interrupt Link [LNKC] (IRQs 5 10 *11)
[    3.089886] ACPI: PCI Interrupt Link [LNKD] (IRQs 5 10 *11)
[    3.101697] ACPI: PCI Interrupt Link [LNKS] (IRQs *9)
[    3.114804] iommu: Default domain type: Translated 
[    3.123540] SCSI subsystem initialized
[    3.134670] pci 0000:00:02.0: vgaarb: setting as boot VGA device
[    3.136938] pci 0000:00:02.0: vgaarb: VGA device added: decodes=io+mem,owns=io+mem,locks=none
[    3.165048] pci 0000:00:02.0: vgaarb: bridge control possible
[    3.172993] vgaarb: loaded
[    3.177329] ACPI: bus type USB registered
[    3.186588] usbcore: registered new interface driver usbfs
[    3.193796] usbcore: registered new interface driver hub
[    3.201460] usbcore: registered new device driver usb
[    3.205963] pps_core: LinuxPPS API ver. 1 registered
[    3.216992] pps_core: Software ver. 5.3.6 - Copyright 2005-2007 Rodolfo Giometti <giometti@linux.it>
[    3.229294] PTP clock support registered
[    3.241333] EDAC MC: Ver: 3.0.0
[    3.253581] PCI: Using ACPI for IRQ routing
[    3.268744] NetLabel: Initializing
[    3.276986] NetLabel:  domain hash size = 128
[    3.284998] NetLabel:  protocols = UNLABELED CIPSOv4 CALIPSO
[    3.297937] NetLabel:  unlabeled traffic allowed by default
[    3.344487] hpet0: at MMIO 0xfed00000, IRQs 2, 8, 0
[    3.357028] hpet0: 3 comparators, 64-bit 100.000000 MHz counter
[    3.382026] clocksource: Switched to clocksource kvm-clock
[    3.526300] *** VALIDATE bpf ***
[    3.542352] VFS: Disk quotas dquot_6.6.0
[    3.549868] VFS: Dquot-cache hash table entries: 512 (order 0, 4096 bytes)
[    3.567587] *** VALIDATE ramfs ***
[    3.579852] *** VALIDATE hugetlbfs ***
[    3.585952] AppArmor: AppArmor Filesystem Enabled
[    3.599877] pnp: PnP ACPI init
[    3.608245] pnp: PnP ACPI: found 6 devices
[    3.699658] thermal_sys: Registered thermal governor 'fair_share'
[    3.699660] thermal_sys: Registered thermal governor 'bang_bang'
[    3.712000] thermal_sys: Registered thermal governor 'step_wise'
[    3.726288] thermal_sys: Registered thermal governor 'user_space'
[    3.742571] thermal_sys: Registered thermal governor 'power_allocator'
[    3.760285] clocksource: acpi_pm: mask: 0xffffff max_cycles: 0xffffff, max_idle_ns: 2085701024 ns
[    3.783509] pci_bus 0000:00: resource 4 [io  0x0000-0x0cf7 window]
[    3.793291] pci_bus 0000:00: resource 5 [io  0x0d00-0xffff window]
[    3.804292] pci_bus 0000:00: resource 6 [mem 0x000a0000-0x000bffff window]
[    3.812750] pci_bus 0000:00: resource 7 [mem 0xc0000000-0xfebfffff window]
[    3.827339] pci_bus 0000:00: resource 8 [mem 0xe0000000000-0xe007fffffff window]
[    3.842139] NET: Registered protocol family 2
[    3.850479] tcp_listen_portaddr_hash hash table entries: 2048 (order: 3, 32768 bytes, linear)
[    3.865366] TCP established hash table entries: 32768 (order: 6, 262144 bytes, linear)
[    3.887126] TCP bind hash table entries: 32768 (order: 7, 524288 bytes, linear)
[    3.900423] TCP: Hash tables configured (established 32768 bind 32768)
[    3.908624] UDP hash table entries: 2048 (order: 4, 65536 bytes, linear)
[    3.920220] UDP-Lite hash table entries: 2048 (order: 4, 65536 bytes, linear)
[    3.939778] NET: Registered protocol family 1
[    3.945151] NET: Registered protocol family 44
[    3.956558] pci 0000:00:01.0: PIIX3: Enabling Passive Release
[    3.962948] pci 0000:00:00.0: Limiting direct PCI/PCI transfers
[    3.972866] pci 0000:00:01.0: Activating ISA DMA hang workarounds
[    3.983503] pci 0000:00:02.0: Video device with shadowed ROM at [mem 0x000c0000-0x000dffff]
[    3.997426] pci 0000:00:02.0: pci_fixup_video+0x0/0xe0 took 13258 usecs
[    4.005745] PCI: CLS 0 bytes, default 64
[    4.018037] Trying to unpack rootfs image as initramfs...
[    4.859115] Freeing initrd memory: 89336K
[    4.862754] PCI-DMA: Using software bounce buffering for IO (SWIOTLB)
[    4.880315] software IO TLB: mapped [mem 0xbbfdd000-0xbffdd000] (64MB)
[    4.891456] clocksource: tsc: mask: 0xffffffffffffffff max_cycles: 0x2b2c909a7c7, max_idle_ns: 440795208498 ns
[    4.911420] check: Scanning for low memory corruption every 60 seconds
[    4.928903] Initialise system trusted keyrings
[    4.941899] Key type blacklist registered
[    4.956057] workingset: timestamp_bits=36 max_order=20 bucket_order=0
[    4.971793] zbud: loaded
[    4.999517] squashfs: version 4.0 (2009/01/31) Phillip Lougher
[    5.015862] fuse: init (API version 7.31)
[    5.029703] *** VALIDATE fuse ***
[    5.037434] *** VALIDATE fuse ***
[    5.051416] Platform Keyring initialized
[    5.065488] Key type asymmetric registered
[    5.069870] Asymmetric key parser 'x509' registered
[    5.081361] Block layer SCSI generic (bsg) driver version 0.4 loaded (major 244)
[    5.089112] io scheduler mq-deadline registered
[    5.105833] shpchp: Standard Hot Plug PCI Controller Driver version: 0.4
[    5.120325] input: Power Button as /devices/LNXSYSTM:00/LNXPWRBN:00/input/input0
[    5.137803] ACPI: Power Button [PWRF]
[    5.150165] PCI Interrupt Link [LNKC] enabled at IRQ 11
[    5.179853] PCI Interrupt Link [LNKD] enabled at IRQ 10
[    5.214652] Serial: 8250/16550 driver, 32 ports, IRQ sharing enabled
[    5.276283] 00:04: ttyS0 at I/O 0x3f8 (irq = 4, base_baud = 115200) is a 16550A
[    5.309266] Linux agpgart interface v0.103
[    5.332409] loop: module loaded
[    5.364495] scsi host0: ata_piix
[    5.386113] scsi host1: ata_piix
[    5.400105] ata1: PATA max MWDMA2 cmd 0x1f0 ctl 0x3f6 bmdma 0xc060 irq 14
[    5.427824] ata2: PATA max MWDMA2 cmd 0x170 ctl 0x376 bmdma 0xc068 irq 15
[    5.442242] libphy: Fixed MDIO Bus: probed
[    5.457882] tun: Universal TUN/TAP device driver, 1.6
[    5.480337] PPP generic driver version 2.4.2
[    5.504561] VFIO - User Level meta-driver version: 0.3
[    5.543189] ehci_hcd: USB 2.0 'Enhanced' Host Controller (EHCI) Driver
[    5.570826] ehci-pci: EHCI PCI platform driver
[    5.581698] ehci-platform: EHCI generic platform driver
[    5.595532] ohci_hcd: USB 1.1 'Open' Host Controller (OHCI) Driver
[    5.620316] ohci-pci: OHCI PCI platform driver
[    5.646647] ohci-platform: OHCI generic platform driver
[    5.678534] uhci_hcd: USB Universal Host Controller Interface driver
[    5.708671] i8042: PNP: PS/2 Controller [PNP0303:KBD,PNP0f13:MOU] at 0x60,0x64 irq 1,12
[    5.746134] serio: i8042 KBD port at 0x60,0x64 irq 1
[    5.769432] serio: i8042 AUX port at 0x60,0x64 irq 12
[    5.802208] mousedev: PS/2 mouse device common for all mice
[    5.850949] input: AT Translated Set 2 keyboard as /devices/platform/i8042/serio0/input/input1
[    5.853544] rtc_cmos 00:05: RTC can wake from S4
[    5.902461] rtc_cmos 00:05: registered as rtc0
[    5.917752] rtc_cmos 00:05: alarms up to one day, y3k, 242 bytes nvram, hpet irqs
[    5.935881] i2c /dev entries driver
[    5.940764] device-mapper: uevent: version 1.0.3
[    5.953141] device-mapper: ioctl: 4.41.0-ioctl (2019-09-16) initialised: dm-devel@redhat.com
[    5.974735] platform eisa.0: Probing EISA bus 0
[    5.986394] platform eisa.0: EISA: Cannot allocate resource for mainboard
[    5.994405] platform eisa.0: Cannot allocate resource for EISA slot 1
[    6.004221] platform eisa.0: Cannot allocate resource for EISA slot 2
[    6.015836] platform eisa.0: Cannot allocate resource for EISA slot 3
[    6.026080] platform eisa.0: Cannot allocate resource for EISA slot 4
[    6.033305] platform eisa.0: Cannot allocate resource for EISA slot 5
[    6.043770] platform eisa.0: Cannot allocate resource for EISA slot 6
[    6.054760] platform eisa.0: Cannot allocate resource for EISA slot 7
[    6.063846] platform eisa.0: Cannot allocate resource for EISA slot 8
[    6.077205] platform eisa.0: EISA: Detected 0 cards
[    6.083083] intel_pstate: CPU model not supported
[    6.092493] ledtrig-cpu: registered to indicate activity on CPUs
[    6.105815] drop_monitor: Initializing network drop monitor service
[    6.117628] NET: Registered protocol family 10
[    6.153589] Segment Routing with IPv6
[    6.159205] NET: Registered protocol family 17
[    6.166455] Key type dns_resolver registered
[    6.178418] RAS: Correctable Errors collector initialized.
[    6.186548] IPI shorthand broadcast: enabled
[    6.195705] sched_clock: Marking stable (5378529465, 816832064)->(6946844110, -751482581)
[    6.215947] registered taskstats version 1
[    6.225794] Loading compiled-in X.509 certificates
[    6.238155] Loaded X.509 cert 'Build time autogenerated kernel key: 7f1af841edfbf04e4b72462ffb6202c30b2da0bb'
[    6.258558] zswap: loaded using pool lzo/zbud
[    6.268355] Key type ._fscrypt registered
[    6.279627] Key type .fscrypt registered
[    6.309045] Key type big_key registered
[    6.326032] Key type encrypted registered
[    6.332218] AppArmor: AppArmor sha1 policy hashing enabled
[    6.340008] ima: No TPM chip found, activating TPM-bypass!
[    6.349418] ima: Allocated hash algorithm: sha1
[    6.355701] ima: No architecture policies found
[    6.364062] evm: Initialising EVM extended attributes:
[    6.370792] evm: security.selinux
[    6.377057] evm: security.SMACK64
[    6.383651] evm: security.SMACK64EXEC
[    6.388327] evm: security.SMACK64TRANSMUTE
[    6.392987] evm: security.SMACK64MMAP
[    6.399336] evm: security.apparmor
[    6.405781] evm: security.ima
[    6.410771] evm: security.capability
[    6.421622] evm: HMAC attrs: 0x1
[    6.429683] PM:   Magic number: 6:212:139
[    6.441835] acpi device:10: hash matches
[    6.449670] rtc_cmos 00:05: setting system clock to 2026-08-31T17:06:10 UTC (1788195970)
[    6.483753] Freeing unused decrypted memory: 2040K
[    6.497340] Freeing unused kernel image memory: 2724K
[    6.529768] Write protecting the kernel read-only data: 22528k
[    6.546182] Freeing unused kernel image memory: 2008K
[    6.558393] Freeing unused kernel image memory: 1184K
[    6.591266] x86/mm: Checked W+X mappings: passed, no W+X pages found.
[    6.595696] Run /init as init process
Loading, please wait...
Starting version 245.4-4ubuntu3.2
[    6.784828] piix4_smbus 0000:00:01.3: SMBus Host Controller at 0x700, revision 0
[    6.802471] Floppy drive(s): fd0 is 2.88M AMI BIOS
[    6.837636] input: VirtualPS/2 VMware VMMouse as /devices/platform/i8042/serio1/input/input4
[    6.860932] FDC 0 is a S82078B
[    6.873897] input: VirtualPS/2 VMware VMMouse as /devices/platform/i8042/serio1/input/input3
[    6.874286] cryptd: max_cpu_qlen set to 1000
[    6.882382] scsi host2: Virtio SCSI HBA
[    6.898493] scsi 2:0:0:0: Direct-Access     QEMU     QEMU HARDDISK    2.5+ PQ: 0 ANSI: 5
[    6.955483] AVX2 version of gcm_enc/dec engaged.
[    6.968328] AES CTR mode by8 optimization enabled
[    6.994837] nvme nvme0: pci function 0000:00:05.0
[    7.006703] PCI Interrupt Link [LNKA] enabled at IRQ 10
[    7.048817] bochs-drm 0000:00:02.0: remove_conflicting_pci_framebuffers: bar 0: 0xfd000000 -> 0xfdffffff
[    7.055272] virtio_net virtio0 ens3: renamed from eth0
[    7.083281] bochs-drm 0000:00:02.0: remove_conflicting_pci_framebuffers: bar 2: 0xfebd0000 -> 0xfebd0fff
[    7.102631] sd 2:0:0:0: Attached scsi generic sg0 type 0
[    7.102835] sd 2:0:0:0: Power-on or device reset occurred
[    7.114742] sd 2:0:0:0: [sda] 167772160 512-byte logical blocks: (85.9 GB/80.0 GiB)
[    7.115194] sd 2:0:0:0: [sda] Write Protect is off
[    7.117243] sd 2:0:0:0: [sda] Write cache: enabled, read cache: enabled, supports DPO and FUA
[    7.145467] bochs-drm 0000:00:02.0: vgaarb: deactivate vga console
[    7.152156] nvme nvme0: 4/0/0 default/read/poll queues
[    7.198897]  sda: sda1 sda2
[    7.285408] sd 2:0:0:0: [sda] Attached SCSI disk
[    7.309918] Console: switching to colour dummy device 80x25
[    7.320892] [drm] Found bochs VGA, ID 0xb0c5.
[    7.326038] [drm] Framebuffer size 16384 kB @ 0xfd000000, mmio @ 0xfebd0000.
[    7.332761] [TTM] Zone  kernel: Available graphics memory: 2015074 KiB
[    7.339964] [TTM] Initializing pool allocator
[    7.348443] [TTM] Initializing DMA pool allocator
[    7.369260] [drm] Found EDID data blob.
[    7.376068] [drm] Initialized bochs-drm 1.0.0 20130925 for 0000:00:02.0 on minor 0
[    7.397220] fbcon: bochs-drmdrmfb (fb0) is primary device
[    7.448729] Console: switching to colour frame buffer device 160x50
[    7.467542] bochs-drm 0000:00:02.0: fb0: bochs-drmdrmfb frame buffer device
Begin: Loading essential drivers ... [    7.837249] raid6: avx2x4   gen()  6240 MB/s
[    7.893077] raid6: avx2x4   xor()  5909 MB/s
[    7.954457] raid6: avx2x2   gen()  7497 MB/s
[    8.009302] raid6: avx2x2   xor()  6460 MB/s
[    8.065357] raid6: avx2x1   gen() 11360 MB/s
[    8.117283] raid6: avx2x1   xor()  4584 MB/s
[    8.173064] raid6: sse2x4   gen()  5465 MB/s
[    8.233167] raid6: sse2x4   xor()  3282 MB/s
[    8.297430] raid6: sse2x2   gen()  4515 MB/s
[    8.349415] raid6: sse2x2   xor()  3033 MB/s
[    8.405499] raid6: sse2x1   gen()  4168 MB/s
[    8.457159] raid6: sse2x1   xor()  3970 MB/s
[    8.467863] raid6: using algorithm avx2x1 gen() 11360 MB/s
[    8.481954] raid6: .... xor() 4584 MB/s, rmw enabled
[    8.486644] raid6: using avx2x2 recovery algorithm
[    8.504272] xor: automatically using best checksumming function   avx       
[    8.520336] async_tx: api initialized (async)
done.
Begin: Running /scripts/init-premount ... done.
Begin: Mounting root file system ... Begin: Running /scripts/local-top ... done.
Begin: Running /scripts/local-premount ... [    8.716247] Btrfs loaded, crc32c=crc32c-intel
Scanning for Btrfs filesystems
[    8.825379] blk_update_request: I/O error, dev fd0, sector 0 op 0x0:(READ) flags 0x0 phys_seg 1 prio class 0
[    8.846690] floppy: error 10 while reading block 0
done.
Warning: fsck not present, so skipping root file system
[    8.990981] EXT4-fs (sda2): mounted filesystem with ordered data mode. Opts: (null)
done.
Begin: Running /scripts/local-bottom ... done.
Begin: Running /scripts/init-bottom ... Internet Systems Consortium DHCP Client 4.4.1
Copyright 2004-2018 Internet Systems Consortium.
All rights reserved.
For info, please visit https://www.isc.org/software/dhcp/

Listening on LPF/ens3/52:54:00:12:34:56
Sending on   LPF/ens3/52:54:00:12:34:56
Sending on   Socket/fallback
DHCPDISCOVER on ens3 to 255.255.255.255 port 67 interval 3 (xid=0x6df26c77)
DHCPOFFER of 10.0.2.15 from 10.0.2.2
DHCPREQUEST for 10.0.2.15 on ens3 to 255.255.255.255 port 67 (xid=0x776cf26d)
DHCPACK of 10.0.2.15 from 10.0.2.2 (xid=0x6df26c77)
bound to 10.0.2.15 -- renewal in 34711 seconds.
done.
[    9.892095] systemd[1]: Inserted module 'autofs4'
[    9.943764] systemd[1]: systemd 245.4-4ubuntu3.20 running in system mode. (+PAM +AUDIT +SELINUX +IMA +APPARMOR +SMACK +SYSVINIT +UTMP +LIBCRYPTSETUP +GCRYPT +GNUTLS +ACL +XZ +LZ4 +SECCOMP +BLKID +ELFUTILS +KMOD +IDN2 -IDN +PCRE2 default-hierarchy=hybrid)
[    9.994108] systemd[1]: Detected virtualization kvm.
[   10.016165] systemd[1]: Detected architecture x86-64.

Welcome to [1mUbuntu 20.04.1 LTS[0m!

[   10.063952] systemd[1]: Set hostname to <fvm>.
[   10.707559] systemd[1]: Created slice system-modprobe.slice.
[[0;32m  OK  [0m] Created slice [0;1;39msystem-modprobe.slice[0m.
[   10.724088] systemd[1]: Created slice system-serial\x2dgetty.slice.
[[0;32m  OK  [0m] Created slice [0;1;39msystem-serial\x2dgetty.slice[0m.
[   10.765870] systemd[1]: Created slice User and Session Slice.
[[0;32m  OK  [0m] Created slice [0;1;39mUser and Session Slice[0m.
[   10.806039] systemd[1]: Started Forward Password Requests to Wall Directory Watch.
[[0;32m  OK  [0m] Started [0;1;39mForward Password R…uests to Wall Directory Watch[0m.
[   10.846816] systemd[1]: Set up automount Arbitrary Executable File Formats File System Automount Point.
[[0;32m  OK  [0m] Set up automount [0;1;39mArbitrary…s File System Automount Point[0m.
[   10.884742] systemd[1]: Reached target User and Group Name Lookups.
[[0;32m  OK  [0m] Reached target [0;1;39mUser and Group Name Lookups[0m.
[   10.906605] systemd[1]: Reached target Slices.
[[0;32m  OK  [0m] Reached target [0;1;39mSlices[0m.
[   10.920423] systemd[1]: Listening on Device-mapper event daemon FIFOs.
[[0;32m  OK  [0m] Listening on [0;1;39mDevice-mapper event daemon FIFOs[0m.
[   10.955615] systemd[1]: Listening on LVM2 poll daemon socket.
[[0;32m  OK  [0m] Listening on [0;1;39mLVM2 poll daemon socket[0m.
[   10.984489] systemd[1]: Listening on multipathd control socket.
[[0;32m  OK  [0m] Listening on [0;1;39mmultipathd control socket[0m.
[   11.018469] systemd[1]: Listening on Syslog Socket.
[[0;32m  OK  [0m] Listening on [0;1;39mSyslog Socket[0m.
[   11.035028] systemd[1]: Listening on initctl Compatibility Named Pipe.
[[0;32m  OK  [0m] Listening on [0;1;39minitctl Compatibility Named Pipe[0m.
[   11.058145] systemd[1]: Listening on Journal Audit Socket.
[[0;32m  OK  [0m] Listening on [0;1;39mJournal Audit Socket[0m.
[   11.073177] systemd[1]: Listening on Journal Socket (/dev/log).
[[0;32m  OK  [0m] Listening on [0;1;39mJournal Socket (/dev/log)[0m.
[   11.094775] systemd[1]: Listening on Journal Socket.
[[0;32m  OK  [0m] Listening on [0;1;39mJournal Socket[0m.
[   11.118573] systemd[1]: Listening on Network Service Netlink Socket.
[[0;32m  OK  [0m] Listening on [0;1;39mNetwork Service Netlink Socket[0m.
[   11.137582] systemd[1]: Listening on udev Control Socket.
[[0;32m  OK  [0m] Listening on [0;1;39mudev Control Socket[0m.
[   11.155433] systemd[1]: Listening on udev Kernel Socket.
[[0;32m  OK  [0m] Listening on [0;1;39mudev Kernel Socket[0m.
[   11.181950] systemd[1]: Mounting Huge Pages File System...
         Mounting [0;1;39mHuge Pages File System[0m...
[   11.209390] systemd[1]: Mounting POSIX Message Queue File System...
         Mounting [0;1;39mPOSIX Message Queue File System[0m...
[   11.253758] systemd[1]: Mounting Kernel Debug File System...
         Mounting [0;1;39mKernel Debug File System[0m...
[   11.326095] systemd[1]: Mounting Kernel Trace File System...
         Mounting [0;1;39mKernel Trace File System[0m...
[   11.368839] systemd[1]: Starting Journal Service...
         Starting [0;1;39mJournal Service[0m...
[   11.388138] systemd[1]: Starting Set the console keyboard layout...
         Starting [0;1;39mSet the console keyboard layout[0m...
[   11.450444] systemd[1]: Starting Create list of static device nodes for the current kernel...
         Starting [0;1;39mCreate list of st…odes for the current kernel[0m...
[   11.509949] systemd[1]: Starting Monitoring of LVM2 mirrors, snapshots etc. using dmeventd or progress polling...
         Starting [0;1;39mMonitoring of LVM…meventd or progress polling[0m...
[   11.552222] systemd[1]: Starting Load Kernel Module chromeos_pstore...
         Starting [0;1;39mLoad Kernel Module chromeos_pstore[0m...
[   11.568699] systemd[1]: Condition check resulted in Load Kernel Module drm being skipped.
[   11.591150] systemd[1]: Starting Load Kernel Module efi_pstore...
         Starting [0;1;39mLoad Kernel Module efi_pstore[0m...
[   11.638207] systemd[1]: Starting Load Kernel Module pstore_blk...
         Starting [0;1;39mLoad Kernel Module pstore_blk[0m...
[   11.693708] systemd[1]: Starting Load Kernel Module pstore_zone...
         Starting [0;1;39mLoad Kernel Module pstore_zone[0m...
[   11.722464] systemd[1]: Starting Load Kernel Module ramoops...
         Starting [0;1;39mLoad Kernel Module ramoops[0m...
[   11.751250] systemd[1]: Condition check resulted in Set Up Additional Binary Formats being skipped.
[   11.776118] systemd[1]: Starting Load Kernel Modules...
         Starting [0;1;39mLoad Kernel Modules[0m...
[   11.802465] systemd[1]: Starting Remount Root and Kernel File Systems...
         Starting [0;1;39mRemount Root and Kernel File Systems[0m...
[   11.834820] systemd[1]: Starting udev Coldplug all Devices...
         [   11.882216] EXT4-fs (sda2): re-mounted. Opts: (null)
Starting [0;1;39mudev Coldplug all Devices[0m...
[   11.916626] systemd[1]: Starting Uncomplicated firewall...
         Starting [0;1;39mUncomplicated firewall[0m...
[   11.941807] systemd[1]: Started Journal Service.
[[0;32m  OK  [0m] Started [0;1;39mJournal Service[0m.
[[0;32m  OK  [0m] Mounted [0;1;39mHuge Pages File System[0m.
[[0;32m  OK  [0m] Mounted [0;1;39mPOSIX Message Queue File System[0m.
[[0;32m  OK  [0m] Mounted [0;1;39mKernel Debug File System[0m.
[[0;32m  OK  [0m] Mounted [0;1;39mKernel Trace File System[0m.
[[0;32m  OK  [0m] Finished [0;1;39mSet the console keyboard layout[0m.
[[0;32m  OK  [0m] Finished [0;1;39mCreate list of st… nodes for the current kernel[0m.
[[0;32m  OK  [0m] Finished [0;1;39mMonitoring of LVM… dmeventd or progress polling[0m.
[[0;32m  OK  [0m] Finished [0;1;39mLoad Kernel Module chromeos_pstore[0m.
[[0;32m  OK  [0m] Finished [0;1;39mLoad Kernel Module efi_pstore[0m.
[[0;32m  OK  [0m] Finished [0;1;39mLoad Kernel Module pstore_blk[0m.
[[0;32m  OK  [0m] Finished [0;1;39mLoad Kernel Module pstore_zone[0m.
[[0;32m  OK  [0m] Finished [0;1;39mLoad Kernel Module ramoops[0m.
[[0;32m  OK  [0m] Finished [0;1;39mLoad Kernel Modules[0m.
[[0;32m  OK  [0m] Finished [0;1;39mRemount Root and Kernel File Systems[0m.
[[0;32m  OK  [0m] Finished [0;1;39mUncomplicated firewall[0m.
         Activating swap [0;1;39m/swap.img[0m...
         Mounting [0;1;39mFUSE Control File System[0m...
         Mounting [0;1;39mKernel Configuration File System[0m...
         Starting [0;1;39mFlush Journal to Persistent Storage[0m...
         Starting [0;1;39mLoad/Save Random Seed[0m...
         Starting [0;1;39mApply Kernel Variables[0m...
         Starting [0;1;39mCreate System Users[0m...
[[0;32m  OK  [0m] Finished [0;1;39mudev Coldplug all Devices[0m.
[[0;32m  OK  [0m] Mounted [0;1;39mFUSE Control[   12.316217] systemd-journald[373]: Received client request to flush runtime journal.
 File System[0m.
[[0;32m  OK  [0m] Mounted [0;1;39mKernel Configuration File System[0m.
         Starting [0;1;39mudev Wait for Complete Device Initialization[0m...
[[0;32m  OK  [0m] Finished [0;1;39mCreate System Users[0m.
[[0;32m  OK  [0m] Finished [0;1;39mLoad/Save Random Seed[0m.
         Starting [0;1;39mCreate Static Device Nodes in /dev[0m...
[[0;32m  OK  [0m] Finished [0;1;39mApply Kernel Variables[0m.
[[0;32m  OK  [0m] Finished [0;1;39mCreate Static Device Nodes in /dev[0m.
         Starting [0;1;39mudev Kernel Device Manager[0m...
[[0;32m  OK  [0m] Activated swap [0;1;39m/swap.img[0m.
[[0;32m  OK  [0m] Reached target [0;1;39mSwap[0m.
[[0;32m  OK  [0m] Finished [0;1;39mFlush Journal to Persistent Storage[0m.
[[0;32m  OK  [0m] Started [0;1;39mudev Kernel Device Manager[0m.
[[0;32m  OK  [0m] Started [0;1;39mDispatch Password …ts to Console Directory Watch[0m.
[[0;32m  OK  [0m] Reached target [0;1;39mLocal Encrypted Volumes[0m.
         Starting [0;1;39mNetwork Service[0m...
[[0;32m  OK  [0m] Started [0;1;39mNetwork Service[0m.
         Starting [0;1;39mWait for Network to be Configured[0m...
[[0;32m  OK  [0m] Finished [0;1;39mWait for Network to be Configured[0m.
[[0;32m  OK  [0m] Found device [0;1;39m/dev/ttyS0[0m.
[[0;32m  OK  [0m] Listening on [0;1;39mLoad/Save RF …itch Status /dev/rfkill Watch[0m.
[[0;32m  OK  [0m] Finished [0;1;39mudev Wait for Complete Device Initialization[0m.
         Starting [0;1;39mDevice-Mapper Multipath Device Controller[0m...
[[0;32m  OK  [0m] Started [0;1;39mDevice-Mapper Multipath Device Controller[0m.
[[0;32m  OK  [0m] Reached target [0;1;39mLocal File Systems (Pre)[0m.
         Mounting [0;1;39mMount unit for core18, revision 1880[0m...
         Mounting [0;1;39mMount unit for lxd, revision 16099[0m...
         Mounting [0;1;39mMount unit for snapd, revision 8542[0m...
[[0;32m  OK  [0m] Mounted [0;1;39mMount unit for core18, revision 1880[0m.
[[0;32m  OK  [0m] Mounted [0;1;39mMount unit for lxd, revision 16099[0m.
[[0;32m  OK  [0m] Mounted [0;1;39mMount unit for snapd, revision 8542[0m.
[[0;32m  OK  [0m] Reached target [0;1;39mLocal File Systems[0m.
         Starting [0;1;39mLoad AppArmor profiles[0m...
         Starting [0;1;39mSet console font and keymap[0m...
         Starting [0;1;39mCreate final runt…dir for shutdown pivot root[0m...
         Starting [0;1;39mTell Plymouth To Write Out Runtime Data[0m...
         Starting [0;1;39mCreate Volatile Files and Directories[0m...
[[0;32m  OK  [0m] Finished [0;1;39mSet console font and keymap[0m.
[[0;32m  OK  [0m] Finished [0;1;39mCreate final runt…e dir for shutdown pivot root[0m.
[[0;32m  OK  [0m] Finished [0;1;39mTell Plymouth To Write Out Runtime Data[0m.
[[0;32m  OK  [0m] Finished [0;1;39mCreate Volatile Files and Directories[0m.
         Starting [0;1;39mNetwork Name Resolution[0m...
         Starting [0;1;39mNetwork Time Synchronization[0m...
         Starting [0;1;39mUpdate UTMP about System Boot/Shutdown[0m...
[[0;32m  OK  [0m] Finished [0;1;39mLoad AppArmor profiles[0m.
         Starting [0;1;39mLoad AppArmor pro…managed internally by snapd[0m...
[[0;32m  OK  [0m] Finished [0;1;39mUpdate UTMP about System Boot/Shutdown[0m.
[[0;32m  OK  [0m] Started [0;1;39mNetwork Time Synchronization[0m.
[[0;32m  OK  [0m] Finished [0;1;39mLoad AppArmor pro…s managed internally by snapd[0m.
[[0;32m  OK  [0m] Reached target [0;1;39mSystem Initialization[0m.
[[0;32m  OK  [0m] Started [0;1;39mDaily Cleanup of Temporary Directories[0m.
[[0;32m  OK  [0m] Reached target [0;1;39mPaths[0m.
[[0;32m  OK  [0m] Reached target [0;1;39mSystem Time Set[0m.
[[0;32m  OK  [0m] Reached target [0;1;39mSystem Time Synchronized[0m.
[[0;32m  OK  [0m] Started [0;1;39mDaily apt download activities[0m.
[[0;32m  OK  [0m] Started [0;1;39mDaily apt upgrade and clean activities[0m.
[[0;32m  OK  [0m] Started [0;1;39mPeriodic ext4 Onli…ata Check for All Filesystems[0m.
[[0;32m  OK  [0m] Started [0;1;39mDiscard unused blocks once a week[0m.
[[0;32m  OK  [0m] Started [0;1;39mRefresh fwupd metadata regularly[0m.
[[0;32m  OK  [0m] Started [0;1;39mDaily rotation of log files[0m.
[[0;32m  OK  [0m] Started [0;1;39mDaily man-db regeneration[0m.
[[0;32m  OK  [0m] Started [0;1;39mMessage of the Day[0m.
[[0;32m  OK  [0m] Reached target [0;1;39mTimers[0m.
[[0;32m  OK  [0m] Listening on [0;1;39mD-Bus System Message Bus Socket[0m.
[[0;32m  OK  [0m] Listening on [0;1;39mOpen-iSCSI iscsid Socket[0m.
[[0;32m  OK  [0m] Listening on [0;1;39mSocket unix for snap application lxd.daemon[0m.
         Starting [0;1;39mSocket activation for snappy daemon[0m.
[[0;32m  OK  [0m] Listening on [0;1;39mUUID daemon activation socket[0m.
[[0;32m  OK  [0m] Started [0;1;39mNetwork Name Resolution[0m.
[[0;32m  OK  [0m] Listening on [0;1;39mSocket activation for snappy daemon[0m.
[[0;32m  OK  [0m] Reached target [0;1;39mNetwork[0m.
[[0;32m  OK  [0m] Reached target [0;1;39mNetwork is Online[0m.
[[0;32m  OK  [0m] Reached target [0;1;39mHost and Network Name Lookups[0m.
[[0;32m  OK  [0m] Reached target [0;1;39mSockets[0m.
[[0;32m  OK  [0m] Reached target [0;1;39mBasic System[0m.
         Starting [0;1;39mAccounts Service[0m...
[[0;32m  OK  [0m] Started [0;1;39mD-Bus System Message Bus[0m.
[[0;32m  OK  [0m] Started [0;1;39mSave initial kernel messages after boot[0m.
         Starting [0;1;39mRemove Stale Onli…t4 Metadata Check Snapshots[0m...
         Starting [0;1;39mLSB: Record successful boot for GRUB[0m...
         Starting [0;1;39mGRUB failed boot detection[0m...
[[0;32m  OK  [0m] Started [0;1;39mirqbalance daemon[0m.
         Starting [0;1;39mDispatcher daemon for systemd-networkd[0m...
[[0;32m  OK  [0m] Reached target [0;1;39mRemote File Systems (Pre)[0m.
[[0;32m  OK  [0m] Reached target [0;1;39mRemote File Systems[0m.
         Starting [0;1;39mLSB: automatic crash report generation[0m...
         Starting [0;1;39mDeferred execution scheduler[0m...
         Starting [0;1;39mAvailability of block devices[0m...
[[0;32m  OK  [0m] Started [0;1;39mRegular background program processing daemon[0m.
         Starting [0;1;39mSystem Logging Service[0m...
         Starting [0;1;39mService for snap application lxd.activate[0m...
         Starting [0;1;39mSnap Daemon[0m...
         Starting [0;1;39mOpenBSD Secure Shell server[0m...
         Starting [0;1;39mLogin Service[0m...
         Starting [0;1;39mPermit User Sessions[0m...
         Starting [0;1;39mThermal Daemon Service[0m...
[[0;32m  OK  [0m] Finished [0;1;39mRemove Stale Onli…ext4 Metadata Check Snapshots[0m.
[[0;32m  OK  [0m] Started [0;1;39mDeferred execution scheduler[0m.
[[0;32m  OK  [0m] Finished [0;1;39mAvailability of block devices[0m.
[[0;32m  OK  [0m] Finished [0;1;39mPermit User Sessions[0m.
[[0;32m  OK  [0m] Finished [0;1;39mGRUB failed boot detection[0m.
[[0;32m  OK  [0m] Started [0;1;39mSystem Logging Service[0m.
[[0;32m  OK  [0m] Started [0;1;39mLogin Service[0m.
[[0;32m  OK  [0m] Started [0;1;39mOpenBSD Secure Shell server[0m.
[[0;32m  OK  [0m] Started [0;1;39mLSB: automatic crash report generation[0m.
[[0;32m  OK  [0m] Started [0;1;39mLSB: Record successful boot for GRUB[0m.
[[0;32m  OK  [0m] Started [0;1;39mThermal Daemon Service[0m.
         Starting [0;1;39mHold until boot process finishes up[0m...
         Starting [0;1;39mTerminate Plymouth Boot Screen[0m...
         Starting [0;1;39mAuthorization Manager[0m...
[[0;32m  OK  [0m] Started [0;1;39mUnattended Upgrades Shutdown[0m.
[[0;32m  OK  [0m] Finished [0;1;39mHold until boot process finishes up[0m.
[[0;32m  OK  [0m] Finished [0;1;39mTerminate Plymouth Boot Screen[0m.
[[0;32m  OK  [0m] Started [0;1;39mSerial Getty on ttyS0[0m.
         Starting [0;1;39mSet console scheme[0m...
[[0;32m  OK  [0m] Finished [0;1;39mSet console scheme[0m.
[[0;32m  OK  [0m] Started [0;1;39mAuthorization Manager[0m.
[[0;32m  OK  [0m] Started [0;1;39mAccounts Service[0m.
[[0;32m  OK  [0m] Created slice [0;1;39msystem-getty.slice[0m.
[[0;32m  OK  [0m] Started [0;1;39mGetty on tty1[0m.
[[0;32m  OK  [0m] Reached target [0;1;39mLogin Prompts[0m.
[[0;32m  OK  [0m] Started [0;1;39mDispatcher daemon for systemd-networkd[0m.
[[0;32m  OK  [0m] Created slice [0;1;39mUser Slice of UID 1000[0m.
         Starting [0;1;39mUser Runtime Directory /run/user/1000[0m...
[[0;32m  OK  [0m] Finished [0;1;39mUser Runtime Directory /run/user/1000[0m.
         Starting [0;1;39mUser Manager for UID 1000[0m...
[[0;32m  OK  [0m] Started [0;1;39mUser Manager for UID 1000[0m.
[[0;32m  OK  [0m] Started [0;1;39mSession 1 of user femu[0m.
[[0;32m  OK  [0m] Started [0;1;39mSnap Daemon[0m.
         Starting [0;1;39mWait until snapd is fully seeded[0m...
[[0;32m  OK  [0m] Finished [0;1;39mWait until snapd is fully seeded[0m.
[[0;32m  OK  [0m] Finished [0;1;39mService for snap application lxd.activate[0m.
[[0;32m  OK  [0m] Reached target [0;1;39mMulti-User System[0m.
[[0;32m  OK  [0m] Reached target [0;1;39mGraphical Interface[0m.
         Starting [0;1;39mUpdate UTMP about System Runlevel Changes[0m...
[[0;32m  OK  [0m] Finished [0;1;39mUpdate UTMP about System Runlevel Changes[0m.

Ubuntu 20.04.1 LTS fvm ttyS0

fvm login: [FEMU] FTL-Log: BBSSD-STATS version=V1 hot_pool_percent=20 initial_hot_lines=25 initial_cold_lines=103 hot_rewrite_window=4096 host_page_writes=1572864 nand_page_writes=1572864 gc_page_writes=0 block_erases=0 waf=1.000000 gc_count=0 average_gc_copy=N/A host_hot_writes=0 host_cold_writes=1572864 hot_write_ratio=0.000000 gc_hot_writes=0 gc_cold_writes=0 cold_to_hot_count=0 hot_to_cold_count=0 hot_pool_empty_count=0 cold_pool_empty_count=0 borrow_count=0 emergency_gc_count=0 counter_invariant=PASS
[FEMU] Log: vSSD0,Reset tt_late_ios/tt_ios,6460/6633
[FEMU] FTL-Log: BBSSD-STATS version=V1 hot_pool_percent=20 initial_hot_lines=25 initial_cold_lines=103 hot_rewrite_window=4096 host_page_writes=136133656 nand_page_writes=949117132 gc_page_writes=812983476 block_erases=3707072 waf=6.971951 gc_count=57923 average_gc_copy=14035.589938 host_hot_writes=20750996 host_cold_writes=115382660 hot_write_ratio=0.152431 gc_hot_writes=6216200 gc_cold_writes=806767276 cold_to_hot_count=7871024 hot_to_cold_count=7867192 hot_pool_empty_count=0 cold_pool_empty_count=4 borrow_count=4 emergency_gc_count=0 counter_invariant=PASS
[FEMU] Log: vSSD0,Reset tt_late_ios/tt_ios,6347455/34033666
         Stopping [0;1;39mSession 14 of user femu[0m.
[[0;32m  OK  [0m] Removed slice [0;1;39msystem-modprobe.slice[0m.
[[0;32m  OK  [0m] Stopped target [0;1;39mGraphical Interface[0m.
[[0;32m  OK  [0m] Stopped target [0;1;39mMulti-User System[0m.
[[0;32m  OK  [0m] Stopped target [0;1;39mLogin Prompts[0m.
[[0;32m  OK  [0m] Stopped target [0;1;39mNetwork is Online[0m.
[[0;32m  OK  [0m] Stopped target [0;1;39mHost and Network Name Lookups[0m.
[[0;32m  OK  [0m] Stopped target [0;1;39mTimers[0m.
[[0;32m  OK  [0m] Stopped [0;1;39mDaily apt upgrade and clean activities[0m.
[[0;32m  OK  [0m] Stopped [0;1;39mDaily apt download activities[0m.
[[0;32m  OK  [0m] Stopped [0;1;39mPeriodic ext4 Onli…ata Check for All Filesystems[0m.
[[0;32m  OK  [0m] Stopped [0;1;39mDiscard unused blocks once a week[0m.
[[0;32m  OK  [0m] Stopped [0;1;39mRefresh fwupd metadata regularly[0m.
[[0;32m  OK  [0m] Stopped [0;1;39mDaily rotation of log files[0m.
[[0;32m  OK  [0m] Stopped [0;1;39mDaily man-db regeneration[0m.
[[0;32m  OK  [0m] Stopped [0;1;39mMessage of the Day[0m.
[[0;32m  OK  [0m] Stopped [0;1;39mDaily Cleanup of Temporary Directories[0m.
[[0;32m  OK  [0m] Stopped target [0;1;39mSystem Time Synchronized[0m.
[[0;32m  OK  [0m] Stopped target [0;1;39mSystem Time Set[0m.
[[0;32m  OK  [0m] Closed [0;1;39mLVM2 poll daemon socket[0m.
[[0;32m  OK  [0m] Closed [0;1;39mLoad/Save RF Kill Switch Status /dev/rfkill Watch[0m.
         Stopping [0;1;39mAccounts Service[0m...
         Stopping [0;1;39mLSB: automatic crash report generation[0m...
         Stopping [0;1;39mDeferred execution scheduler[0m...
         Stopping [0;1;39mAvailability of block devices[0m...
         Stopping [0;1;39mRegular background program processing daemon[0m...
         Stopping [0;1;39mCreate final runt…dir for shutdown pivot root[0m...
         Stopping [0;1;39mGetty on tty1[0m...
         Stopping [0;1;39mLSB: Record successful boot for GRUB[0m...
         Stopping [0;1;39mirqbalance daemon[0m...
         Stopping [0;1;39mDispatcher daemon for systemd-networkd[0m...
         Stopping [0;1;39mAuthorization Manager[0m...
         Stoppin         Stopping [0;1;39mSerial Getty on ttyS0[0m...
[[0;32m  OK  [0m] Stopped [0;1;39mWait until snapd is fully seeded[0m.
         Stopping [0;1;39mSnap Daemon[0m...
         Stopping [0;1;39mOpenBSD Secure Shell server[0m...
[[0;32m  OK  [0m] Stopped [0;1;39mWait for Network to be Configured[0m.
         Stopping [0;1;39mLoad/Save Random Seed[0m...
         Stopping [0;1;39mUnattended Upgrades Shutdown[0m...
[[0;32m  OK  [0m] Stopped [0;1;39mAccounts Service[0m.
[[0;32m  OK  [0m] Stopped [0;1;39mirqbalance daemon[0m.
[[0;32m  OK  [0m] Stopped [0;1;39mDispatcher daemon for systemd-networkd[0m.
[[0;32m  OK  [0m] Stopped [0;1;39mRegular background program processing daemon[0m.
[[0;32m  OK  [0m] Stopped [0;1;39mSystem Logging Service[0m.
[[0;32m  OK  [0m] Stopped [0;1;39mSnap Daemon[0m.
[[0;32m  OK  [0m] Stopped [0;1;39mDeferred execution scheduler[0m.
[[0;32m  OK  [0m] Stopped [0;1;39mOpenBSD Secure Shell server[0m.
[[0;32m  OK  [0m] Stopped [0;1;39mAuthorization Manager[0m.
[[0;32m  OK  [0m] Stopped [0;1;39mSerial Getty on ttyS0[0m.
[[0;32m  OK  [0m] Stopped [0;1;39mGetty on tty1[0m.
[[0;32m  OK  [0m] Stopped [0;1;39mUnattended Upgrades Shutdown[0m.
[[0;32m  OK  [0m] Stopped [0;1;39mAvailability of block devices[0m.
[[0;32m  OK  [0m] Stopped [0;1;39mLoad/Save Random Seed[0m.
[[0;32m  OK  [0m] Stopped [0;1;39mSession 14 of user femu[0m.
[[0;32m  OK  [0m] Removed slice [0;1;39msystem-getty.slice[0m.
[[0;32m  OK  [0m] Removed slice [0;1;39msystem-serial\x2dgetty.slice[0m.
         Stopping [0;1;39mLogin Service[0m...
         Stopping [0;1;39mUser Manager for UID 1000[0m...
[[0;32m  OK  [0m] Stopped [0;1;39mLSB: automatic crash report generation[0m.
[[0;32m  OK  [0m] Stopped [0;1;39mUser Manager for UID 1000[0m.
[[0;32m  OK  [0m] Stopped [0;1;39mLSB: Record successful boot for GRUB[0m.
         Stopping [0;1;39mUser Runtime Directory /run/user/1000[0m...
[[0;32m  OK  [0m] Unmounted [0;1;39m/run/user/1000[0m.
[[0;32m  OK  [0m] Stopped [0;1;39mUser Runtime Directory /run/user/1000[0m.
[[0;32m  OK  [0m] Removed slice [0;1;39mUser Slice of UID 1000[0m.
         Stopping [0;1;39mD-Bus System Message Bus[0m...
         Stopping [0;1;39mPermit User Sessions[0m...
[[0;32m  OK  [0m] Stopped [0;1;39mD-Bus System Message Bus[0m.
[[0;32m  OK  [0m] Stopped [0;1;39mPermit User Sessions[0m.
[[0;32m  OK  [0m] Stopped [0;1;39mLogin Service[0m.
[[0;32m  OK  [0m] Stopped target [0;1;39mBasic System[0m.
[[0;32m  OK  [0m] Stopped target [0;1;39mNetwork[0m.
[[0;32m  OK  [0m] Stopped target [0;1;39mUser and Group Name Lookups[0m.
[[0;32m  OK  [0m] Stopped target [0;1;39mPaths[0m.
[[0;32m  OK  [0m] Stopped target [0;1;39mRemote File Systems[0m.
[[0;32m  OK  [0m] Stopped target [0;1;39mRemote File Systems (Pre)[0m.
[[0;32m  OK  [0m] Stopped target [0;1;39mSlices[0m.
[[0;32m  OK  [0m] Removed slice [0;1;39mUser and Session Slice[0m.
[[0;32m  OK  [0m] Stopped target [0;1;39mSockets[0m.
[[0;32m  OK  [0m] Closed [0;1;39mD-Bus System Message Bus Socket[0m.
[[0;32m  OK  [0m] Closed [0;1;39mOpen-iSCSI iscsid Socket[0m.
[[0;32m  OK  [0m] Closed [0;1;39mSocket unix for snap application lxd.daemon[0m.
[[0;32m  OK  [0m] Closed [0;1;39mSocket activation for snappy daemon[0m.
[[0;32m  OK  [0m] Closed [0;1;39mSyslog Socket[0m.
[[0;32m  OK  [0m] Closed [0;1;39mUUID daemon activation socket[0m.
[[0;32m  OK  [0m] Stopped target [0;1;39mSystem Initialization[0m.
[[0;32m  OK  [0m] Stopped target [0;1;39mLocal Encrypted Volumes[0m.
[[0;32m  OK  [0m] Stopped [0;1;39mDispatch Password …ts to Console Directory Watch[0m.
[[0;32m  OK  [0m] Stopped [0;1;39mForward Password R…uests to Wall Directory Watch[0m.
         Stopping [0;1;39mNetwork Name Resolution[0m...
         Stopping [0;1;39mNetwork Time Synchronization[0m...
         Stopping [0;1;39mUpdate UTMP about System Boot/Shutdown[0m...
[[0;32m  OK  [0m] Stopped [0;1;39mNetwork Time Synchronization[0m.
[[0;32m  OK  [0m] Stopped [0;1;39mUpdate UTMP about System Boot/Shutdown[0m.
[[0;32m  OK  [0m] Stopped [0;1;39mNetwork Name Resolution[0m.
         Stopping [0;1;39mNetwork Service[0m...
[[0;32m  OK  [0m] Stopped [0;1;39mCreate Volatile Files and Directories[0m.
[[0;32m  OK  [0m] Stopped [0;1;39mNetwork Service[0m.
[[0;32m  OK  [0m] Stopped [0;1;39mApply Kernel Variables[0m.
[[0;32m  OK  [0m] Stopped [0;1;39mLoad Kernel Modules[0m.
[[0;32m  OK  [0m] Stopped [0;1;39mCreate final runtime dir for shutdown pivot root[0m.
[[0;32m  OK  [0m] Stopped target [0;1;39mLocal File Systems[0m.
         Unmounting [0;1;39m/run/snapd/ns/lxd.mnt[0m...
         Unmounting [0;1;39mMount unit for core18, revision 1880[0m...
         Unmounting [0;1;39mMount unit for lxd, revision 16099[0m...
         Unmounting [0;1;39mMount unit for snapd, revision 8542[0m...
[[0;32m  OK  [0m] Unmounted [0;1;39m/run/snapd/ns/lxd.mnt[0m.
         Unmounting [0;1;39m/run/snapd/ns[0m...
[[0;32m  OK  [0m] Unmounted [0;1;39mMount unit for core18, revision 1880[0m.
[[0;32m  OK  [0m] Unmounted [0;1;39m/run/snapd/ns[0m.
[[0;32m  OK  [0m] Stopped target [0;1;39mSwap[0m.
         Deactivating swap [0;1;39m/swap.img[0m...
[[0;32m  OK  [0m] Unmounted [0;1;39mMount unit for lxd, revision 16099[0m.
[[0;32m  OK  [0m] Unmounted [0;1;39mMount unit for snapd, revision 8542[0m.
[[0;32m  OK  [0m] Deactivated swap [0;1;39m/swap.img[0m.
[[0;32m  OK  [0m] Stopped target [0;1;39mLocal File Systems (Pre)[0m.
[[0;32m  OK  [0m] Reached target [0;1;39mUnmount All Filesystems[0m.
         Stopping [0;1;39mMonitoring of LVM…meventd or progress polling[0m...
         Stopping [0;1;39mDevice-Mapper Multipath Device Controller[0m...
[[0;32m  OK  [0m] Stopped [0;1;39mCreate Static Device Nodes in /dev[0m.
[[0;32m  OK  [0m] Stopped [0;1;39mCreate System Users[0m.
[[0;32m  OK  [0m] Stopped [0;1;39mRemount Root and Kernel File Systems[0m.
[[0;32m  OK  [0m] Stopped [0;1;39mDevice-Mapper Multipath Device Controller[0m.
[[0;32m  OK  [0m] Stopped [0;1;39mMonitoring of LVM2… dmeventd or progress polling[0m.
[[0;32m  OK  [0m] Reached target [0;1;39mShutdown[0m.
[[0;32m  OK  [0m] Reached target [0;1;39mFinal Step[0m.
[[0;32m  OK  [0m] Finished [0;1;39mPower-Off[0m.
[[0;32m  OK  [0m] Reached target [0;1;39mPower-Off[0m.
[ 3786.019596] reboot: Power down
