-device femu,devsz_mb=6144,namespaces=1,femu_mode=1,secsz=512,secs_per_pg=8,pgs_per_blk=256,blks_per_pl=128,pls_per_lun=1,luns_per_ch=8,nchs=8,pg_rd_lat=40000,pg_wr_lat=200000,blk_er_lat=2000000,ch_xfer_lat=0,gc_thres_pcent=75,gc_thres_pcent_high=95
[FEMU] FTL-Log: LPN metadata: entries=2097152 entry_size=24 total=48 MiB window_writes=4096 hot_writes=4 cold_writes=1 erase_event_threshold=1
[FEMU] FTL-Log: Hot/Cold pools: configured_hot_percent=20 initial_hot_lines=25 initial_cold_lines=103 total_lines=128
[FEMU] FTL-Log: Write pointers: hot_line=103 cold_line=0 free=126 hot_free=24 cold_free=102
c[?7l[2J[0mSeaBIOS (version rel-1.17.0-0-gb52ca86e094d-prebuilt.qemu.org)


iPXE (http://ipxe.org) 00:03.0 CA00 PCI2.10 PnP PMM+BEFD1D20+BEF31D20 CA00
Press Ctrl-B to configure iPXE (PCI 00:03.0)...                                                                               


Booting from Hard Disk...
[H[J[1;1H[?25l[m[H[J[1;1H[2;30HGNU GRUB  version 2.04

[m[4;2H+----------------------------------------------------------------------------+[5;2H|[5;79H|[6;2H|[6;79H|[7;2H|[7;79H|[8;2H|[8;79H|[9;2H|[9;79H|[10;2H|[10;79H|[11;2H|[11;79H|[12;2H|[12;79H|[13;2H|[13;79H|[14;2H|[14;79H|[15;2H|[15;79H|[16;2H|[16;79H|[17;2H+----------------------------------------------------------------------------+[m[18;2H[19;2H[m     Use the ^ and v keys to select which entry is highlighted.          
      Press enter to boot the selected OS, `e' to edit the commands       
      before booting or `c' for a command-line.                           [5;80H [7m[5;3H*Ubuntu, with Linux 5.4.0-64-generic                                        [m[5;78H[m[m[6;3H                                                                            [m[6;78H[m[m[7;3H                                                                            [m[7;78H[m[m[8;3H                                                                            [m[8;78H[m[m[9;3H                                                                            [m[9;78H[m[m[10;3H                                                                            [m[10;78H[m[m[11;3H                                                                            [m[11;78H[m[m[12;3H                                                                            [m[12;78H[m[m[13;3H                                                                            [m[13;78H[m[m[14;3H                                                                            [m[14;78H[m[m[15;3H                                                                            [m[15;78H[m[m[16;3H                                                                            [m[16;78H[m[16;80H [5;78H[22;1H   The highlighted entry will be executed automatically in 3s.                 [5;78H[22;1H   The highlighted entry will be executed automatically in 2s.                 [5;78H[22;1H   The highlighted entry will be executed automatically in 1s.                 [5;78H[22;1H   The highlighted entry will be executed automatically in 0s.                 [5;78H[?25h[H[J[1;1H[H[J[1;1HLoading Linux 5.4.0-64-generic ...
Loading initial ramdisk ...
[    0.000000] Linux version 5.4.0-64-generic (buildd@lcy01-amd64-021) (gcc version 9.3.0 (Ubuntu 9.3.0-17ubuntu1~20.04)) #72-Ubuntu SMP Fri Jan 15 10:27:54 UTC 2021 (Ubuntu 5.4.0-64.72-generic 5.4.78)
[    0.000000] Command line: BOOT_IMAGE=/boot/vmlinuz-5.4.0-64-generic root=UUID=66add23f-3d34-46f1-a540-ebfdd268827e ro ip=dhcp console=ttyS0,115200 console=tty console=ttyS0 text
[    0.000000] KERNEL supported cpus:
[    0.000000]   Intel GenuineIntel
[    0.000000]   AMD AuthenticAMD
[    0.000000]   Hygon HygonGenuine
[    0.000000]   Centaur CentaurHauls
[    0.000000]   zhaoxin   Shanghai  
[    0.000000] x86/fpu: Supporting XSAVE feature 0x001: 'x87 floating point registers'
[    0.000000] x86/fpu: Supporting XSAVE feature 0x002: 'SSE registers'
[    0.000000] x86/fpu: Supporting XSAVE feature 0x004: 'AVX registers'
[    0.000000] x86/fpu: xstate_offset[2]:  576, xstate_sizes[2]:  256
[    0.000000] x86/fpu: Enabled xstate features 0x7, context size is 832 bytes, using 'compacted' format.
[    0.000000] BIOS-provided physical RAM map:
[    0.000000] BIOS-e820: [mem 0x0000000000000000-0x000000000009fbff] usable
[    0.000000] BIOS-e820: [mem 0x000000000009fc00-0x000000000009ffff] reserved
[    0.000000] BIOS-e820: [mem 0x00000000000f0000-0x00000000000fffff] reserved
[    0.000000] BIOS-e820: [mem 0x0000000000100000-0x00000000bffdcfff] usable
[    0.000000] BIOS-e820: [mem 0x00000000bffdd000-0x00000000bfffffff] reserved
[    0.000000] BIOS-e820: [mem 0x00000000feffc000-0x00000000feffffff] reserved
[    0.000000] BIOS-e820: [mem 0x00000000fffc0000-0x00000000ffffffff] reserved
[    0.000000] BIOS-e820: [mem 0x0000000100000000-0x000000013fffffff] usable
[    0.000000] NX (Execute Disable) protection: active
[    0.000000] SMBIOS 2.8 present.
[    0.000000] DMI: QEMU Standard PC (i440FX + PIIX, 1996), BIOS rel-1.17.0-0-gb52ca86e094d-prebuilt.qemu.org 04/01/2014
[    0.000000] Hypervisor detected: KVM
[    0.000000] kvm-clock: Using msrs 4b564d01 and 4b564d00
[    0.000000] kvm-clock: cpu 0, msr 99a01001, primary cpu clock
[    0.000000] kvm-clock: using sched offset of 10521171670 cycles
[    0.000003] clocksource: kvm-clock: mask: 0xffffffffffffffff max_cycles: 0x1cd42e4dffb, max_idle_ns: 881590591483 ns
[    0.000005] tsc: Detected 2995.202 MHz processor
[    0.002583] last_pfn = 0x140000 max_arch_pfn = 0x400000000
[    0.002859] x86/PAT: Configuration [0-7]: WB  WC  UC- UC  WB  WP  UC- WT  
[    0.002902] last_pfn = 0xbffdd max_arch_pfn = 0x400000000
[    0.008557] found SMP MP-table at [mem 0x000f54b0-0x000f54bf]
[    0.008718] check: Scanning 1 areas for low memory corruption
[    0.008905] Using GB pages for direct mapping
[    0.010213] RAMDISK: [mem 0x2d173000-0x328b0fff]
[    0.010302] ACPI: Early table checksum verification disabled
[    0.010329] ACPI: RSDP 0x00000000000F52B0 000014 (v00 BOCHS )
[    0.010343] ACPI: RSDT 0x00000000BFFE2458 000034 (v01 BOCHS  BXPC     00000001 BXPC 00000001)
[    0.010349] ACPI: FACP 0x00000000BFFE22F4 000074 (v01 BOCHS  BXPC     00000001 BXPC 00000001)
[    0.010353] ACPI: DSDT 0x00000000BFFE0040 0022B4 (v01 BOCHS  BXPC     00000001 BXPC 00000001)
[    0.010356] ACPI: FACS 0x00000000BFFE0000 000040
[    0.010358] ACPI: APIC 0x00000000BFFE2368 000090 (v03 BOCHS  BXPC     00000001 BXPC 00000001)
[    0.010360] ACPI: HPET 0x00000000BFFE23F8 000038 (v01 BOCHS  BXPC     00000001 BXPC 00000001)
[    0.010362] ACPI: WAET 0x00000000BFFE2430 000028 (v01 BOCHS  BXPC     00000001 BXPC 00000001)
[    0.011247] No NUMA configuration found
[    0.011249] Faking a node at [mem 0x0000000000000000-0x000000013fffffff]
[    0.011255] NODE_DATA(0) allocated [mem 0x13ffd3000-0x13fffdfff]
[    0.012287] Zone ranges:
[    0.012289]   DMA      [mem 0x0000000000001000-0x0000000000ffffff]
[    0.012291]   DMA32    [mem 0x0000000001000000-0x00000000ffffffff]
[    0.012291]   Normal   [mem 0x0000000100000000-0x000000013fffffff]
[    0.012292]   Device   empty
[    0.012293] Movable zone start for each node
[    0.012294] Early memory node ranges
[    0.012295]   node   0: [mem 0x0000000000001000-0x000000000009efff]
[    0.012296]   node   0: [mem 0x0000000000100000-0x00000000bffdcfff]
[    0.012297]   node   0: [mem 0x0000000100000000-0x000000013fffffff]
[    0.014996] Zeroed struct page in unavailable ranges: 133 pages
[    0.014999] Initmem setup node 0 [mem 0x0000000000001000-0x000000013fffffff]
[    0.059215] ACPI: PM-Timer IO Port: 0x608
[    0.059241] ACPI: LAPIC_NMI (acpi_id[0xff] dfl dfl lint[0x1])
[    0.059338] IOAPIC[0]: apic_id 0, version 17, address 0xfec00000, GSI 0-23
[    0.059341] ACPI: INT_SRC_OVR (bus 0 bus_irq 0 global_irq 2 dfl dfl)
[    0.059343] ACPI: INT_SRC_OVR (bus 0 bus_irq 5 global_irq 5 high level)
[    0.059343] ACPI: INT_SRC_OVR (bus 0 bus_irq 9 global_irq 9 high level)
[    0.059344] ACPI: INT_SRC_OVR (bus 0 bus_irq 10 global_irq 10 high level)
[    0.059345] ACPI: INT_SRC_OVR (bus 0 bus_irq 11 global_irq 11 high level)
[    0.059349] Using ACPI (MADT) for SMP configuration information
[    0.059351] ACPI: HPET id: 0x8086a201 base: 0xfed00000
[    0.059356] TSC deadline timer available
[    0.059364] smpboot: Allowing 4 CPUs, 0 hotplug CPUs
[    0.059413] KVM setup pv sched yield
[    0.059421] PM: Registered nosave memory: [mem 0x00000000-0x00000fff]
[    0.059422] PM: Registered nosave memory: [mem 0x0009f000-0x0009ffff]
[    0.059422] PM: Registered nosave memory: [mem 0x000a0000-0x000effff]
[    0.059423] PM: Registered nosave memory: [mem 0x000f0000-0x000fffff]
[    0.059423] PM: Registered nosave memory: [mem 0xbffdd000-0xbfffffff]
[    0.059424] PM: Registered nosave memory: [mem 0xc0000000-0xfeffbfff]
[    0.059424] PM: Registered nosave memory: [mem 0xfeffc000-0xfeffffff]
[    0.059425] PM: Registered nosave memory: [mem 0xff000000-0xfffbffff]
[    0.059425] PM: Registered nosave memory: [mem 0xfffc0000-0xffffffff]
[    0.059427] [mem 0xc0000000-0xfeffbfff] available for PCI devices
[    0.059428] Booting paravirtualized kernel on KVM
[    0.059431] clocksource: refined-jiffies: mask: 0xffffffff max_cycles: 0xffffffff, max_idle_ns: 7645519600211568 ns
[    0.059434] setup_percpu: NR_CPUS:8192 nr_cpumask_bits:4 nr_cpu_ids:4 nr_node_ids:1
[    0.060512] percpu: Embedded 55 pages/cpu s188416 r8192 d28672 u524288
[    0.060554] KVM setup async PF for cpu 0
[    0.060571] kvm-stealtime: cpu 0, msr 13ba2d040
[    0.060583] PV qspinlock hash table entries: 256 (order: 0, 4096 bytes, linear)
[    0.060592] Built 1 zonelists, mobility grouping on.  Total pages: 1032038
[    0.060593] Policy zone: Normal
[    0.060595] Kernel command line: BOOT_IMAGE=/boot/vmlinuz-5.4.0-64-generic root=UUID=66add23f-3d34-46f1-a540-ebfdd268827e ro ip=dhcp console=ttyS0,115200 console=tty console=ttyS0 text
[    0.063743] Dentry cache hash table entries: 524288 (order: 10, 4194304 bytes, linear)
[    0.066049] Inode-cache hash table entries: 262144 (order: 9, 2097152 bytes, linear)
[    0.066267] mem auto-init: stack:off, heap alloc:on, heap free:off
[    0.098507] Memory: 3932816K/4193772K available (14339K kernel code, 2399K rwdata, 4960K rodata, 2724K init, 4980K bss, 260956K reserved, 0K cma-reserved)
[    0.098518] random: get_random_u64 called from kmem_cache_open+0x2d/0x410 with crng_init=0
[    0.099959] SLUB: HWalign=64, Order=0-3, MinObjects=0, CPUs=4, Nodes=1
[    0.099975] ftrace: allocating 44555 entries in 175 pages
[    0.115567] rcu: Hierarchical RCU implementation.
[    0.115570] rcu: 	RCU restricting CPUs from NR_CPUS=8192 to nr_cpu_ids=4.
[    0.115572] 	Tasks RCU enabled.
[    0.115572] rcu: RCU calculated value of scheduler-enlistment delay is 25 jiffies.
[    0.115573] rcu: Adjusting geometry for rcu_fanout_leaf=16, nr_cpu_ids=4
[    0.117160] NR_IRQS: 524544, nr_irqs: 456, preallocated irqs: 16
[    0.117461] random: crng done (trusting CPU's manufacturer)
[    0.152002] Console: colour VGA+ 80x25
[    0.227181] printk: console [tty0] enabled
[    0.496559] printk: console [ttyS0] enabled
[    0.498867] ACPI: Core revision 20190816
[    0.502186] clocksource: hpet: mask: 0xffffffff max_cycles: 0xffffffff, max_idle_ns: 19112604467 ns
[    0.507245] APIC: Switch to symmetric I/O mode setup
[    0.510829] x2apic enabled
[    0.513224] Switched APIC routing to physical x2apic.
[    0.516965] KVM setup pv IPIs
[    0.521646] ..TIMER: vector=0x30 apic1=0 pin1=2 apic2=-1 pin2=-1
[    0.525037] clocksource: tsc-early: mask: 0xffffffffffffffff max_cycles: 0x2b2c909a7c7, max_idle_ns: 440795208498 ns
[    0.530343] Calibrating delay loop (skipped) preset value.. 5990.40 BogoMIPS (lpj=11980808)
[    0.534344] pid_max: default: 32768 minimum: 301
[    0.538388] LSM: Security Framework initializing
[    0.542360] Yama: becoming mindful.
[    0.545083] AppArmor: AppArmor initialized
[    0.546388] Mount-cache hash table entries: 8192 (order: 4, 65536 bytes, linear)
[    0.550349] Mountpoint-cache hash table entries: 8192 (order: 4, 65536 bytes, linear)
[    0.554371] *** VALIDATE tmpfs ***
[    0.556275] *** VALIDATE proc ***
[    0.558417] *** VALIDATE cgroup1 ***
[    0.562344] *** VALIDATE cgroup2 ***
[    0.564919] x86/cpu: User Mode Instruction Prevention (UMIP) activated
[    0.566648] Last level iTLB entries: 4KB 0, 2MB 0, 4MB 0
[    0.570341] Last level dTLB entries: 4KB 0, 2MB 0, 4MB 0, 1GB 0
[    0.574361] Spectre V1 : Mitigation: usercopy/swapgs barriers and __user pointer sanitization
[    0.578356] Spectre V2 : Mitigation: Enhanced IBRS
[    0.582342] Spectre V2 : Spectre v2 / SpectreRSB mitigation: Filling RSB on context switch
[    0.586348] Spectre V2 : mitigation: Enabling conditional Indirect Branch Prediction Barrier
[    0.590343] Speculative Store Bypass: Mitigation: Speculative Store Bypass disabled via prctl and seccomp
[    0.594653] Freeing SMP alternatives memory: 40K
[    0.604298] smpboot: CPU0: Intel(R) Core(TM) Ultra 5 125H (family: 0x6, model: 0xaa, stepping: 0x4)
[    0.606474] Performance Events: unsupported p6 CPU model 170 no PMU driver, software events only.
[    0.610553] rcu: Hierarchical SRCU implementation.
[    0.613557] NMI watchdog: Perf NMI watchdog permanently disabled
[    0.614411] smp: Bringing up secondary CPUs ...
[    0.617094] x86: Booting SMP configuration:
[    0.618351] .... node  #0, CPUs:      #1
[    0.400959] kvm-clock: cpu 1, msr 99a01041, secondary cpu clock
[    0.621670] KVM setup async PF for cpu 1
[    0.622338] kvm-stealtime: cpu 1, msr 13baad040
[    0.626553]  #2
[    0.400959] kvm-clock: cpu 2, msr 99a01081, secondary cpu clock
[    0.632187] KVM setup async PF for cpu 2
[    0.634338] kvm-stealtime: cpu 2, msr 13bb2d040
[    0.638528]  #3
[    0.400959] kvm-clock: cpu 3, msr 99a010c1, secondary cpu clock
[    0.640733] KVM setup async PF for cpu 3
[    0.642338] kvm-stealtime: cpu 3, msr 13bbad040
[    0.646580] smp: Brought up 1 node, 4 CPUs
[    0.650357] smpboot: Max logical packages: 1
[    0.652457] smpboot: Total of 4 processors activated (23961.61 BogoMIPS)
[    0.658531] devtmpfs: initialized
[    0.660480] x86/mm: Memory block size: 128MB
[    0.662715] clocksource: jiffies: mask: 0xffffffff max_cycles: 0xffffffff, max_idle_ns: 7645041785100000 ns
[    0.666367] futex hash table entries: 1024 (order: 4, 65536 bytes, linear)
[    0.670405] pinctrl core: initialized pinctrl subsystem
[    0.674622] PM: RTC time: 08:56:23, date: 2026-09-01
[    0.677732] NET: Registered protocol family 16
[    0.678419] audit: initializing netlink subsys (disabled)
[    0.681127] audit: type=2000 audit(1788252983.806:1): state=initialized audit_enabled=0 res=1
[    0.681127] EISA bus registered
[    0.684620] cpuidle: using governor ladder
[    0.686408] cpuidle: using governor menu
[    0.689013] KVM setup pv remote TLB flush
[    0.690374] ACPI: bus type PCI registered
[    0.692436] acpiphp: ACPI Hot Plug PCI Controller Driver version: 0.5
[    0.695800] PCI: Using configuration type 1 for base access
[    0.699739] HugeTLB registered 1.00 GiB page size, pre-allocated 0 pages
[    0.700862] HugeTLB registered 2.00 MiB page size, pre-allocated 0 pages
[    0.706496] ACPI: Added _OSI(Module Device)
[    0.708906] ACPI: Added _OSI(Processor Device)
[    0.714351] ACPI: Added _OSI(3.0 _SCP Extensions)
[    0.717087] ACPI: Added _OSI(Processor Aggregator Device)
[    0.718358] ACPI: Added _OSI(Linux-Dell-Video)
[    0.720796] ACPI: Added _OSI(Linux-Lenovo-NV-HDMI-Audio)
[    0.722352] ACPI: Added _OSI(Linux-HPI-Hybrid-Graphics)
[    0.725802] ACPI: 1 ACPI AML tables successfully acquired and loaded
[    0.734027] ACPI: Interpreter enabled
[    0.738366] ACPI: (supports S0 S3 S4 S5)
[    0.741655] ACPI: Using IOAPIC for interrupt routing
[    0.742385] PCI: Using host bridge windows from ACPI; if necessary, use "pci=nocrs" and report a bug
[    0.746513] ACPI: Enabled 2 GPEs in block 00 to 0F
[    0.752295] ACPI: PCI Root Bridge [PCI0] (domain 0000 [bus 00-ff])
[    0.758357] acpi PNP0A03:00: _OSC: OS supports [ASPM ClockPM Segments MSI HPX-Type3]
[    0.762371] acpi PNP0A03:00: fail to add MMCONFIG information, can't access extended PCI configuration space under this bridge.
[    0.766767] acpiphp: Slot [3] registered
[    0.769237] acpiphp: Slot [4] registered
[    0.774415] acpiphp: Slot [5] registered
[    0.776680] acpiphp: Slot [6] registered
[    0.778423] acpiphp: Slot [7] registered
[    0.781090] acpiphp: Slot [8] registered
[    0.782671] acpiphp: Slot [9] registered
[    0.786140] acpiphp: Slot [10] registered
[    0.786404] acpiphp: Slot [11] registered
[    0.788920] acpiphp: Slot [12] registered
[    0.794752] acpiphp: Slot [13] registered
[    0.796988] acpiphp: Slot [14] registered
[    0.798411] acpiphp: Slot [15] registered
[    0.800697] acpiphp: Slot [16] registered
[    0.802395] acpiphp: Slot [17] registered
[    0.805302] acpiphp: Slot [18] registered
[    0.810440] acpiphp: Slot [19] registered
[    0.813745] acpiphp: Slot [20] registered
[    0.814407] acpiphp: Slot [21] registered
[    0.816691] acpiphp: Slot [22] registered
[    0.818429] acpiphp: Slot [23] registered
[    0.821281] acpiphp: Slot [24] registered
[    0.826434] acpiphp: Slot [25] registered
[    0.829389] acpiphp: Slot [26] registered
[    0.830406] acpiphp: Slot [27] registered
[    0.832986] acpiphp: Slot [28] registered
[    0.834384] acpiphp: Slot [29] registered
[    0.837075] acpiphp: Slot [30] registered
[    0.842419] acpiphp: Slot [31] registered
[    0.844772] PCI host bridge to bus 0000:00
[    0.846353] pci_bus 0000:00: root bus resource [io  0x0000-0x0cf7 window]
[    0.849701] pci_bus 0000:00: root bus resource [io  0x0d00-0xffff window]
[    0.854349] pci_bus 0000:00: root bus resource [mem 0x000a0000-0x000bffff window]
[    0.858309] pci_bus 0000:00: root bus resource [mem 0xc0000000-0xfebfffff window]
[    0.862354] pci_bus 0000:00: root bus resource [mem 0xe0000000000-0xe007fffffff window]
[    0.866354] pci_bus 0000:00: root bus resource [bus 00-ff]
[    0.869158] pci 0000:00:00.0: [8086:1237] type 00 class 0x060000
[    0.872821] pci 0000:00:01.0: [8086:7000] type 00 class 0x060100
[    0.880605] pci 0000:00:01.1: [8086:7010] type 00 class 0x010180
[    0.895440] pci 0000:00:01.1: reg 0x20: [io  0xc060-0xc06f]
[    0.900653] pci 0000:00:01.1: legacy IDE quirk: reg 0x10: [io  0x01f0-0x01f7]
[    0.906350] pci 0000:00:01.1: legacy IDE quirk: reg 0x14: [io  0x03f6]
[    0.909725] pci 0000:00:01.1: legacy IDE quirk: reg 0x18: [io  0x0170-0x0177]
[    0.910351] pci 0000:00:01.1: legacy IDE quirk: reg 0x1c: [io  0x0376]
[    0.918800] pci 0000:00:01.3: [8086:7113] type 00 class 0x068000
[    0.923580] pci 0000:00:01.3: quirk: [io  0x0600-0x063f] claimed by PIIX4 ACPI
[    0.926397] pci 0000:00:01.3: quirk: [io  0x0700-0x070f] claimed by PIIX4 SMB
[    0.932286] pci 0000:00:02.0: [1234:1111] type 00 class 0x030000
[    0.941150] pci 0000:00:02.0: reg 0x10: [mem 0xfd000000-0xfdffffff pref]
[    0.946107] pci 0000:00:02.0: reg 0x18: [mem 0xfebd0000-0xfebd0fff]
[    0.974338] pci 0000:00:02.0: reg 0x30: [mem 0xfebc0000-0xfebcffff pref]
[    0.980574] pci 0000:00:03.0: [1af4:1000] type 00 class 0x020000
[    0.987692] pci 0000:00:03.0: reg 0x10: [io  0xc040-0xc05f]
[    0.991371] pci 0000:00:03.0: reg 0x14: [mem 0xfebd1000-0xfebd1fff]
[    1.001449] pci 0000:00:03.0: reg 0x20: [mem 0xe0040000000-0xe0040003fff 64bit pref]
[    1.007388] pci 0000:00:03.0: reg 0x30: [mem 0xfeb80000-0xfebbffff pref]
[    1.015070] pci 0000:00:04.0: [1af4:1004] type 00 class 0x010000
[    1.020414] pci 0000:00:04.0: reg 0x10: [io  0xc000-0xc03f]
[    1.029372] pci 0000:00:04.0: reg 0x14: [mem 0xfebd2000-0xfebd2fff]
[    1.051379] pci 0000:00:04.0: reg 0x20: [mem 0xe0040004000-0xe0040007fff 64bit pref]
[    1.064601] pci 0000:00:05.0: [1d1d:1f1f] type 00 class 0x010802
[    1.067625] pci 0000:00:05.0: reg 0x10: [mem 0xe0000000000-0xe0000001fff 64bit]
[    1.076071] pci 0000:00:05.0: reg 0x20: [mem 0xfebd3000-0xfebd3fff]
[    1.080265] pci 0000:00:05.0: enabling Extended Tags
[    1.121356] ACPI: PCI Interrupt Link [LNKA] (IRQs 5 *10 11)
[    1.126543] ACPI: PCI Interrupt Link [LNKB] (IRQs 5 *10 11)
[    1.129276] ACPI: PCI Interrupt Link [LNKC] (IRQs 5 10 *11)
[    1.134676] ACPI: PCI Interrupt Link [LNKD] (IRQs 5 10 *11)
[    1.138503] ACPI: PCI Interrupt Link [LNKS] (IRQs *9)
[    1.142405] iommu: Default domain type: Translated 
[    1.145824] SCSI subsystem initialized
[    1.150444] pci 0000:00:02.0: vgaarb: setting as boot VGA device
[    1.154034] pci 0000:00:02.0: vgaarb: VGA device added: decodes=io+mem,owns=io+mem,locks=none
[    1.158355] pci 0000:00:02.0: vgaarb: bridge control possible
[    1.162301] vgaarb: loaded
[    1.162390] ACPI: bus type USB registered
[    1.164658] usbcore: registered new interface driver usbfs
[    1.170372] usbcore: registered new interface driver hub
[    1.173401] usbcore: registered new device driver usb
[    1.174400] pps_core: LinuxPPS API ver. 1 registered
[    1.177565] pps_core: Software ver. 5.3.6 - Copyright 2005-2007 Rodolfo Giometti <giometti@linux.it>
[    1.182365] PTP clock support registered
[    1.186466] EDAC MC: Ver: 3.0.0
[    1.190894] PCI: Using ACPI for IRQ routing
[    1.190894] NetLabel: Initializing
[    1.193030] NetLabel:  domain hash size = 128
[    1.198348] NetLabel:  protocols = UNLABELED CIPSOv4 CALIPSO
[    1.201766] NetLabel:  unlabeled traffic allowed by default
[    1.207001] hpet0: at MMIO 0xfed00000, IRQs 2, 8, 0
[    1.209532] hpet0: 3 comparators, 64-bit 100.000000 MHz counter
[    1.218558] clocksource: Switched to clocksource kvm-clock
[    1.234762] *** VALIDATE bpf ***
[    1.236939] VFS: Disk quotas dquot_6.6.0
[    1.239178] VFS: Dquot-cache hash table entries: 512 (order 0, 4096 bytes)
[    1.243527] *** VALIDATE ramfs ***
[    1.245562] *** VALIDATE hugetlbfs ***
[    1.248427] AppArmor: AppArmor Filesystem Enabled
[    1.251443] pnp: PnP ACPI init
[    1.253855] pnp: PnP ACPI: found 6 devices
[    1.259443] thermal_sys: Registered thermal governor 'fair_share'
[    1.259444] thermal_sys: Registered thermal governor 'bang_bang'
[    1.263652] thermal_sys: Registered thermal governor 'step_wise'
[    1.266865] thermal_sys: Registered thermal governor 'user_space'
[    1.270187] thermal_sys: Registered thermal governor 'power_allocator'
[    1.278805] clocksource: acpi_pm: mask: 0xffffff max_cycles: 0xffffff, max_idle_ns: 2085701024 ns
[    1.287533] pci_bus 0000:00: resource 4 [io  0x0000-0x0cf7 window]
[    1.290790] pci_bus 0000:00: resource 5 [io  0x0d00-0xffff window]
[    1.294149] pci_bus 0000:00: resource 6 [mem 0x000a0000-0x000bffff window]
[    1.299311] pci_bus 0000:00: resource 7 [mem 0xc0000000-0xfebfffff window]
[    1.303272] pci_bus 0000:00: resource 8 [mem 0xe0000000000-0xe007fffffff window]
[    1.308706] NET: Registered protocol family 2
[    1.312698] tcp_listen_portaddr_hash hash table entries: 2048 (order: 3, 32768 bytes, linear)
[    1.317294] TCP established hash table entries: 32768 (order: 6, 262144 bytes, linear)
[    1.325384] TCP bind hash table entries: 32768 (order: 7, 524288 bytes, linear)
[    1.329637] TCP: Hash tables configured (established 32768 bind 32768)
[    1.333332] UDP hash table entries: 2048 (order: 4, 65536 bytes, linear)
[    1.336758] UDP-Lite hash table entries: 2048 (order: 4, 65536 bytes, linear)
[    1.341139] NET: Registered protocol family 1
[    1.343507] NET: Registered protocol family 44
[    1.346051] pci 0000:00:01.0: PIIX3: Enabling Passive Release
[    1.349160] pci 0000:00:00.0: Limiting direct PCI/PCI transfers
[    1.352194] pci 0000:00:01.0: Activating ISA DMA hang workarounds
[    1.355253] pci 0000:00:02.0: Video device with shadowed ROM at [mem 0x000c0000-0x000dffff]
[    1.359591] PCI: CLS 0 bytes, default 64
[    1.362222] Trying to unpack rootfs image as initramfs...
[    1.805445] Freeing initrd memory: 89336K
[    1.808897] PCI-DMA: Using software bounce buffering for IO (SWIOTLB)
[    1.813640] software IO TLB: mapped [mem 0xbbfdd000-0xbffdd000] (64MB)
[    1.817307] clocksource: tsc: mask: 0xffffffffffffffff max_cycles: 0x2b2c909a7c7, max_idle_ns: 440795208498 ns
[    1.822746] check: Scanning for low memory corruption every 60 seconds
[    1.827512] Initialise system trusted keyrings
[    1.830054] Key type blacklist registered
[    1.832347] workingset: timestamp_bits=36 max_order=20 bucket_order=0
[    1.835901] zbud: loaded
[    1.837563] squashfs: version 4.0 (2009/01/31) Phillip Lougher
[    1.842180] fuse: init (API version 7.31)
[    1.850816] *** VALIDATE fuse ***
[    1.854641] *** VALIDATE fuse ***
[    1.859022] Platform Keyring initialized
[    1.865457] Key type asymmetric registered
[    1.869081] Asymmetric key parser 'x509' registered
[    1.872871] Block layer SCSI generic (bsg) driver version 0.4 loaded (major 244)
[    1.879656] io scheduler mq-deadline registered
[    1.884556] shpchp: Standard Hot Plug PCI Controller Driver version: 0.4
[    1.892110] input: Power Button as /devices/LNXSYSTM:00/LNXPWRBN:00/input/input0
[    1.899186] ACPI: Power Button [PWRF]
[    1.921489] PCI Interrupt Link [LNKC] enabled at IRQ 11
[    1.932689] PCI Interrupt Link [LNKD] enabled at IRQ 10
[    1.941956] Serial: 8250/16550 driver, 32 ports, IRQ sharing enabled
[    1.981590] 00:04: ttyS0 at I/O 0x3f8 (irq = 4, base_baud = 115200) is a 16550A
[    2.028603] Linux agpgart interface v0.103
[    2.108391] loop: module loaded
[    2.155911] scsi host0: ata_piix
[    2.160900] scsi host1: ata_piix
[    2.162867] ata1: PATA max MWDMA2 cmd 0x1f0 ctl 0x3f6 bmdma 0xc060 irq 14
[    2.168371] ata2: PATA max MWDMA2 cmd 0x170 ctl 0x376 bmdma 0xc068 irq 15
[    2.172654] libphy: Fixed MDIO Bus: probed
[    2.177294] tun: Universal TUN/TAP device driver, 1.6
[    2.180932] PPP generic driver version 2.4.2
[    2.183597] VFIO - User Level meta-driver version: 0.3
[    2.191041] ehci_hcd: USB 2.0 'Enhanced' Host Controller (EHCI) Driver
[    2.196133] ehci-pci: EHCI PCI platform driver
[    2.200000] ehci-platform: EHCI generic platform driver
[    2.206786] ohci_hcd: USB 1.1 'Open' Host Controller (OHCI) Driver
[    2.210646] ohci-pci: OHCI PCI platform driver
[    2.213425] ohci-platform: OHCI generic platform driver
[    2.216251] uhci_hcd: USB Universal Host Controller Interface driver
[    2.220162] i8042: PNP: PS/2 Controller [PNP0303:KBD,PNP0f13:MOU] at 0x60,0x64 irq 1,12
[    2.229414] serio: i8042 KBD port at 0x60,0x64 irq 1
[    2.232221] serio: i8042 AUX port at 0x60,0x64 irq 12
[    2.235790] mousedev: PS/2 mouse device common for all mice
[    2.239317] rtc_cmos 00:05: RTC can wake from S4
[    2.245450] input: AT Translated Set 2 keyboard as /devices/platform/i8042/serio0/input/input1
[    2.246925] rtc_cmos 00:05: registered as rtc0
[    2.256041] rtc_cmos 00:05: alarms up to one day, y3k, 242 bytes nvram, hpet irqs
[    2.263725] i2c /dev entries driver
[    2.265956] device-mapper: uevent: version 1.0.3
[    2.268889] device-mapper: ioctl: 4.41.0-ioctl (2019-09-16) initialised: dm-devel@redhat.com
[    2.272345] platform eisa.0: Probing EISA bus 0
[    2.274679] platform eisa.0: EISA: Cannot allocate resource for mainboard
[    2.277864] platform eisa.0: Cannot allocate resource for EISA slot 1
[    2.281962] platform eisa.0: Cannot allocate resource for EISA slot 2
[    2.286486] platform eisa.0: Cannot allocate resource for EISA slot 3
[    2.291578] platform eisa.0: Cannot allocate resource for EISA slot 4
[    2.295111] platform eisa.0: Cannot allocate resource for EISA slot 5
[    2.299775] platform eisa.0: Cannot allocate resource for EISA slot 6
[    2.303657] platform eisa.0: Cannot allocate resource for EISA slot 7
[    2.307418] platform eisa.0: Cannot allocate resource for EISA slot 8
[    2.309924] platform eisa.0: EISA: Detected 0 cards
[    2.312303] intel_pstate: CPU model not supported
[    2.315453] ledtrig-cpu: registered to indicate activity on CPUs
[    2.320718] drop_monitor: Initializing network drop monitor service
[    2.325566] NET: Registered protocol family 10
[    2.341172] Segment Routing with IPv6
[    2.343797] NET: Registered protocol family 17
[    2.346808] Key type dns_resolver registered
[    2.350712] RAS: Correctable Errors collector initialized.
[    2.353777] IPI shorthand broadcast: enabled
[    2.356569] sched_clock: Marking stable (1959495012, 396959604)->(2392711844, -36257228)
[    2.362785] registered taskstats version 1
[    2.365190] Loading compiled-in X.509 certificates
[    2.369253] Loaded X.509 cert 'Build time autogenerated kernel key: 7f1af841edfbf04e4b72462ffb6202c30b2da0bb'
[    2.374971] zswap: loaded using pool lzo/zbud
[    2.379125] Key type ._fscrypt registered
[    2.382834] Key type .fscrypt registered
[    2.397071] Key type big_key registered
[    2.403788] Key type encrypted registered
[    2.406248] AppArmor: AppArmor sha1 policy hashing enabled
[    2.409332] ima: No TPM chip found, activating TPM-bypass!
[    2.412399] ima: Allocated hash algorithm: sha1
[    2.415214] ima: No architecture policies found
[    2.417812] evm: Initialising EVM extended attributes:
[    2.421073] evm: security.selinux
[    2.423391] evm: security.SMACK64
[    2.425412] evm: security.SMACK64EXEC
[    2.427721] evm: security.SMACK64TRANSMUTE
[    2.430043] evm: security.SMACK64MMAP
[    2.432464] evm: security.apparmor
[    2.434697] evm: security.ima
[    2.437010] evm: security.capability
[    2.439289] evm: HMAC attrs: 0x1
[    2.442402] PM:   Magic number: 10:829:926
[    2.445339] rtc_cmos 00:05: setting system clock to 2026-09-01T08:56:25 UTC (1788252985)
[    2.456780] Freeing unused decrypted memory: 2040K
[    2.461842] Freeing unused kernel image memory: 2724K
[    2.486579] Write protecting the kernel read-only data: 22528k
[    2.494938] Freeing unused kernel image memory: 2008K
[    2.500663] Freeing unused kernel image memory: 1184K
[    2.510683] x86/mm: Checked W+X mappings: passed, no W+X pages found.
[    2.514112] Run /init as init process
Loading, please wait...
Starting version 245.4-4ubuntu3.2
[    2.572617] Floppy drive(s): fd0 is 2.88M AMI BIOS
[    2.578925] piix4_smbus 0000:00:01.3: SMBus Host Controller at 0x700, revision 0
[    2.606032] input: VirtualPS/2 VMware VMMouse as /devices/platform/i8042/serio1/input/input4
[    2.612038] FDC 0 is a S82078B
[    2.615124] input: VirtualPS/2 VMware VMMouse as /devices/platform/i8042/serio1/input/input3
[    2.621844] scsi host2: Virtio SCSI HBA
[    2.623450] cryptd: max_cpu_qlen set to 1000
[    2.629910] scsi 2:0:0:0: Direct-Access     QEMU     QEMU HARDDISK    2.5+ PQ: 0 ANSI: 5
[    2.643900] nvme nvme0: pci function 0000:00:05.0
[    2.654897] PCI Interrupt Link [LNKA] enabled at IRQ 10
[    2.664448] AVX2 version of gcm_enc/dec engaged.
[    2.672812] AES CTR mode by8 optimization enabled
[    2.691696] virtio_net virtio0 ens3: renamed from eth0
[    2.696439] nvme nvme0: 4/0/0 default/read/poll queues
[    2.698036] sd 2:0:0:0: Power-on or device reset occurred
[    2.698741] sd 2:0:0:0: [sda] 167772160 512-byte logical blocks: (85.9 GB/80.0 GiB)
[    2.698898] sd 2:0:0:0: [sda] Write Protect is off
[    2.699021] sd 2:0:0:0: [sda] Write cache: enabled, read cache: enabled, supports DPO and FUA
[    2.700735] sd 2:0:0:0: Attached scsi generic sg0 type 0
[    2.729955]  sda: sda1 sda2
[    2.733796] bochs-drm 0000:00:02.0: remove_conflicting_pci_framebuffers: bar 0: 0xfd000000 -> 0xfdffffff
[    2.736352] sd 2:0:0:0: [sda] Attached SCSI disk
[    2.740973] bochs-drm 0000:00:02.0: remove_conflicting_pci_framebuffers: bar 2: 0xfebd0000 -> 0xfebd0fff
[    2.751624] bochs-drm 0000:00:02.0: vgaarb: deactivate vga console
[    2.767057] Console: switching to colour dummy device 80x25
[    2.770691] [drm] Found bochs VGA, ID 0xb0c5.
[    2.773895] [drm] Framebuffer size 16384 kB @ 0xfd000000, mmio @ 0xfebd0000.
[    2.778707] [TTM] Zone  kernel: Available graphics memory: 2015074 KiB
[    2.782616] [TTM] Initializing pool allocator
[    2.787379] [TTM] Initializing DMA pool allocator
[    2.796525] [drm] Found EDID data blob.
[    2.800801] [drm] Initialized bochs-drm 1.0.0 20130925 for 0000:00:02.0 on minor 0
[    2.811558] fbcon: bochs-drmdrmfb (fb0) is primary device
[    2.831611] Console: switching to colour frame buffer device 160x50
[    2.840558] bochs-drm 0000:00:02.0: fb0: bochs-drmdrmfb frame buffer device
Begin: Loading essential drivers ... [    2.974397] raid6: avx2x4   gen() 36327 MB/s
[    3.022601] raid6: avx2x4   xor()  8922 MB/s
[    3.074365] raid6: avx2x2   gen() 29083 MB/s
[    3.126399] raid6: avx2x2   xor() 18819 MB/s
[    3.174402] raid6: avx2x1   gen() 25184 MB/s
[    3.226397] raid6: avx2x1   xor() 15503 MB/s
[    3.274411] raid6: sse2x4   gen() 17252 MB/s
[    3.322389] raid6: sse2x4   xor()  5284 MB/s
[    3.370376] raid6: sse2x2   gen() 15133 MB/s
[    3.419129] raid6: sse2x2   xor()  9642 MB/s
[    3.470438] raid6: sse2x1   gen() 12043 MB/s
[    3.522442] raid6: sse2x1   xor()  8089 MB/s
[    3.525942] raid6: using algorithm avx2x4 gen() 36327 MB/s
[    3.530873] raid6: .... xor() 8922 MB/s, rmw enabled
[    3.533934] raid6: using avx2x2 recovery algorithm
[    3.540191] xor: automatically using best checksumming function   avx       
[    3.546034] async_tx: api initialized (async)
done.
Begin: Running /scripts/init-premount ... done.
Begin: Mounting root file system ... Begin: Running /scripts/local-top ... done.
Begin: Running /scripts/local-premount ... [    3.636692] Btrfs loaded, crc32c=crc32c-intel
Scanning for Btrfs filesystems
[    3.714558] blk_update_request: I/O error, dev fd0, sector 0 op 0x0:(READ) flags 0x0 phys_seg 1 prio class 0
[    3.720085] floppy: error 10 while reading block 0
done.
Warning: fsck not present, so skipping root file system
[    3.779878] EXT4-fs (sda2): mounted filesystem with ordered data mode. Opts: (null)
done.
Begin: Running /scripts/local-bottom ... done.
Begin: Running /scripts/init-bottom ... Internet Systems Consortium DHCP Client 4.4.1
Copyright 2004-2018 Internet Systems Consortium.
All rights reserved.
For info, please visit https://www.isc.org/software/dhcp/

Listening on LPF/ens3/52:54:00:12:34:56
Sending on   LPF/ens3/52:54:00:12:34:56
Sending on   Socket/fallback
DHCPDISCOVER on ens3 to 255.255.255.255 port 67 interval 3 (xid=0x3fac790c)
DHCPOFFER of 10.0.2.15 from 10.0.2.2
DHCPREQUEST for 10.0.2.15 on ens3 to 255.255.255.255 port 67 (xid=0xc79ac3f)
DHCPACK of 10.0.2.15 from 10.0.2.2 (xid=0x3fac790c)
bound to 10.0.2.15 -- renewal in 36166 seconds.
done.
[    4.120146] systemd[1]: Inserted module 'autofs4'
[    4.147912] systemd[1]: systemd 245.4-4ubuntu3.20 running in system mode. (+PAM +AUDIT +SELINUX +IMA +APPARMOR +SMACK +SYSVINIT +UTMP +LIBCRYPTSETUP +GCRYPT +GNUTLS +ACL +XZ +LZ4 +SECCOMP +BLKID +ELFUTILS +KMOD +IDN2 -IDN +PCRE2 default-hierarchy=hybrid)
[    4.166125] systemd[1]: Detected virtualization kvm.
[    4.171566] systemd[1]: Detected architecture x86-64.

Welcome to [1mUbuntu 20.04.1 LTS[0m!

[    4.199568] systemd[1]: Set hostname to <fvm>.
[    4.508542] systemd[1]: Created slice system-modprobe.slice.
[[0;32m  OK  [0m] Created slice [0;1;39msystem-modprobe.slice[0m.
[    4.522833] systemd[1]: Created slice system-serial\x2dgetty.slice.
[[0;32m  OK  [0m] Created slice [0;1;39msystem-serial\x2dgetty.slice[0m.
[    4.534731] systemd[1]: Created slice User and Session Slice.
[[0;32m  OK  [0m] Created slice [0;1;39mUser and Session Slice[0m.
[    4.547590] systemd[1]: Started Forward Password Requests to Wall Directory Watch.
[[0;32m  OK  [0m] Started [0;1;39mForward Password R…uests to Wall Directory Watch[0m.
[    4.559226] systemd[1]: Set up automount Arbitrary Executable File Formats File System Automount Point.
[[0;32m  OK  [0m] Set up automount [0;1;39mArbitrary…s File System Automount Point[0m.
[    4.577128] systemd[1]: Reached target User and Group Name Lookups.
[[0;32m  OK  [0m] Reached target [0;1;39mUser and Group Name Lookups[0m.
[    4.588002] systemd[1]: Reached target Slices.
[[0;32m  OK  [0m] Reached target [0;1;39mSlices[0m.
[    4.595065] systemd[1]: Listening on Device-mapper event daemon FIFOs.
[[0;32m  OK  [0m] Listening on [0;1;39mDevice-mapper event daemon FIFOs[0m.
[    4.606633] systemd[1]: Listening on LVM2 poll daemon socket.
[[0;32m  OK  [0m] Listening on [0;1;39mLVM2 poll daemon socket[0m.
[    4.614310] systemd[1]: Listening on multipathd control socket.
[[0;32m  OK  [0m] Listening on [0;1;39mmultipathd control socket[0m.
[    4.625855] systemd[1]: Listening on Syslog Socket.
[[0;32m  OK  [0m] Listening on [0;1;39mSyslog Socket[0m.
[    4.634950] systemd[1]: Listening on initctl Compatibility Named Pipe.
[[0;32m  OK  [0m] Listening on [0;1;39minitctl Compatibility Named Pipe[0m.
[    4.646720] systemd[1]: Listening on Journal Audit Socket.
[[0;32m  OK  [0m] Listening on [0;1;39mJournal Audit Socket[0m.
[    4.657573] systemd[1]: Listening on Journal Socket (/dev/log).
[[0;32m  OK  [0m] Listening on [0;1;39mJournal Socket (/dev/log)[0m.
[    4.671495] systemd[1]: Listening on Journal Socket.
[[0;32m  OK  [0m] Listening on [0;1;39mJournal Socket[0m.
[    4.683137] systemd[1]: Listening on Network Service Netlink Socket.
[[0;32m  OK  [0m] Listening on [0;1;39mNetwork Service Netlink Socket[0m.
[    4.693158] systemd[1]: Listening on udev Control Socket.
[[0;32m  OK  [0m] Listening on [0;1;39mudev Control Socket[0m.
[    4.702099] systemd[1]: Listening on udev Kernel Socket.
[[0;32m  OK  [0m] Listening on [0;1;39mudev Kernel Socket[0m.
[    4.711643] systemd[1]: Mounting Huge Pages File System...
         Mounting [0;1;39mHuge Pages File System[0m...
[    4.721201] systemd[1]: Mounting POSIX Message Queue File System...
         Mounting [0;1;39mPOSIX Message Queue File System[0m...
[    4.731191] systemd[1]: Mounting Kernel Debug File System...
         Mounting [0;1;39mKernel Debug File System[0m...
[    4.739028] systemd[1]: Mounting Kernel Trace File System...
         Mounting [0;1;39mKernel Trace File System[0m...
[    4.749487] systemd[1]: Starting Journal Service...
         Starting [0;1;39mJournal Service[0m...
[    4.758896] systemd[1]: Starting Set the console keyboard layout...
         Starting [0;1;39mSet the console keyboard layout[0m...
[    4.771874] systemd[1]: Starting Create list of static device nodes for the current kernel...
         Starting [0;1;39mCreate list of st…odes for the current kernel[0m...
[    4.804775] systemd[1]: Starting Monitoring of LVM2 mirrors, snapshots etc. using dmeventd or progress polling...
         Starting [0;1;39mMonitoring of LVM…meventd or progress polling[0m...
[    4.820568] systemd[1]: Starting Load Kernel Module chromeos_pstore...
         Starting [0;1;39mLoad Kernel Module chromeos_pstore[0m...
[    4.837133] systemd[1]: Condition check resulted in Load Kernel Module drm being skipped.
[    4.847212] systemd[1]: Starting Load Kernel Module efi_pstore...
         Starting [0;1;39mLoad Kernel Module efi_pstore[0m...
[    4.861678] systemd[1]: Starting Load Kernel Module pstore_blk...
         Starting [0;1;39mLoad Kernel Module pstore_blk[0m...
[    4.874115] systemd[1]: Starting Load Kernel Module pstore_zone...
         Starting [0;1;39mLoad Kernel Module pstore_zone[0m...
[    4.883283] systemd[1]: Starting Load Kernel Module ramoops...
         Starting [0;1;39mLoad Kernel Module ramoops[0m...
[    4.894969] systemd[1]: Condition check resulted in Set Up Additional Binary Formats being skipped.
[    4.904996] systemd[1]: Starting Load Kernel Modules...
         Starting [0;1;39mLoad Kernel Modules[0m...
[    4.920824] systemd[1]: Starting Remount Root and Kernel File Systems...
         Starting [0;1;39mRemount Root and Kernel File Systems[0m...
[    4.931473] systemd[1]: Starting udev Coldplug all Devices...
[    4.944063] EXT4-fs (sda2): re-mounted. Opts: (null)
         Starting [0;1;39mudev Coldplug all Devices[0m...
[    4.964325] systemd[1]: Starting Uncomplicated firewall...
         Starting [0;1;39mUncomplicated firewall[0m...
[    4.976179] systemd[1]: Started Journal Service.
[[0;32m  OK  [0m] Started [0;1;39mJournal Service[0m.
[[0;32m  OK  [0m] Mounted [0;1;39mHuge Pages File System[0m.
[[0;32m  OK  [0m] Mounted [0;1;39mPOSIX Message Queue File System[0m.
[[0;32m  OK  [0m] Mounted [0;1;39mKernel Debug File System[0m.
[[0;32m  OK  [0m] Mounted [0;1;39mKernel Trace File System[0m.
[[0;32m  OK  [0m] Finished [0;1;39mSet the console keyboard layout[0m.
[[0;32m  OK  [0m] Finished [0;1;39mCreate list of st… nodes for the current kernel[0m.
[[0;32m  OK  [0m] Finished [0;1;39mMonitoring of LVM… dmeventd or progress polling[0m.
[[0;32m  OK  [0m] Finished [0;1;39mLoad Kernel Module chromeos_pstore[0m.
[[0;32m  OK  [0m] Finished [0;1;39mLoad Kernel Module efi_pstore[0m.
[[0;32m  OK  [0m] Finished [0;1;39mLoad Kernel Module pstore_blk[0m.
[[0;32m  OK  [0m] Finished [0;1;39mLoad Kernel Module pstore_zone[0m.
[[0;32m  OK  [0m] Finished [0;1;39mLoad Kernel Module ramoops[0m.
[[0;32m  OK  [0m] Finished [0;1;39mLoad Kernel Modules[0m.
[[0;32m  OK  [0m] Finished [0;1;39mRemount Root and Kernel File Systems[0m.
[[0;32m  OK  [0m] Finished [0;1;39mUncomplicated firewall[0m.
         Activating swap [0;1;39m/swap.img[0m...
         Mounting [0;1;39mFUSE Control File System[0m...
         Mounting [0;1;39mKernel Configuration File System[0m...
         Starting [0;1;39mFlush Journal to Persistent Storage[0m...
         Starting [0;1;39mLoad/Save Random Seed[0m...
         Starting [0;1;39mApply Kernel Variables[0m...
         [    5.110758] systemd-journald[373]: Received client request to flush runtime journal.
Starting [0;1;39mCreate System Users[0m...
[[0;32m  OK  [0m] Finished [0;1;39mudev Coldplug all Devices[0m.
[[0;32m  OK  [0m] Mounted [0;1;39mFUSE Control File System[0m.
[[0;32m  OK  [0m] Mounted [0;1;39mKernel Configuration File System[0m.
[[0;32m  OK  [0m] Finished [0;1;39mLoad/Save Random Seed[0m.
         Starting [0;1;39mudev Wait for Complete Device Initialization[0m...
[[0;32m  OK  [0m] Finished [0;1;39mApply Kernel Variables[0m.
[[0;32m  OK  [0m] Finished [0;1;39mCreate System Users[0m.
         Starting [0;1;39mCreate Static Device Nodes in /dev[0m...
[[0;32m  OK  [0m] Activated swap [0;1;39m/swap.img[0m.
[[0;32m  OK  [0m] Finished [0;1;39mCreate Static Device Nodes in /dev[0m.
[[0;32m  OK  [0m] Reached target [0;1;39mSwap[0m.
         Starting [0;1;39mudev Kernel Device Manager[0m...
[[0;32m  OK  [0m] Finished [0;1;39mFlush Journal to Persistent Storage[0m.
[[0;32m  OK  [0m] Started [0;1;39mudev Kernel Device Manager[0m.
[[0;32m  OK  [0m] Started [0;1;39mDispatch Password …ts to Console Directory Watch[0m.
[[0;32m  OK  [0m] Reached target [0;1;39mLocal Encrypted Volumes[0m.
         Starting [0;1;39mNetwork Service[0m...
[[0;32m  OK  [0m] Started [0;1;39mNetwork Service[0m.
         Starting [0;1;39mWait for Network to be Configured[0m...
[[0;32m  OK  [0m] Finished [0;1;39mWait for Network to be Configured[0m.
[[0;32m  OK  [0m] Found device [0;1;39m/dev/ttyS0[0m.
[[0;32m  OK  [0m] Listening on [0;1;39mLoad/Save RF …itch Status /dev/rfkill Watch[0m.
[[0;32m  OK  [0m] Finished [0;1;39mudev Wait for Complete Device Initialization[0m.
         Starting [0;1;39mDevice-Mapper Multipath Device Controller[0m...
[[0;32m  OK  [0m] Started [0;1;39mDevice-Mapper Multipath Device Controller[0m.
[[0;32m  OK  [0m] Reached target [0;1;39mLocal File Systems (Pre)[0m.
         Mounting [0;1;39mMount unit for core18, revision 1880[0m...
         Mounting [0;1;39mMount unit for lxd, revision 16099[0m...
         Mounting [0;1;39mMount unit for snapd, revision 8542[0m...
[[0;32m  OK  [0m] Mounted [0;1;39mMount unit for core18, revision 1880[0m.
[[0;32m  OK  [0m] Mounted [0;1;39mMount unit for lxd, revision 16099[0m.
[[0;32m  OK  [0m] Mounted [0;1;39mMount unit for snapd, revision 8542[0m.
[[0;32m  OK  [0m] Reached target [0;1;39mLocal File Systems[0m.
         Starting [0;1;39mLoad AppArmor profiles[0m...
         Starting [0;1;39mSet console font and keymap[0m...
         Starting [0;1;39mCreate final runt…dir for shutdown pivot root[0m...
         Starting [0;1;39mTell Plymouth To Write Out Runtime Data[0m...
         Starting [0;1;39mCreate Volatile Files and Directories[0m...
[[0;32m  OK  [0m] Finished [0;1;39mSet console font and keymap[0m.
[[0;32m  OK  [0m] Finished [0;1;39mCreate final runt…e dir for shutdown pivot root[0m.
[[0;32m  OK  [0m] Finished [0;1;39mTell Plymouth To Write Out Runtime Data[0m.
[[0;32m  OK  [0m] Finished [0;1;39mCreate Volatile Files and Directories[0m.
         Starting [0;1;39mNetwork Name Resolution[0m...
         Starting [0;1;39mNetwork Time Synchronization[0m...
         Starting [0;1;39mUpdate UTMP about System Boot/Shutdown[0m...
[[0;32m  OK  [0m] Finished [0;1;39mUpdate UTMP about System Boot/Shutdown[0m.
[[0;32m  OK  [0m] Finished [0;1;39mLoad AppArmor profiles[0m.
         Starting [0;1;39mLoad AppArmor pro…managed internally by snapd[0m...
[[0;32m  OK  [0m] Started [0;1;39mNetwork Time Synchronization[0m.
[[0;32m  OK  [0m] Reached target [0;1;39mSystem Time Set[0m.
[[0;32m  OK  [0m] Reached target [0;1;39mSystem Time Synchronized[0m.
[[0;32m  OK  [0m] Finished [0;1;39mLoad AppArmor pro…s managed internally by snapd[0m.
[[0;32m  OK  [0m] Reached target [0;1;39mSystem Initialization[0m.
[[0;32m  OK  [0m] Started [0;1;39mDaily apt download activities[0m.
[[0;32m  OK  [0m] Started [0;1;39mDaily apt upgrade and clean activities[0m.
[[0;32m  OK  [0m] Started [0;1;39mPeriodic ext4 Onli…ata Check for All Filesystems[0m.
[[0;32m  OK  [0m] Started [0;1;39mDiscard unused blocks once a week[0m.
[[0;32m  OK  [0m] Started [0;1;39mRefresh fwupd metadata regularly[0m.
[[0;32m  OK  [0m] Started [0;1;39mDaily rotation of log files[0m.
[[0;32m  OK  [0m] Started [0;1;39mDaily man-db regeneration[0m.
[[0;32m  OK  [0m] Started [0;1;39mMessage of the Day[0m.
[[0;32m  OK  [0m] Started [0;1;39mDaily Cleanup of Temporary Directories[0m.
[[0;32m  OK  [0m] Reached target [0;1;39mPaths[0m.
[[0;32m  OK  [0m] Reached target [0;1;39mTimers[0m.
[[0;32m  OK  [0m] Listening on [0;1;39mD-Bus System Message Bus Socket[0m.
[[0;32m  OK  [0m] Listening on [0;1;39mOpen-iSCSI iscsid Socket[0m.
[[0;32m  OK  [0m] Listening on [0;1;39mSocket unix for snap application lxd.daemon[0m.
         Starting [0;1;39mSocket activation for snappy daemon[0m.
[[0;32m  OK  [0m] Listening on [0;1;39mUUID daemon activation socket[0m.
[[0;32m  OK  [0m] Started [0;1;39mNetwork Name Resolution[0m.
[[0;32m  OK  [0m] Listening on [0;1;39mSocket activation for snappy daemon[0m.
[[0;32m  OK  [0m] Reached target [0;1;39mNetwork[0m.
[[0;32m  OK  [0m] Reached target [0;1;39mNetwork is Online[0m.
[[0;32m  OK  [0m] Reached target [0;1;39mHost and Network Name Lookups[0m.
[[0;32m  OK  [0m] Reached target [0;1;39mSockets[0m.
[[0;32m  OK  [0m] Reached target [0;1;39mBasic System[0m.
         Starting [0;1;39mAccounts Service[0m...
[[0;32m  OK  [0m] Started [0;1;39mD-Bus System Message Bus[0m.
[[0;32m  OK  [0m] Started [0;1;39mSave initial kernel messages after boot[0m.
         Starting [0;1;39mRemove Stale Onli…t4 Metadata Check Snapshots[0m...
         Starting [0;1;39mLSB: Record successful boot for GRUB[0m...
         Starting [0;1;39mGRUB failed boot detection[0m...
[[0;32m  OK  [0m] Started [0;1;39mirqbalance daemon[0m.
         Starting [0;1;39mDispatcher daemon for systemd-networkd[0m...
[[0;32m  OK  [0m] Reached target [0;1;39mRemote File Systems (Pre)[0m.
[[0;32m  OK  [0m] Reached target [0;1;39mRemote File Systems[0m.
         Starting [0;1;39mLSB: automatic crash report generation[0m...
         Starting [0;1;39mDeferred execution scheduler[0m...
         Starting [0;1;39mAvailability of block devices[0m...
[[0;32m  OK  [0m] Started [0;1;39mRegular background program processing daemon[0m.
         Starting [0;1;39mSystem Logging Service[0m...
         Starting [0;1;39mService for snap application lxd.activate[0m...
         Starting [0;1;39mSnap Daemon[0m...
         Starting [0;1;39mOpenBSD Secure Shell server[0m...
         Starting [0;1;39mLogin Service[0m...
         Starting [0;1;39mPermit User Sessions[0m...
         Starting [0;1;39mThermal Daemon Service[0m...
[[0;32m  OK  [0m] Finished [0;1;39mRemove Stale Onli…ext4 Metadata Check Snapshots[0m.
[[0;32m  OK  [0m] Started [0;1;39mDeferred execution scheduler[0m.
[[0;32m  OK  [0m] Finished [0;1;39mAvailability of block devices[0m.
[[0;32m  OK  [0m] Finished [0;1;39mPermit User Sessions[0m.
[[0;32m  OK  [0m] Finished [0;1;39mGRUB failed boot detection[0m.
[[0;32m  OK  [0m] Started [0;1;39mSystem Logging Service[0m.
[[0;32m  OK  [0m] Started [0;1;39mOpenBSD Secure Shell server[0m.
[[0;32m  OK  [0m] Started [0;1;39mThermal Daemon Service[0m.
[[0;32m  OK  [0m] Started [0;1;39mLogin Service[0m.
         Starting [0;1;39mHold until boot process finishes up[0m...
         Starting [0;1;39mTerminate Plymouth Boot Screen[0m...
[[0;32m  OK  [0m] Started [0;1;39mUnattended Upgrades Shutdown[0m.
[[0;32m  OK  [0m] Started [0;1;39mLSB: Record successful boot for GRUB[0m.
[[0;32m  OK  [0m] Started [0;1;39mLSB: automatic crash report generation[0m.
[[0;32m  OK  [0m] Finished [0;1;39mHold until boot process finishes up[0m.
[[0;32m  OK  [0m] Finished [0;1;39mTerminate Plymouth Boot Screen[0m.
         Starting [0;1;39mAuthorization Manager[0m...
[[0;32m  OK  [0m] Started [0;1;39mSerial Getty on ttyS0[0m.
         Starting [0;1;39mSet console scheme[0m...
[[0;32m  OK  [0m] Finished [0;1;39mSet console scheme[0m.
[[0;32m  OK  [0m] Created slice [0;1;39msystem-getty.slice[0m.
[[0;32m  OK  [0m] Started [0;1;39mGetty on tty1[0m.
[[0;32m  OK  [0m] Reached target [0;1;39mLogin Prompts[0m.
[[0;32m  OK  [0m] Started [0;1;39mAuthorization Manager[0m.
[[0;32m  OK  [0m] Started [0;1;39mAccounts Service[0m.
[[0;32m  OK  [0m] Started [0;1;39mDispatcher daemon for systemd-networkd[0m.
[[0;32m  OK  [0m] Created slice [0;1;39mUser Slice of UID 1000[0m.
         Starting [0;1;39mUser Runtime Directory /run/user/1000[0m...
[[0;32m  OK  [0m] Finished [0;1;39mUser Runtime Directory /run/user/1000[0m.
         Starting [0;1;39mUser Manager for UID 1000[0m...
[[0;32m  OK  [0m] Started [0;1;39mUser Manager for UID 1000[0m.
[[0;32m  OK  [0m] Started [0;1;39mSession 1 of user femu[0m.
[[0;32m  OK  [0m] Started [0;1;39mSnap Daemon[0m.
         Starting [0;1;39mWait until snapd is fully seeded[0m...
[[0;32m  OK  [0m] Finished [0;1;39mWait until snapd is fully seeded[0m.
[[0;32m  OK  [0m] Finished [0;1;39mService for snap application lxd.activate[0m.
[[0;32m  OK  [0m] Reached target [0;1;39mMulti-User System[0m.
[[0;32m  OK  [0m] Reached target [0;1;39mGraphical Interface[0m.
         Starting [0;1;39mUpdate UTMP about System Runlevel Changes[0m...
[[0;32m  OK  [0m] Finished [0;1;39mUpdate UTMP about System Runlevel Changes[0m.

Ubuntu 20.04.1 LTS fvm ttyS0

fvm login:          Stopping [0;1;39mSession 9 of user femu[0m.
[[0;32m  OK  [0m] Removed slice [0;1;39msystem-modprobe.slice[0m.
[[0;32m  OK  [0m] Stopped target [0;1;39mGraphical Interface[0m.
[[0;32m  OK  [0m] Stopped target [0;1;39mMulti-User System[0m.
[[0;32m  OK  [0m] Stopped target [0;1;39mLogin Prompts[0m.
[[0;32m  OK  [0m] Stopped target [0;1;39mNetwork is Online[0m.
[[0;32m  OK  [0m] Stopped target [0;1;39mHost and Network Name Lookups[0m.
[[0;32m  OK  [0m] Stopped target [0;1;39mTimers[0m.
[[0;32m  OK  [0m] Stopped [0;1;39mDaily apt upgrade and clean activities[0m.
[[0;32m  OK  [0m] Stopped [0;1;39mDaily apt download activities[0m.
[[0;32m  OK  [0m] Stopped [0;1;39mPeriodic ext4 Onli…ata Check for All Filesystems[0m.
[[0;32m  OK  [0m] Stopped [0;1;39mDiscard unused blocks once a week[0m.
[[0;32m  OK  [0m] Stopped [0;1;39mRefresh fwupd metadata regularly[0m.
[[0;32m  OK  [0m] Stopped [0;1;39mDaily rotation of log files[0m.
[[0;32m  OK  [0m] Stopped [0;1;39mDaily man-db regeneration[0m.
[[0;32m  OK  [0m] Stopped [0;1;39mMessage of the Day[0m.
[[0;32m  OK  [0m] Stopped [0;1;39mDaily Cleanup of Temporary Directories[0m.
[[0;32m  OK  [0m] Stopped target [0;1;39mSystem Time Synchronized[0m.
[[0;32m  OK  [0m] Stopped target [0;1;39mSystem Time Set[0m.
[[0;32m  OK  [0m] Closed [0;1;39mLVM2 poll daemon socket[0m.
[[0;32m  OK  [0m] Closed [0;1;39mLoad/Save RF Kill Switch Status /dev/rfkill Watch[0m.
         Stopping [0;1;39mAccounts Service[0m...
         Stopping [0;1;39mLSB: automatic crash report generation[0m...
         Stopping [0;1;39mDeferred execution scheduler[0m...
         Stopping [0;1;39mAvailability of block devices[0m...
         Stopping [0;1;39mRegular background program processing daemon[0m...
         Stopping [0;1;39mCreate final runt…dir for shutdown pivot root[0m...
         Stopping [0;1;39mGetty on tty1[0m...
         Stopping [0;1;39mLSB: Record successful boot for GRUB[0m...
         Stopping [0;1;39mirqbalance daemon[0m...
          Stopping [0;1;39mSerial Getty on ttyS0[0m...
[[0;32m  OK  [0m] Stopped [0;1;39mWait until snapd is fully seeded[0m.
         Stopping [0;1;39mSnap Daemon[0m...
         Stopping [0;1;39mOpenBSD Secure Shell server[0m...
[[0;32m  OK  [0m] Stopped [0;1;39mWait for Network to be Configured[0m.
         Stopping [0;1;39mLoad/Save Random Seed[0m...
         Stopping [0;1;39mUnattended Upgrades Shutdown[0m...
[[0;32m  OK  [0m] Stopped [0;1;39mAccounts Service[0m.
[[0;32m  OK  [0m] Stopped [0;1;39mirqbalance daemon[0m.
[[0;32m  OK  [0m] Stopped [0;1;39mDispatcher daemon for systemd-networkd[0m.
[[0;32m  OK  [0m] Stopped [0;1;39mRegular background program processing daemon[0m.
[[0;32m  OK  [0m] Stopped [0;1;39mSystem Logging Service[0m.
[[0;32m  OK  [0m] Stopped [0;1;39mSnap Daemon[0m.
[[0;32m  OK  [0m] Stopped [0;1;39mDeferred execution scheduler[0m.
[[0;32m  OK  [0m] Stopped [0;1;39mOpenBSD Secure Shell server[0m.
[[0;32m  OK  [0m] Stopped [0;1;39mUnattended Upgrades Shutdown[0m.
[[0;32m  OK  [0m] Stopped [0;1;39mAuthorization Manager[0m.
[[0;32m  OK  [0m] Stopped [0;1;39mSerial Getty on ttyS0[0m.
[[0;32m  OK  [0m] Stopped [0;1;39mGetty on tty1[0m.
[[0;32m  OK  [0m] Stopped [0;1;39mAvailability of block devices[0m.
[[0;32m  OK  [0m] Stopped [0;1;39mLoad/Save Random Seed[0m.
[[0;32m  OK  [0m] Stopped [0;1;39mSession 9 of user femu[0m.
[[0;32m  OK  [0m] Stopped [0;1;39mLSB: Record successful boot for GRUB[0m.
[[0;32m  OK  [0m] Removed slice [0;1;39msystem-getty.slice[0m.
[[0;32m  OK  [0m] Removed slice [0;1;39msystem-serial\x2dgetty.slice[0m.
         Stopping [0;1;39mLogin Service[0m...
         Stopping [0;1;39mUser Manager for UID 1000[0m...
[[0;32m  OK  [0m] Stopped [0;1;39mLSB: automatic crash report generation[0m.
[[0;32m  OK  [0m] Stopped [0;1;39mUser Manager for UID 1000[0m.
         Stopping [0;1;39mUser Runtime Directory /run/user/1000[0m...
[[0;32m  OK  [0m] Unmounted [0;1;39m/run/user/1000[0m.
[[0;32m  OK  [0m] Stopped [0;1;39mUser Runtime Directory /run/user/1000[0m.
[[0;32m  OK  [0m] Removed slice [0;1;39mUser Slice of UID 1000[0m.
         Stopping [0;1;39mD-Bus System Message Bus[0m...
         Stopping [0;1;39mPermit User Sessions[0m...
[[0;32m  OK  [0m] Stopped [0;1;39mD-Bus System Message Bus[0m.
[[0;32m  OK  [0m] Stopped [0;1;39mPermit User Sessions[0m.
[[0;32m  OK  [0m] Stopped target [0;1;39mNetwork[0m.
[[0;32m  OK  [0m] Stopped target [0;1;39mRemote File Systems[0m.
[[0;32m  OK  [0m] Stopped target [0;1;39mRemote File Systems (Pre)[0m.
         Stopping [0;1;39mNetwork Name Resolution[0m...
[[0;32m  OK  [0m] Stopped [0;1;39mLogin Service[0m.
[[0;32m  OK  [0m] Stopped [0;1;39mNetwork Name Resolution[0m.
[[0;32m  OK  [0m] Stopped target [0;1;39mBasic System[0m.
[[0;32m  OK  [0m] Stopped target [0;1;39mUser and Group Name Lookups[0m.
[[0;32m  OK  [0m] Stopped target [0;1;39mPaths[0m.
[[0;32m  OK  [0m] Stopped target [0;1;39mSlices[0m.
[[0;32m  OK  [0m] Removed slice [0;1;39mUser and Session Slice[0m.
[[0;32m  OK  [0m] Stopped target [0;1;39mSockets[0m.
[[0;32m  OK  [0m] Closed [0;1;39mD-Bus System Message Bus Socket[0m.
[[0;32m  OK  [0m] Closed [0;1;39mOpen-iSCSI iscsid Socket[0m.
[[0;32m  OK  [0m] Closed [0;1;39mSocket unix for snap application lxd.daemon[0m.
[[0;32m  OK  [0m] Closed [0;1;39mSocket activation for snappy daemon[0m.
[[0;32m  OK  [0m] Closed [0;1;39mSyslog Socket[0m.
[[0;32m  OK  [0m] Closed [0;1;39mUUID daemon activation socket[0m.
[[0;32m  OK  [0m] Stopped target [0;1;39mSystem Initialization[0m.
[[0;32m  OK  [0m] Stopped target [0;1;39mLocal Encrypted Volumes[0m.
[[0;32m  OK  [0m] Stopped [0;1;39mDispatch Password …ts to Console Directory Watch[0m.
[[0;32m  OK  [0m] Stopped [0;1;39mForward Password R…uests to Wall Directory Watch[0m.
         Stopping [0;1;39mNetwork Service[0m...
         Stopping [0;1;39mNetwork Time Synchronization[0m...
         Stopping [0;1;39mUpdate UTMP about System Boot/Shutdown[0m...
[[0;32m  OK  [0m] Stopped [0;1;39mNetwork Service[0m.
[[0;32m  OK  [0m] Stopped [0;1;39mNetwork Time Synchronization[0m.
[[0;32m  OK  [0m] Stopped [0;1;39mApply Kernel Variables[0m.
[[0;32m  OK  [0m] Stopped [0;1;39mLoad Kernel Modules[0m.
[[0;32m  OK  [0m] Stopped [0;1;39mUpdate UTMP about System Boot/Shutdown[0m.
[[0;32m  OK  [0m] Stopped [0;1;39mCreate Volatile Files and Directories[0m.
[[0;32m  OK  [0m] Stopped [0;1;39mCreate final runtime dir for shutdown pivot root[0m.
[[0;32m  OK  [0m] Stopped target [0;1;39mLocal File Systems[0m.
         Unmounting [0;1;39m/run/snapd/ns/lxd.mnt[0m...
         Unmounting [0;1;39mMount unit for core18, revision 1880[0m...
         Unmounting [0;1;39mMount unit for lxd, revision 16099[0m...
         Unmounting [0;1;39mMount unit for snapd, revision 8542[0m...
[[0;32m  OK  [0m] Unmounted [0;1;39m/run/snapd/ns/lxd.mnt[0m.
         Unmounting [0;1;39m/run/snapd/ns[0m...
[[0;32m  OK  [0m] Unmounted [0;1;39m/run/snapd/ns[0m.
[[0;32m  OK  [0m] Unmounted [0;1;39mMount unit for core18, revision 1880[0m.
[[0;32m  OK  [0m] Stopped target [0;1;39mSwap[0m.
         Deactivating swap [0;1;39m/swap.img[0m...
[[0;32m  OK  [0m] Unmounted [0;1;39mMount unit for lxd, revision 16099[0m.
[[0;32m  OK  [0m] Unmounted [0;1;39mMount unit for snapd, revision 8542[0m.
[[0;32m  OK  [0m] Deactivated swap [0;1;39m/swap.img[0m.
[[0;32m  OK  [0m] Stopped target [0;1;39mLocal File Systems (Pre)[0m.
[[0;32m  OK  [0m] Reached target [0;1;39mUnmount All Filesystems[0m.
         Stopping [0;1;39mMonitoring of LVM…meventd or progress polling[0m...
         Stopping [0;1;39mDevice-Mapper Multipath Device Controller[0m...
[[0;32m  OK  [0m] Stopped [0;1;39mCreate Static Device Nodes in /dev[0m.
[[0;32m  OK  [0m] Stopped [0;1;39mCreate System Users[0m.
[[0;32m  OK  [0m] Stopped [0;1;39mRemount Root and Kernel File Systems[0m.
[[0;32m  OK  [0m] Stopped [0;1;39mDevice-Mapper Multipath Device Controller[0m.
[[0;32m  OK  [0m] Stopped [0;1;39mMonitoring of LVM2… dmeventd or progress polling[0m.
[[0;32m  OK  [0m] Reached target [0;1;39mShutdown[0m.
[[0;32m  OK  [0m] Reached target [0;1;39mFinal Step[0m.
[[0;32m  OK  [0m] Finished [0;1;39mPower-Off[0m.
[[0;32m  OK  [0m] Reached target [0;1;39mPower-Off[0m.
[  556.361777] reboot: Power down
